01-14 12:40:10.031  1844  1844 D NotificationServiceEx: updateLightListLocked :r=0|com.easyx.coolermaster|1|null|10156, action=2

01-14 12:40:10.031  1844  1844 D NotificationServiceEx: notification=Notification(pri=2 contentView=com.easyx.coolermaster/0x7f0a0083 vibrate=null sound=null defaults=0x0 flags=0x6a color=0x00000000 vis=PRIVATE)

01-14 12:40:10.031  1844  1844 V AudioServiceEx: getNativeDsdMode() mode : -1

01-14 12:40:10.031  1844  1844 V AudioServiceEx: getNativeDsdMode() mode : -1

01-14 12:40:10.034  2571  2571 D LGBatteryMeterView: [LGBatteryMeterView.java:395:updateBatteryIcon()]updateBatteryIcon: typeChanged=false, type=CHARGE, level=63

01-14 12:40:10.041  4875  4957 D LGAodEx : SmartCoverUpdateMonitor.java:337 onNotificationPosted(): StatusBarNotification(pkg=com.easyx.coolermaster user=UserHandle{0} id=1 tag=null score=20 key=0|com.easyx.coolermaster|1|null|10156: Notification(pri=2 contentView=com.easyx.coolermaster/0x7f0a0083 vibrate=null sound=null defaults=0x0 flags=0x6a color=0x00000000 vis=PRIVATE))

01-14 12:40:10.042  4875  4875 D LGAodEx : SmartCoverUpdateMonitor.java:584 updateNotification(): qcn.getKey() : 0|com.easyx.coolermaster|1|null|10156

01-14 12:40:10.042  4875  4875 D LGAodEx : LgeQuickCoverNotificationData.java:124 updateNotification(): 0|com.easyx.coolermaster|1|null|10156

01-14 12:40:10.042  4875  4875 D LGAodEx : LgeQuickCoverNotificationData.java:188 filterAndSort(): filterAndSort

01-14 12:40:10.043  4875  4875 D LGAodEx : LgeQuickCoverNotificationData: isNotificationForCurrentUser : ActivityManager.getCurrentUser() : 0

01-14 12:40:10.043  2571  2571 D LGBatteryMeterView: [LGBatteryMeterView.java:395:updateBatteryIcon()]updateBatteryIcon: typeChanged=false, type=CHARGE, level=63

01-14 12:40:10.046  2571  2571 D LGBatteryMeterView: [LGBatteryMeterView.java:395:updateBatteryIcon()]updateBatteryIcon: typeChanged=false, type=CHARGE, level=63

01-14 12:40:10.046  4875  4875 D LGAodEx : LgeQuickCoverNotificationData: isNotificationForCurrentUser : true

01-14 12:40:10.048  4875  4875 D LGAodEx : LgeQuickCoverNotificationData: isNotificationForCurrentUser : ActivityManager.getCurrentUser() : 0

01-14 12:40:10.048  4875  4875 D LGAodEx : LgeQuickCoverNotificationData: isNotificationForCurrentUser : true

01-14 12:40:10.048  4875  4875 D LGAodEx : LgeQuickCoverNotificationData: isNotificationForCurrentUser : ActivityManager.getCurrentUser() : 0

01-14 12:40:10.049  4875  4875 D LGAodEx : LgeQuickCoverNotificationData: isNotificationForCurrentUser : true

01-14 12:40:10.049  4875  4875 D LGAodEx : LgeQuickCoverNotificationData: isNotificationForCurrentUser : ActivityManager.getCurrentUser() : 0

01-14 12:40:10.050  2571  2571 I BatterySaverHandler: [BatterySaverHandler.java:244:onReceive()]onReceive = android.intent.action.BATTERY_CHANGED

01-14 12:40:10.050  2571  2571 D KeyguardUpdateMonitor: Intent.ACTION_BATTERYEX_CHANGED EXTRA_CHARGING_CURRENT : 1 / EXTRA_HVDCP_TYPE : false

01-14 12:40:10.050  2571  2571 I LGPowerUI: [LGPowerUI.java:539:onReceive()]onReceive = com.lge.android.intent.action.BATTERYEX

01-14 12:40:10.050  2571  2571 I LGPowerUI: [LGPowerUI.java:624:doActionBatteryExChanged()]levelEx = 63, plugTypeEx = 2, chargingCurrent = 1

01-14 12:40:10.052  4875  4875 D LGAodEx : LgeQuickCoverNotificationData: isNotificationForCurrentUser : true

01-14 12:40:10.054  4875  4875 D LGAodEx : LgeQuickCoverNotificationData: isNotificationForCurrentUser : ActivityManager.getCurrentUser() : 0

01-14 12:40:10.055  4875  4875 D LGAodEx : LgeQuickCoverNotificationData: isNotificationForCurrentUser : true

01-14 12:40:10.055  2571  2571 I StatusBarIconController: [StatusBarIconController.java:271:updateNotificationIcons()]updateNotificationIcons()

01-14 12:40:10.056  4875  4875 D LGAodEx : LgeQuickCoverNotificationData: isNotificationForCurrentUser : ActivityManager.getCurrentUser() : 0

01-14 12:40:10.056  4875  4875 D LGAodEx : LgeQuickCoverNotificationData: isNotificationForCurrentUser : true

01-14 12:40:10.056  4875  4875 D LGAodEx : LgeQuickCoverNotificationData: isNotificationForCurrentUser : ActivityManager.getCurrentUser() : 0

01-14 12:40:10.057  2571  2571 I PhoneStatusBar: [PhoneStatusBar.java:2237:updateMediaMetaData()]updateMediaMetaData(false): mMediaMetadata = null

01-14 12:40:10.057  4875  4875 D LGAodEx : LgeQuickCoverNotificationData: isNotificationForCurrentUser : true

01-14 12:40:10.057  4875  4875 D LGAodEx : LgeQuickCoverNotificationData: isNotificationForCurrentUser : ActivityManager.getCurrentUser() : 0

01-14 12:40:10.057  4875  4875 D LGAodEx : LgeQuickCoverNotificationData: isNotificationForCurrentUser : true

01-14 12:40:10.058  2571  2571 D KeyguardModel: isLiveWallpaper : true

01-14 12:40:10.058  4875  4875 D LGAodEx : LgeQuickCoverNotificationData: isNotificationForCurrentUser : ActivityManager.getCurrentUser() : 0

01-14 12:40:10.059  4875  4875 D LGAodEx : LgeQuickCoverNotificationData: isNotificationForCurrentUser : true

01-14 12:40:10.059  2571  2571 D KeyguardModel: isLiveWallpaper : true

01-14 12:40:10.059  4875  4875 D LGAodEx : LgeQuickCoverNotificationData: isNotificationForCurrentUser : ActivityManager.getCurrentUser() : 0

01-14 12:40:10.059  2571  2571 D NotificationBackground: [NotificationBackground.java:190:updateBackground()]updateBackground(), 0x0

01-14 12:40:10.059  4875  4875 D LGAodEx : LgeQuickCoverNotificationData: isNotificationForCurrentUser : true

01-14 12:40:10.060  4875  4875 D LGAodEx : LgeQuickCoverNotificationData: isNotificationForCurrentUser : ActivityManager.getCurrentUser() : 0

01-14 12:40:10.060  4875  4875 D LGAodEx : LgeQuickCoverNotificationData: isNotificationForCurrentUser : true

01-14 12:40:10.060  4875  4875 D LGAodEx : LgeQuickCoverNotificationData: isNotificationForCurrentUser : ActivityManager.getCurrentUser() : 0

01-14 12:40:10.060  4875  4875 D LGAodEx : LgeQuickCoverNotificationData: isNotificationForCurrentUser : true

01-14 12:40:10.060  4875  4875 D LGAodEx : LgeQuickCoverNotificationData.java:308 showAll(): showAll12

01-14 12:40:10.060  4875  4875 D LGAodEx : LgeQuickCoverNotificationData: showAll(): Key : 0|com.easyx.coolermaster|1|null|10156 , GroupKey : 0|com.easyx.coolermaster|1|null|10156

01-14 12:40:10.060  4875  4875 D LGAodEx : LgeQuickCoverNotificationData: showAll(): Key : 0|com.ahnlab.v3mobilesecurity.soda|1105|null|10140 , GroupKey : 0|com.ahnlab.v3mobilesecurity.soda|1105|null|10140

01-14 12:40:10.060  4875  4875 D LGAodEx : LgeQuickCoverNotificationData: showAll(): Key : 0|com.facebook.katana|0|c3Rvcnk6MTAwMDA3MDU0NzIwNjc1OjE1Nzg5NjkyNDYwMzkyMDM6NDUxNzYxNzExNTI2Njg3|10137 , GroupKey : 0|com.facebook.katana|0|c3Rvcnk6MTAwMDA3MDU0NzIwNjc1OjE1Nzg5NjkyNDYwMzkyMDM6NDUxNzYxNzExNTI2Njg3|10137

01-14 12:40:10.060  4875  4875 D LGAodEx : LgeQuickCoverNotificationData: showAll(): Key : 0|com.kakao.page|3|75442|10230 , GroupKey : 0|com.kakao.page|3|75442|10230

01-14 12:40:10.060  4875  4875 D LGAodEx : LgeQuickCoverNotificationData: showAll(): Key : 0|com.facebook.katana|0|c3Rvcnk6MTAwMDA3MDU0NzIwNjc1OjE1Nzg5NTY3NDk4MzE1MDA6NDUxNzYxNzExNTI2Njg3|10137 , GroupKey : 0|com.facebook.katana|0|c3Rvcnk6MTAwMDA3MDU0NzIwNjc1OjE1Nzg5NTY3NDk4MzE1MDA6NDUxNzYxNzExNTI2Njg3|10137

01-14 12:40:10.061  4875  4875 D LGAodEx : LgeQuickCoverNotificationData: showAll(): Key : 0|com.google.android.youtube|99|U1x-UcRBT48|10133 , GroupKey : 0|com.google.android.youtube|g:

01-14 12:40:10.061  4875  4875 D LGAodEx : LgeQuickCoverNotificationData: showAll(): Key : 0|com.kakao.talk|1|null|10172 , GroupKey : 0|com.kakao.talk|g:chat_message

01-14 12:40:10.061  4875  4875 D LGAodEx : LgeQuickCoverNotificationData: showAll(): Key : 0|com.skt.skaf.A000Z00040|447284547|null|10018 , GroupKey : 0|com.skt.skaf.A000Z00040|447284547|null|10018

01-14 12:40:10.061  4875  4875 D LGAodEx : LgeQuickCoverNotificationData: showAll(): Key : 0|com.android.chrome|-1|p#https://m.facebook.com/#11578969246039203|10096 , GroupKey : 0|com.android.chrome|g:Web:m.facebook.com

01-14 12:40:10.061  4875  4875 D LGAodEx : LgeQuickCoverNotificationData: showAll(): Key : 0|com.android.chrome|-1|p#https://m.facebook.com/#11578956749831500|10096 , GroupKey : 0|com.android.chrome|g:Web:m.facebook.com

01-14 12:40:10.061  4875  4875 D LGAodEx : LgeQuickCoverNotificationData: showAll(): Key : -1|android|34406902|null|1000 , GroupKey : -1|android|34406902|null|1000

01-14 12:40:10.061  4875  4875 D LGAodEx : LgeQuickCoverNotificationData: showAll(): Key : -1|android|17040406|null|1000 , GroupKey : -1|android|17040406|null|1000

01-14 12:40:10.346  4692  5030 D AppChangedDetector: lastUsedAppId com.YourCompany.Rolling

01-14 12:40:10.387  1844  2514 V WifiServerServiceExt: checkPollTimer Cnt= 0 rssi =-70 threshold=-100

01-14 12:40:10.565  1844  2894 I sensors_hal_Ctx: flush: handle is 86

01-14 12:40:10.565  1844  2894 I sensors_hal_SAM: flush:sensor() handle:86

01-14 12:40:10.566  1844  3124 I sensors_hal_Ctx: flush: handle is 48

01-14 12:40:10.566  1844  3124 I sensors_hal_SAM: flush:sensor(android.sensor.step_detector) handle:48

01-14 12:40:10.566  1844  2278 I sensors_hal_HealthActivityPattern: processResp: handle:86

01-14 12:40:10.567  1844  2278 E sensors_hal_HealthActivityPattern: processResp: Msg 33; Result: 1, Error: 6

01-14 12:40:10.629  1844  2508 E WifiStateMachine: LG_RSSI UPDATE newRssi = -75

01-14 12:40:10.630  2571  3471 I NetworkController: [NetworkControllerImpl.java:635:onReceive()]onReceive: intent=Intent { act=android.net.wifi.RSSI_CHANGED flg=0x4000010 (has extras) }

01-14 12:40:10.630  2571  3471 I WifiSignalController: [WifiSignalController.java:322:updateLevel()]mWifiConnected = true, mWifiLevel = 1

01-14 12:40:10.633  2571  3471 I NetworkController: [SignalController.java:129:isDirty()]Change in state from: connected=true,enabled=true,level=2,inetCondition=1,iconGroup=IconGroup(SECURITY AP Wi-Fi Icons),activityIn=true,activityOut=true,rssi=-70,,ssid="U+NetEA13",ktGigaWiFi=false,attWifiCall=false

01-14 12:40:10.633  2571  3471 I NetworkController: 	to: connected=true,enabled=true,level=1,inetCondition=1,iconGroup=IconGroup(SECURITY AP Wi-Fi Icons),activityIn=true,activityOut=true,rssi=-75,,ssid="U+NetEA13",ktGigaWiFi=false,attWifiCall=false

01-14 12:40:10.638  2571  2571 D SignalClusterView: [SignalClusterView.java:799:apply()]mMobileDescription =   .

01-14 12:40:10.638  2571  2571 D SignalClusterView: [SignalClusterView.java:799:apply()]mMobileDescription =   .

01-14 12:40:10.639  2571  2571 D SignalClusterView: [SignalClusterView.java:799:apply()]mMobileDescription =   .

01-14 12:40:10.848  4692  5030 D AppChangedDetector: lastUsedAppId com.YourCompany.Rolling

01-14 12:40:11.351  4692  5030 D AppChangedDetector: lastUsedAppId com.YourCompany.Rolling

01-14 12:40:11.364 11532 11731 D libc    : getaddrinfo called from pid =11532

01-14 12:40:11.567  1844  2890 I sensors_hal_Ctx: flush: handle is 86

01-14 12:40:11.567  1844  2890 I sensors_hal_SAM: flush:sensor() handle:86

01-14 12:40:11.568  1844  2278 I sensors_hal_HealthActivityPattern: processResp: handle:86

01-14 12:40:11.568  1844  2278 E sensors_hal_HealthActivityPattern: processResp: Msg 33; Result: 1, Error: 6

01-14 12:40:11.569  1844  2893 I sensors_hal_Ctx: flush: handle is 48

01-14 12:40:11.569  1844  2893 I sensors_hal_SAM: flush:sensor(android.sensor.step_detector) handle:48

01-14 12:40:11.629  1844  2516 D ConnectivityService: updateCapabilities cap:[ Transports: WIFI Capabilities: INTERNET&NOT_RESTRICTED&TRUSTED&NOT_VPN LinkUpBandwidth>=1048576Kbps LinkDnBandwidth>=1048576Kbps SignalStrength: -61]

01-14 12:40:11.629  1844  2516 D CSLegacyTypeTracker: Adding agent NetworkAgentInfo{ ni{[type: MOBILE[LTE], state: CONNECTED/CONNECTED, reason: (unspecified), extra: ims, roaming: false, failover: false, isAvailable: true, network type: 0]}  network{100}  lp{{InterfaceName: rmnet_data0 LinkAddresses: [2001:2d8:ea3d:7823:3728:f667:eb35:50b/64,]  Routes: [::/0 -> fe80::116c:3159:9b54:acb8 rmnet_data0,] DnsAddresses: [fd00:e13:501:c::170,fd00:e13:101:c::7,] Domains: null MTU: 1440 TcpBufferSizes: 2097152,4194304,8388608,1048576,3145728,4194304 PcscfAddresses: [fd00:e15:501:2::150,] }}  nc{[ Transports: CELLULAR Capabilities: MMS&IMS&NOT_RESTRICTED&TRUSTED&NOT_VPN&VALIDATED LinkUpBandwidth>=51200Kbps LinkDnBandwidth>=102400Kbps Specifier: <1>]}  Score{50}  everValidated{true}  lastValidated{true}  created{true} lingering{false} explicitlySelected{false} acceptUnvalidated{false} everCaptivePortalDetected{false} lastCaptivePortalDetected{false} } for legacy network type 11

01-14 12:40:11.630  1844  2516 D ConnectivityService: notifyType CAP_CHANGED for NetworkAgentInfo [WIFI () - 323]

01-14 12:40:11.632  3208  4569 I LGIMS_J : [Apn$ImsNetworkCallback::onCapabilitiesChanged:985] ImsNetworkCallback :: onCapabilitiesChanged=323

01-14 12:40:11.634  1844  2889 D ConnectivityService: getActiveNetwork nai=NetworkAgentInfo{ ni{[type: WIFI[], state: CONNECTED/CONNECTED, reason: (unspecified), extra: "U+NetEA13", roaming: false, failover: false, isAvailable: true, network type: 1]}  network{323}  lp{{InterfaceName: wlan0 LinkAddresses: [fe80::5e70:a3ff:fe45:d7ff/64,192.168.219.102/24,]  Routes: [fe80::/64 -> :: wlan0,192.168.219.0/24 -> 0.0.0.0 wlan0,0.0.0.0/0 -> 192.168.219.1 wlan0,] DnsAddresses: [1.214.68.2,61.41.153.2,] Domains:  MTU: 0 TcpBufferSizes: 1048576,4194304,8388608,1048576,2097152,4194304 PcscfAddresses: [] }}  nc{[ Transports: WIFI Capabilities: INTERNET&NOT_RESTRICTED&TRUSTED&NOT_VPN&VALIDATED LinkUpBandwidth>=1048576Kbps LinkDnBandwidth>=1048576Kbps SignalStrength: -61]}  Score{60}  everValidated{true}  lastValidated{true}  created{true} lingering{false} explicitlySelected{false} acceptUnvalidated{false} everCaptivePortalDetected{false} lastCaptivePortalDetected{false} }

01-14 12:40:11.634  3208  3208 D LGIMS_J : [Apn::handleMessage:322] Apn :: apn=INTERNET, msg=3008, proc=null

01-14 12:40:11.635  3208  3208 D LGIMS_J : [Apn$Handle_EVENT_UPDATE_APN_STRING_SUBTYPE::procMsg:788] 

01-14 12:40:11.635  3208  3208 D LGIMS_J : [Apn::updateApnStringAndSubType:408] 

01-14 12:40:11.635  3208  3208 D LGIMS_J : [Apn::updateApnStringAndSubType:420] netInfo is null. Retry with network type

01-14 12:40:11.636  1844  2889 D ConnectivityService: getActiveNetwork nai=NetworkAgentInfo{ ni{[type: WIFI[], state: CONNECTED/CONNECTED, reason: (unspecified), extra: "U+NetEA13", roaming: false, failover: false, isAvailable: true, network type: 1]}  network{323}  lp{{InterfaceName: wlan0 LinkAddresses: [fe80::5e70:a3ff:fe45:d7ff/64,192.168.219.102/24,]  Routes: [fe80::/64 -> :: wlan0,192.168.219.0/24 -> 0.0.0.0 wlan0,0.0.0.0/0 -> 192.168.219.1 wlan0,] DnsAddresses: [1.214.68.2,61.41.153.2,] Domains:  MTU: 0 TcpBufferSizes: 1048576,4194304,8388608,1048576,2097152,4194304 PcscfAddresses: [] }}  nc{[ Transports: WIFI Capabilities: INTERNET&NOT_RESTRICTED&TRUSTED&NOT_VPN&VALIDATED LinkUpBandwidth>=1048576Kbps LinkDnBandwidth>=1048576Kbps SignalStrength: -61]}  Score{60}  everValidated{true}  lastValidated{true}  created{true} lingering{false} explicitlySelected{false} acceptUnvalidated{false} everCaptivePortalDetected{false} lastCaptivePortalDetected{false} }

01-14 12:40:11.636  3208  3208 W LGIMS_J : [Apn::updateApnStringAndSubType:438] Apn string = lte.sktelecom.com, Network subtype = 0

01-14 12:40:11.636  3208  3208 E LGIMS_J : [Apn::handleMessage:317] Apn :: no proc - apn=INTERNET, msg=3006, proc=NETWORK_CAPABILITIES_CHANGED

01-14 12:40:11.638  2571  3471 I NetworkController: [NetworkControllerImpl.java:635:onReceive()]onReceive: intent=Intent { act=android.net.wifi.RSSI_CHANGED flg=0x4000010 (has extras) }

01-14 12:40:11.639  1844  3065 D ConnectivityService: getActiveNetwork nai=NetworkAgentInfo{ ni{[type: WIFI[], state: CONNECTED/CONNECTED, reason: (unspecified), extra: "U+NetEA13", roaming: false, failover: false, isAvailable: true, network type: 1]}  network{323}  lp{{InterfaceName: wlan0 LinkAddresses: [fe80::5e70:a3ff:fe45:d7ff/64,192.168.219.102/24,]  Routes: [fe80::/64 -> :: wlan0,192.168.219.0/24 -> 0.0.0.0 wlan0,0.0.0.0/0 -> 192.168.219.1 wlan0,] DnsAddresses: [1.214.68.2,61.41.153.2,] Domains:  MTU: 0 TcpBufferSizes: 1048576,4194304,8388608,1048576,2097152,4194304 PcscfAddresses: [] }}  nc{[ Transports: WIFI Capabilities: INTERNET&NOT_RESTRICTED&TRUSTED&NOT_VPN&VALIDATED LinkUpBandwidth>=1048576Kbps LinkDnBandwidth>=1048576Kbps SignalStrength: -61]}  Score{60}  everValidated{true}  lastValidated{true}  created{true} lingering{false} explicitlySelected{false} acceptUnvalidated{false} everCaptivePortalDetected{false} lastCaptivePortalDetected{false} }

01-14 12:40:11.640  1844  2654 D ConnectivityService: getActiveNetwork nai=NetworkAgentInfo{ ni{[type: WIFI[], state: CONNECTED/CONNECTED, reason: (unspecified), extra: "U+NetEA13", roaming: false, failover: false, isAvailable: true, network type: 1]}  network{323}  lp{{InterfaceName: wlan0 LinkAddresses: [fe80::5e70:a3ff:fe45:d7ff/64,192.168.219.102/24,]  Routes: [fe80::/64 -> :: wlan0,192.168.219.0/24 -> 0.0.0.0 wlan0,0.0.0.0/0 -> 192.168.219.1 wlan0,] DnsAddresses: [1.214.68.2,61.41.153.2,] Domains:  MTU: 0 TcpBufferSizes: 1048576,4194304,8388608,1048576,2097152,4194304 PcscfAddresses: [] }}  nc{[ Transports: WIFI Capabilities: INTERNET&NOT_RESTRICTED&TRUSTED&NOT_VPN&VALIDATED LinkUpBandwidth>=1048576Kbps LinkDnBandwidth>=1048576Kbps SignalStrength: -61]}  Score{60}  everValidated{true}  lastValidated{true}  created{true} lingering{false} explicitlySelected{false} acceptUnvalidated{false} everCaptivePortalDetected{false} lastCaptivePortalDetected{false} }

01-14 12:40:11.645  1844  2889 D ConnectivityService: getActiveNetwork nai=NetworkAgentInfo{ ni{[type: WIFI[], state: CONNECTED/CONNECTED, reason: (unspecified), extra: "U+NetEA13", roaming: false, failover: false, isAvailable: true, network type: 1]}  network{323}  lp{{InterfaceName: wlan0 LinkAddresses: [fe80::5e70:a3ff:fe45:d7ff/64,192.168.219.102/24,]  Routes: [fe80::/64 -> :: wlan0,192.168.219.0/24 -> 0.0.0.0 wlan0,0.0.0.0/0 -> 192.168.219.1 wlan0,] DnsAddresses: [1.214.68.2,61.41.153.2,] Domains:  MTU: 0 TcpBufferSizes: 1048576,4194304,8388608,1048576,2097152,4194304 PcscfAddresses: [] }}  nc{[ Transports: WIFI Capabilities: INTERNET&NOT_RESTRICTED&TRUSTED&NOT_VPN&VALIDATED LinkUpBandwidth>=1048576Kbps LinkDnBandwidth>=1048576Kbps SignalStrength: -61]}  Score{60}  everValidated{true}  lastValidated{true}  created{true} lingering{false} explicitlySelected{false} acceptUnvalidated{false} everCaptivePortalDetected{false} lastCaptivePortalDetected{false} }

01-14 12:40:11.647  1844  3094 D ConnectivityService: getActiveNetwork nai=NetworkAgentInfo{ ni{[type: WIFI[], state: CONNECTED/CONNECTED, reason: (unspecified), extra: "U+NetEA13", roaming: false, failover: false, isAvailable: true, network type: 1]}  network{323}  lp{{InterfaceName: wlan0 LinkAddresses: [fe80::5e70:a3ff:fe45:d7ff/64,192.168.219.102/24,]  Routes: [fe80::/64 -> :: wlan0,192.168.219.0/24 -> 0.0.0.0 wlan0,0.0.0.0/0 -> 192.168.219.1 wlan0,] DnsAddresses: [1.214.68.2,61.41.153.2,] Domains:  MTU: 0 TcpBufferSizes: 1048576,4194304,8388608,1048576,2097152,4194304 PcscfAddresses: [] }}  nc{[ Transports: WIFI Capabilities: INTERNET&NOT_RESTRICTED&TRUSTED&NOT_VPN&VALIDATED LinkUpBandwidth>=1048576Kbps LinkDnBandwidth>=1048576Kbps SignalStrength: -61]}  Score{60}  everValidated{true}  lastValidated{true}  created{true} lingering{false} explicitlySelected{false} acceptUnvalidated{false} everCaptivePortalDetected{false} lastCaptivePortalDetected{false} }

01-14 12:40:11.651  2571  3471 I WifiSignalController: [WifiSignalController.java:322:updateLevel()]mWifiConnected = true, mWifiLevel = 2

01-14 12:40:11.652  1844  3099 D ConnectivityService: getActiveNetwork nai=NetworkAgentInfo{ ni{[type: WIFI[], state: CONNECTED/CONNECTED, reason: (unspecified), extra: "U+NetEA13", roaming: false, failover: false, isAvailable: true, network type: 1]}  network{323}  lp{{InterfaceName: wlan0 LinkAddresses: [fe80::5e70:a3ff:fe45:d7ff/64,192.168.219.102/24,]  Routes: [fe80::/64 -> :: wlan0,192.168.219.0/24 -> 0.0.0.0 wlan0,0.0.0.0/0 -> 192.168.219.1 wlan0,] DnsAddresses: [1.214.68.2,61.41.153.2,] Domains:  MTU: 0 TcpBufferSizes: 1048576,4194304,8388608,1048576,2097152,4194304 PcscfAddresses: [] }}  nc{[ Transports: WIFI Capabilities: INTERNET&NOT_RESTRICTED&TRUSTED&NOT_VPN&VALIDATED LinkUpBandwidth>=1048576Kbps LinkDnBandwidth>=1048576Kbps SignalStrength: -61]}  Score{60}  everValidated{true}  lastValidated{true}  created{true} lingering{false} explicitlySelected{false} acceptUnvalidated{false} everCaptivePortalDetected{false} lastCaptivePortalDetected{false} }

01-14 12:40:11.652  2571  3471 I NetworkController: [SignalController.java:129:isDirty()]Change in state from: connected=true,enabled=true,level=1,inetCondition=1,iconGroup=IconGroup(SECURITY AP Wi-Fi Icons),activityIn=true,activityOut=true,rssi=-75,,ssid="U+NetEA13",ktGigaWiFi=false,attWifiCall=false

01-14 12:40:11.652  2571  3471 I NetworkController: 	to: connected=true,enabled=true,level=2,inetCondition=1,iconGroup=IconGroup(SECURITY AP Wi-Fi Icons),activityIn=true,activityOut=true,rssi=-61,,ssid="U+NetEA13",ktGigaWiFi=false,attWifiCall=false

01-14 12:40:11.656  2571  2571 D SignalClusterView: [SignalClusterView.java:799:apply()]mMobileDescription =   .

01-14 12:40:11.656  2571  2571 D SignalClusterView: [SignalClusterView.java:799:apply()]mMobileDescription =   .

01-14 12:40:11.657  2571  2571 D SignalClusterView: [SignalClusterView.java:799:apply()]mMobileDescription =   .

01-14 12:40:11.853  4692  5030 D AppChangedDetector: lastUsedAppId com.YourCompany.Rolling

01-14 12:40:12.325  2950 22787 D libc    : getaddrinfo called from pid =2950

01-14 12:40:12.341  1844  2346 D InputDispatcher: notifyMotion - action=ACTION_UP(0), id=0, tooltype=1, deviceId=4, source=0x1002, policyFlags=0x0, flags=0x0, metaState=0x0, buttonState=0x0, edgeFlags=0x0, eventTime=154846445863000, downTime=154841344634000, 

01-14 12:40:12.342  1844  2345 D InputTransport: channel '34a87a4 com.YourCompany.Rolling/com.epicgames.ue4.GameActivity (server)' : action=ACTION_UP(0), id=0, tooltype=1, deviceId=4, source=0x1002, flags=0x2, edgeFlags=0x0, metaState=0x0, buttonState=0x0, downTime=154841344634000, eventTime=154846445863000, pointerCount=1

01-14 12:40:12.342 29312 29312 I ViewRootImpl: ViewRoot's Touch Event : ACTION_UP

01-14 12:40:12.355  4692  5030 D AppChangedDetector: lastUsedAppId com.YourCompany.Rolling

01-14 12:40:12.570  1844  3094 I sensors_hal_Ctx: flush: handle is 86

01-14 12:40:12.570  1844  3094 I sensors_hal_SAM: flush:sensor() handle:86

01-14 12:40:12.570  1844  2894 I sensors_hal_Ctx: flush: handle is 48

01-14 12:40:12.570  1844  2894 I sensors_hal_SAM: flush:sensor(android.sensor.step_detector) handle:48

01-14 12:40:12.571  1844  2278 I sensors_hal_HealthActivityPattern: processResp: handle:86

01-14 12:40:12.571  1844  2278 E sensors_hal_HealthActivityPattern: processResp: Msg 33; Result: 1, Error: 6

01-14 12:40:12.599  1844  1904 D AutomaticBrightnessControllerEx: [MultiALC] (new) start checking!! mAmbientLuxWhenBarReleased : 0.0 / mBrightnessWhenBarReleased : 10 / mAmbientLux : 289.0 / mScreenBrightness = 136

01-14 12:40:12.599  1844  1904 D AutomaticBrightnessControllerEx: [MultiALC] same brightness~~~ : 136

01-14 12:40:12.766  1844  2323 D sensors_hal_LGMotionAccel: processInd: LP2: X: -0.517395 Y: 4.908676 Z: 8.556992 SAM TS: 3577144152 HAL TS:240254008328699 elapsedRealtimeNano:240254067749217

01-14 12:40:12.779 11532 11729 D libc    : getaddrinfo called from pid =11532

01-14 12:40:12.811  1844  2346 D InputDispatcher: notifyMotion - action=ACTION_DOWN(0), id=0, tooltype=1, deviceId=4, source=0x1002, policyFlags=0x0, flags=0x0, metaState=0x0, buttonState=0x0, edgeFlags=0x0, eventTime=154846917419000, downTime=154846917419000, 

01-14 12:40:12.811  1844  2345 D InputTransport: channel '34a87a4 com.YourCompany.Rolling/com.epicgames.ue4.GameActivity (server)' : action=ACTION_DOWN(0), id=0, tooltype=1, deviceId=4, source=0x1002, flags=0x2, edgeFlags=0x0, metaState=0x0, buttonState=0x0, downTime=154846917419000, eventTime=154846917419000, pointerCount=1

01-14 12:40:12.812 29312 29312 I ViewRootImpl: ViewRoot's Touch Event : ACTION_DOWN

01-14 12:40:12.858  4692  5030 D AppChangedDetector: lastUsedAppId com.YourCompany.Rolling

01-14 12:40:12.941  3720  3925 D DuAdCacheProvider: match code = 4

01-14 12:40:12.943  3720  3925 D DuAdCacheProvider: match code = 4

01-14 12:40:12.944  3720  3925 D DuAdCacheProvider: match code = 4

01-14 12:40:13.085  1844  2323 D sensors_hal_LGMotionAccel: processInd: LP2: X: -0.942719 Y: 5.062943 Z: 8.362045 SAM TS: 3577155072 HAL TS:240254341580653 elapsedRealtimeNano:240254386878280

01-14 12:40:13.326  2950 22787 D libc    : getaddrinfo called from pid =2950

01-14 12:40:13.360  4692  5030 D AppChangedDetector: lastUsedAppId com.YourCompany.Rolling

01-14 12:40:13.365 11532 11731 D libc    : getaddrinfo called from pid =11532

01-14 12:40:13.389  1844  2514 V WifiServerServiceExt: checkPollTimer Cnt= 0 rssi =-60 threshold=-100

01-14 12:40:13.424  1844  2323 D sensors_hal_LGMotionAccel: processInd: LP2: X: -1.362366 Y: 5.188080 Z: 8.435989 SAM TS: 3577165992 HAL TS:240254674832606 elapsedRealtimeNano:240254725867811

01-14 12:40:13.571  1844  2890 I sensors_hal_Ctx: flush: handle is 86

01-14 12:40:13.571  1844  2890 I sensors_hal_SAM: flush:sensor() handle:86

01-14 12:40:13.571  1844  1858 I sensors_hal_Ctx: flush: handle is 48

01-14 12:40:13.571  1844  1858 I sensors_hal_SAM: flush:sensor(android.sensor.step_detector) handle:48

01-14 12:40:13.573  1844  2278 I sensors_hal_HealthActivityPattern: processResp: handle:86

01-14 12:40:13.573  1844  2278 E sensors_hal_HealthActivityPattern: processResp: Msg 33; Result: 1, Error: 6

01-14 12:40:13.763  1844  2323 D sensors_hal_LGMotionAccel: processInd: LP2: X: -1.403442 Y: 5.676483 Z: 7.571838 SAM TS: 3577176912 HAL TS:240255008084559 elapsedRealtimeNano:240255065321717

01-14 12:40:13.862  4692  5030 D AppChangedDetector: lastUsedAppId com.YourCompany.Rolling

01-14 12:40:13.944   935   985 I GBMv2   : GBM state [10]

01-14 12:40:14.044   935   985 I GBMv2   : GBM state [0]

01-14 12:40:14.045   935   985 I GBMv2   : GBM state [1]

01-14 12:40:14.102  1844  2323 D sensors_hal_LGMotionAccel: processInd: LP2: X: -1.276321 Y: 5.455765 Z: 8.052460 SAM TS: 3577187832 HAL TS:240255341336512 elapsedRealtimeNano:240255403761404

01-14 12:40:14.329  2950 22787 D libc    : getaddrinfo called from pid =2950

01-14 12:40:14.363  4692  5030 D AppChangedDetector: lastUsedAppId com.YourCompany.Rolling

01-14 12:40:14.572  1844  3083 I sensors_hal_Ctx: flush: handle is 86

01-14 12:40:14.572  1844  3083 I sensors_hal_SAM: flush:sensor() handle:86

01-14 12:40:14.572  1844  3124 I sensors_hal_Ctx: flush: handle is 48

01-14 12:40:14.572  1844  3124 I sensors_hal_SAM: flush:sensor(android.sensor.step_detector) handle:48

01-14 12:40:14.574  1844  2278 I sensors_hal_HealthActivityPattern: processResp: handle:86

01-14 12:40:14.574  1844  2278 E sensors_hal_HealthActivityPattern: processResp: Msg 33; Result: 1, Error: 6

01-14 12:40:14.841  1844  2265 V sensors_hal_Mag: processReportInd:sensor android.sensor.magnetic_field 

01-14 12:40:14.841  1844  2265 V sensors_hal_Mag: processReportInd: Cal Mag Filter, 3, 1, -35.762024, -6.651306, -28.523254, -276.501465, -59.956360, -240.032959, -34.562683, -7.494545, -30.004120

01-14 12:40:14.841  1844  2335 D sensors_hal_Ctx: poll:polldata:1, sensor:10, type:2, x:-34.562683 y:-7.494545 z:-30.004120

01-14 12:40:14.841  1844  2335 D sensors_hal_Util: waitForResponse: timeout=0

01-14 12:40:14.859  1844  2265 V sensors_hal_Gyro: processReportInd: X: 0.020981 Y: -0.351578 Z: -0.029770 

01-14 12:40:14.859  1844  2335 D sensors_hal_Ctx: poll:polldata:2, sensor:0, type:1, x:-0.784866 y:5.293488 z:8.239227

01-14 12:40:14.859  1844  2335 D sensors_hal_Util: waitForResponse: timeout=0

01-14 12:40:14.860  1844  2265 V sensors_hal_Mag: processReportInd:sensor android.sensor.magnetic_field 

01-14 12:40:14.860  1844  2265 V sensors_hal_Mag: processReportInd: Cal Mag Filter, 4, 1, -34.562683, -7.250977, -28.973389, -277.101135, -58.757019, -240.184021, -34.637642, -7.344627, -30.023003

01-14 12:40:14.860  1844  2335 D sensors_hal_Ctx: poll:polldata:1, sensor:10, type:2, x:-34.637642 y:-7.344627 z:-30.023003

01-14 12:40:14.860  1844  2335 D sensors_hal_Util: waitForResponse: timeout=0

01-14 12:40:14.867  4692  5030 D AppChangedDetector: lastUsedAppId com.YourCompany.Rolling

01-14 12:40:14.879  1844  2265 V sensors_hal_Gyro: processReportInd: X: -0.017365 Y: -0.236526 Z: -0.039352 

01-14 12:40:14.879  1844  2265 V sensors_hal_Mag: processReportInd:sensor android.sensor.magnetic_field 

01-14 12:40:14.879  1844  2265 V sensors_hal_Mag: processReportInd: Cal Mag Filter, 5, 1, -34.112549, -7.551575, -28.222656, -277.700806, -58.308411, -238.233948, -34.712601, -7.288551, -29.779243

01-14 12:40:14.879  1844  2335 D sensors_hal_Ctx: poll:polldata:3, sensor:0, type:1, x:-0.916550 y:5.384460 z:8.074020

01-14 12:40:14.879  1844  2335 D sensors_hal_Util: waitForResponse: timeout=0

01-14 12:40:14.900  1844  2265 V sensors_hal_Gyro: processReportInd: X: -0.062103 Y: -0.073547 Z: -0.043610 

01-14 12:40:14.900  1844  2265 V sensors_hal_Mag: processReportInd:sensor android.sensor.magnetic_field 

01-14 12:40:14.900  1844  2265 V sensors_hal_Mag: processReportInd: Cal Mag Filter, 6, 1, -35.913086, -6.800842, -27.923584, -279.501343, -58.609009, -234.484863, -34.937668, -7.326126, -29.310608

01-14 12:40:14.900  1844  2335 D sensors_hal_Ctx: poll:polldata:3, sensor:0, type:1, x:-0.744171 y:5.288696 z:8.126694

01-14 12:40:14.900  1844  2335 D sensors_hal_Util: waitForResponse: timeout=0

01-14 12:40:14.919  1844  2335 D sensors_hal_Ctx: poll:polldata:1, sensor:0, type:1, x:-0.794449 y:5.236023 z:8.272751

01-14 12:40:14.919  1844  2265 V sensors_hal_Gyro: processReportInd: X: -0.073822 Y: 0.028717 Z: -0.056396 

01-14 12:40:14.919  1844  2335 D sensors_hal_Ctx: poll:polldata:1, sensor:2, type:4, x:-0.073822 y:0.028717 z:-0.056396

01-14 12:40:14.919  1844  2335 D sensors_hal_Util: waitForResponse: timeout=0

01-14 12:40:14.920  1844  2265 V sensors_hal_Mag: processReportInd:sensor android.sensor.magnetic_field 

01-14 12:40:14.920  1844  2265 V sensors_hal_Mag: processReportInd: Cal Mag Filter, 7, 1, -34.562683, -8.300781, -27.473450, -279.200745, -57.858276, -230.735779, -34.900093, -7.232285, -28.841972

01-14 12:40:14.920  1844  2335 D sensors_hal_Ctx: poll:polldata:1, sensor:10, type:2, x:-34.900093 y:-7.232285 z:-28.841972

01-14 12:40:14.920  1844  2335 D sensors_hal_Util: waitForResponse: timeout=0

01-14 12:40:14.939  1844  2265 V sensors_hal_Gyro: processReportInd: X: -0.056778 Y: 0.044693 Z: -0.057465 

01-14 12:40:14.939  1844  2335 D sensors_hal_Ctx: poll:polldata:2, sensor:0, type:1, x:-0.806412 y:5.224045 z:8.220078

01-14 12:40:14.939  1844  2335 D sensors_hal_Util: waitForResponse: timeout=0

01-14 12:40:14.940  1844  2265 D sensors_hal_SMGR: processBufferingInd:report(on_change_sensor) eventtype 0

01-14 12:40:14.940  1844  2335 D sensors_hal_Ctx: poll:polldata:1, sensor:1, type:5, x:275.000000 y:0.000000 z:0.000000

01-14 12:40:14.940  1844  2335 D sensors_hal_Util: waitForResponse: timeout=0

01-14 12:40:14.940  1844  2265 V sensors_hal_Mag: processReportInd:sensor android.sensor.magnetic_field 

01-14 12:40:14.940  1844  2265 V sensors_hal_Mag: processReportInd: Cal Mag Filter, 0, 1, -34.712219, -6.350708, -30.323792, -280.850220, -56.208801, -230.886841, -35.106277, -7.026100, -28.860855

01-14 12:40:14.940  1844  2335 D sensors_hal_Ctx: poll:polldata:1, sensor:10, type:2, x:-35.106277 y:-7.026100 z:-28.860855

01-14 12:40:14.940  1844  2335 D sensors_hal_Util: waitForResponse: timeout=0

01-14 12:40:14.959  1844  2265 V sensors_hal_Gyro: processReportInd: X: -0.090866 Y: 0.089447 Z: -0.075577 

01-14 12:40:14.959  1844  2335 D sensors_hal_Ctx: poll:polldata:2, sensor:0, type:1, x:-0.739380 y:5.216873 z:7.846573

01-14 12:40:14.959  1844  2335 D sensors_hal_Util: waitForResponse: timeout=0

01-14 12:40:14.959  1844  2265 V sensors_hal_Mag: processReportInd:sensor android.sensor.magnetic_field 

01-14 12:40:14.959  1844  2265 V sensors_hal_Mag: processReportInd: Cal Mag Filter, 1, 1, -34.712219, -6.350708, -30.323792, -280.549622, -55.458069, -231.187439, -35.068703, -6.932259, -28.898430

01-14 12:40:14.959  1844  2335 D sensors_hal_Ctx: poll:polldata:1, sensor:10, type:2, x:-35.068703 y:-6.932259 z:-28.898430

01-14 12:40:14.959  1844  2335 D sensors_hal_Util: waitForResponse: timeout=0

01-14 12:40:14.979  1844  2265 V sensors_hal_Gyro: processReportInd: X: -0.219757 Y: 0.240707 Z: -0.120316 

01-14 12:40:14.979  1844  2335 D sensors_hal_Ctx: poll:polldata:2, sensor:0, type:1, x:-0.976410 y:5.185745 z:7.710114

01-14 12:40:14.979  1844  2335 D sensors_hal_Util: waitForResponse: timeout=0

01-14 12:40:14.980  1844  2265 V sensors_hal_Mag: processReportInd:sensor android.sensor.magnetic_field 

01-14 12:40:14.980  1844  2265 V sensors_hal_Mag: processReportInd: Cal Mag Filter, 2, 1, -34.712219, -7.400513, -30.323792, -279.049683, -56.657410, -232.087708, -34.881210, -7.082176, -29.010963

01-14 12:40:14.980  1844  2335 D sensors_hal_Ctx: poll:polldata:1, sensor:10, type:2, x:-34.881210 y:-7.082176 z:-29.010963

01-14 12:40:14.980  1844  2335 D sensors_hal_Util: waitForResponse: timeout=0

01-14 12:40:15.204 11532 11729 D libc    : getaddrinfo called from pid =11532

01-14 12:40:15.247  1037  1340 W XTCC-5.1.0.7: [PosMgr] handleScanResult empty scan result

01-14 12:40:15.247  1037  1340 W XTCC-5.1.0.7: [PosMgr] sending back response for POSITION (c, error) tx(33144)

01-14 12:40:15.247  1037  1340 E XTCC-5.1.0.7: [PosMgr] handleScanResult failed: 8

01-14 12:40:15.247  1844  2956 E IzatSvc_Wiper: E/Exiting with error virtual void izat_manager::Wiper::reportLocation(const izat_manager::LocationReport*, const izat_manager::ILocationProvider*) line 514 "3"

01-14 12:40:15.247  1844  3562 E LocSvc_libulp: E/int ulp_brain_transition_all_providers(), no QUIPC/GNSS transition logic run due to both engines are OFF 

01-14 12:40:15.248  1844  2956 I IzatProviderEngine: LocTech-Label :: OSDC :: Position Report In

01-14 12:40:15.248  1844  2956 I IzatProviderEngine: LocTech-Value :: UTC Time: 1578973205600, Elapsed Real Time Nanos: 240256549415206, Latitude: 37.56362915039063, Longitude: 127.03903198242189, Altitude: 0.0, Speed: 0.0, Bearing: 0.0, Accuracy: 579.2371

01-14 12:40:15.248  1037  1346 W XTCC-5.1.0.7: [FDAL_ZPP_MGR] RequestNewZppFix: Getting ZPP

01-14 12:40:15.248  1844  1872 D LocationManagerService: This location is marked as ready for broadcast

01-14 12:40:15.249  1844  1872 D LocationManagerService: incoming location: Location[network 37.563629,127.039032 acc=579 et=+2d18h44m16s549ms alt=0.0 vel=0.0 bear=0.0 {Bundle[{com.qualcomm.location.nlp:ready=true}]}]

01-14 12:40:15.251  1844  1872 D LocationManagerService: incoming location: Location[network 37.563629,127.039032 acc=579 et=+2d18h44m16s549ms alt=0.0 vel=0.0 bear=0.0 {Bundle[{com.qualcomm.location.nlp:ready=true}]}]

01-14 12:40:15.251  1037  1346 W XTCC-5.1.0.7: [FDAL_ZPP_MGR] RequestNewZppFix 37.563629 127.039032 466.737122: ZPP Return Flag 0x11

01-14 12:40:15.371  4692  5030 D AppChangedDetector: lastUsedAppId com.YourCompany.Rolling

01-14 12:40:15.574  1844  2893 I sensors_hal_Ctx: flush: handle is 86

01-14 12:40:15.574  1844  2893 I sensors_hal_SAM: flush:sensor() handle:86

01-14 12:40:15.575  1844  3094 I sensors_hal_Ctx: flush: handle is 48

01-14 12:40:15.575  1844  3094 I sensors_hal_SAM: flush:sensor(android.sensor.step_detector) handle:48

01-14 12:40:15.575  1844  2278 I sensors_hal_HealthActivityPattern: processResp: handle:86

01-14 12:40:15.575  1844  2278 E sensors_hal_HealthActivityPattern: processResp: Msg 33; Result: 1, Error: 6

01-14 12:40:15.874  4692  5030 D AppChangedDetector: lastUsedAppId com.YourCompany.Rolling

01-14 12:40:16.377  4692  5030 D AppChangedDetector: lastUsedAppId com.YourCompany.Rolling

01-14 12:40:16.391  1844  2514 V WifiServerServiceExt: checkPollTimer Cnt= 0 rssi =-63 threshold=-100

01-14 12:40:16.576  1844  3109 I sensors_hal_Ctx: flush: handle is 86

01-14 12:40:16.576  1844  3109 I sensors_hal_SAM: flush:sensor() handle:86

01-14 12:40:16.576  1844  3101 I sensors_hal_Ctx: flush: handle is 48

01-14 12:40:16.576  1844  3101 I sensors_hal_SAM: flush:sensor(android.sensor.step_detector) handle:48

01-14 12:40:16.577  1844  2278 I sensors_hal_HealthActivityPattern: processResp: handle:86

01-14 12:40:16.577  1844  2278 E sensors_hal_HealthActivityPattern: processResp: Msg 33; Result: 1, Error: 6

01-14 12:40:16.754  2950 22787 D BluetoothAdapter: STATE_ON

01-14 12:40:16.757  4869  5375 D BluetoothAdapterService: getAdapterService() - returning com.android.bluetooth.btservice.AdapterService@75537f9

01-14 12:40:16.760  4869  5375 D BtGatt.GattService: registerClient() - UUID=5dc5b741-0c1e-486e-bd5b-5a8067d57ea7

01-14 12:40:16.760  4869  4986 I bt_btif : HAL bt_gatt_callbacks->client->register_client_cb

01-14 12:40:16.760  4869  4986 D BtGatt.GattService: onClientRegistered() - UUID=5dc5b741-0c1e-486e-bd5b-5a8067d57ea7, clientIf=6

01-14 12:40:16.761  2950  7929 D BluetoothLeScanner: onClientRegistered() - status=0 clientIf=6

01-14 12:40:16.761  4869  4955 D BtGatt.GattService: start scan with filters

01-14 12:40:16.762  1844  2894 D BluetoothManagerService: isEnabledStandAloneBleMode() : isStandAloneBleMode = false

01-14 12:40:16.765  4869  5053 D BtGatt.ScanManager: handling starting scan

01-14 12:40:16.768  4869  4986 I bt_btif : BTA_DmEnableScanFilter: 1

01-14 12:40:16.778  4869  4986 I bt_btif : HAL bt_gatt_callbacks->client->scan_filter_status_cb

01-14 12:40:16.778  4869  4986 D BtGatt.GattService: onScanFilterEnableDisabled() - clientIf=6, status=0, action=1

01-14 12:40:16.778  4869  4986 D BtGatt.ScanManager: callback done for clientIf - 6 status - 0

01-14 12:40:16.778  4869  5053 D BtGatt.ScanManager: addFilterToController: 2

01-14 12:40:16.778  4869  4986 I bt_btif : BTA_DmBleCfgFilterCondition: 0, 2

01-14 12:40:16.792  4869  4986 I bt_btif : HAL bt_gatt_callbacks->client->scan_filter_cfg_cb

01-14 12:40:16.792  4869  4986 D BtGatt.GattService: onScanFilterConfig() - clientIf=6, action = 0 status = 0, filterType=2, availableSpace=46

01-14 12:40:16.792  4869  4986 D BtGatt.ScanManager: callback done for clientIf - 6 status - 0

01-14 12:40:16.793  4869  5053 D BtGatt.ScanManager: configureFilterParamter 500 10000 1 0

01-14 12:40:16.793  4869  4986 I bt_btif : BTA_DmBleScanFilterSetup: 0

01-14 12:40:16.809  4869  4986 I bt_btif : HAL bt_gatt_callbacks->client->scan_filter_param_cb

01-14 12:40:16.809  4869  4986 D BtGatt.GattService: onScanFilterParamsConfigured() - clientIf=6, status=0, action=0, availableSpace=30

01-14 12:40:16.809  4869  4986 D BtGatt.ScanManager: callback done for clientIf - 6 status - 0

01-14 12:40:16.809  4869  5053 D BtGatt.ScanManager: configureRegularScanParams() - queue=2

01-14 12:40:16.810  4869  5053 D BtGatt.ScanManager: configureRegularScanParams() - ScanSetting Scan mode=1 mLastConfiguredScanSetting=0

01-14 12:40:16.810  4869  5053 D BtGatt.ScanManager: configureRegularScanParams() : Before convert - scanWindow = 2000, scanInterval = 5000

01-14 12:40:16.810  4869  5053 D BtGatt.ScanManager: configureRegularScanParams() : After convert - scanWindow = 3200, scanInterval = 8000

01-14 12:40:16.810  4869  5053 D BtGatt.ScanManager: configureRegularScanParams - scanInterval = 8000configureRegularScanParams - scanWindow = 3200

01-14 12:40:16.810  4869  4986 I bt_btif : BTA_DmBleObserve:start = 0 

01-14 12:40:16.810  4869  4986 E bt_btif : no av control block available at state:3

01-14 12:40:16.810  4869  4986 I bt_btif : BTA_DmBleObserve:start = 1 

01-14 12:40:16.810  4869  4986 I bt_btif : HAL bt_gatt_callbacks->client->scan_parameter_setup_completed_cb

01-14 12:40:16.810  4869  4986 D BtGatt.GattService: onScanParamSetupCompleted : 0

01-14 12:40:16.878  4692  5030 D AppChangedDetector: lastUsedAppId com.YourCompany.Rolling

01-14 12:40:17.248  1037  1340 W XTCC-5.1.0.7: [PosMgr] Position request

01-14 12:40:17.380  4692  5030 D AppChangedDetector: lastUsedAppId com.YourCompany.Rolling

01-14 12:40:17.577  1844  3101 I sensors_hal_Ctx: flush: handle is 86

01-14 12:40:17.577  1844  3101 I sensors_hal_SAM: flush:sensor() handle:86

01-14 12:40:17.579  1844  2278 I sensors_hal_HealthActivityPattern: processResp: handle:86

01-14 12:40:17.579  1844  2278 E sensors_hal_HealthActivityPattern: processResp: Msg 33; Result: 1, Error: 6

01-14 12:40:17.579  1844  2889 I sensors_hal_Ctx: flush: handle is 48

01-14 12:40:17.579  1844  2889 I sensors_hal_SAM: flush:sensor(android.sensor.step_detector) handle:48

01-14 12:40:17.882  4692  5030 D AppChangedDetector: lastUsedAppId com.YourCompany.Rolling

01-14 12:40:18.039  1844  2346 D InputDispatcher: notifyMotion - action=ACTION_UP(0), id=0, tooltype=1, deviceId=4, source=0x1002, policyFlags=0x0, flags=0x0, metaState=0x0, buttonState=0x0, edgeFlags=0x0, eventTime=154852145101000, downTime=154846917419000, 

01-14 12:40:18.039  1844  2345 D InputTransport: channel '34a87a4 com.YourCompany.Rolling/com.epicgames.ue4.GameActivity (server)' : action=ACTION_UP(0), id=0, tooltype=1, deviceId=4, source=0x1002, flags=0x2, edgeFlags=0x0, metaState=0x0, buttonState=0x0, downTime=154846917419000, eventTime=154852145101000, pointerCount=1

01-14 12:40:18.039 29312 29312 I ViewRootImpl: ViewRoot's Touch Event : ACTION_UP

01-14 12:40:18.046   935   985 I GBMv2   : GBM state [10]

01-14 12:40:18.146   935   985 I GBMv2   : GBM state [0]

01-14 12:40:18.147   935   985 I GBMv2   : GBM state [1]

01-14 12:40:18.269  2950 22787 D BluetoothAdapter: STATE_ON

01-14 12:40:18.270  4869  5289 D BtGatt.GattService: stopScan() - queue size =2

01-14 12:40:18.271  4869  4986 I bt_btif : BTA_DmBleScanFilterSetup: 1

01-14 12:40:18.275  4869  5375 D BtGatt.GattService: unregisterClient() - clientIf=6

01-14 12:40:18.278  4869  4986 I bt_btif : HAL bt_gatt_callbacks->client->scan_filter_param_cb

01-14 12:40:18.278  4869  4986 D BtGatt.GattService: onScanFilterParamsConfigured() - clientIf=6, status=0, action=1, availableSpace=31

01-14 12:40:18.278  4869  4986 D BtGatt.ScanManager: callback done for clientIf - 6 status - 0

01-14 12:40:18.278  4869  5053 D BtGatt.ScanManager: configureRegularScanParams() - queue=1

01-14 12:40:18.278  4869  5053 D BtGatt.ScanManager: configureRegularScanParams() - ScanSetting Scan mode=0 mLastConfiguredScanSetting=1

01-14 12:40:18.278  4869  5053 D BtGatt.ScanManager: configureRegularScanParams() : Before convert - scanWindow = 500, scanInterval = 5000

01-14 12:40:18.278  4869  5053 D BtGatt.ScanManager: configureRegularScanParams() : After convert - scanWindow = 800, scanInterval = 8000

01-14 12:40:18.278  4869  5053 D BtGatt.ScanManager: configureRegularScanParams - scanInterval = 8000configureRegularScanParams - scanWindow = 800

01-14 12:40:18.283  4869  4986 I bt_btif : BTA_DmBleObserve:start = 0 

01-14 12:40:18.283  4869  4986 E bt_btif : no av control block available at state:3

01-14 12:40:18.283  4869  4986 I bt_btif : BTA_DmBleObserve:start = 1 

01-14 12:40:18.284  4869  4986 I bt_btif : HAL bt_gatt_callbacks->client->scan_parameter_setup_completed_cb

01-14 12:40:18.284  4869  4986 D BtGatt.GattService: onScanParamSetupCompleted : 0

01-14 12:40:18.385  4692  5030 D AppChangedDetector: lastUsedAppId com.YourCompany.Rolling

01-14 12:40:18.454 11532 11729 D libc    : getaddrinfo called from pid =11532

01-14 12:40:18.580  1844  3109 I sensors_hal_Ctx: flush: handle is 86

01-14 12:40:18.580  1844  3109 I sensors_hal_SAM: flush:sensor() handle:86

01-14 12:40:18.581  1844  3101 I sensors_hal_Ctx: flush: handle is 48

01-14 12:40:18.581  1844  3101 I sensors_hal_SAM: flush:sensor(android.sensor.step_detector) handle:48

01-14 12:40:18.581  1844  2278 I sensors_hal_HealthActivityPattern: processResp: handle:86

01-14 12:40:18.581  1844  2278 E sensors_hal_HealthActivityPattern: processResp: Msg 33; Result: 1, Error: 6

01-14 12:40:18.637  1844  2516 D ConnectivityService: updateCapabilities cap:[ Transports: WIFI Capabilities: INTERNET&NOT_RESTRICTED&TRUSTED&NOT_VPN LinkUpBandwidth>=1048576Kbps LinkDnBandwidth>=1048576Kbps SignalStrength: -68]

01-14 12:40:18.637  1844  2516 D CSLegacyTypeTracker: Adding agent NetworkAgentInfo{ ni{[type: MOBILE[LTE], state: CONNECTED/CONNECTED, reason: (unspecified), extra: ims, roaming: false, failover: false, isAvailable: true, network type: 0]}  network{100}  lp{{InterfaceName: rmnet_data0 LinkAddresses: [2001:2d8:ea3d:7823:3728:f667:eb35:50b/64,]  Routes: [::/0 -> fe80::116c:3159:9b54:acb8 rmnet_data0,] DnsAddresses: [fd00:e13:501:c::170,fd00:e13:101:c::7,] Domains: null MTU: 1440 TcpBufferSizes: 2097152,4194304,8388608,1048576,3145728,4194304 PcscfAddresses: [fd00:e15:501:2::150,] }}  nc{[ Transports: CELLULAR Capabilities: MMS&IMS&NOT_RESTRICTED&TRUSTED&NOT_VPN&VALIDATED LinkUpBandwidth>=51200Kbps LinkDnBandwidth>=102400Kbps Specifier: <1>]}  Score{50}  everValidated{true}  lastValidated{true}  created{true} lingering{false} explicitlySelected{false} acceptUnvalidated{false} everCaptivePortalDetected{false} lastCaptivePortalDetected{false} } for legacy network type 11

01-14 12:40:18.637  1844  2516 D ConnectivityService: notifyType CAP_CHANGED for NetworkAgentInfo [WIFI () - 323]

01-14 12:40:18.639  3208  4569 I LGIMS_J : [Apn$ImsNetworkCallback::onCapabilitiesChanged:985] ImsNetworkCallback :: onCapabilitiesChanged=323

01-14 12:40:18.640  3208  3208 D LGIMS_J : [Apn::handleMessage:322] Apn :: apn=INTERNET, msg=3008, proc=null

01-14 12:40:18.640  3208  3208 D LGIMS_J : [Apn$Handle_EVENT_UPDATE_APN_STRING_SUBTYPE::procMsg:788] 

01-14 12:40:18.640  3208  3208 D LGIMS_J : [Apn::updateApnStringAndSubType:408] 

01-14 12:40:18.640  3208  3208 D LGIMS_J : [Apn::updateApnStringAndSubType:420] netInfo is null. Retry with network type

01-14 12:40:18.641  3208  3208 W LGIMS_J : [Apn::updateApnStringAndSubType:438] Apn string = lte.sktelecom.com, Network subtype = 0

01-14 12:40:18.642  3208  3208 E LGIMS_J : [Apn::handleMessage:317] Apn :: no proc - apn=INTERNET, msg=3006, proc=NETWORK_CAPABILITIES_CHANGED

01-14 12:40:18.642  1844  2654 D ConnectivityService: getActiveNetwork nai=NetworkAgentInfo{ ni{[type: WIFI[], state: CONNECTED/CONNECTED, reason: (unspecified), extra: "U+NetEA13", roaming: false, failover: false, isAvailable: true, network type: 1]}  network{323}  lp{{InterfaceName: wlan0 LinkAddresses: [fe80::5e70:a3ff:fe45:d7ff/64,192.168.219.102/24,]  Routes: [fe80::/64 -> :: wlan0,192.168.219.0/24 -> 0.0.0.0 wlan0,0.0.0.0/0 -> 192.168.219.1 wlan0,] DnsAddresses: [1.214.68.2,61.41.153.2,] Domains:  MTU: 0 TcpBufferSizes: 1048576,4194304,8388608,1048576,2097152,4194304 PcscfAddresses: [] }}  nc{[ Transports: WIFI Capabilities: INTERNET&NOT_RESTRICTED&TRUSTED&NOT_VPN&VALIDATED LinkUpBandwidth>=1048576Kbps LinkDnBandwidth>=1048576Kbps SignalStrength: -68]}  Score{60}  everValidated{true}  lastValidated{true}  created{true} lingering{false} explicitlySelected{false} acceptUnvalidated{false} everCaptivePortalDetected{false} lastCaptivePortalDetected{false} }

01-14 12:40:18.644  1844  3094 D ConnectivityService: getActiveNetwork nai=NetworkAgentInfo{ ni{[type: WIFI[], state: CONNECTED/CONNECTED, reason: (unspecified), extra: "U+NetEA13", roaming: false, failover: false, isAvailable: true, network type: 1]}  network{323}  lp{{InterfaceName: wlan0 LinkAddresses: [fe80::5e70:a3ff:fe45:d7ff/64,192.168.219.102/24,]  Routes: [fe80::/64 -> :: wlan0,192.168.219.0/24 -> 0.0.0.0 wlan0,0.0.0.0/0 -> 192.168.219.1 wlan0,] DnsAddresses: [1.214.68.2,61.41.153.2,] Domains:  MTU: 0 TcpBufferSizes: 1048576,4194304,8388608,1048576,2097152,4194304 PcscfAddresses: [] }}  nc{[ Transports: WIFI Capabilities: INTERNET&NOT_RESTRICTED&TRUSTED&NOT_VPN&VALIDATED LinkUpBandwidth>=1048576Kbps LinkDnBandwidth>=1048576Kbps SignalStrength: -68]}  Score{60}  everValidated{true}  lastValidated{true}  created{true} lingering{false} explicitlySelected{false} acceptUnvalidated{false} everCaptivePortalDetected{false} lastCaptivePortalDetected{false} }

01-14 12:40:18.651  3163  3163 D Telephony: PhoneInterfaceManager: [PhoneIntfMgr] mSigLevel = 4

01-14 12:40:18.652  1844  2504 D ConnectivityService: getActiveNetwork nai=NetworkAgentInfo{ ni{[type: WIFI[], state: CONNECTED/CONNECTED, reason: (unspecified), extra: "U+NetEA13", roaming: false, failover: false, isAvailable: true, network type: 1]}  network{323}  lp{{InterfaceName: wlan0 LinkAddresses: [fe80::5e70:a3ff:fe45:d7ff/64,192.168.219.102/24,]  Routes: [fe80::/64 -> :: wlan0,192.168.219.0/24 -> 0.0.0.0 wlan0,0.0.0.0/0 -> 192.168.219.1 wlan0,] DnsAddresses: [1.214.68.2,61.41.153.2,] Domains:  MTU: 0 TcpBufferSizes: 1048576,4194304,8388608,1048576,2097152,4194304 PcscfAddresses: [] }}  nc{[ Transports: WIFI Capabilities: INTERNET&NOT_RESTRICTED&TRUSTED&NOT_VPN&VALIDATED LinkUpBandwidth>=1048576Kbps LinkDnBandwidth>=1048576Kbps SignalStrength: -68]}  Score{60}  everValidated{true}  lastValidated{true}  created{true} lingering{false} explicitlySelected{false} acceptUnvalidated{false} everCaptivePortalDetected{false} lastCaptivePortalDetected{false} }

