--------- beginning of system

01-25 15:07:24.788  1745  2512 D LGWifiP2pService: InactiveState{ when=-1ms what=147461 target=com.android.internal.util.StateMachine$SmHandler }

01-25 15:07:24.788  1745  2512 D LGWifiP2pService: P2pEnabledState{ when=-1ms what=147461 target=com.android.internal.util.StateMachine$SmHandler }

01-25 15:07:24.788  1745  2512 D LGWifiP2pService: DefaultState{ when=-1ms what=147461 target=com.android.internal.util.StateMachine$SmHandler }

--------- beginning of main

01-25 15:07:24.788  3159  3391 D P2pExtMonWorker: Event [CTRL-EVENT-SCAN-RESULTS ]

01-25 15:07:24.788  3159  3391 D P2pExtMonWorker: Event [WPS-AP-AVAILABLE ]

01-25 15:07:24.790  1745  3649 E LocSvc_libulp: E/int ulp_brain_transition_all_providers(), no QUIPC/GNSS transition logic run due to both engines are OFF 

01-25 15:07:24.792  1745  2992 E QMI_FW  : QCCI qmi_cci_xport_recv: txn not found. svc_id: 16

01-25 15:07:24.794  1745  2980 E LocSvc_LBSApiV02: E/virtual int lbs_core::LBSApiV02::injectCoarsePosition(const CoarsePositionInfo&):320]: Error : st = 3, ind.status = -1334472704

01-25 15:07:24.795  1745  2980 I IzatProviderEngine: LocTech-Label :: OSDC :: Position Report In

01-25 15:07:24.795  1745  2980 I IzatProviderEngine: LocTech-Value :: UTC Time: 1579932444789, Elapsed Real Time Nanos: 99606360261182, Latitude: 37.56418967099772, Longitude: 127.03908077478359, Altitude: 0.0, Speed: 0.0, Bearing: 0.0, Accuracy: 69.68084

01-25 15:07:24.796  1745  1935 D LocationManagerService: This location is marked as ready for broadcast

01-25 15:07:24.797  1745  1935 D LocationManagerService: incoming location: Location[network 37.564190,127.039081 acc=70 et=+1d3h40m6s360ms alt=0.0 vel=0.0 bear=0.0 {Bundle[{com.qualcomm.location.nlp:ready=true}]}]

01-25 15:07:24.799  1745  1935 D LocationManagerService: incoming location: Location[network 37.564190,127.039081 acc=70 et=+1d3h40m6s360ms alt=0.0 vel=0.0 bear=0.0 {Bundle[{com.qualcomm.location.nlp:ready=true}]}]

01-25 15:07:24.813  1745  2516 D LgWifiFavoriteAp: ConnectedState - msg [3] is not handled

01-25 15:07:24.814  3061  3061 E API     : getOnOffStatus status : 0

01-25 15:07:24.814  3061  3061 I WIFI_MANAGER: Engine OFF >> Do Nothing.... 

01-25 15:07:24.975  1745  3085 I ActivityManager: START u0 {flg=0x10000000 cmp=com.YourCompany.Rolling/com.epicgames.ue4.SplashActivity} from uid 2000 on display 0

01-25 15:07:24.983  1745  3085 D ActivityManager: setTaskToReturnTo : TaskRecord{d354e05 #9996 A=com.YourCompany.Rolling U=0 sz=0} / mTaskToReturnTo = 1

01-25 15:07:24.983  1745  3085 D ActivityManager: setTaskToReturnTo : TaskRecord{d354e05 #9996 A=com.YourCompany.Rolling U=0 sz=0} / mTaskToReturnTo = 1

01-25 15:07:24.983  1745  3085 D AppWindowTokenEx: AppWindowTokenEx init.. 

01-25 15:07:24.984  3006  4522 D LGImageQualityEnhancementService: activityStarting: com.YourCompany.Rolling/com.epicgames.ue4.SplashActivity

01-25 15:07:24.984  3006  4522 D LGImageQualityEnhancementService: handleCallbackActivity(), isEnhanced: false

01-25 15:07:24.987  1745  3085 W WindowManager: pwm.setNavigationBar() called. show=true

01-25 15:07:24.987  1745  3085 W WindowManager: pwm.setStatusBar() called. show=true

01-25 15:07:24.987  1745  3085 D InputDispatcher: Focus left window: Window{806c1f0 u0 com.campmobile.launcher/com.campmobile.launcher.Launcher}

01-25 15:07:25.007  1745  3132 I ActivityManager: Start proc 24008:com.YourCompany.Rolling/u0a337 for activity com.YourCompany.Rolling/com.epicgames.ue4.SplashActivity

01-25 15:07:25.008  3006  3026 D LGImageQualityEnhancementService: activityResuming: com.YourCompany.Rolling/com.epicgames.ue4.SplashActivity

01-25 15:07:25.008  3006  3026 D LGImageQualityEnhancementService: handleCallbackActivity(), isEnhanced: false

01-25 15:07:25.024  1745  1967 D PhoneWindow: notifyNavigationBarColor, color=0x: ff000000, token: android.view.ViewRootImplAO$WEx@9749626

01-25 15:07:25.024  1745  1967 D WindowManager: notifyNavigationBarColor(), token: android.view.ViewRootImplAO$WEx@9749626, color: ff000000

01-25 15:07:25.040 17965  8584 D AppInfoDao: topacitivyt exist app = com.YourCompany.Rolling

01-25 15:07:25.045 17965  8584 D AppInfoDao: topacitivyt update app = com.YourCompany.Rolling time = 2020-01-25 15:07 date = 20200125

01-25 15:07:25.052 24008 24008 I Timeline: Timeline: Activity_launch_request id:com.YourCompany.Rolling time:81529147

01-25 15:07:25.052  1745  3083 I ActivityManager: START u0 {flg=0x10000 cmp=com.YourCompany.Rolling/com.epicgames.ue4.GameActivity (has extras)} from uid 10337 on display 0

01-25 15:07:25.057  1745  3083 D AppWindowTokenEx: AppWindowTokenEx init.. 

01-25 15:07:25.059  3006 19113 D LGImageQualityEnhancementService: activityStarting: com.YourCompany.Rolling/com.epicgames.ue4.GameActivity

01-25 15:07:25.059  3006 19113 D LGImageQualityEnhancementService: handleCallbackActivity(), isEnhanced: false

01-25 15:07:25.076  3006  3030 D LGImageQualityEnhancementService: activityResuming: com.YourCompany.Rolling/com.epicgames.ue4.GameActivity

01-25 15:07:25.076  3006  3030 D LGImageQualityEnhancementService: handleCallbackActivity(), isEnhanced: false

01-25 15:07:25.084  1745  1967 I WindowStateAnimator: Starting window displayed

01-25 15:07:25.087  1745  1938 D PhoneWindowManagerEx: [PWM]1.notifyNavigationBarColor => mLastColorNavigationB ar=0xff000000

01-25 15:07:25.087  1745  1938 I SystemUI[Framework]: PhoneWindowManager.updateSystemUiVisibilityLw() :visibility=0x0, pkg=com.YourCompany.Rolling

01-25 15:07:25.087  1745  1938 W WindowManager: Call!!!getLGSystemUiVisibility. =0x0

01-25 15:07:25.087  1745  1938 D StatusBarManagerServiceEx: setLGSystemUiVisibility(0x0)

01-25 15:07:25.087  1745  1938 D StatusBarManagerServiceEx: manageNaviBtnDisableList userId=0 what=0x0 pkg=Window{3c7b267 u0 Starting com.YourCompany.Rolling}

01-25 15:07:25.088  1745  1938 I SystemUI[Framework]: ==>disabledNaviBtn() what=0x0, token=android.os.Binder@60aa277,  pkg=Window{3c7b267 u0 Starting com.YourCompany.Rolling}

01-25 15:07:25.088  1745  1938 I SystemUI[Framework]: disableNaviBtn: mDisabledNaviBtn=0x0,  mDisableRecords.size=0

01-25 15:07:25.166  1745  3115 I sensors_hal_Ctx: flush: handle is 86

01-25 15:07:25.166  1745  3115 I sensors_hal_SAM: flush:sensor() handle:86

01-25 15:07:25.167  1745  3142 I sensors_hal_Ctx: flush: handle is 48

01-25 15:07:25.167  1745  3142 I sensors_hal_SAM: flush:sensor(android.sensor.step_detector) handle:48

01-25 15:07:25.172  1745  2283 I sensors_hal_HealthActivityPattern: processResp: handle:86

01-25 15:07:25.357  1745  3142 W WindowManager: pwm.setNavigationBar() called. show=true

01-25 15:07:25.357  1745  3142 W WindowManager: pwm.setStatusBar() called. show=true

01-25 15:07:25.358  1745  3142 D InputDispatcher: Focus entered window: Window{8929098 u0 com.YourCompany.Rolling/com.epicgames.ue4.GameActivity}

01-25 15:07:25.359  1745  3047 D WindowManager: notifyNavigationBarColor(), token: android.os.BinderProxy@6de3a7b, color: ff000000

01-25 15:07:25.365  1745  2892 I ActivityManager: START u0 {act=android.content.pm.action.REQUEST_PERMISSIONS pkg=com.google.android.packageinstaller cmp=com.google.android.packageinstaller/com.android.packageinstaller.permission.ui.GrantPermissionsActivity (has extras)} from uid 10337 on display 0

01-25 15:07:25.369  1745  2892 D AppWindowTokenEx: AppWindowTokenEx init.. 

01-25 15:07:25.371  3006  4522 D LGImageQualityEnhancementService: activityStarting: com.google.android.packageinstaller/com.android.packageinstaller.permission.ui.GrantPermissionsActivity

01-25 15:07:25.371  3006  4522 D LGImageQualityEnhancementService: handleCallbackActivity(), isEnhanced: false

01-25 15:07:25.374  1745  2892 W WindowManager: pwm.setNavigationBar() called. show=true

01-25 15:07:25.374  1745  2892 W WindowManager: pwm.setStatusBar() called. show=true

01-25 15:07:25.374  1745  1938 I SystemUI[Framework]: PhoneWindowManager.updateSystemUiVisibilityLw() :visibility=0x0, pkg=com.YourCompany.Rolling

01-25 15:07:25.375  1745  2892 D InputDispatcher: Focus left window: Window{8929098 u0 com.YourCompany.Rolling/com.epicgames.ue4.GameActivity}

01-25 15:07:25.375  1745  1938 W WindowManager: Call!!!getLGSystemUiVisibility. =0x0

01-25 15:07:25.375  1745  1938 D StatusBarManagerServiceEx: setLGSystemUiVisibility(0x0)

01-25 15:07:25.375  1745  1938 D StatusBarManagerServiceEx: manageNaviBtnDisableList userId=0 what=0x0 pkg=Window{3c7b267 u0 Starting com.YourCompany.Rolling}

01-25 15:07:25.375  1745  1938 I SystemUI[Framework]: ==>disabledNaviBtn() what=0x0, token=android.os.Binder@60aa277,  pkg=Window{3c7b267 u0 Starting com.YourCompany.Rolling}

01-25 15:07:25.375  1745  1938 I SystemUI[Framework]: disableNaviBtn: mDisabledNaviBtn=0x0,  mDisableRecords.size=0

01-25 15:07:25.413 24008 24008 I SensorManager: registerListenerImpl() [Sensor: LGE Accelerometer, Rate: 20000, SensorEventListener: com.epicgames.ue4.GameActivity@ce7e454] by com.epicgames.ue4.GameActivity.onResume():1424

01-25 15:07:25.414  1745  3143 D sensors_hal_SMGR: batch:sensor(android.sensor.accelerometer) sample_rate=50.000000Hz report_rate_f=0.000000Hz curr sample rate:50.000000 cur rpt rate:0 max:200.000000 min:1.000000

01-25 15:07:25.414  1745  3143 D sensors_hal_SMGR: enable:sensor(android.sensor.accelerometer) handle 0, freq=50.000000 report_rate=0 batched=0

01-25 15:07:25.414  1745  3143 D sensors_hal_SMGR: SMGRPrepareAddMsg sample_rate 50.000000 report_rate 3276800 subhz_sample_rate_ms 0 sample_rate_hz 50

01-25 15:07:25.414  1745  3143 D sensors_hal_SMGR: SMGRPrepareAddMsg:sensor android.sensor.accelerometer 

01-25 15:07:25.414  1745  3143 D sensors_hal_Util: waitForResponse: timeout=1000

01-25 15:07:25.420  1745  3143 D sensors_hal_SMGR: SMGRReportAdd: Received Response: 0

01-25 15:07:25.420 24008 24008 I SensorManager: registerListenerImpl() [Sensor: LGE Magnetometer, Rate: 20000, SensorEventListener: com.epicgames.ue4.GameActivity@ce7e454] by com.epicgames.ue4.GameActivity.onResume():1425

01-25 15:07:25.421  1745  3083 D sensors_hal_SMGR: batch:sensor(android.sensor.magnetic_field) sample_rate=50.000000Hz report_rate_f=0.000000Hz curr sample rate:50.000000 cur rpt rate:0 max:100.000000 min:1.000000

01-25 15:07:25.421  1745  3083 D sensors_hal_SMGR: enable:sensor(android.sensor.magnetic_field) handle 10, freq=50.000000 report_rate=0 batched=0

01-25 15:07:25.421  1745  3083 D sensors_hal_SMGR: SMGRPrepareAddMsg sample_rate 50.000000 report_rate 3276800 subhz_sample_rate_ms 0 sample_rate_hz 50

01-25 15:07:25.421  1745  3083 D sensors_hal_SMGR: SMGRPrepareAddMsg:sensor android.sensor.magnetic_field 

01-25 15:07:25.421  1745  3083 D sensors_hal_Util: waitForResponse: timeout=1000

01-25 15:07:25.422  1745  3083 D sensors_hal_SMGR: SMGRReportAdd: Received Response: 0

01-25 15:07:25.423 24008 24008 I SensorManager: registerListenerImpl() [Sensor: LGE Gyroscope, Rate: 20000, SensorEventListener: com.epicgames.ue4.GameActivity@ce7e454] by com.epicgames.ue4.GameActivity.onResume():1426

01-25 15:07:25.423  1745  2886 D sensors_hal_SMGR: batch:sensor(android.sensor.gyroscope) sample_rate=50.000000Hz report_rate_f=0.000000Hz curr sample rate:50.000000 cur rpt rate:0 max:200.000000 min:1.000000

01-25 15:07:25.423  1745  2886 D sensors_hal_SMGR: enable:sensor(android.sensor.gyroscope) handle 2, freq=50.000000 report_rate=0 batched=0

01-25 15:07:25.423  1745  2886 D sensors_hal_SMGR: SMGRPrepareAddMsg sample_rate 50.000000 report_rate 3276800 subhz_sample_rate_ms 0 sample_rate_hz 50

01-25 15:07:25.423  1745  2886 D sensors_hal_SMGR: SMGRPrepareAddMsg:sensor android.sensor.gyroscope 

01-25 15:07:25.423  1745  2886 D sensors_hal_Util: waitForResponse: timeout=1000

01-25 15:07:25.430  1745  2886 D sensors_hal_SMGR: SMGRReportAdd: Received Response: 0

01-25 15:07:25.445  1745  3115 D WindowManager: notifyNavigationBarColor(), token: android.os.BinderProxy@5e37df3, color: ff000000

01-25 15:07:25.463  1745  2270 V sensors_hal_Mag: processReportInd:sensor android.sensor.magnetic_field 

01-25 15:07:25.463  1745  2270 V sensors_hal_Mag: processReportInd: Cal Mag Filter, 1, 0, -32.449341, -9.579468, -26.332092, -32.449341, -9.579468, -26.332092, -32.449341, -9.579468, -26.332092

01-25 15:07:25.463  1745  2270 V sensors_hal_Mag: processReportInd:sensor android.sensor.magnetic_field 

01-25 15:07:25.463  1745  2270 V sensors_hal_Mag: processReportInd: Cal Mag Filter, 2, 0, -32.598877, -10.029602, -27.232361, -65.048218, -19.609070, -53.564453, -32.524109, -9.804535, -26.782227

01-25 15:07:25.463  1745  2340 D sensors_hal_Ctx: poll:polldata:2, sensor:10, type:2, x:-32.449341 y:-9.579468 z:-26.332092

01-25 15:07:25.463  1745  2340 D sensors_hal_Util: waitForResponse: timeout=0

01-25 15:07:25.483  1745  2270 V sensors_hal_Mag: processReportInd:sensor android.sensor.magnetic_field 

01-25 15:07:25.483  1745  2270 V sensors_hal_Mag: processReportInd: Cal Mag Filter, 3, 0, -31.098938, -10.929871, -29.331970, -96.147156, -30.538940, -82.896423, -32.049053, -10.179646, -27.632141

01-25 15:07:25.483  1745  2340 D sensors_hal_Ctx: poll:polldata:1, sensor:10, type:2, x:-32.049053 y:-10.179646 z:-27.632141

01-25 15:07:25.483  1745  2340 D sensors_hal_Util: waitForResponse: timeout=0

01-25 15:07:25.503  1745  2270 V sensors_hal_Mag: processReportInd:sensor android.sensor.magnetic_field 

01-25 15:07:25.503  1745  2270 V sensors_hal_Mag: processReportInd: Cal Mag Filter, 4, 0, -33.499146, -12.280273, -28.582764, -129.646301, -42.819214, -111.479187, -32.411575, -10.704803, -27.869797

01-25 15:07:25.503  1745  2340 D sensors_hal_Ctx: poll:polldata:1, sensor:10, type:2, x:-32.411575 y:-10.704803 z:-27.869797

01-25 15:07:25.503  1745  2340 D sensors_hal_Util: waitForResponse: timeout=0

01-25 15:07:25.504  1745  3132 W InputMethodManagerService: Focus gain on non-focused client com.android.internal.view.IInputMethodClient$Stub$Proxy@101a8ae (uid=10337 pid=24008)

01-25 15:07:25.505 24008 24008 I SensorManager: removeAllSensors() [Sensor: LGE Accelerometer] by com.epicgames.ue4.GameActivity.onPause():1494

01-25 15:07:25.506  1745  3142 D sensors_hal_SMGR: enable:sensor(android.sensor.accelerometer) Deactivating sensor handle=0

01-25 15:07:25.506  1745  3142 D sensors_hal_Util: waitForResponse: timeout=1000

01-25 15:07:25.507  1745  3142 D sensors_hal_SMGR: SMGRReportDelete: Rcvd success response from request

01-25 15:07:25.507 24008 24008 I SensorManager: removeAllSensors() [Sensor: LGE Magnetometer] by com.epicgames.ue4.GameActivity.onPause():1494

01-25 15:07:25.508  1745  2624 D sensors_hal_SMGR: enable:sensor(android.sensor.magnetic_field) Deactivating sensor handle=10

01-25 15:07:25.508  1745  2624 D sensors_hal_Util: waitForResponse: timeout=1000

01-25 15:07:25.509  1745  2624 D sensors_hal_SMGR: SMGRReportDelete: Rcvd success response from request

01-25 15:07:25.510 24008 24008 I SensorManager: removeAllSensors() [Sensor: LGE Gyroscope] by com.epicgames.ue4.GameActivity.onPause():1494

01-25 15:07:25.510  1745  2270 V sensors_hal_Gyro: processReportInd: X: 0.000351 Y: -0.003326 Z: -0.007034 

01-25 15:07:25.510  1745  2340 D sensors_hal_Ctx: poll:polldata:1, sensor:2, type:4, x:0.000351 y:-0.003326 z:-0.007034

01-25 15:07:25.510  1745  2340 D sensors_hal_Util: waitForResponse: timeout=0

01-25 15:07:25.510  1745  1912 D sensors_hal_SMGR: enable:sensor(android.sensor.gyroscope) Deactivating sensor handle=2

01-25 15:07:25.510  1745  1912 D sensors_hal_Util: waitForResponse: timeout=1000

01-25 15:07:25.511  1745  1912 D sensors_hal_SMGR: SMGRReportDelete: Rcvd success response from request

01-25 15:07:25.520  3006  4522 D LGImageQualityEnhancementService: activityResuming: com.google.android.packageinstaller/com.android.packageinstaller.permission.ui.GrantPermissionsActivity

01-25 15:07:25.520  3006  4522 D LGImageQualityEnhancementService: handleCallbackActivity(), isEnhanced: false

01-25 15:07:25.529 17965 17976 D AppInfoDao: topacitivyt exist app = com.google.android.packageinstaller

01-25 15:07:25.534 17965 17976 D AppInfoDao: topacitivyt update app = com.google.android.packageinstaller time = 2020-01-25 15:07 date = 20200125

01-25 15:07:25.552  1745  1938 I SystemUI[Framework]: PhoneWindowManager.updateSystemUiVisibilityLw() :visibility=0x0, pkg=com.YourCompany.Rolling

01-25 15:07:25.552  1745  1938 W WindowManager: Call!!!getLGSystemUiVisibility. =0x0

01-25 15:07:25.552  1745  1938 D StatusBarManagerServiceEx: setLGSystemUiVisibility(0x0)

01-25 15:07:25.552  1745  1938 D StatusBarManagerServiceEx: manageNaviBtnDisableList userId=0 what=0x0 pkg=Window{8929098 u0 com.YourCompany.Rolling/com.epicgames.ue4.GameActivity}

01-25 15:07:25.552  1745  1938 I SystemUI[Framework]: ==>disabledNaviBtn() what=0x0, token=android.os.Binder@60aa277,  pkg=Window{8929098 u0 com.YourCompany.Rolling/com.epicgames.ue4.GameActivity}

01-25 15:07:25.552  1745  1938 I SystemUI[Framework]: disableNaviBtn: mDisabledNaviBtn=0x0,  mDisableRecords.size=0

01-25 15:07:25.553  1745  2886 W WindowManager: pwm.setNavigationBar() called. show=true

01-25 15:07:25.553  1745  2886 W WindowManager: pwm.setStatusBar() called. show=true

01-25 15:07:25.554  1745  2886 D InputDispatcher: Focus entered window: Window{8929098 u0 com.YourCompany.Rolling/com.epicgames.ue4.GameActivity}

01-25 15:07:25.560  3006  3030 D LGImageQualityEnhancementService: activityResuming: com.YourCompany.Rolling/com.epicgames.ue4.GameActivity

01-25 15:07:25.560  3006  3030 D LGImageQualityEnhancementService: handleCallbackActivity(), isEnhanced: false

01-25 15:07:25.593  1745  1967 I ActivityManager: Displayed com.YourCompany.Rolling/com.epicgames.ue4.GameActivity: +36ms (total +604ms)

01-25 15:07:25.594  1745  1967 D InputDispatcher: Window went away: Window{3c7b267 u0 Starting com.YourCompany.Rolling}

01-25 15:07:25.599 24008 24008 I SensorManager: registerListenerImpl() [Sensor: LGE Accelerometer, Rate: 20000, SensorEventListener: com.epicgames.ue4.GameActivity@ce7e454] by com.epicgames.ue4.GameActivity.onResume():1424

01-25 15:07:25.600  1745  3083 D sensors_hal_SMGR: batch:sensor(android.sensor.accelerometer) sample_rate=50.000000Hz report_rate_f=0.000000Hz curr sample rate:50.000000 cur rpt rate:0 max:200.000000 min:1.000000

01-25 15:07:25.600  1745  3083 D sensors_hal_SMGR: enable:sensor(android.sensor.accelerometer) handle 0, freq=50.000000 report_rate=0 batched=0

01-25 15:07:25.600  1745  3083 D sensors_hal_SMGR: SMGRPrepareAddMsg sample_rate 50.000000 report_rate 3276800 subhz_sample_rate_ms 0 sample_rate_hz 50

01-25 15:07:25.600  1745  3083 D sensors_hal_SMGR: SMGRPrepareAddMsg:sensor android.sensor.accelerometer 

01-25 15:07:25.600  1745  3083 D sensors_hal_Util: waitForResponse: timeout=1000

01-25 15:07:25.605  1745  3083 D sensors_hal_SMGR: SMGRReportAdd: Received Response: 0

01-25 15:07:25.606 24008 24008 I SensorManager: registerListenerImpl() [Sensor: LGE Magnetometer, Rate: 20000, SensorEventListener: com.epicgames.ue4.GameActivity@ce7e454] by com.epicgames.ue4.GameActivity.onResume():1425

01-25 15:07:25.606  1745  3037 D sensors_hal_SMGR: batch:sensor(android.sensor.magnetic_field) sample_rate=50.000000Hz report_rate_f=0.000000Hz curr sample rate:50.000000 cur rpt rate:0 max:100.000000 min:1.000000

01-25 15:07:25.606  1745  3037 D sensors_hal_SMGR: enable:sensor(android.sensor.magnetic_field) handle 10, freq=50.000000 report_rate=0 batched=0

01-25 15:07:25.606  1745  3037 D sensors_hal_SMGR: SMGRPrepareAddMsg sample_rate 50.000000 report_rate 3276800 subhz_sample_rate_ms 0 sample_rate_hz 50

01-25 15:07:25.606  1745  3037 D sensors_hal_SMGR: SMGRPrepareAddMsg:sensor android.sensor.magnetic_field 

01-25 15:07:25.606  1745  3037 D sensors_hal_Util: waitForResponse: timeout=1000

01-25 15:07:25.611  1745  3037 D sensors_hal_SMGR: SMGRReportAdd: Received Response: 0

01-25 15:07:25.611 24008 24008 I SensorManager: registerListenerImpl() [Sensor: LGE Gyroscope, Rate: 20000, SensorEventListener: com.epicgames.ue4.GameActivity@ce7e454] by com.epicgames.ue4.GameActivity.onResume():1426

01-25 15:07:25.611  1745  2892 D sensors_hal_SMGR: batch:sensor(android.sensor.gyroscope) sample_rate=50.000000Hz report_rate_f=0.000000Hz curr sample rate:50.000000 cur rpt rate:0 max:200.000000 min:1.000000

01-25 15:07:25.612  1745  2892 D sensors_hal_SMGR: enable:sensor(android.sensor.gyroscope) handle 2, freq=50.000000 report_rate=0 batched=0

01-25 15:07:25.612  1745  2892 D sensors_hal_SMGR: SMGRPrepareAddMsg sample_rate 50.000000 report_rate 3276800 subhz_sample_rate_ms 0 sample_rate_hz 50

01-25 15:07:25.612  1745  2892 D sensors_hal_SMGR: SMGRPrepareAddMsg:sensor android.sensor.gyroscope 

01-25 15:07:25.612  1745  2892 D sensors_hal_Util: waitForResponse: timeout=1000

01-25 15:07:25.614  1745  2892 D sensors_hal_SMGR: SMGRReportAdd: Received Response: 0

01-25 15:07:25.620 24008 24008 I Timeline: Timeline: Activity_idle id: android.os.BinderProxy@37b44f2 time:81529715

01-25 15:07:25.620 24008 24008 I Timeline: Timeline: Activity_idle id: android.os.BinderProxy@37b44f2 time:81529716

01-25 15:07:25.643  1745  2270 V sensors_hal_Mag: processReportInd:sensor android.sensor.magnetic_field 

01-25 15:07:25.643  1745  2270 V sensors_hal_Mag: processReportInd: Cal Mag Filter, 1, 0, -33.798218, -10.180664, -26.782227, -33.798218, -10.180664, -26.782227, -33.798218, -10.180664, -26.782227

01-25 15:07:25.643  1745  2270 V sensors_hal_Mag: processReportInd:sensor android.sensor.magnetic_field 

01-25 15:07:25.643  1745  2270 V sensors_hal_Mag: processReportInd: Cal Mag Filter, 2, 0, -32.899475, -11.830139, -27.682495, -66.697693, -22.010803, -54.464722, -33.348846, -11.005402, -27.232361

01-25 15:07:25.643  1745  2340 D sensors_hal_Ctx: poll:polldata:2, sensor:10, type:2, x:-33.798218 y:-10.180664 z:-26.782227

01-25 15:07:25.643  1745  2340 D sensors_hal_Util: waitForResponse: timeout=0

01-25 15:07:25.663  1745  2270 V sensors_hal_Mag: processReportInd:sensor android.sensor.magnetic_field 

01-25 15:07:25.663  1745  2270 V sensors_hal_Mag: processReportInd: Cal Mag Filter, 3, 0, -33.049011, -12.280273, -29.032898, -99.746704, -34.291077, -83.497620, -33.248901, -11.430359, -27.832541

01-25 15:07:25.663  1745  2340 D sensors_hal_Ctx: poll:polldata:1, sensor:10, type:2, x:-33.248901 y:-11.430359 z:-27.832541

01-25 15:07:25.663  1745  2340 D sensors_hal_Util: waitForResponse: timeout=0

01-25 15:07:25.683  1745  2270 V sensors_hal_Gyro: processReportInd: X: -0.001785 Y: 0.001999 Z: 0.000427 

01-25 15:07:25.683  1745  2270 V sensors_hal_Gyro: processReportInd: X: 0.004608 Y: 0.003067 Z: 0.003616 

01-25 15:07:25.683  1745  2340 D sensors_hal_Ctx: poll:polldata:1, sensor:2, type:4, x:-0.001785 y:0.001999 z:0.000427

01-25 15:07:25.683  1745  2340 D sensors_hal_Ctx: poll:polldata:1, sensor:2, type:4, x:0.004608 y:0.003067 z:0.003616

01-25 15:07:25.683  1745  2340 D sensors_hal_Util: waitForResponse: timeout=0

01-25 15:07:25.683  1745  2270 V sensors_hal_Mag: processReportInd:sensor android.sensor.magnetic_field 

01-25 15:07:25.683  1745  2270 V sensors_hal_Mag: processReportInd: Cal Mag Filter, 4, 0, -31.698608, -10.929871, -27.832031, -131.445312, -45.220947, -111.329651, -32.861328, -11.305237, -27.832413

01-25 15:07:25.683  1745  2340 D sensors_hal_Ctx: poll:polldata:1, sensor:10, type:2, x:-32.861328 y:-11.305237 z:-27.832413

01-25 15:07:25.683  1745  2340 D sensors_hal_Util: waitForResponse: timeout=0

01-25 15:07:25.703  1745  2270 V sensors_hal_Gyro: processReportInd: X: 0.000351 Y: -0.001190 Z: 0.000427 

01-25 15:07:25.703  1745  2340 D sensors_hal_Ctx: poll:polldata:2, sensor:0, type:1, x:-1.706635 y:-0.081497 z:9.850525

01-25 15:07:25.703  1745  2340 D sensors_hal_Util: waitForResponse: timeout=0

01-25 15:07:25.703  1745  2270 V sensors_hal_Mag: processReportInd:sensor android.sensor.magnetic_field 

01-25 15:07:25.703  1745  2270 V sensors_hal_Mag: processReportInd: Cal Mag Filter, 5, 0, -32.449341, -10.180664, -27.531433, -163.894653, -55.401611, -138.861084, -32.778931, -11.080322, -27.772217

01-25 15:07:25.703  1745  2340 D sensors_hal_Ctx: poll:polldata:1, sensor:10, type:2, x:-32.778931 y:-11.080322 z:-27.772217

01-25 15:07:25.703  1745  2340 D sensors_hal_Util: waitForResponse: timeout=0

01-25 15:07:25.723  1745  2340 D sensors_hal_Ctx: poll:polldata:1, sensor:0, type:1, x:-1.723389 y:-0.083893 z:9.939117

01-25 15:07:25.723  1745  2340 D sensors_hal_Util: waitForResponse: timeout=0

01-25 15:07:25.723  1745  2270 V sensors_hal_Gyro: processReportInd: X: 0.000351 Y: -0.000137 Z: -0.000641 

01-25 15:07:25.723  1745  2270 V sensors_hal_Mag: processReportInd:sensor android.sensor.magnetic_field 

01-25 15:07:25.723  1745  2270 V sensors_hal_Mag: processReportInd: Cal Mag Filter, 6, 0, -30.648804, -10.630798, -27.531433, -194.543457, -66.032410, -166.392517, -32.423908, -11.005402, -27.732086

01-25 15:07:25.723  1745  2340 D sensors_hal_Ctx: poll:polldata:2, sensor:2, type:4, x:0.000351 y:-0.000137 z:-0.000641

01-25 15:07:25.723  1745  2340 D sensors_hal_Util: waitForResponse: timeout=0

01-25 15:07:25.743  1745  2270 V sensors_hal_Gyro: processReportInd: X: 0.000351 Y: -0.001190 Z: -0.000641 

01-25 15:07:25.743  1745  2340 D sensors_hal_Ctx: poll:polldata:2, sensor:0, type:1, x:-1.699448 y:-0.074326 z:9.915161

01-25 15:07:25.743  1745  2340 D sensors_hal_Util: waitForResponse: timeout=0

01-25 15:07:25.743  1745  2270 V sensors_hal_Mag: processReportInd:sensor android.sensor.magnetic_field 

01-25 15:07:25.743  1745  2270 V sensors_hal_Mag: processReportInd: Cal Mag Filter, 7, 0, -32.298279, -10.780334, -25.431824, -226.841736, -76.812744, -191.824341, -32.405964, -10.973249, -27.403477

01-25 15:07:25.743  1745  2340 D sensors_hal_Ctx: poll:polldata:1, sensor:10, type:2, x:-32.405964 y:-10.973249 z:-27.403477

01-25 15:07:25.743  1745  2340 D sensors_hal_Util: waitForResponse: timeout=0

01-25 15:07:25.763  1745  2340 D sensors_hal_Ctx: poll:polldata:1, sensor:0, type:1, x:-1.704239 y:-0.083893 z:9.907990

01-25 15:07:25.763  1745  2270 V sensors_hal_Gyro: processReportInd: X: -0.000717 Y: -0.000137 Z: -0.000641 

01-25 15:07:25.763  1745  2340 D sensors_hal_Ctx: poll:polldata:1, sensor:2, type:4, x:-0.000717 y:-0.000137 z:-0.000641

01-25 15:07:25.763  1745  2340 D sensors_hal_Util: waitForResponse: timeout=0

01-25 15:07:25.763  1745  2270 V sensors_hal_Mag: processReportInd:sensor android.sensor.magnetic_field 

01-25 15:07:25.763  1745  2270 V sensors_hal_Mag: processReportInd: Cal Mag Filter, 0, 1, -31.999207, -10.630798, -29.032898, -258.840942, -87.443542, -220.857239, -32.355118, -10.930443, -27.607155

01-25 15:07:25.763  1745  2340 D sensors_hal_Ctx: poll:polldata:1, sensor:10, type:2, x:-32.355118 y:-10.930443 z:-27.607155

01-25 15:07:25.763  1745  2340 D sensors_hal_Util: waitForResponse: timeout=0

01-25 15:07:25.783  1745  2340 D sensors_hal_Ctx: poll:polldata:1, sensor:0, type:1, x:-1.713821 y:-0.086288 z:9.924744

01-25 15:07:25.783  1745  2340 D sensors_hal_Util: waitForResponse: timeout=0

01-25 15:07:25.783  1745  2270 V sensors_hal_Gyro: processReportInd: X: -0.000717 Y: -0.000137 Z: -0.000641 

01-25 15:07:25.783  1745  2340 D sensors_hal_Ctx: poll:polldata:1, sensor:2, type:4, x:-0.000717 y:-0.000137 z:-0.000641

01-25 15:07:25.783  1745  2340 D sensors_hal_Util: waitForResponse: timeout=0

01-25 15:07:25.783  1745  2270 V sensors_hal_Mag: processReportInd:sensor android.sensor.magnetic_field 

01-25 15:07:25.783  1745  2270 V sensors_hal_Mag: processReportInd: Cal Mag Filter, 1, 1, -29.298401, -9.579468, -27.082825, -254.341125, -86.842346, -221.157837, -31.792641, -10.855293, -27.644730

01-25 15:07:25.783  1745  2340 D sensors_hal_Ctx: poll:polldata:1, sensor:10, type:2, x:-31.792641 y:-10.855293 z:-27.644730

01-25 15:07:25.783  1745  2340 D sensors_hal_Util: waitForResponse: timeout=0

01-25 15:07:25.803  1745  2270 V sensors_hal_Gyro: processReportInd: X: -0.000717 Y: -0.001190 Z: 0.000427 

01-25 15:07:25.803  1745  2270 V sensors_hal_Mag: processReportInd:sensor android.sensor.magnetic_field 

01-25 15:07:25.803  1745  2270 V sensors_hal_Mag: processReportInd: Cal Mag Filter, 2, 1, -31.098938, -8.380127, -28.282166, -252.540588, -83.392334, -221.757507, -31.567574, -10.424042, -27.719688

01-25 15:07:25.803  1745  2340 D sensors_hal_Ctx: poll:polldata:3, sensor:0, type:1, x:-1.709030 y:-0.076706 z:9.915161

01-25 15:07:25.803  1745  2340 D sensors_hal_Util: waitForResponse: timeout=0

01-25 15:07:25.823  1745  2270 V sensors_hal_Gyro: processReportInd: X: -0.000717 Y: -0.000137 Z: 0.000427 

01-25 15:07:25.823  1745  2340 D sensors_hal_Ctx: poll:polldata:2, sensor:0, type:1, x:-1.701843 y:-0.069534 z:9.934326

01-25 15:07:25.823  1745  2340 D sensors_hal_Util: waitForResponse: timeout=0

01-25 15:07:25.823  1745  2270 V sensors_hal_Mag: processReportInd:sensor android.sensor.magnetic_field 

01-25 15:07:25.823  1745  2270 V sensors_hal_Mag: processReportInd: Cal Mag Filter, 3, 1, -30.648804, -11.680603, -26.782227, -250.140381, -82.792664, -219.506836, -31.267548, -10.349083, -27.438354

01-25 15:07:25.823  1745  2340 D sensors_hal_Ctx: poll:polldata:1, sensor:10, type:2, x:-31.267548 y:-10.349083 z:-27.438354

01-25 15:07:25.823  1745  2340 D sensors_hal_Util: waitForResponse: timeout=0

01-25 15:07:25.843  1745  2270 V sensors_hal_Gyro: processReportInd: X: 0.000351 Y: -0.000137 Z: 0.000427 

01-25 15:07:25.843  1745  2340 D sensors_hal_Ctx: poll:polldata:2, sensor:0, type:1, x:-1.718613 y:-0.067139 z:9.912781

01-25 15:07:25.843  1745  2340 D sensors_hal_Util: waitForResponse: timeout=0

01-25 15:07:25.843  1745  2270 V sensors_hal_Mag: processReportInd:sensor android.sensor.magnetic_field 

01-25 15:07:25.843  1745  2270 V sensors_hal_Mag: processReportInd: Cal Mag Filter, 4, 1, -32.598877, -11.080933, -27.682495, -251.040649, -82.943726, -219.357300, -31.380081, -10.367966, -27.419662

01-25 15:07:25.843  1745  2340 D sensors_hal_Ctx: poll:polldata:1, sensor:10, type:2, x:-31.380081 y:-10.367966 z:-27.419662

01-25 15:07:25.843  1745  2340 D sensors_hal_Util: waitForResponse: timeout=0

01-25 15:07:25.862  1745  2340 D sensors_hal_Ctx: poll:polldata:1, sensor:0, type:1, x:-1.701843 y:-0.067139 z:9.898407

01-25 15:07:25.862  1745  2270 V sensors_hal_Gyro: processReportInd: X: 0.000351 Y: -0.001190 Z: -0.001709 

01-25 15:07:25.862  1745  2340 D sensors_hal_Ctx: poll:polldata:1, sensor:2, type:4, x:0.000351 y:-0.001190 z:-0.001709

01-25 15:07:25.862  1745  2340 D sensors_hal_Util: waitForResponse: timeout=0

01-25 15:07:25.863  1745  2270 V sensors_hal_Mag: processReportInd:sensor android.sensor.magnetic_field 

01-25 15:07:25.863  1745  2270 V sensors_hal_Mag: processReportInd: Cal Mag Filter, 5, 1, -32.449341, -11.680603, -26.332092, -251.040649, -84.443665, -218.157959, -31.380081, -10.555458, -27.269745

01-25 15:07:25.863  1745  2340 D sensors_hal_Ctx: poll:polldata:1, sensor:10, type:2, x:-31.380081 y:-10.555458 z:-27.269745

01-25 15:07:25.863  1745  2340 D sensors_hal_Util: waitForResponse: timeout=0

01-25 15:07:25.882  1745  2270 V sensors_hal_Gyro: processReportInd: X: -0.000717 Y: -0.001190 Z: -0.000641 

01-25 15:07:25.882  1745  2340 D sensors_hal_Ctx: poll:polldata:2, sensor:0, type:1, x:-1.723389 y:-0.074326 z:9.910385

01-25 15:07:25.882  1745  2340 D sensors_hal_Util: waitForResponse: timeout=0

01-25 15:07:25.883  1745  2270 V sensors_hal_Mag: processReportInd:sensor android.sensor.magnetic_field 

01-25 15:07:25.883  1745  2270 V sensors_hal_Mag: processReportInd: Cal Mag Filter, 6, 1, -32.298279, -10.780334, -27.232361, -252.690125, -84.593201, -217.858887, -31.586266, -10.574150, -27.232361

01-25 15:07:25.883  1745  2340 D sensors_hal_Ctx: poll:polldata:1, sensor:10, type:2, x:-31.586266 y:-10.574150 z:-27.232361

01-25 15:07:25.883  1745  2340 D sensors_hal_Util: waitForResponse: timeout=0

01-25 15:07:25.902  1745  2270 V sensors_hal_Gyro: processReportInd: X: 0.000351 Y: -0.000137 Z: -0.000641 

01-25 15:07:25.902  1745  2340 D sensors_hal_Ctx: poll:polldata:2, sensor:0, type:1, x:-1.730576 y:-0.074326 z:9.922348

01-25 15:07:25.902  1745  2340 D sensors_hal_Util: waitForResponse: timeout=0

01-25 15:07:25.903  1745  2270 V sensors_hal_Mag: processReportInd:sensor android.sensor.magnetic_field 

01-25 15:07:25.903  1745  2270 V sensors_hal_Mag: processReportInd: Cal Mag Filter, 7, 1, -31.848145, -10.330200, -27.682495, -252.239990, -84.143066, -220.109558, -31.529999, -10.517883, -27.513695

01-25 15:07:25.903  1745  2340 D sensors_hal_Ctx: poll:polldata:1, sensor:10, type:2, x:-31.529999 y:-10.517883 z:-27.513695

01-25 15:07:25.903  1745  2340 D sensors_hal_Util: waitForResponse: timeout=0

01-25 15:07:25.922  1745  2270 V sensors_hal_Gyro: processReportInd: X: 0.001419 Y: -0.000137 Z: 0.000427 

01-25 15:07:25.922  1745  2340 D sensors_hal_Ctx: poll:polldata:1, sensor:0, type:1, x:-1.706635 y:-0.062347 z:9.915161

01-25 15:07:25.922  1745  2340 D sensors_hal_Ctx: poll:polldata:1, sensor:2, type:4, x:0.001419 y:-0.000137 z:0.000427

01-25 15:07:25.922  1745  2340 D sensors_hal_Util: waitForResponse: timeout=0

01-25 15:07:25.923  1745  2270 V sensors_hal_Mag: processReportInd:sensor android.sensor.magnetic_field 

01-25 15:07:25.923  1745  2270 V sensors_hal_Mag: processReportInd: Cal Mag Filter, 0, 1, -31.999207, -10.630798, -27.531433, -252.239990, -84.143066, -218.608093, -31.529999, -10.517883, -27.326012

01-25 15:07:25.923  1745  2340 D sensors_hal_Ctx: poll:polldata:1, sensor:10, type:2, x:-31.529999 y:-10.517883 z:-27.326012

01-25 15:07:25.923  1745  2340 D sensors_hal_Util: waitForResponse: timeout=0

01-25 15:07:25.942  1745  2270 V sensors_hal_Gyro: processReportInd: X: -0.001785 Y: -0.000137 Z: 0.000427 

01-25 15:07:25.942  1745  2340 D sensors_hal_Ctx: poll:polldata:1, sensor:0, type:1, x:-1.716217 y:-0.088684 z:9.927139

01-25 15:07:25.942  1745  2340 D sensors_hal_Ctx: poll:polldata:1, sensor:2, type:4, x:-0.001785 y:-0.000137 z:0.000427

01-25 15:07:25.942  1745  2340 D sensors_hal_Util: waitForResponse: timeout=0

01-25 15:07:25.943  1745  2270 V sensors_hal_Mag: processReportInd:sensor android.sensor.magnetic_field 

01-25 15:07:25.943  1745  2270 V sensors_hal_Mag: processReportInd: Cal Mag Filter, 1, 1, -30.798340, -10.330200, -27.682495, -253.739929, -84.893799, -219.207764, -31.717491, -10.611725, -27.400970

01-25 15:07:25.943  1745  2340 D sensors_hal_Ctx: poll:polldata:1, sensor:10, type:2, x:-31.717491 y:-10.611725 z:-27.400970

01-25 15:07:25.943  1745  2340 D sensors_hal_Util: waitForResponse: timeout=0

01-25 15:07:25.962  1745  2270 V sensors_hal_Gyro: processReportInd: X: -0.001785 Y: -0.000137 Z: -0.000641 

01-25 15:07:25.962  1745  2340 D sensors_hal_Ctx: poll:polldata:2, sensor:0, type:1, x:-1.699448 y:-0.093475 z:9.927139

01-25 15:07:25.962  1745  2340 D sensors_hal_Util: waitForResponse: timeout=0

01-25 15:07:25.963  1745  2270 V sensors_hal_Mag: processReportInd:sensor android.sensor.magnetic_field 

01-25 15:07:25.963  1745  2270 V sensors_hal_Mag: processReportInd: Cal Mag Filter, 2, 1, -31.999207, -10.929871, -27.832031, -254.640198, -87.443542, -218.757629, -31.830025, -10.930443, -27.344704

01-25 15:07:25.963  1745  2340 D sensors_hal_Ctx: poll:polldata:1, sensor:10, type:2, x:-31.830025 y:-10.930443 z:-27.344704

01-25 15:07:25.963  1745  2340 D sensors_hal_Util: waitForResponse: timeout=0

01-25 15:07:25.982  1745  2270 V sensors_hal_Gyro: processReportInd: X: -0.000717 Y: -0.000137 Z: -0.000641 

01-25 15:07:25.982  1745  2340 D sensors_hal_Ctx: poll:polldata:2, sensor:0, type:1, x:-1.694672 y:-0.074326 z:9.912781

01-25 15:07:25.982  1745  2340 D sensors_hal_Util: waitForResponse: timeout=0

01-25 15:07:25.983  1745  2270 V sensors_hal_Mag: processReportInd:sensor android.sensor.magnetic_field 

01-25 15:07:25.983  1745  2270 V sensors_hal_Mag: processReportInd: Cal Mag Filter, 3, 1, -30.798340, -9.730530, -27.981567, -254.789734, -85.493469, -219.956970, -31.848717, -10.686684, -27.494621

01-25 15:07:25.983  1745  2340 D sensors_hal_Ctx: poll:polldata:1, sensor:10, type:2, x:-31.848717 y:-10.686684 z:-27.494621

01-25 15:07:25.983  1745  2340 D sensors_hal_Util: waitForResponse: timeout=0

01-25 15:07:26.002  1745  2270 V sensors_hal_Gyro: processReportInd: X: -0.000717 Y: -0.000137 Z: -0.001709 

01-25 15:07:26.002  1745  2340 D sensors_hal_Ctx: poll:polldata:2, sensor:0, type:1, x:-1.723389 y:-0.081497 z:9.905594

01-25 15:07:26.002  1745  2340 D sensors_hal_Util: waitForResponse: timeout=0

01-25 15:07:26.003  1745  2270 V sensors_hal_Mag: processReportInd:sensor android.sensor.magnetic_field 

01-25 15:07:26.003  1745  2270 V sensors_hal_Mag: processReportInd: Cal Mag Filter, 4, 1, -32.298279, -10.029602, -26.931763, -254.489136, -84.442139, -219.206238, -31.811142, -10.555267, -27.400780

01-25 15:07:26.003  1745  2340 D sensors_hal_Ctx: poll:polldata:1, sensor:10, type:2, x:-31.811142 y:-10.555267 z:-27.400780

01-25 15:07:26.003  1745  2340 D sensors_hal_Util: waitForResponse: timeout=0

01-25 15:07:26.022  1745  2270 V sensors_hal_Gyro: processReportInd: X: 0.000351 Y: -0.000137 Z: -0.000641 

01-25 15:07:26.022  1745  2340 D sensors_hal_Ctx: poll:polldata:1, sensor:0, type:1, x:-1.716217 y:-0.064743 z:9.927139

01-25 15:07:26.022  1745  2340 D sensors_hal_Ctx: poll:polldata:1, sensor:2, type:4, x:0.000351 y:-0.000137 z:-0.000641

01-25 15:07:26.022  1745  2340 D sensors_hal_Util: waitForResponse: timeout=0

01-25 15:07:26.023  1745  2270 V sensors_hal_Mag: processReportInd:sensor android.sensor.magnetic_field 

01-25 15:07:26.023  1745  2270 V sensors_hal_Mag: processReportInd: Cal Mag Filter, 5, 1, -30.499268, -10.330200, -27.232361, -252.539062, -83.091736, -220.106506, -31.567383, -10.386467, -27.513313

01-25 15:07:26.023  1745  2340 D sensors_hal_Ctx: poll:polldata:1, sensor:10, type:2, x:-31.567383 y:-10.386467 z:-27.513313

01-25 15:07:26.023  1745  2340 D sensors_hal_Util: waitForResponse: timeout=0

01-25 15:07:26.042  1745  2270 V sensors_hal_Gyro: processReportInd: X: 0.000351 Y: 0.000931 Z: 0.000427 

01-25 15:07:26.042  1745  2340 D sensors_hal_Ctx: poll:polldata:2, sensor:0, type:1, x:-1.713821 y:-0.079102 z:9.927139

01-25 15:07:26.042  1745  2340 D sensors_hal_Util: waitForResponse: timeout=0

01-25 15:07:26.043  1745  2270 V sensors_hal_Mag: processReportInd:sensor android.sensor.magnetic_field 

01-25 15:07:26.043  1745  2270 V sensors_hal_Mag: processReportInd: Cal Mag Filter, 6, 1, -30.798340, -10.780334, -26.182556, -251.039124, -83.091736, -219.056702, -31.379890, -10.386467, -27.382088

01-25 15:07:26.043  1745  2340 D sensors_hal_Ctx: poll:polldata:1, sensor:10, type:2, x:-31.379890 y:-10.386467 z:-27.382088

01-25 15:07:26.043  1745  2340 D sensors_hal_Util: waitForResponse: timeout=0

01-25 15:07:26.062  1745  2270 V sensors_hal_Gyro: processReportInd: X: 0.000351 Y: -0.000137 Z: 0.000427 

01-25 15:07:26.062  1745  2340 D sensors_hal_Ctx: poll:polldata:2, sensor:0, type:1, x:-1.699448 y:-0.079102 z:9.934326

01-25 15:07:26.062  1745  2340 D sensors_hal_Util: waitForResponse: timeout=0

01-25 15:07:26.063  1745  2270 V sensors_hal_Mag: processReportInd:sensor android.sensor.magnetic_field 

01-25 15:07:26.063  1745  2270 V sensors_hal_Mag: processReportInd: Cal Mag Filter, 7, 1, -30.499268, -9.280396, -27.981567, -249.690247, -82.041931, -219.355774, -31.211281, -10.255241, -27.419472

01-25 15:07:26.063  1745  2340 D sensors_hal_Ctx: poll:polldata:1, sensor:10, type:2, x:-31.211281 y:-10.255241 z:-27.419472

01-25 15:07:26.063  1745  2340 D sensors_hal_Util: waitForResponse: timeout=0

01-25 15:07:26.073  1745  2513 E WifiStateMachine: LG_RSSI UPDATE newRssi = -68

01-25 15:07:26.082  1745  2270 V sensors_hal_Gyro: processReportInd: X: -0.000717 Y: -0.000137 Z: -0.001709 

01-25 15:07:26.082  1745  2340 D sensors_hal_Ctx: poll:polldata:1, sensor:0, type:1, x:-1.716217 y:-0.081497 z:9.905594

01-25 15:07:26.082  1745  2340 D sensors_hal_Ctx: poll:polldata:1, sensor:2, type:4, x:-0.000717 y:-0.000137 z:-0.001709

01-25 15:07:26.082  1745  2340 D sensors_hal_Util: waitForResponse: timeout=0

01-25 15:07:26.083  1745  2270 V sensors_hal_Mag: processReportInd:sensor android.sensor.magnetic_field 

01-25 15:07:26.083  1745  2270 V sensors_hal_Mag: processReportInd: Cal Mag Filter, 0, 1, -33.049011, -11.230469, -27.531433, -250.740051, -82.641602, -219.355774, -31.342506, -10.330200, -27.419472

01-25 15:07:26.083  1745  2340 D sensors_hal_Ctx: poll:polldata:1, sensor:10, type:2, x:-31.342506 y:-10.330200 z:-27.419472

01-25 15:07:26.083  1745  2340 D sensors_hal_Util: waitForResponse: timeout=0

01-25 15:07:26.102  1745  2270 V sensors_hal_Gyro: processReportInd: X: 0.001419 Y: -0.001190 Z: 0.000427 

01-25 15:07:26.102  1745  2340 D sensors_hal_Ctx: poll:polldata:2, sensor:0, type:1, x:-1.723389 y:-0.069534 z:9.917557

01-25 15:07:26.102  1745  2340 D sensors_hal_Util: waitForResponse: timeout=0

01-25 15:07:26.103  1745  2270 V sensors_hal_Mag: processReportInd:sensor android.sensor.magnetic_field 

01-25 15:07:26.103  1745  2270 V sensors_hal_Mag: processReportInd: Cal Mag Filter, 1, 1, -32.598877, -11.830139, -26.481628, -252.540588, -84.141541, -218.154907, -31.567574, -10.517693, -27.269363

01-25 15:07:26.103  1745  2340 D sensors_hal_Ctx: poll:polldata:1, sensor:10, type:2, x:-31.567574 y:-10.517693 z:-27.269363

01-25 15:07:26.103  1745  2340 D sensors_hal_Util: waitForResponse: timeout=0

01-25 15:07:26.122  1745  2270 V sensors_hal_Gyro: processReportInd: X: 0.000351 Y: -0.000137 Z: 0.000427 

01-25 15:07:26.122  1745  2340 D sensors_hal_Ctx: poll:polldata:2, sensor:0, type:1, x:-1.723389 y:-0.076706 z:9.915161

01-25 15:07:26.122  1745  2340 D sensors_hal_Util: waitForResponse: timeout=0

01-25 15:07:26.123  1745  2270 V sensors_hal_Mag: processReportInd:sensor android.sensor.magnetic_field 

01-25 15:07:26.123  1745  2270 V sensors_hal_Mag: processReportInd: Cal Mag Filter, 2, 1, -31.848145, -10.029602, -27.232361, -252.389526, -83.241272, -217.555237, -31.548691, -10.405159, -27.194405

01-25 15:07:26.123  1745  2340 D sensors_hal_Ctx: poll:polldata:1, sensor:10, type:2, x:-31.548691 y:-10.405159 z:-27.194405

01-25 15:07:26.123  1745  2340 D sensors_hal_Util: waitForResponse: timeout=0

01-25 15:07:26.141  1745  2270 V sensors_hal_Gyro: processReportInd: X: 0.000351 Y: 0.000931 Z: -0.001709 

01-25 15:07:26.142  1745  2340 D sensors_hal_Ctx: poll:polldata:2, sensor:0, type:1, x:-1.704239 y:-0.079102 z:9.910385

01-25 15:07:26.142  1745  2340 D sensors_hal_Util: waitForResponse: timeout=0

01-25 15:07:26.143  1745  2270 V sensors_hal_Mag: processReportInd:sensor android.sensor.magnetic_field 

01-25 15:07:26.143  1745  2270 V sensors_hal_Mag: processReportInd: Cal Mag Filter, 3, 1, -31.848145, -10.029602, -27.682495, -253.439331, -83.540344, -217.256165, -31.679916, -10.442543, -27.157021

01-25 15:07:26.143  1745  2340 D sensors_hal_Ctx: poll:polldata:1, sensor:10, type:2, x:-31.679916 y:-10.442543 z:-27.157021

01-25 15:07:26.143  1745  2340 D sensors_hal_Util: waitForResponse: timeout=0

01-25 15:07:26.161  1745  2270 V sensors_hal_Gyro: processReportInd: X: -0.000717 Y: -0.000137 Z: -0.001709 

01-25 15:07:26.161  1745  2340 D sensors_hal_Ctx: poll:polldata:2, sensor:0, type:1, x:-1.716217 y:-0.079102 z:9.919952

01-25 15:07:26.161  1745  2340 D sensors_hal_Util: waitForResponse: timeout=0

01-25 15:07:26.163  1745  2270 V sensors_hal_Mag: processReportInd:sensor android.sensor.magnetic_field 

01-25 15:07:26.163  1745  2270 V sensors_hal_Mag: processReportInd: Cal Mag Filter, 4, 1, -32.298279, -10.780334, -27.981567, -253.439331, -84.291077, -218.305969, -31.679916, -10.536385, -27.288246

01-25 15:07:26.163  1745  2340 D sensors_hal_Ctx: poll:polldata:1, sensor:10, type:2, x:-31.679916 y:-10.536385 z:-27.288246

01-25 15:07:26.163  1745  2340 D sensors_hal_Util: waitForResponse: timeout=0

01-25 15:07:26.168  1745  3142 I sensors_hal_Ctx: flush: handle is 86

01-25 15:07:26.168  1745  3142 I sensors_hal_SAM: flush:sensor() handle:86

01-25 15:07:26.168  1745  3142 D sensors_hal_SAM: flush: handle 86 batch_support 1

01-25 15:07:26.168  1745  3142 D sensors_hal_HealthActivityPattern: sendBatchReq: batching: 1, batch_rate=0.199997 (Hz)

01-25 15:07:26.168  1745  1912 I sensors_hal_Ctx: flush: handle is 48

01-25 15:07:26.168  1745  1912 I sensors_hal_SAM: flush:sensor(android.sensor.step_detector) handle:48

01-25 15:07:26.168  1745  1912 D sensors_hal_SAM: flush: handle 48 batch_support 1

01-25 15:07:26.168  1745  1912 D sensors_hal_StepDetector: sendBatchReq: batching: 1, batch_rate=0.016663 (Hz)

01-25 15:07:26.169  1745  2283 I sensors_hal_HealthActivityPattern: processResp: handle:86

01-25 15:07:26.169  1745  2283 D sensors_hal_HealthActivityPattern: processResp: Received SNS_SAM_HEALTH_ACTIVITY_BATCH_RESP_V01

01-25 15:07:26.169  1745  2283 D sensors_hal: flushSendCmplt: handle=86

01-25 15:07:26.169  1745  2291 D sensors_hal_StepDetector: processResp: Received SNS_SAM_PED_BATCH_RESP_V01

01-25 15:07:26.169  1745  2291 D sensors_hal: flushSendCmplt: handle=48

01-25 15:07:26.169  1745  2340 D sensors_hal_Ctx: poll:polldata:2, sensor:0, type:0, x:0.000000 y:0.000000 z:0.000000

01-25 15:07:26.169  1745  2340 D sensors_hal_Util: waitForResponse: timeout=0

01-25 15:07:26.181  1745  2270 V sensors_hal_Gyro: processReportInd: X: 0.000351 Y: -0.000137 Z: -0.001709 

01-25 15:07:26.181  1745  2340 D sensors_hal_Ctx: poll:polldata:1, sensor:0, type:1, x:-1.716217 y:-0.086288 z:9.922348

01-25 15:07:26.181  1745  2340 D sensors_hal_Ctx: poll:polldata:1, sensor:2, type:4, x:0.000351 y:-0.000137 z:-0.001709

01-25 15:07:26.181  1745  2340 D sensors_hal_Util: waitForResponse: timeout=0

01-25 15:07:26.183  1745  2270 V sensors_hal_Mag: processReportInd:sensor android.sensor.magnetic_field 

01-25 15:07:26.183  1745  2270 V sensors_hal_Mag: processReportInd: Cal Mag Filter, 5, 1, -31.848145, -10.780334, -27.232361, -254.788208, -84.741211, -218.305969, -31.848526, -10.592651, -27.288246

01-25 15:07:26.183  1745  2340 D sensors_hal_Ctx: poll:polldata:1, sensor:10, type:2, x:-31.848526 y:-10.592651 z:-27.288246

01-25 15:07:26.183  1745  2340 D sensors_hal_Util: waitForResponse: timeout=0

01-25 15:07:26.201  1745  2270 V sensors_hal_Gyro: processReportInd: X: -0.000717 Y: -0.000137 Z: -0.000641 

01-25 15:07:26.201  1745  2340 D sensors_hal_Ctx: poll:polldata:1, sensor:0, type:1, x:-1.718613 y:-0.091080 z:9.910385

01-25 15:07:26.201  1745  2340 D sensors_hal_Ctx: poll:polldata:1, sensor:2, type:4, x:-0.000717 y:-0.000137 z:-0.000641

01-25 15:07:26.201  1745  2340 D sensors_hal_Util: waitForResponse: timeout=0

01-25 15:07:26.203  1745  2270 V sensors_hal_Mag: processReportInd:sensor android.sensor.magnetic_field 

01-25 15:07:26.203  1745  2270 V sensors_hal_Mag: processReportInd: Cal Mag Filter, 6, 1, -31.248474, -11.080933, -26.182556, -255.238342, -85.041809, -218.305969, -31.904793, -10.630226, -27.288246

01-25 15:07:26.203  1745  2340 D sensors_hal_Ctx: poll:polldata:1, sensor:10, type:2, x:-31.904793 y:-10.630226 z:-27.288246

01-25 15:07:26.203  1745  2340 D sensors_hal_Util: waitForResponse: timeout=0

01-25 15:07:26.221  1745  2270 V sensors_hal_Gyro: processReportInd: X: -0.000717 Y: 0.000931 Z: -0.000641 

01-25 15:07:26.221  1745  2340 D sensors_hal_Ctx: poll:polldata:2, sensor:0, type:1, x:-1.711426 y:-0.079102 z:9.907990

01-25 15:07:26.221  1745  2340 D sensors_hal_Util: waitForResponse: timeout=0

01-25 15:07:26.223  1745  2270 V sensors_hal_Mag: processReportInd:sensor android.sensor.magnetic_field 

01-25 15:07:26.223  1745  2270 V sensors_hal_Mag: processReportInd: Cal Mag Filter, 7, 1, -31.848145, -10.029602, -27.981567, -256.587219, -85.791016, -218.305969, -32.073402, -10.723877, -27.288246

01-25 15:07:26.223  1745  2340 D sensors_hal_Ctx: poll:polldata:1, sensor:10, type:2, x:-32.073402 y:-10.723877 z:-27.288246

01-25 15:07:26.223  1745  2340 D sensors_hal_Util: waitForResponse: timeout=0

01-25 15:07:26.241  1745  2270 V sensors_hal_Gyro: processReportInd: X: -0.000717 Y: 0.001999 Z: -0.001709 

01-25 15:07:26.241  1745  2340 D sensors_hal_Ctx: poll:polldata:2, sensor:0, type:1, x:-1.706635 y:-0.071930 z:9.917557

01-25 15:07:26.241  1745  2340 D sensors_hal_Util: waitForResponse: timeout=0

01-25 15:07:26.242  1745  2270 V sensors_hal_Mag: processReportInd:sensor android.sensor.magnetic_field 

01-25 15:07:26.242  1745  2270 V sensors_hal_Mag: processReportInd: Cal Mag Filter, 0, 1, -33.049011, -11.230469, -26.782227, -256.587219, -85.791016, -217.556763, -32.073402, -10.723877, -27.194595

01-25 15:07:26.243  1745  2340 D sensors_hal_Ctx: poll:polldata:1, sensor:10, type:2, x:-32.073402 y:-10.723877 z:-27.194595

01-25 15:07:26.243  1745  2340 D sensors_hal_Util: waitForResponse: timeout=0

01-25 15:07:26.261  1745  2270 V sensors_hal_Gyro: processReportInd: X: -0.000717 Y: 0.000931 Z: -0.000641 

01-25 15:07:26.261  1745  2340 D sensors_hal_Ctx: poll:polldata:1, sensor:0, type:1, x:-1.716217 y:-0.081497 z:9.924744

01-25 15:07:26.261  1745  2340 D sensors_hal_Ctx: poll:polldata:1, sensor:2, type:4, x:-0.000717 y:0.000931 z:-0.000641

01-25 15:07:26.261  1745  2340 D sensors_hal_Util: waitForResponse: timeout=0

01-25 15:07:26.262  1745  2270 V sensors_hal_Mag: processReportInd:sensor android.sensor.magnetic_field 

01-25 15:07:26.262  1745  2270 V sensors_hal_Mag: processReportInd: Cal Mag Filter, 1, 1, -31.848145, -9.730530, -27.981567, -255.836487, -83.691406, -219.056702, -31.979561, -10.461426, -27.382088

01-25 15:07:26.263  1745  2340 D sensors_hal_Ctx: poll:polldata:1, sensor:10, type:2, x:-31.979561 y:-10.461426 z:-27.382088

01-25 15:07:26.263  1745  2340 D sensors_hal_Util: waitForResponse: timeout=0

