01-07 15:18:54.268  1794  3541 E LocSvc_libulp: E/int ulp_brain_transition_all_providers(), no QUIPC/GNSS transition logic run due to both engines are OFF 

01-07 15:18:54.268  1794  2973 I IzatProviderEngine: LocTech-Label :: OSDC :: Position Report In

01-07 15:18:54.268  1794  2973 I IzatProviderEngine: LocTech-Value :: UTC Time: 1578377934268, Elapsed Real Time Nanos: 241014331066903, Latitude: 37.56421793054611, Longitude: 127.03903127885225, Altitude: 0.0, Speed: 0.0, Bearing: 0.0, Accuracy: 68.81837

01-07 15:18:54.269  1041  1368 W XTCC-5.1.0.7: [FDAL_ZPP_MGR] RequestNewZppFix: Getting ZPP

01-07 15:18:54.270  1794  2982 E QMI_FW  : QCCI qmi_cci_xport_recv: txn not found. svc_id: 16

01-07 15:18:54.270  1794  2973 E LocSvc_LBSApiV02: E/virtual int lbs_core::LBSApiV02::injectCoarsePosition(const CoarsePositionInfo&):320]: Error : st = 3, ind.status = -1552449536

01-07 15:18:54.271  1041  1368 W XTCC-5.1.0.7: [FDAL_ZPP_MGR] RequestNewZppFix 37.562943 127.040405 466.737122: ZPP Return Flag 0x11

01-07 15:18:54.271  1041  1368 W XTCC-5.1.0.7: [WifiScanner] WiFi scan result : [8] AP's

01-07 15:18:54.279  1794  1917 D LocationManagerService: This location is marked as ready for broadcast

01-07 15:18:54.279  1794  2510 D LgWifiFavoriteAp: ConnectedState - msg [3] is not handled

01-07 15:18:54.280  1794  1917 D LocationManagerService: incoming location: Location[network 37.564218,127.039031 acc=69 et=+2d18h56m54s331ms alt=0.0 vel=0.0 bear=0.0 {Bundle[{com.qualcomm.location.nlp:ready=true}]}]

01-07 15:18:54.280  3070  3070 E API     : getOnOffStatus status : 0

01-07 15:18:54.280  3070  3070 I WIFI_MANAGER: Engine OFF >> Do Nothing.... 

01-07 15:18:54.281  1794  1917 D LocationManagerService: incoming location: Location[network 37.564218,127.039031 acc=69 et=+2d18h56m54s331ms alt=0.0 vel=0.0 bear=0.0 {Bundle[{com.qualcomm.location.nlp:ready=true}]}]

01-07 15:18:54.422  1794  2513 V WifiServerServiceExt: checkPollTimer Cnt= 0 rssi =-60 threshold=-100

01-07 15:18:54.592  1794  2621 I sensors_hal_Ctx: flush: handle is 86

01-07 15:18:54.592  1794  2621 I sensors_hal_SAM: flush:sensor() handle:86

01-07 15:18:54.593  1794  2499 I sensors_hal_Ctx: flush: handle is 48

01-07 15:18:54.593  1794  2499 I sensors_hal_SAM: flush:sensor(android.sensor.step_detector) handle:48

01-07 15:18:54.594  1794  2278 I sensors_hal_HealthActivityPattern: processResp: handle:86

01-07 15:18:54.613 18644 19043 D AppChangedDetector: lastUsedAppId com.YourCompany.Rolling

01-07 15:18:54.643  1794  1943 D AutomaticBrightnessControllerEx: [MultiALC] (new) start checking!! mAmbientLuxWhenBarReleased : 0.0 / mBrightnessWhenBarReleased : 10 / mAmbientLux : 228.0 / mScreenBrightness = 136

01-07 15:18:54.643  1794  1943 D AutomaticBrightnessControllerEx: [MultiALC] same brightness~~~ : 136

01-07 15:18:55.124 18644 19043 D AppChangedDetector: lastUsedAppId com.YourCompany.Rolling

01-07 15:18:55.140  1794  2344 D InputDispatcher: notifyMotion - action=ACTION_UP(0), id=0, tooltype=1, deviceId=4, source=0x1002, policyFlags=0x0, flags=0x0, metaState=0x0, buttonState=0x0, edgeFlags=0x0, eventTime=139506424504000, downTime=139502540210000, 

01-07 15:18:55.140  1794  2343 D InputTransport: channel 'b744e78 com.YourCompany.Rolling/com.epicgames.ue4.GameActivity (server)' : action=ACTION_UP(0), id=0, tooltype=1, deviceId=4, source=0x1002, flags=0x2, edgeFlags=0x0, metaState=0x0, buttonState=0x0, downTime=139502540210000, eventTime=139506424504000, pointerCount=1

01-07 15:18:55.141 24468 24468 I ViewRootImpl: ViewRoot's Touch Event : ACTION_UP

01-07 15:18:55.527  1794  2344 D InputDispatcher: notifyMotion - action=ACTION_DOWN(0), id=0, tooltype=1, deviceId=4, source=0x1002, policyFlags=0x0, flags=0x0, metaState=0x0, buttonState=0x0, edgeFlags=0x0, eventTime=139506811108000, downTime=139506811108000, 

01-07 15:18:55.527  1794  2343 D InputTransport: channel 'b744e78 com.YourCompany.Rolling/com.epicgames.ue4.GameActivity (server)' : action=ACTION_DOWN(0), id=0, tooltype=1, deviceId=4, source=0x1002, flags=0x2, edgeFlags=0x0, metaState=0x0, buttonState=0x0, downTime=139506811108000, eventTime=139506811108000, pointerCount=1

01-07 15:18:55.528 24468 24468 I ViewRootImpl: ViewRoot's Touch Event : ACTION_DOWN

01-07 15:18:55.594  1794  2990 I sensors_hal_Ctx: flush: handle is 86

01-07 15:18:55.594  1794  2990 I sensors_hal_SAM: flush:sensor() handle:86

01-07 15:18:55.595  1794  1905 I sensors_hal_Ctx: flush: handle is 48

01-07 15:18:55.595  1794  1905 I sensors_hal_SAM: flush:sensor(android.sensor.step_detector) handle:48

01-07 15:18:55.597  1794  2278 I sensors_hal_HealthActivityPattern: processResp: handle:86

01-07 15:18:55.629 18644 19043 D AppChangedDetector: lastUsedAppId com.YourCompany.Rolling

01-07 15:18:56.131 18644 19043 D AppChangedDetector: lastUsedAppId com.YourCompany.Rolling

01-07 15:18:56.267  5039  5045 E ANDR-PERF-MPCTL: invalid request, no optimizations performed

01-07 15:18:56.269  1041  1362 W XTCC-5.1.0.7: [PosMgr] Position request

01-07 15:18:56.271  1041  1362 W XTCC-5.1.0.7: [WifiScanner] WiFi scan result : [8] AP's

01-07 15:18:56.272  1041  1362 W XTCC-5.1.0.7: [PosMgr] sending back response for POSITION (a) tx(54024), Number of APs used in this position request (8)

01-07 15:18:56.274  1794  3541 E LocSvc_libulp: E/int ulp_brain_transition_all_providers(), no QUIPC/GNSS transition logic run due to both engines are OFF 

01-07 15:18:56.274  1794  2973 E LocSvc_LBSApiV02: E/virtual int lbs_core::LBSApiV02::injectCoarsePosition(const CoarsePositionInfo&):320]: Error : st = 3, ind.status = -1552449536

01-07 15:18:56.274  1794  2982 E QMI_FW  : QCCI qmi_cci_xport_recv: txn not found. svc_id: 16

01-07 15:18:56.275  1794  2973 I IzatProviderEngine: LocTech-Label :: OSDC :: Position Report In

01-07 15:18:56.275  1794  2973 I IzatProviderEngine: LocTech-Value :: UTC Time: 1578377936274, Elapsed Real Time Nanos: 241016337803361, Latitude: 37.56421793054611, Longitude: 127.03903127885225, Altitude: 0.0, Speed: 0.0, Bearing: 0.0, Accuracy: 68.816536

01-07 15:18:56.276  1041  1368 W XTCC-5.1.0.7: [FDAL_ZPP_MGR] RequestNewZppFix: Getting ZPP

01-07 15:18:56.277  1794  1917 D LocationManagerService: This location is marked as ready for broadcast

01-07 15:18:56.277  1041  1368 W XTCC-5.1.0.7: [FDAL_ZPP_MGR] RequestNewZppFix 37.562943 127.040405 466.737122: ZPP Return Flag 0x11

01-07 15:18:56.278  1041  1368 W XTCC-5.1.0.7: [WifiScanner] WiFi scan result : [8] AP's

01-07 15:18:56.279  1794  1917 D LocationManagerService: incoming location: Location[network 37.564218,127.039031 acc=69 et=+2d18h56m56s337ms alt=0.0 vel=0.0 bear=0.0 {Bundle[{com.qualcomm.location.nlp:ready=true}]}]

01-07 15:18:56.288  1794  1917 D LocationManagerService: incoming location: Location[network 37.564218,127.039031 acc=69 et=+2d18h56m56s337ms alt=0.0 vel=0.0 bear=0.0 {Bundle[{com.qualcomm.location.nlp:ready=true}]}]

01-07 15:18:56.596  1794  3077 I sensors_hal_Ctx: flush: handle is 86

01-07 15:18:56.596  1794  3077 I sensors_hal_SAM: flush:sensor() handle:86

01-07 15:18:56.597  1794  3113 I sensors_hal_Ctx: flush: handle is 48

01-07 15:18:56.597  1794  3113 I sensors_hal_SAM: flush:sensor(android.sensor.step_detector) handle:48

01-07 15:18:56.598  1794  2278 I sensors_hal_HealthActivityPattern: processResp: handle:86

01-07 15:18:56.634 18644 19043 D AppChangedDetector: lastUsedAppId com.YourCompany.Rolling

01-07 15:18:57.069   940   977 I GBMv2   : GBM state [10]

01-07 15:18:57.137 18644 19043 D AppChangedDetector: lastUsedAppId com.YourCompany.Rolling

01-07 15:18:57.169   940   977 I GBMv2   : GBM state [0]

01-07 15:18:57.170   940   977 I GBMv2   : GBM state [1]

01-07 15:18:57.388  1794  1943 D AutomaticBrightnessControllerEx: [MultiALC] (new) start checking!! mAmbientLuxWhenBarReleased : 0.0 / mBrightnessWhenBarReleased : 10 / mAmbientLux : 242.0 / mScreenBrightness = 136

01-07 15:18:57.388  1794  1943 D AutomaticBrightnessControllerEx: [MultiALC] same brightness~~~ : 136

01-07 15:18:57.425  1794  2513 V WifiServerServiceExt: checkPollTimer Cnt= 0 rssi =-60 threshold=-100

01-07 15:18:57.597  1794  2621 I sensors_hal_Ctx: flush: handle is 86

01-07 15:18:57.597  1794  2621 I sensors_hal_SAM: flush:sensor() handle:86

01-07 15:18:57.598  1794  2499 I sensors_hal_Ctx: flush: handle is 48

01-07 15:18:57.598  1794  2499 I sensors_hal_SAM: flush:sensor(android.sensor.step_detector) handle:48

01-07 15:18:57.599  1794  2278 I sensors_hal_HealthActivityPattern: processResp: handle:86

01-07 15:18:57.640 18644 19043 D AppChangedDetector: lastUsedAppId com.YourCompany.Rolling

01-07 15:18:58.143 18644 19043 D AppChangedDetector: lastUsedAppId com.YourCompany.Rolling

01-07 15:18:58.274  1041  1362 W XTCC-5.1.0.7: [PosMgr] Position request

01-07 15:18:58.287  2742  2742 I wpa_supplicant: wlan0: CTRL-EVENT-SCAN-STARTED 

01-07 15:18:58.287   988  2739 I LowiWifiHal: ivmh: event received NL80211_CMD_TRIGGER_SCAN

01-07 15:18:58.287   988  2739 I LowiWifiHal: ivmh: event received NL80211_CMD_TRIGGER_SCAN, vendor_id = 0x0

01-07 15:18:58.287   988  2739 I LowiWifiHal: ivmh: event ignored!!

01-07 15:18:58.598  1794  3077 I sensors_hal_Ctx: flush: handle is 86

01-07 15:18:58.598  1794  3077 I sensors_hal_SAM: flush:sensor() handle:86

01-07 15:18:58.599  1794  3113 I sensors_hal_Ctx: flush: handle is 48

01-07 15:18:58.599  1794  3113 I sensors_hal_SAM: flush:sensor(android.sensor.step_detector) handle:48

01-07 15:18:58.601  1794  2278 I sensors_hal_HealthActivityPattern: processResp: handle:86

01-07 15:18:58.645 18644 19043 D AppChangedDetector: lastUsedAppId com.YourCompany.Rolling

01-07 15:18:59.069   988  2739 I LowiWifiHal: ivmh: event received NL80211_CMD_NEW_SCAN_RESULTS

01-07 15:18:59.069   988  2739 I LowiWifiHal: ivmh: event received NL80211_CMD_NEW_SCAN_RESULTS, vendor_id = 0x0

01-07 15:18:59.069   988  2739 I LowiWifiHal: ivmh: event ignored!!

01-07 15:18:59.070  1794  2506 D LGWifiP2pService: InactiveState{ when=-1ms what=147461 target=com.android.internal.util.StateMachine$SmHandler }

01-07 15:18:59.071  1794  2506 D LGWifiP2pService: P2pEnabledState{ when=-1ms what=147461 target=com.android.internal.util.StateMachine$SmHandler }

01-07 15:18:59.071  1794  2506 D LGWifiP2pService: DefaultState{ when=-1ms what=147461 target=com.android.internal.util.StateMachine$SmHandler }

01-07 15:18:59.072  3178  3437 D P2pExtMonWorker: Event [CTRL-EVENT-SCAN-RESULTS ]

01-07 15:18:59.072  3178  3437 D P2pExtMonWorker: Event [WPS-AP-AVAILABLE ]

01-07 15:18:59.072  1041  1362 W XTCC-5.1.0.7: [WifiScanner] WiFi scan result : [7] AP's

01-07 15:18:59.073  1041  1362 W XTCC-5.1.0.7: [PosMgr] sending back response for POSITION (a) tx(54025), Number of APs used in this position request (8)

01-07 15:18:59.074  1794  3541 E LocSvc_libulp: E/int ulp_brain_transition_all_providers(), no QUIPC/GNSS transition logic run due to both engines are OFF 

01-07 15:18:59.074  1794  2973 I IzatProviderEngine: LocTech-Label :: OSDC :: Position Report In

01-07 15:18:59.074  1794  2973 I IzatProviderEngine: LocTech-Value :: UTC Time: 1578377939073, Elapsed Real Time Nanos: 241019136798932, Latitude: 37.56421793054611, Longitude: 127.03903127885225, Altitude: 0.0, Speed: 0.0, Bearing: 0.0, Accuracy: 68.817444

01-07 15:18:59.075  1041  1368 W XTCC-5.1.0.7: [FDAL_ZPP_MGR] RequestNewZppFix: Getting ZPP

01-07 15:18:59.075  1794  1917 D LocationManagerService: This location is marked as ready for broadcast

01-07 15:18:59.077  1794  2982 E QMI_FW  : QCCI qmi_cci_xport_recv: txn not found. svc_id: 16

01-07 15:18:59.077  1794  2973 E LocSvc_LBSApiV02: E/virtual int lbs_core::LBSApiV02::injectCoarsePosition(const CoarsePositionInfo&):320]: Error : st = 3, ind.status = -1552449536

01-07 15:18:59.078  1794  1917 D LocationManagerService: incoming location: Location[network 37.564218,127.039031 acc=69 et=+2d18h56m59s136ms alt=0.0 vel=0.0 bear=0.0 {Bundle[{com.qualcomm.location.nlp:ready=true}]}]

01-07 15:18:59.078  1041  1368 W XTCC-5.1.0.7: [FDAL_ZPP_MGR] RequestNewZppFix 37.562943 127.040405 466.737122: ZPP Return Flag 0x11

01-07 15:18:59.079  1041  1368 W XTCC-5.1.0.7: [WifiScanner] WiFi scan result : [7] AP's

01-07 15:18:59.081  1794  1917 D LocationManagerService: incoming location: Location[network 37.564218,127.039031 acc=69 et=+2d18h56m59s136ms alt=0.0 vel=0.0 bear=0.0 {Bundle[{com.qualcomm.location.nlp:ready=true}]}]

01-07 15:18:59.098  1794  2510 D LgWifiFavoriteAp: ConnectedState - msg [3] is not handled

01-07 15:18:59.098  3070  3070 E API     : getOnOffStatus status : 0

01-07 15:18:59.098  3070  3070 I WIFI_MANAGER: Engine OFF >> Do Nothing.... 

01-07 15:18:59.147 18644 19043 D AppChangedDetector: lastUsedAppId com.YourCompany.Rolling

01-07 15:18:59.599  1794  1905 I sensors_hal_Ctx: flush: handle is 86

01-07 15:18:59.599  1794  1905 I sensors_hal_SAM: flush:sensor() handle:86

01-07 15:18:59.600  1794  3163 I sensors_hal_Ctx: flush: handle is 48

01-07 15:18:59.600  1794  3163 I sensors_hal_SAM: flush:sensor(android.sensor.step_detector) handle:48

01-07 15:18:59.601  1794  2278 I sensors_hal_HealthActivityPattern: processResp: handle:86

01-07 15:18:59.611  1794  1943 D AutomaticBrightnessControllerEx: [MultiALC] (new) start checking!! mAmbientLuxWhenBarReleased : 0.0 / mBrightnessWhenBarReleased : 10 / mAmbientLux : 250.0 / mScreenBrightness = 136

01-07 15:18:59.611  1794  1943 D AutomaticBrightnessControllerEx: [MultiALC] same brightness~~~ : 136

01-07 15:18:59.649 18644 19043 D AppChangedDetector: lastUsedAppId com.YourCompany.Rolling

01-07 15:19:00.001  1794  2338 D PowerManagerServiceAO: acquireWakeLockInternal: lock=55886656, flags=0x40000001, tag="*alarm*", ws=WorkSource{1000}, historyTag=*alarm*:android.intent.action.TIME_TICK, uid=1000, pid=1794

01-07 15:19:00.041  2571  2571 I TimeTickManager: [TimeTickManager.java:113:setTimeTickHandler()]setTimeTickHandler, called onTimeChanged() nextTick: 59992

01-07 15:19:00.041  2571  2571 I KeyguardUpdateMonitor: called onTimeUpdated()

01-07 15:19:00.042  2571  2571 I Clock   : [Clock.java:76:onTimeUpdated()]called onTimeUpdated()

01-07 15:19:00.047  2571  2571 I LgeClockWidgetControlView: called onTimeUpdated()

01-07 15:19:00.048  2571  2571 I DateView: [DateView.java:145:onTimeUpdated()]called onTimeUpdated()

01-07 15:19:00.053  2571  2571 I DateView: [DateView.java:145:onTimeUpdated()]called onTimeUpdated()

01-07 15:19:00.081  2571  2571 D KeyguardUpdateMonitor: handleTimeUpdate

01-07 15:19:00.082  1794  1794 D PowerManagerServiceAO: releaseWakeLockInternal: lock=55886656 [*alarm*], flags=0x0

01-07 15:19:00.152 18644 19043 D AppChangedDetector: lastUsedAppId com.YourCompany.Rolling

01-07 15:19:00.426  1794  2513 V WifiServerServiceExt: checkPollTimer Cnt= 0 rssi =-66 threshold=-100

01-07 15:19:00.600  1794  2990 I sensors_hal_Ctx: flush: handle is 86

01-07 15:19:00.600  1794  2990 I sensors_hal_SAM: flush:sensor() handle:86

01-07 15:19:00.601  1794  1905 I sensors_hal_Ctx: flush: handle is 48

01-07 15:19:00.601  1794  1905 I sensors_hal_SAM: flush:sensor(android.sensor.step_detector) handle:48

01-07 15:19:00.602  1794  2278 I sensors_hal_HealthActivityPattern: processResp: handle:86

01-07 15:19:00.657 18644 19043 D AppChangedDetector: lastUsedAppId com.YourCompany.Rolling

01-07 15:19:01.074  1041  1362 W XTCC-5.1.0.7: [PosMgr] Position request

01-07 15:19:01.078  1041  1368 W XTCC-5.1.0.7: [WifiScanner] WiFi scan result : [7] AP's

01-07 15:19:01.079  1041  1362 W XTCC-5.1.0.7: [WifiScanner] WiFi scan result : [7] AP's

01-07 15:19:01.079  1041  1362 W XTCC-5.1.0.7: [PosMgr] sending back response for POSITION (a) tx(54026), Number of APs used in this position request (8)

01-07 15:19:01.080  1794  3541 E LocSvc_libulp: E/int ulp_brain_transition_all_providers(), no QUIPC/GNSS transition logic run due to both engines are OFF 

01-07 15:19:01.085  1794  2982 E QMI_FW  : QCCI qmi_cci_xport_recv: txn not found. svc_id: 16

01-07 15:19:01.085  1794  2973 E LocSvc_LBSApiV02: E/virtual int lbs_core::LBSApiV02::injectCoarsePosition(const CoarsePositionInfo&):320]: Error : st = 3, ind.status = -1552449536

01-07 15:19:01.085  1794  2973 I IzatProviderEngine: LocTech-Label :: OSDC :: Position Report In

01-07 15:19:01.085  1794  2973 I IzatProviderEngine: LocTech-Value :: UTC Time: 1578377941080, Elapsed Real Time Nanos: 241021148180494, Latitude: 37.56421793054611, Longitude: 127.03903127885225, Altitude: 0.0, Speed: 0.0, Bearing: 0.0, Accuracy: 68.81473

01-07 15:19:01.086  1041  1368 W XTCC-5.1.0.7: [FDAL_ZPP_MGR] RequestNewZppFix: Getting ZPP

01-07 15:19:01.087  1794  1917 D LocationManagerService: This location is marked as ready for broadcast

01-07 15:19:01.089  1794  1917 D LocationManagerService: incoming location: Location[network 37.564218,127.039031 acc=69 et=+2d18h57m1s148ms alt=0.0 vel=0.0 bear=0.0 {Bundle[{com.qualcomm.location.nlp:ready=true}]}]

01-07 15:19:01.089  1041  1368 W XTCC-5.1.0.7: [FDAL_ZPP_MGR] RequestNewZppFix 37.562943 127.040405 466.737122: ZPP Return Flag 0x11

01-07 15:19:01.093  1794  1917 D LocationManagerService: incoming location: Location[network 37.564218,127.039031 acc=69 et=+2d18h57m1s148ms alt=0.0 vel=0.0 bear=0.0 {Bundle[{com.qualcomm.location.nlp:ready=true}]}]

01-07 15:19:01.160 18644 19043 D AppChangedDetector: lastUsedAppId com.YourCompany.Rolling

01-07 15:19:01.601  1794  2989 I sensors_hal_Ctx: flush: handle is 86

01-07 15:19:01.601  1794  2989 I sensors_hal_SAM: flush:sensor() handle:86

01-07 15:19:01.602  1794  3113 I sensors_hal_Ctx: flush: handle is 48

01-07 15:19:01.602  1794  3113 I sensors_hal_SAM: flush:sensor(android.sensor.step_detector) handle:48

01-07 15:19:01.604  1794  2278 I sensors_hal_HealthActivityPattern: processResp: handle:86

01-07 15:19:01.663 18644 19043 D AppChangedDetector: lastUsedAppId com.YourCompany.Rolling

01-07 15:19:01.839  2571  2571 D KeyguardUpdateMonitor: Intent.ACTION_BATTERYEX_CHANGED EXTRA_CHARGING_CURRENT : 1 / EXTRA_HVDCP_TYPE : false

01-07 15:19:01.839  2571  2571 I LGPowerUI: [LGPowerUI.java:539:onReceive()]onReceive = com.lge.android.intent.action.BATTERYEX

01-07 15:19:01.839  2571  2571 I LGPowerUI: [LGPowerUI.java:624:doActionBatteryExChanged()]levelEx = 64, plugTypeEx = 2, chargingCurrent = 1

01-07 15:19:01.840  2571  2571 D KeyguardUpdateMonitor: Intent.ACTION_BATTERY_CHANGED status : 2 ,plugged : 2 ,level : 64 ,temperature : 300, temperatureState : 0

01-07 15:19:01.840  2571  2571 I LGPowerUI: [LGPowerUI.java:539:onReceive()]onReceive = android.intent.action.BATTERY_CHANGED

01-07 15:19:01.841  3017  3017 D UsbHostManagerService: intent receive : android.intent.action.BATTERY_CHANGED

01-07 15:19:01.841  3186  3186 D Telephony: PhoneApp: onReceive: android.intent.action.BATTERY_CHANGED

01-07 15:19:01.841  2571  2571 I LGPowerUI: [LGPowerUI.java:902:doActionBatteryChanged()]level = 64, plugType = 2, plugged = true, mCharging = true, temperature = 300

01-07 15:19:01.842  2571  2571 D LGBatteryMeterView: [LGBatteryMeterView.java:395:updateBatteryIcon()]updateBatteryIcon: typeChanged=false, type=CHARGE, level=64

01-07 15:19:01.843  4945  5206 D HeadsetStateMachine: Disconnected process message: 10, size: 0

01-07 15:19:01.843  3250  3250 D ClientService: Battery State Change,  status: 2

01-07 15:19:01.843 24468 24468 D UE4     : Battery: status = 2, rawlevel = 64, scale = 100

01-07 15:19:01.844 24468 24468 D UE4     : nativeBatteryEvent(stat = 2, lvl = 64  temp = 30.00 C)

01-07 15:19:01.845  3250  3250 D ClientService: Battery State Change,  Plugged: 2

01-07 15:19:01.845  3250  3250 D ClientService: Battery State Change,  level: 64

01-07 15:19:01.845  3250  3250 D ClientService: Battery State Change,  scale: 100

01-07 15:19:01.845  3250  3250 D IPL     : Battery level = 64

01-07 15:19:01.845  3250  3250 I IPL     : iplNeedSendGetLocationRequest, batteryLevel = 64

01-07 15:19:01.846 19652 19652 W MainApplication: onReceive intent : Intent { act=android.intent.action.BATTERY_CHANGED flg=0x60000010 (has extras) }

01-07 15:19:01.847  2571  2571 D LGBatteryMeterView: [LGBatteryMeterView.java:395:updateBatteryIcon()]updateBatteryIcon: typeChanged=false, type=CHARGE, level=64

01-07 15:19:01.849  1794  1794 I NotificationServiceEx: LED remove() : mLights=0|com.easyx.coolermaster|1|null|10156

01-07 15:19:01.849  1794  1794 D NotificationServiceEx: updateLightListLocked :r=0|com.easyx.coolermaster|1|null|10156, action=2

01-07 15:19:01.849  1794  1794 D NotificationServiceEx: notification=Notification(pri=2 contentView=com.easyx.coolermaster/0x7f0a0083 vibrate=null sound=null defaults=0x0 flags=0x6a color=0x00000000 vis=PRIVATE)

01-07 15:19:01.849  1794  1794 V AudioServiceEx: getNativeDsdMode() mode : -1

01-07 15:19:01.849  1794  1794 V AudioServiceEx: getNativeDsdMode() mode : -1

01-07 15:19:01.849  2571  2571 D LGBatteryMeterView: [LGBatteryMeterView.java:395:updateBatteryIcon()]updateBatteryIcon: typeChanged=false, type=CHARGE, level=64

01-07 15:19:01.852  2571  2571 I BatterySaverHandler: [BatterySaverHandler.java:244:onReceive()]onReceive = android.intent.action.BATTERY_CHANGED

01-07 15:19:01.852  7398 10846 D LGAodEx : SmartCoverUpdateMonitor.java:337 onNotificationPosted(): StatusBarNotification(pkg=com.easyx.coolermaster user=UserHandle{0} id=1 tag=null score=20 key=0|com.easyx.coolermaster|1|null|10156: Notification(pri=2 contentView=com.easyx.coolermaster/0x7f0a0083 vibrate=null sound=null defaults=0x0 flags=0x6a color=0x00000000 vis=PRIVATE))

01-07 15:19:01.853  7398  7398 D LGAodEx : SmartCoverUpdateMonitor.java:584 updateNotification(): qcn.getKey() : 0|com.easyx.coolermaster|1|null|10156

01-07 15:19:01.853  7398  7398 D LGAodEx : LgeQuickCoverNotificationData.java:124 updateNotification(): 0|com.easyx.coolermaster|1|null|10156

01-07 15:19:01.854  7398  7398 D LGAodEx : LgeQuickCoverNotificationData.java:188 filterAndSort(): filterAndSort

01-07 15:19:01.854  7398  7398 D LGAodEx : LgeQuickCoverNotificationData: isNotificationForCurrentUser : ActivityManager.getCurrentUser() : 0

01-07 15:19:01.857  7398  7398 D LGAodEx : LgeQuickCoverNotificationData: isNotificationForCurrentUser : true

01-07 15:19:01.860  7398  7398 D LGAodEx : LgeQuickCoverNotificationData: isNotificationForCurrentUser : ActivityManager.getCurrentUser() : 0

01-07 15:19:01.861  7398  7398 D LGAodEx : LgeQuickCoverNotificationData: isNotificationForCurrentUser : true

01-07 15:19:01.863  7398  7398 D LGAodEx : LgeQuickCoverNotificationData: isNotificationForCurrentUser : ActivityManager.getCurrentUser() : 0

01-07 15:19:01.863  7398  7398 D LGAodEx : LgeQuickCoverNotificationData: isNotificationForCurrentUser : true

01-07 15:19:01.864  2571  2571 I StatusBarIconController: [StatusBarIconController.java:271:updateNotificationIcons()]updateNotificationIcons()

01-07 15:19:01.865  7398  7398 D LGAodEx : LgeQuickCoverNotificationData: isNotificationForCurrentUser : ActivityManager.getCurrentUser() : 0

01-07 15:19:01.865  7398  7398 D LGAodEx : LgeQuickCoverNotificationData: isNotificationForCurrentUser : true

01-07 15:19:01.866  2571  2571 I PhoneStatusBar: [PhoneStatusBar.java:2237:updateMediaMetaData()]updateMediaMetaData(false): mMediaMetadata = null

01-07 15:19:01.867  2571  2571 D KeyguardModel: isLiveWallpaper : true

01-07 15:19:01.868  2571  2571 D KeyguardModel: isLiveWallpaper : true

01-07 15:19:01.868  2571  2571 D NotificationBackground: [NotificationBackground.java:190:updateBackground()]updateBackground(), 0x0

01-07 15:19:01.869  7398  7398 D LGAodEx : LgeQuickCoverNotificationData: isNotificationForCurrentUser : ActivityManager.getCurrentUser() : 0

01-07 15:19:01.871  7398  7398 D LGAodEx : LgeQuickCoverNotificationData: isNotificationForCurrentUser : true

01-07 15:19:01.873  7398  7398 D LGAodEx : LgeQuickCoverNotificationData: isNotificationForCurrentUser : ActivityManager.getCurrentUser() : 0

01-07 15:19:01.873  7398  7398 D LGAodEx : LgeQuickCoverNotificationData: isNotificationForCurrentUser : true

01-07 15:19:01.875  7398  7398 D LGAodEx : LgeQuickCoverNotificationData: isNotificationForCurrentUser : ActivityManager.getCurrentUser() : 0

01-07 15:19:01.876  7398  7398 D LGAodEx : LgeQuickCoverNotificationData: isNotificationForCurrentUser : true

01-07 15:19:01.877  7398  7398 D LGAodEx : LgeQuickCoverNotificationData: isNotificationForCurrentUser : ActivityManager.getCurrentUser() : 0

01-07 15:19:01.877  7398  7398 D LGAodEx : LgeQuickCoverNotificationData: isNotificationForCurrentUser : true

01-07 15:19:01.878  7398  7398 D LGAodEx : LgeQuickCoverNotificationData: isNotificationForCurrentUser : ActivityManager.getCurrentUser() : 0

01-07 15:19:01.878  7398  7398 D LGAodEx : LgeQuickCoverNotificationData: isNotificationForCurrentUser : true

01-07 15:19:01.879  7398  7398 D LGAodEx : LgeQuickCoverNotificationData: isNotificationForCurrentUser : ActivityManager.getCurrentUser() : 0

01-07 15:19:01.879  7398  7398 D LGAodEx : LgeQuickCoverNotificationData: isNotificationForCurrentUser : true

01-07 15:19:01.879  7398  7398 D LGAodEx : LgeQuickCoverNotificationData: isNotificationForCurrentUser : ActivityManager.getCurrentUser() : 0

01-07 15:19:01.880  7398  7398 D LGAodEx : LgeQuickCoverNotificationData: isNotificationForCurrentUser : true

01-07 15:19:01.880  7398  7398 D LGAodEx : LgeQuickCoverNotificationData: isNotificationForCurrentUser : ActivityManager.getCurrentUser() : 0

01-07 15:19:01.881  7398  7398 D LGAodEx : LgeQuickCoverNotificationData: isNotificationForCurrentUser : true

01-07 15:19:01.881  7398  7398 D LGAodEx : LgeQuickCoverNotificationData: isNotificationForCurrentUser : ActivityManager.getCurrentUser() : 0

01-07 15:19:01.881  7398  7398 D LGAodEx : LgeQuickCoverNotificationData: isNotificationForCurrentUser : true

01-07 15:19:01.882  7398  7398 D LGAodEx : LgeQuickCoverNotificationData.java:308 showAll(): showAll13

01-07 15:19:01.882  7398  7398 D LGAodEx : LgeQuickCoverNotificationData: showAll(): Key : 0|com.easyx.coolermaster|1|null|10156 , GroupKey : 0|com.easyx.coolermaster|1|null|10156

01-07 15:19:01.882  7398  7398 D LGAodEx : LgeQuickCoverNotificationData: showAll(): Key : 0|com.ahnlab.v3mobilesecurity.soda|1105|null|10140 , GroupKey : 0|com.ahnlab.v3mobilesecurity.soda|1105|null|10140

01-07 15:19:01.882  7398  7398 D LGAodEx : LgeQuickCoverNotificationData: showAll(): Key : 0|com.kakao.page|3|75067|10230 , GroupKey : 0|com.kakao.page|3|75067|10230

01-07 15:19:01.882  7398  7398 D LGAodEx : LgeQuickCoverNotificationData: showAll(): Key : 0|com.google.android.youtube|99|PQSVWDkM6fo|10133 , GroupKey : 0|com.google.android.youtube|g:

01-07 15:19:01.882  7398  7398 D LGAodEx : LgeQuickCoverNotificationData: showAll(): Key : 0|com.sirma.mobile.bible.android|2|daily_votd|10190 , GroupKey : 0|com.sirma.mobile.bible.android|2|daily_votd|10190

01-07 15:19:01.882  7398  7398 D LGAodEx : LgeQuickCoverNotificationData: showAll(): Key : 0|kr.co.burgerkinghybrid|1958442170|appboy_notification|10296 , GroupKey : 0|kr.co.burgerkinghybrid|1958442170|appboy_notification|10296

01-07 15:19:01.882  7398  7398 D LGAodEx : LgeQuickCoverNotificationData: showAll(): Key : 0|com.skt.skaf.A000Z00040|447284547|null|10018 , GroupKey : 0|com.skt.skaf.A000Z00040|447284547|null|10018

01-07 15:19:01.882  7398  7398 D LGAodEx : LgeQuickCoverNotificationData: showAll(): Key : 0|com.android.mms|123|null|10044 , GroupKey : 0|com.android.mms|g:group_key_msg_wear

01-07 15:19:01.882  7398  7398 D LGAodEx : LgeQuickCoverNotificationData: showAll(): Key : 0|kr.co.imaxsoft.hellolms|0|FCM-Notification:129700461|10150 , GroupKey : 0|kr.co.imaxsoft.hellolms|0|FCM-Notification:129700461|10150

01-07 15:19:01.882  7398  7398 D LGAodEx : LgeQuickCoverNotificationData: showAll(): Key : 0|com.kakao.talk|1|null|10172 , GroupKey : 0|com.kakao.talk|g:chat_message

01-07 15:19:01.882  7398  7398 D LGAodEx : LgeQuickCoverNotificationData: showAll(): Key : 0|com.campmobile.launcher|0|null|10173 , GroupKey : 0|com.campmobile.launcher|0|null|10173

01-07 15:19:01.882  7398  7398 D LGAodEx : LgeQuickCoverNotificationData: showAll(): Key : -1|android|17040406|null|1000 , GroupKey : -1|android|17040406|null|1000

01-07 15:19:01.882  7398  7398 D LGAodEx : LgeQuickCoverNotificationData: showAll(): Key : -1|android|34406902|null|1000 , GroupKey : -1|android|34406902|null|1000

01-07 15:19:02.166 18644 19043 D AppChangedDetector: lastUsedAppId com.YourCompany.Rolling

01-07 15:19:02.510  1794  2264 V sensors_hal_Mag: processReportInd:sensor android.sensor.magnetic_field 

01-07 15:19:02.510  1794  2264 V sensors_hal_Mag: processReportInd: Cal Mag Filter, 3, 1, -28.112793, -4.251099, -32.873535, -212.748718, -28.607178, -265.383911, -26.593590, -3.575897, -33.172989

01-07 15:19:02.510  1794  2334 D sensors_hal_Ctx: poll:polldata:1, sensor:10, type:2, x:-26.593590 y:-3.575897 z:-33.172989

01-07 15:19:02.510  1794  2334 D sensors_hal_Util: waitForResponse: timeout=0

01-07 15:19:02.528  1794  2264 V sensors_hal_Gyro: processReportInd: X: -0.097488 Y: 0.045639 Z: -0.128845 

01-07 15:19:02.528  1794  2334 D sensors_hal_Ctx: poll:polldata:2, sensor:0, type:1, x:-3.071335 y:3.646271 z:8.909607

01-07 15:19:02.528  1794  2334 D sensors_hal_Util: waitForResponse: timeout=0

01-07 15:19:02.530  1794  2264 V sensors_hal_Mag: processReportInd:sensor android.sensor.magnetic_field 

01-07 15:19:02.530  1794  2264 V sensors_hal_Mag: processReportInd: Cal Mag Filter, 4, 1, -27.062988, -3.500366, -33.923340, -211.999512, -28.906250, -266.134644, -26.499939, -3.613281, -33.266830

01-07 15:19:02.531  1794  2334 D sensors_hal_Ctx: poll:polldata:1, sensor:10, type:2, x:-26.499939 y:-3.613281 z:-33.266830

01-07 15:19:02.531  1794  2334 D sensors_hal_Util: waitForResponse: timeout=0

01-07 15:19:02.548  1794  2264 V sensors_hal_Gyro: processReportInd: X: 0.053787 Y: -0.089645 Z: -0.181046 

01-07 15:19:02.548  1794  2334 D sensors_hal_Ctx: poll:polldata:2, sensor:0, type:1, x:-3.119217 y:3.572052 z:8.813843

01-07 15:19:02.548  1794  2334 D sensors_hal_Util: waitForResponse: timeout=0

01-07 15:19:02.550  1794  2264 V sensors_hal_Mag: processReportInd:sensor android.sensor.magnetic_field 

01-07 15:19:02.550  1794  2264 V sensors_hal_Mag: processReportInd: Cal Mag Filter, 5, 1, -28.262329, -3.651428, -35.572815, -214.999390, -28.007507, -268.833923, -26.874924, -3.500938, -33.604240

01-07 15:19:02.550  1794  2334 D sensors_hal_Ctx: poll:polldata:1, sensor:10, type:2, x:-26.874924 y:-3.500938 z:-33.604240

01-07 15:19:02.550  1794  2334 D sensors_hal_Util: waitForResponse: timeout=0

01-07 15:19:02.568  1794  2264 V sensors_hal_Gyro: processReportInd: X: 0.223160 Y: -0.133316 Z: -0.161880 

01-07 15:19:02.568  1794  2334 D sensors_hal_Ctx: poll:polldata:2, sensor:0, type:1, x:-2.855850 y:3.469101 z:8.852142

01-07 15:19:02.568  1794  2334 D sensors_hal_Util: waitForResponse: timeout=0

01-07 15:19:02.570  1794  2264 V sensors_hal_Mag: processReportInd:sensor android.sensor.magnetic_field 

01-07 15:19:02.570  1794  2264 V sensors_hal_Mag: processReportInd: Cal Mag Filter, 6, 1, -25.413513, -3.350830, -31.222534, -214.550781, -28.007507, -267.033386, -26.818848, -3.500938, -33.379173

01-07 15:19:02.570  1794  2334 D sensors_hal_Ctx: poll:polldata:1, sensor:10, type:2, x:-26.818848 y:-3.500938 z:-33.379173

01-07 15:19:02.570  1794  2334 D sensors_hal_Util: waitForResponse: timeout=0

01-07 15:19:02.588  1794  2264 V sensors_hal_Gyro: processReportInd: X: 0.320099 Y: -0.150360 Z: -0.174652 

01-07 15:19:02.588  1794  2334 D sensors_hal_Ctx: poll:polldata:2, sensor:0, type:1, x:-1.871841 y:3.835419 z:9.129868

01-07 15:19:02.588  1794  2334 D sensors_hal_Util: waitForResponse: timeout=0

01-07 15:19:02.590  1794  2264 V sensors_hal_Mag: processReportInd:sensor android.sensor.magnetic_field 

01-07 15:19:02.590  1794  2264 V sensors_hal_Mag: processReportInd: Cal Mag Filter, 7, 1, -26.463318, -4.701233, -33.023071, -214.701843, -28.158569, -265.383911, -26.837730, -3.519821, -33.172989

01-07 15:19:02.590  1794  2334 D sensors_hal_Ctx: poll:polldata:1, sensor:10, type:2, x:-26.837730 y:-3.519821 z:-33.172989

01-07 15:19:02.590  1794  2334 D sensors_hal_Util: waitForResponse: timeout=0

01-07 15:19:02.603  1794  2655 I sensors_hal_Ctx: flush: handle is 86

01-07 15:19:02.603  1794  2655 I sensors_hal_SAM: flush:sensor() handle:86

01-07 15:19:02.603  1794  2655 D sensors_hal_SAM: flush: handle 86 batch_support 1

01-07 15:19:02.603  1794  2655 D sensors_hal_HealthActivityPattern: sendBatchReq: batching: 1, batch_rate=0.199997 (Hz)

01-07 15:19:02.606  1794  2499 I sensors_hal_Ctx: flush: handle is 48

01-07 15:19:02.606  1794  2499 I sensors_hal_SAM: flush:sensor(android.sensor.step_detector) handle:48

01-07 15:19:02.606  1794  2499 D sensors_hal_SAM: flush: handle 48 batch_support 1

01-07 15:19:02.606  1794  2499 D sensors_hal_StepDetector: sendBatchReq: batching: 1, batch_rate=0.016663 (Hz)

01-07 15:19:02.607  1794  2278 I sensors_hal_HealthActivityPattern: processResp: handle:86

01-07 15:19:02.607  1794  2278 D sensors_hal_HealthActivityPattern: processResp: Received SNS_SAM_HEALTH_ACTIVITY_BATCH_RESP_V01

01-07 15:19:02.607  1794  2278 D sensors_hal: flushSendCmplt: handle=86

01-07 15:19:02.607  1794  2334 D sensors_hal_Ctx: poll:polldata:1, sensor:0, type:0, x:0.000000 y:0.000000 z:0.000000

01-07 15:19:02.607  1794  2334 D sensors_hal_Util: waitForResponse: timeout=0

01-07 15:19:02.608  1794  2286 D sensors_hal_StepDetector: processResp: Received SNS_SAM_PED_BATCH_RESP_V01

01-07 15:19:02.608  1794  2334 D sensors_hal_Ctx: poll:polldata:1, sensor:0, type:1, x:-2.142380 y:4.067657 z:8.794678

01-07 15:19:02.608  1794  2286 D sensors_hal: flushSendCmplt: handle=48

01-07 15:19:02.608  1794  2264 V sensors_hal_Gyro: processReportInd: X: 0.156052 Y: 0.099976 Z: -0.102219 

01-07 15:19:02.608  1794  2334 D sensors_hal_Ctx: poll:polldata:2, sensor:0, type:0, x:0.000000 y:0.000000 z:135756507167456231424.000000

01-07 15:19:02.608  1794  2334 D sensors_hal_Util: waitForResponse: timeout=0

01-07 15:19:02.610  1794  2264 V sensors_hal_Mag: processReportInd:sensor android.sensor.magnetic_field 

01-07 15:19:02.610  1794  2264 V sensors_hal_Mag: processReportInd: Cal Mag Filter, 0, 1, -26.762390, -3.800964, -33.172607, -215.751648, -27.708435, -265.083313, -26.968956, -3.463554, -33.135414

01-07 15:19:02.610  1794  2334 D sensors_hal_Ctx: poll:polldata:1, sensor:10, type:2, x:-26.968956 y:-3.463554 z:-33.135414

01-07 15:19:02.610  1794  2334 D sensors_hal_Util: waitForResponse: timeout=0

01-07 15:19:02.628  1794  2264 V sensors_hal_Gyro: processReportInd: X: -0.166733 Y: 0.292786 Z: -0.014862 

01-07 15:19:02.628  1794  2334 D sensors_hal_Ctx: poll:polldata:1, sensor:0, type:1, x:-2.535034 y:4.328613 z:8.217682

01-07 15:19:02.628  1794  2334 D sensors_hal_Ctx: poll:polldata:1, sensor:2, type:4, x:-0.166733 y:0.292786 z:-0.014862

01-07 15:19:02.628  1794  2334 D sensors_hal_Util: waitForResponse: timeout=0

01-07 15:19:02.630  1794  2264 V sensors_hal_Mag: processReportInd:sensor android.sensor.magnetic_field 

01-07 15:19:02.630  1794  2264 V sensors_hal_Mag: processReportInd: Cal Mag Filter, 1, 1, -27.062988, -5.601501, -34.672546, -216.502380, -30.558777, -266.583252, -27.062798, -3.819847, -33.322906

01-07 15:19:02.630  1794  2334 D sensors_hal_Ctx: poll:polldata:1, sensor:10, type:2, x:-27.062798 y:-3.819847 z:-33.322906

01-07 15:19:02.630  1794  2334 D sensors_hal_Util: waitForResponse: timeout=0

01-07 15:19:02.648  1794  2334 D sensors_hal_Ctx: poll:polldata:1, sensor:0, type:1, x:-2.882187 y:3.557678 z:8.519348

01-07 15:19:02.648  1794  2334 D sensors_hal_Util: waitForResponse: timeout=0

01-07 15:19:02.649  1794  2264 V sensors_hal_Gyro: processReportInd: X: -0.343567 Y: 0.308762 Z: -0.003143 

01-07 15:19:02.649  1794  2334 D sensors_hal_Ctx: poll:polldata:1, sensor:2, type:4, x:-0.343567 y:0.308762 z:-0.003143

01-07 15:19:02.649  1794  2334 D sensors_hal_Util: waitForResponse: timeout=0

01-07 15:19:02.650  1794  2264 V sensors_hal_Mag: processReportInd:sensor android.sensor.magnetic_field 

01-07 15:19:02.650  1794  2264 V sensors_hal_Mag: processReportInd: Cal Mag Filter, 2, 1, -27.212524, -4.701233, -35.122681, -216.352844, -33.558655, -269.583130, -27.044106, -4.194832, -33.697891

01-07 15:19:02.650  1794  2334 D sensors_hal_Ctx: poll:polldata:1, sensor:10, type:2, x:-27.044106 y:-4.194832 z:-33.697891

01-07 15:19:02.650  1794  2334 D sensors_hal_Util: waitForResponse: timeout=0

01-07 15:19:02.668 18644 19043 D AppChangedDetector: lastUsedAppId com.YourCompany.Rolling

01-07 15:19:03.080  1041  1362 W XTCC-5.1.0.7: [PosMgr] Position request

01-07 15:19:03.083   988  2739 I LowiWifiHal: ivmh: event received NL80211_CMD_TRIGGER_SCAN

01-07 15:19:03.083   988  2739 I LowiWifiHal: ivmh: event received NL80211_CMD_TRIGGER_SCAN, vendor_id = 0x0

01-07 15:19:03.083   988  2739 I LowiWifiHal: ivmh: event ignored!!

01-07 15:19:03.083  2742  2742 I wpa_supplicant: wlan0: CTRL-EVENT-SCAN-STARTED 

01-07 15:19:03.171 18644 19043 D AppChangedDetector: lastUsedAppId com.YourCompany.Rolling

01-07 15:19:03.172   940   977 I GBMv2   : GBM state [10]

01-07 15:19:03.245  1794  1943 D AutomaticBrightnessControllerEx: [MultiALC] (new) start checking!! mAmbientLuxWhenBarReleased : 0.0 / mBrightnessWhenBarReleased : 10 / mAmbientLux : 284.0 / mScreenBrightness = 136

01-07 15:19:03.245  1794  1943 D AutomaticBrightnessControllerEx: [MultiALC] same brightness~~~ : 136

01-07 15:19:03.272   940   977 I GBMv2   : GBM state [0]

01-07 15:19:03.272   940   977 I GBMv2   : GBM state [1]

01-07 15:19:03.429  1794  2513 V WifiServerServiceExt: checkPollTimer Cnt= 0 rssi =-65 threshold=-100

01-07 15:19:03.607  1794  3096 I sensors_hal_Ctx: flush: handle is 86

01-07 15:19:03.607  1794  3096 I sensors_hal_SAM: flush:sensor() handle:86

01-07 15:19:03.607  1794  2991 I sensors_hal_Ctx: flush: handle is 48

01-07 15:19:03.607  1794  2991 I sensors_hal_SAM: flush:sensor(android.sensor.step_detector) handle:48

01-07 15:19:03.609  1794  2278 I sensors_hal_HealthActivityPattern: processResp: handle:86

01-07 15:19:03.673 18644 19043 D AppChangedDetector: lastUsedAppId com.YourCompany.Rolling

01-07 15:19:03.874   988  2739 I LowiWifiHal: ivmh: event received NL80211_CMD_NEW_SCAN_RESULTS

01-07 15:19:03.874   988  2739 I LowiWifiHal: ivmh: event received NL80211_CMD_NEW_SCAN_RESULTS, vendor_id = 0x0

01-07 15:19:03.874   988  2739 I LowiWifiHal: ivmh: event ignored!!

01-07 15:19:03.874  3178  3437 D P2pExtMonWorker: Event [CTRL-EVENT-SCAN-RESULTS ]

01-07 15:19:03.875  3178  3437 D P2pExtMonWorker: Event [WPS-AP-AVAILABLE ]

01-07 15:19:03.875  1794  2506 D LGWifiP2pService: InactiveState{ when=0 what=147461 target=com.android.internal.util.StateMachine$SmHandler }

01-07 15:19:03.875  1794  2506 D LGWifiP2pService: P2pEnabledState{ when=0 what=147461 target=com.android.internal.util.StateMachine$SmHandler }

01-07 15:19:03.875  1794  2506 D LGWifiP2pService: DefaultState{ when=0 what=147461 target=com.android.internal.util.StateMachine$SmHandler }

01-07 15:19:03.876  1041  1362 W XTCC-5.1.0.7: [WifiScanner] WiFi scan result : [8] AP's

01-07 15:19:03.876  1041  1362 W XTCC-5.1.0.7: [PosMgr] sending back response for POSITION (a) tx(54027), Number of APs used in this position request (8)

01-07 15:19:03.877  1794  3541 E LocSvc_libulp: E/int ulp_brain_transition_all_providers(), no QUIPC/GNSS transition logic run due to both engines are OFF 

01-07 15:19:03.877  1794  2973 I IzatProviderEngine: LocTech-Label :: OSDC :: Position Report In

01-07 15:19:03.877  1794  2973 I IzatProviderEngine: LocTech-Value :: UTC Time: 1578377943877, Elapsed Real Time Nanos: 241023940426014, Latitude: 37.56421793054611, Longitude: 127.03903127885225, Altitude: 0.0, Speed: 0.0, Bearing: 0.0, Accuracy: 68.81808

01-07 15:19:03.877  1041  1368 W XTCC-5.1.0.7: [WifiScanner] WiFi scan result : [8] AP's

01-07 15:19:03.878  1041  1368 W XTCC-5.1.0.7: [FDAL_ZPP_MGR] RequestNewZppFix: Getting ZPP

01-07 15:19:03.878  1794  2982 E QMI_FW  : QCCI qmi_cci_xport_recv: txn not found. svc_id: 16

01-07 15:19:03.878  1794  2973 E LocSvc_LBSApiV02: E/virtual int lbs_core::LBSApiV02::injectCoarsePosition(const CoarsePositionInfo&):320]: Error : st = 3, ind.status = -1552449536

01-07 15:19:03.879  1794  1917 D LocationManagerService: This location is marked as ready for broadcast

01-07 15:19:03.879  1794  1917 D LocationManagerService: incoming location: Location[network 37.564218,127.039031 acc=69 et=+2d18h57m3s940ms alt=0.0 vel=0.0 bear=0.0 {Bundle[{com.qualcomm.location.nlp:ready=true}]}]

01-07 15:19:03.880  1041  1368 W XTCC-5.1.0.7: [FDAL_ZPP_MGR] RequestNewZppFix 37.562943 127.040405 466.737122: ZPP Return Flag 0x11

01-07 15:19:03.884  1794  1917 D LocationManagerService: incoming location: Location[network 37.564218,127.039031 acc=69 et=+2d18h57m3s940ms alt=0.0 vel=0.0 bear=0.0 {Bundle[{com.qualcomm.location.nlp:ready=true}]}]

01-07 15:19:03.892  3070  3070 E API     : getOnOffStatus status : 0

01-07 15:19:03.892  3070  3070 I WIFI_MANAGER: Engine OFF >> Do Nothing.... 

01-07 15:19:03.896  1794  2510 D LgWifiFavoriteAp: ConnectedState - msg [3] is not handled

01-07 15:19:04.175 18644 19043 D AppChangedDetector: lastUsedAppId com.YourCompany.Rolling

01-07 15:19:04.388  1794  2344 D InputDispatcher: notifyMotion - action=ACTION_UP(0), id=0, tooltype=1, deviceId=4, source=0x1002, policyFlags=0x0, flags=0x0, metaState=0x0, buttonState=0x0, edgeFlags=0x0, eventTime=139515672370000, downTime=139506811108000, 

01-07 15:19:04.389  1794  2343 D InputTransport: channel 'b744e78 com.YourCompany.Rolling/com.epicgames.ue4.GameActivity (server)' : action=ACTION_UP(0), id=0, tooltype=1, deviceId=4, source=0x1002, flags=0x2, edgeFlags=0x0, metaState=0x0, buttonState=0x0, downTime=139506811108000, eventTime=139515672370000, pointerCount=1

01-07 15:19:04.390 24468 24468 I ViewRootImpl: ViewRoot's Touch Event : ACTION_UP

01-07 15:19:04.608  1794  2655 I sensors_hal_Ctx: flush: handle is 86

01-07 15:19:04.608  1794  2655 I sensors_hal_SAM: flush:sensor() handle:86

01-07 15:19:04.608  1794  3076 I sensors_hal_Ctx: flush: handle is 48

01-07 15:19:04.608  1794  3076 I sensors_hal_SAM: flush:sensor(android.sensor.step_detector) handle:48

01-07 15:19:04.610  1794  2278 I sensors_hal_HealthActivityPattern: processResp: handle:86

01-07 15:19:04.678 18644 19043 D AppChangedDetector: lastUsedAppId com.YourCompany.Rolling

01-07 15:19:04.941 24468 24487 D UE4     : LogUMG: Display: Widget Class GameClear_C - Loaded Fast Template.

01-07 15:19:04.942 24468 24487 D UE4     : [2020.01.07-06.19.04:942][423]LogUMG: Display: Widget Class GameClear_C - Loaded Fast Template.

01-07 15:19:04.942 24468 24487 D UE4     : LogScript: Warning: Accessed None trying to read property CallFunc_Create_ReturnValue

01-07 15:19:04.942 24468 24487 D UE4     : 	12_C /Game/Game/Level/12.12:PersistentLevel.12_C_2

01-07 15:19:04.942 24468 24487 D UE4     : 	Function /Game/Game/Level/12.12_C:ExecuteUbergraph_12:02EB

01-07 15:19:04.942 24468 24487 D UE4     : [2020.01.07-06.19.04:942][423]LogScript: Warning: Accessed None trying to read property CallFunc_Create_ReturnValue

01-07 15:19:04.942 24468 24487 D UE4     : 	12_C /Game/Game/Level/12.12:PersistentLevel.12_C_2

01-07 15:19:04.942 24468 24487 D UE4     : 	Function /Game/Game/Level/12.12_C:ExecuteUbergraph_12:02EB

01-07 15:19:04.942 24468 24487 D UE4     : LogScript: Warning: Script call stack:

01-07 15:19:04.942 24468 24487 D UE4     : 	Function /Game/Game/Level/12.12_C:BndEvt__TriggerBox_1_K2Node_ActorBoundEvent_0_ActorBeginOverlapSignature__DelegateSignature

01-07 15:19:04.942 24468 24487 D UE4     : 	Function /Game/Game/Level/12.12_C:ExecuteUbergraph_12

01-07 15:19:04.942 24468 24487 D UE4     : [2020.01.07-06.19.04:942][423]LogScript: Warning: Script call stack:

01-07 15:19:04.942 24468 24487 D UE4     : 	Function /Game/Game/Level/12.12_C:BndEvt__TriggerBox_1_K2Node_ActorBoundEvent_0_ActorBeginOverlapSignature__DelegateSignature

01-07 15:19:04.942 24468 24487 D UE4     : 	Function /Game/Game/Level/12.12_C:ExecuteUbergraph_12

01-07 15:19:05.180 18644 19043 D AppChangedDetector: lastUsedAppId com.YourCompany.Rolling

01-07 15:19:05.422  3186  3186 D Telephony: PhoneInterfaceManager: [PhoneIntfMgr] mSigLevel = 4

01-07 15:19:05.423  2571  2942 D 1       : [MobileSignalController.java:1235:onSignalStrengthsChanged()]onSignalStrengthsChanged signalStrength=SignalStrength: 99 0 -120 -160 -120 -1 -1 25 -93 -13 4 2147483647 2147483647 gsm|lte 14 0 2147483647 2147483647 level=4

01-07 15:19:05.423  2571  2942 D MobileSignalController: [MobileSignalController.java:864:updateTelephony()]updateTelephonySignalStrength: hasService=true ss=SignalStrength: 99 0 -120 -160 -120 -1 -1 25 -93 -13 4 2147483647 2147483647 gsm|lte 14 0 2147483647 2147483647

01-07 15:19:05.423  2571  2942 I NetworkController: [NetworkControllerImpl.java:635:onReceive()]onReceive: intent=Intent { act=android.intent.action.SIG_STR flg=0x20000010 (has extras) }

01-07 15:19:05.573  1794  2344 D InputDispatcher: notifyMotion - action=ACTION_DOWN(0), id=0, tooltype=1, deviceId=4, source=0x1002, policyFlags=0x0, flags=0x0, metaState=0x0, buttonState=0x0, edgeFlags=0x0, eventTime=139516857789000, downTime=139516857789000, 

01-07 15:19:05.574  1794  2343 D InputTransport: channel 'b744e78 com.YourCompany.Rolling/com.epicgames.ue4.GameActivity (server)' : action=ACTION_DOWN(0), id=0, tooltype=1, deviceId=4, source=0x1002, flags=0x2, edgeFlags=0x0, metaState=0x0, buttonState=0x0, downTime=139516857789000, eventTime=139516857789000, pointerCount=1

01-07 15:19:05.575 24468 24468 I ViewRootImpl: ViewRoot's Touch Event : ACTION_DOWN

01-07 15:19:05.591 24468 24487 D UE4     : [2020.01.07-06.19.05:591][462]LogSlate: FSceneViewport::OnFocusLost() reason 0

01-07 15:19:05.609  1794  2655 I sensors_hal_Ctx: flush: handle is 86

01-07 15:19:05.609  1794  2655 I sensors_hal_SAM: flush:sensor() handle:86

01-07 15:19:05.609  1794  3076 I sensors_hal_Ctx: flush: handle is 48

01-07 15:19:05.609  1794  3076 I sensors_hal_SAM: flush:sensor(android.sensor.step_detector) handle:48

01-07 15:19:05.613  1794  2278 I sensors_hal_HealthActivityPattern: processResp: handle:86

01-07 15:19:05.617  1794  2344 D InputDispatcher: notifyMotion - action=ACTION_UP(0), id=0, tooltype=1, deviceId=4, source=0x1002, policyFlags=0x0, flags=0x0, metaState=0x0, buttonState=0x0, edgeFlags=0x0, eventTime=139516899582000, downTime=139516857789000, 

01-07 15:19:05.617  1794  2343 D InputTransport: channel 'b744e78 com.YourCompany.Rolling/com.epicgames.ue4.GameActivity (server)' : action=ACTION_UP(0), id=0, tooltype=1, deviceId=4, source=0x1002, flags=0x2, edgeFlags=0x0, metaState=0x0, buttonState=0x0, downTime=139516857789000, eventTime=139516899582000, pointerCount=1

01-07 15:19:05.617 24468 24468 I ViewRootImpl: ViewRoot's Touch Event : ACTION_UP

01-07 15:19:05.683 18644 19043 D AppChangedDetector: lastUsedAppId com.YourCompany.Rolling

01-07 15:19:05.691 24468 24487 D UE4     : [2020.01.07-06.19.05:691][464]LogPackageName: SearchForPackageOnDisk took   0.061s, but failed to resolve 13.umap.

01-07 15:19:05.754 24468 24487 D UE4     : [2020.01.07-06.19.05:754][464]LogPackageName: SearchForPackageOnDisk took   0.061s, but failed to resolve 13.umap.

01-07 15:19:05.754 24468 24487 D UE4     : [2020.01.07-06.19.05:754][464]LogNet: Browse: /Game/Game/Level/0

01-07 15:19:05.755 24468 24487 D UE4     : LogNet: Warning: Travel Failure: [InvalidURL]: Invalid URL: /Game/Game/Level/0

01-07 15:19:05.755 24468 24487 D UE4     : [2020.01.07-06.19.05:755][464]LogNet: Warning: Travel Failure: [InvalidURL]: Invalid URL: /Game/Game/Level/0

01-07 15:19:05.755 24468 24487 D UE4     : [2020.01.07-06.19.05:755][464]LogNet: TravelFailure: InvalidURL, Reason for Failure: 'Invalid URL: /Game/Game/Level/0'

01-07 15:19:05.755 24468 24487 D UE4     : LogNet: Warning: Travel Failure: [ClientTravelFailure]: Invalid URL: /Game/Game/Level/0

01-07 15:19:05.755 24468 24487 D UE4     : [2020.01.07-06.19.05:755][464]LogNet: Warning: Travel Failure: [ClientTravelFailure]: Invalid URL: /Game/Game/Level/0

01-07 15:19:05.755 24468 24487 D UE4     : [2020.01.07-06.19.05:755][464]LogNet: TravelFailure: ClientTravelFailure, Reason for Failure: 'Invalid URL: /Game/Game/Level/0'

01-07 15:19:05.781 24468 24487 D UE4     : [2020.01.07-06.19.05:781][465]LogNet: Browse: /Game/Game/Level/0?closed

01-07 15:19:05.781 24468 24487 D UE4     : [2020.01.07-06.19.05:781][465]LogNet: Failed; returning to Entry

01-07 15:19:05.787 24468 24487 D UE4     : [2020.01.07-06.19.05:787][465]LogLoad: LoadMap: /Game/Game/Level/0?closed

01-07 15:19:05.788 24468 24487 D UE4     : In AndroidThunkJava_HideAdBanner

01-07 15:19:05.879  1041  1362 W XTCC-5.1.0.7: [PosMgr] Position request

01-07 15:19:05.888  1041  1362 W XTCC-5.1.0.7: [WifiScanner] WiFi scan result : [8] AP's

01-07 15:19:05.888  1041  1362 W XTCC-5.1.0.7: [PosMgr] sending back response for POSITION (a) tx(54028), Number of APs used in this position request (8)

01-07 15:19:05.891  1794  2973 E IzatSvc_QNP: E/Exiting with error virtual void izat_manager::QNP::reportLocation(const izat_manager::LocationReport*, const izat_manager::ILocationProvider*) line 367 "1"

01-07 15:19:05.891  1794  3541 E LocSvc_libulp: E/int ulp_brain_transition_all_providers(), no QUIPC/GNSS transition logic run due to both engines are OFF 

01-07 15:19:05.891  1794  2973 I IzatProviderEngine: LocTech-Label :: OSDC :: Position Report In

01-07 15:19:05.891  1794  2973 I IzatProviderEngine: LocTech-Value :: UTC Time: 1578377945891, Elapsed Real Time Nanos: 241025954484190, Latitude: 37.56421793054611, Longitude: 127.03903127885225, Altitude: 0.0, Speed: 0.0, Bearing: 0.0, Accuracy: 68.81783

01-07 15:19:05.892  1041  1368 W XTCC-5.1.0.7: [FDAL_ZPP_MGR] RequestNewZppFix: Getting ZPP

