--------- beginning of system

01-04 14:07:31.465  1907  1928 I ActivityManager: START u0 {flg=0x10000000 cmp=com.YourCompany.Rolling/com.epicgames.ue4.SplashActivity} from uid 2000 on display 0

01-04 14:07:31.483  1907  1928 D ActivityManager: setTaskToReturnTo : TaskRecord{5c9800a #8419 A=com.YourCompany.Rolling U=0 sz=0} / mTaskToReturnTo = 1

01-04 14:07:31.483  1907  1928 D ActivityManager: setTaskToReturnTo : TaskRecord{5c9800a #8419 A=com.YourCompany.Rolling U=0 sz=0} / mTaskToReturnTo = 1

01-04 14:07:31.484  1907  1928 D AppWindowTokenEx: AppWindowTokenEx init.. 

01-04 14:07:31.493  1907  1928 W WindowManager: pwm.setNavigationBar() called. show=true

01-04 14:07:31.493  1907  1928 W WindowManager: pwm.setStatusBar() called. show=true

01-04 14:07:31.523  1907  3097 I ActivityManager: Start proc 11629:com.YourCompany.Rolling/u0a318 for activity com.YourCompany.Rolling/com.epicgames.ue4.SplashActivity

01-04 14:07:31.610  1907  1985 I WindowStateAnimator: Starting window displayed

01-04 14:07:31.622  1907  1945 W WindowManager: Call!!!getLGSystemUiVisibility. =0x0

01-04 14:07:31.622  1907  1945 D StatusBarManagerServiceEx: setLGSystemUiVisibility(0x0)

01-04 14:07:31.622  1907  1945 D StatusBarManagerServiceEx: manageNaviBtnDisableList userId=0 what=0x0 pkg=Window{8dac3f3 u0 Starting com.YourCompany.Rolling}

01-04 14:07:31.703 11629 11629 I Timeline: Timeline: Activity_launch_request id:com.YourCompany.Rolling time:111551553

01-04 14:07:31.704  1907  3066 I ActivityManager: START u0 {flg=0x10000 cmp=com.YourCompany.Rolling/com.epicgames.ue4.GameActivity (has extras)} from uid 10318 on display 0

01-04 14:07:31.709  1907  3066 D AppWindowTokenEx: AppWindowTokenEx init.. 

01-04 14:07:31.710  1907  1945 W WindowManager: Call!!!getLGSystemUiVisibility. =0x0

01-04 14:07:31.710  1907  1945 D StatusBarManagerServiceEx: setLGSystemUiVisibility(0x0)

01-04 14:07:31.710  1907  1945 D StatusBarManagerServiceEx: manageNaviBtnDisableList userId=0 what=0x0 pkg=Window{8dac3f3 u0 Starting com.YourCompany.Rolling}

01-04 14:07:32.291  1907  3050 D VoldConnector: SND -> {27 volume mkdirs /storage/9016-4EF8/Android/obb/com.YourCompany.Rolling/}

01-04 14:07:32.293   472   475 D VoldCmdListener: volume mkdirs /storage/9016-4EF8/Android/obb/com.YourCompany.Rolling/

01-04 14:07:32.317  1907  2392 D VoldConnector: RCV <- {200 27 Command succeeded}

01-04 14:07:32.328  1907  3063 D VoldConnector: SND -> {28 volume mkdirs /storage/9016-4EF8/Android/data/com.YourCompany.Rolling/files/}

01-04 14:07:32.329   472   475 D VoldCmdListener: volume mkdirs /storage/9016-4EF8/Android/data/com.YourCompany.Rolling/files/

01-04 14:07:32.344  1907  2530 D ConnectivityService: updateCapabilities cap:[ Transports: WIFI Capabilities: INTERNET&NOT_RESTRICTED&TRUSTED&NOT_VPN LinkUpBandwidth>=1048576Kbps LinkDnBandwidth>=1048576Kbps SignalStrength: -77]

01-04 14:07:32.345  1907  2530 D CSLegacyTypeTracker: Adding agent NetworkAgentInfo{ ni{[type: MOBILE[LTE], state: CONNECTED/CONNECTED, reason: connected, extra: ims, roaming: false, failover: false, isAvailable: true, network type: 0]}  network{100}  lp{{InterfaceName: rmnet_data0 LinkAddresses: [2001:2d8:e266:c692:e1e3:7da8:5558:b45e/64,]  Routes: [::/0 -> fe80::51cd:ba1e:2435:3ce3 rmnet_data0,] DnsAddresses: [fd00:e13:501:c::170,fd00:e13:101:c::7,] Domains: null MTU: 1440 TcpBufferSizes: 2097152,4194304,8388608,1048576,3145728,4194304 PcscfAddresses: [2001:2d8:e0:220::50,] }}  nc{[ Transports: CELLULAR Capabilities: MMS&IMS&NOT_RESTRICTED&TRUSTED&NOT_VPN&VALIDATED LinkUpBandwidth>=51200Kbps LinkDnBandwidth>=102400Kbps Specifier: <1>]}  Score{50}  everValidated{true}  lastValidated{true}  created{true} lingering{false} explicitlySelected{false} acceptUnvalidated{false} everCaptivePortalDetected{false} lastCaptivePortalDetected{false} } for legacy network type 11

01-04 14:07:32.345  1907  2530 D ConnectivityService: notifyType CAP_CHANGED for NetworkAgentInfo [WIFI () - 132]

01-04 14:07:32.354  1907  1929 D ConnectivityService: getActiveNetwork nai=NetworkAgentInfo{ ni{[type: WIFI[], state: CONNECTED/CONNECTED, reason: (unspecified), extra: "U+NetEA13", roaming: false, failover: false, isAvailable: true, network type: 1]}  network{132}  lp{{InterfaceName: wlan0 LinkAddresses: [fe80::5e70:a3ff:fe45:d7ff/64,192.168.219.102/24,]  Routes: [fe80::/64 -> :: wlan0,192.168.219.0/24 -> 0.0.0.0 wlan0,0.0.0.0/0 -> 192.168.219.1 wlan0,] DnsAddresses: [1.214.68.2,61.41.153.2,] Domains:  MTU: 0 TcpBufferSizes: 1048576,4194304,8388608,1048576,2097152,4194304 PcscfAddresses: [] }}  nc{[ Transports: WIFI Capabilities: INTERNET&NOT_RESTRICTED&TRUSTED&NOT_VPN&VALIDATED LinkUpBandwidth>=1048576Kbps LinkDnBandwidth>=1048576Kbps SignalStrength: -77]}  Score{60}  everValidated{true}  lastValidated{true}  created{true} lingering{false} explicitlySelected{false} acceptUnvalidated{false} everCaptivePortalDetected{false} lastCaptivePortalDetected{false} }

01-04 14:07:32.356  1907  2964 D ConnectivityService: getActiveNetwork nai=NetworkAgentInfo{ ni{[type: WIFI[], state: CONNECTED/CONNECTED, reason: (unspecified), extra: "U+NetEA13", roaming: false, failover: false, isAvailable: true, network type: 1]}  network{132}  lp{{InterfaceName: wlan0 LinkAddresses: [fe80::5e70:a3ff:fe45:d7ff/64,192.168.219.102/24,]  Routes: [fe80::/64 -> :: wlan0,192.168.219.0/24 -> 0.0.0.0 wlan0,0.0.0.0/0 -> 192.168.219.1 wlan0,] DnsAddresses: [1.214.68.2,61.41.153.2,] Domains:  MTU: 0 TcpBufferSizes: 1048576,4194304,8388608,1048576,2097152,4194304 PcscfAddresses: [] }}  nc{[ Transports: WIFI Capabilities: INTERNET&NOT_RESTRICTED&TRUSTED&NOT_VPN&VALIDATED LinkUpBandwidth>=1048576Kbps LinkDnBandwidth>=1048576Kbps SignalStrength: -77]}  Score{60}  everValidated{true}  lastValidated{true}  created{true} lingering{false} explicitlySelected{false} acceptUnvalidated{false} everCaptivePortalDetected{false} lastCaptivePortalDetected{false} }

01-04 14:07:32.363  1907  3108 D ConnectivityService: getActiveNetwork nai=NetworkAgentInfo{ ni{[type: WIFI[], state: CONNECTED/CONNECTED, reason: (unspecified), extra: "U+NetEA13", roaming: false, failover: false, isAvailable: true, network type: 1]}  network{132}  lp{{InterfaceName: wlan0 LinkAddresses: [fe80::5e70:a3ff:fe45:d7ff/64,192.168.219.102/24,]  Routes: [fe80::/64 -> :: wlan0,192.168.219.0/24 -> 0.0.0.0 wlan0,0.0.0.0/0 -> 192.168.219.1 wlan0,] DnsAddresses: [1.214.68.2,61.41.153.2,] Domains:  MTU: 0 TcpBufferSizes: 1048576,4194304,8388608,1048576,2097152,4194304 PcscfAddresses: [] }}  nc{[ Transports: WIFI Capabilities: INTERNET&NOT_RESTRICTED&TRUSTED&NOT_VPN&VALIDATED LinkUpBandwidth>=1048576Kbps LinkDnBandwidth>=1048576Kbps SignalStrength: -77]}  Score{60}  everValidated{true}  lastValidated{true}  created{true} lingering{false} explicitlySelected{false} acceptUnvalidated{false} everCaptivePortalDetected{false} lastCaptivePortalDetected{false} }

01-04 14:07:32.364  1907  2629 D ConnectivityService: getActiveNetwork nai=NetworkAgentInfo{ ni{[type: WIFI[], state: CONNECTED/CONNECTED, reason: (unspecified), extra: "U+NetEA13", roaming: false, failover: false, isAvailable: true, network type: 1]}  network{132}  lp{{InterfaceName: wlan0 LinkAddresses: [fe80::5e70:a3ff:fe45:d7ff/64,192.168.219.102/24,]  Routes: [fe80::/64 -> :: wlan0,192.168.219.0/24 -> 0.0.0.0 wlan0,0.0.0.0/0 -> 192.168.219.1 wlan0,] DnsAddresses: [1.214.68.2,61.41.153.2,] Domains:  MTU: 0 TcpBufferSizes: 1048576,4194304,8388608,1048576,2097152,4194304 PcscfAddresses: [] }}  nc{[ Transports: WIFI Capabilities: INTERNET&NOT_RESTRICTED&TRUSTED&NOT_VPN&VALIDATED LinkUpBandwidth>=1048576Kbps LinkDnBandwidth>=1048576Kbps SignalStrength: -77]}  Score{60}  everValidated{true}  lastValidated{true}  created{true} lingering{false} explicitlySelected{false} acceptUnvalidated{false} everCaptivePortalDetected{false} lastCaptivePortalDetected{false} }

01-04 14:07:32.369  1907  3065 D ConnectivityService: getActiveNetwork nai=NetworkAgentInfo{ ni{[type: WIFI[], state: CONNECTED/CONNECTED, reason: (unspecified), extra: "U+NetEA13", roaming: false, failover: false, isAvailable: true, network type: 1]}  network{132}  lp{{InterfaceName: wlan0 LinkAddresses: [fe80::5e70:a3ff:fe45:d7ff/64,192.168.219.102/24,]  Routes: [fe80::/64 -> :: wlan0,192.168.219.0/24 -> 0.0.0.0 wlan0,0.0.0.0/0 -> 192.168.219.1 wlan0,] DnsAddresses: [1.214.68.2,61.41.153.2,] Domains:  MTU: 0 TcpBufferSizes: 1048576,4194304,8388608,1048576,2097152,4194304 PcscfAddresses: [] }}  nc{[ Transports: WIFI Capabilities: INTERNET&NOT_RESTRICTED&TRUSTED&NOT_VPN&VALIDATED LinkUpBandwidth>=1048576Kbps LinkDnBandwidth>=1048576Kbps SignalStrength: -77]}  Score{60}  everValidated{true}  lastValidated{true}  created{true} lingering{false} explicitlySelected{false} acceptUnvalidated{false} everCaptivePortalDetected{false} lastCaptivePortalDetected{false} }

01-04 14:07:32.371  1907  1929 D ConnectivityService: getActiveNetwork nai=NetworkAgentInfo{ ni{[type: WIFI[], state: CONNECTED/CONNECTED, reason: (unspecified), extra: "U+NetEA13", roaming: false, failover: false, isAvailable: true, network type: 1]}  network{132}  lp{{InterfaceName: wlan0 LinkAddresses: [fe80::5e70:a3ff:fe45:d7ff/64,192.168.219.102/24,]  Routes: [fe80::/64 -> :: wlan0,192.168.219.0/24 -> 0.0.0.0 wlan0,0.0.0.0/0 -> 192.168.219.1 wlan0,] DnsAddresses: [1.214.68.2,61.41.153.2,] Domains:  MTU: 0 TcpBufferSizes: 1048576,4194304,8388608,1048576,2097152,4194304 PcscfAddresses: [] }}  nc{[ Transports: WIFI Capabilities: INTERNET&NOT_RESTRICTED&TRUSTED&NOT_VPN&VALIDATED LinkUpBandwidth>=1048576Kbps LinkDnBandwidth>=1048576Kbps SignalStrength: -77]}  Score{60}  everValidated{true}  lastValidated{true}  created{true} lingering{false} explicitlySelected{false} acceptUnvalidated{false} everCaptivePortalDetected{false} lastCaptivePortalDetected{false} }

01-04 14:07:32.373  1907  3089 D ConnectivityService: getActiveNetwork nai=NetworkAgentInfo{ ni{[type: WIFI[], state: CONNECTED/CONNECTED, reason: (unspecified), extra: "U+NetEA13", roaming: false, failover: false, isAvailable: true, network type: 1]}  network{132}  lp{{InterfaceName: wlan0 LinkAddresses: [fe80::5e70:a3ff:fe45:d7ff/64,192.168.219.102/24,]  Routes: [fe80::/64 -> :: wlan0,192.168.219.0/24 -> 0.0.0.0 wlan0,0.0.0.0/0 -> 192.168.219.1 wlan0,] DnsAddresses: [1.214.68.2,61.41.153.2,] Domains:  MTU: 0 TcpBufferSizes: 1048576,4194304,8388608,1048576,2097152,4194304 PcscfAddresses: [] }}  nc{[ Transports: WIFI Capabilities: INTERNET&NOT_RESTRICTED&TRUSTED&NOT_VPN&VALIDATED LinkUpBandwidth>=1048576Kbps LinkDnBandwidth>=1048576Kbps SignalStrength: -77]}  Score{60}  everValidated{true}  lastValidated{true}  created{true} lingering{false} explicitlySelected{false} acceptUnvalidated{false} everCaptivePortalDetected{false} lastCaptivePortalDetected{false} }

01-04 14:07:32.376  1907  3108 D ConnectivityService: getActiveNetwork nai=NetworkAgentInfo{ ni{[type: WIFI[], state: CONNECTED/CONNECTED, reason: (unspecified), extra: "U+NetEA13", roaming: false, failover: false, isAvailable: true, network type: 1]}  network{132}  lp{{InterfaceName: wlan0 LinkAddresses: [fe80::5e70:a3ff:fe45:d7ff/64,192.168.219.102/24,]  Routes: [fe80::/64 -> :: wlan0,192.168.219.0/24 -> 0.0.0.0 wlan0,0.0.0.0/0 -> 192.168.219.1 wlan0,] DnsAddresses: [1.214.68.2,61.41.153.2,] Domains:  MTU: 0 TcpBufferSizes: 1048576,4194304,8388608,1048576,2097152,4194304 PcscfAddresses: [] }}  nc{[ Transports: WIFI Capabilities: INTERNET&NOT_RESTRICTED&TRUSTED&NOT_VPN&VALIDATED LinkUpBandwidth>=1048576Kbps LinkDnBandwidth>=1048576Kbps SignalStrength: -77]}  Score{60}  everValidated{true}  lastValidated{true}  created{true} lingering{false} explicitlySelected{false} acceptUnvalidated{false} everCaptivePortalDetected{false} lastCaptivePortalDetected{false} }

01-04 14:07:32.412  1907  2392 D VoldConnector: RCV <- {200 28 Command succeeded}

01-04 14:07:32.450  1907  3063 W WindowManager: pwm.setNavigationBar() called. show=true

01-04 14:07:32.450  1907  3063 W WindowManager: pwm.setStatusBar() called. show=true

01-04 14:07:32.485  1907  2629 I ActivityManager: START u0 {act=android.content.pm.action.REQUEST_PERMISSIONS pkg=com.google.android.packageinstaller cmp=com.google.android.packageinstaller/com.android.packageinstaller.permission.ui.GrantPermissionsActivity (has extras)} from uid 10318 on display 0

01-04 14:07:32.497  1907  2629 D AppWindowTokenEx: AppWindowTokenEx init.. 

01-04 14:07:32.503  1907  2629 W WindowManager: pwm.setNavigationBar() called. show=true

01-04 14:07:32.503  1907  2629 W WindowManager: pwm.setStatusBar() called. show=true

01-04 14:07:32.503  1907  1945 W WindowManager: Call!!!getLGSystemUiVisibility. =0x0

01-04 14:07:32.503  1907  1945 D StatusBarManagerServiceEx: setLGSystemUiVisibility(0x0)

01-04 14:07:32.503  1907  1945 D StatusBarManagerServiceEx: manageNaviBtnDisableList userId=0 what=0x0 pkg=Window{8dac3f3 u0 Starting com.YourCompany.Rolling}

01-04 14:07:32.604 11629 11629 I SensorManager: registerListenerImpl() [Sensor: LGE Accelerometer, Rate: 20000, SensorEventListener: com.epicgames.ue4.GameActivity@ff14c7b] by com.epicgames.ue4.GameActivity.onResume():1424

01-04 14:07:32.607 11629 11629 I SensorManager: registerListenerImpl() [Sensor: LGE Magnetometer, Rate: 20000, SensorEventListener: com.epicgames.ue4.GameActivity@ff14c7b] by com.epicgames.ue4.GameActivity.onResume():1425

01-04 14:07:32.612 11629 11629 I SensorManager: registerListenerImpl() [Sensor: LGE Gyroscope, Rate: 20000, SensorEventListener: com.epicgames.ue4.GameActivity@ff14c7b] by com.epicgames.ue4.GameActivity.onResume():1426

01-04 14:07:32.759  1907  3089 W InputMethodManagerService: Focus gain on non-focused client com.android.internal.view.IInputMethodClient$Stub$Proxy@f693436 (uid=10318 pid=11629)

01-04 14:07:32.761 11629 11629 I SensorManager: removeAllSensors() [Sensor: LGE Accelerometer] by com.epicgames.ue4.GameActivity.onPause():1494

01-04 14:07:32.762 11629 11629 I SensorManager: removeAllSensors() [Sensor: LGE Magnetometer] by com.epicgames.ue4.GameActivity.onPause():1494

01-04 14:07:32.764 11629 11629 I SensorManager: removeAllSensors() [Sensor: LGE Gyroscope] by com.epicgames.ue4.GameActivity.onPause():1494

01-04 14:07:32.778  1907  3055 I ActivityManager: Start proc 11662:com.google.android.packageinstaller/u0a14 for activity com.google.android.packageinstaller/com.android.packageinstaller.permission.ui.GrantPermissionsActivity

01-04 14:07:32.847 11629 11629 I Timeline: Timeline: Activity_idle id: android.os.BinderProxy@1ac72f1 time:111552697

01-04 14:07:33.006  1907  3141 W WindowManager: pwm.setNavigationBar() called. show=true

01-04 14:07:33.006  1907  3141 W WindowManager: pwm.setStatusBar() called. show=true

01-04 14:07:33.006  1907  1945 W WindowManager: Call!!!getLGSystemUiVisibility. =0x0

01-04 14:07:33.006  1907  1945 D StatusBarManagerServiceEx: setLGSystemUiVisibility(0x0)

01-04 14:07:33.007  1907  1945 D StatusBarManagerServiceEx: manageNaviBtnDisableList userId=0 what=0x0 pkg=Window{1329de0 u0 com.YourCompany.Rolling/com.epicgames.ue4.GameActivity}

01-04 14:07:33.035 11629 11629 I SensorManager: registerListenerImpl() [Sensor: LGE Accelerometer, Rate: 20000, SensorEventListener: com.epicgames.ue4.GameActivity@ff14c7b] by com.epicgames.ue4.GameActivity.onResume():1424

01-04 14:07:33.046 11629 11629 I SensorManager: registerListenerImpl() [Sensor: LGE Magnetometer, Rate: 20000, SensorEventListener: com.epicgames.ue4.GameActivity@ff14c7b] by com.epicgames.ue4.GameActivity.onResume():1425

01-04 14:07:33.051 11629 11629 I SensorManager: registerListenerImpl() [Sensor: LGE Gyroscope, Rate: 20000, SensorEventListener: com.epicgames.ue4.GameActivity@ff14c7b] by com.epicgames.ue4.GameActivity.onResume():1426

01-04 14:07:33.056 11629 11629 I Timeline: Timeline: Activity_idle id: android.os.BinderProxy@1ac72f1 time:111552906

01-04 14:07:33.060  1907  3089 I ActivityManager: Killing 10928:com.lge.formmanager/u0a31 (adj 15): empty #22

01-04 14:07:33.084  1907  1928 D ActivityManager: cleanUpApplicationRecord -- 10928

--------- beginning of main

01-04 14:07:33.114  1907  2351 D sensors_hal_Ctx: poll:polldata:1, sensor:0, type:1, x:-1.776062 y:-0.179657 z:9.891220

01-04 14:07:33.114  1907  2351 D sensors_hal_Util: waitForResponse: timeout=0

01-04 14:07:33.114  1907  2283 V sensors_hal_Gyro: processReportInd: X: 0.003677 Y: 0.000763 Z: -0.001358 

01-04 14:07:33.114  1907  2351 D sensors_hal_Ctx: poll:polldata:1, sensor:2, type:4, x:0.003677 y:0.000763 z:-0.001358

01-04 14:07:33.114  1907  2351 D sensors_hal_Util: waitForResponse: timeout=0

01-04 14:07:33.123  1907  2283 V sensors_hal_Mag: processReportInd:sensor android.sensor.magnetic_field 

01-04 14:07:33.123  1907  2283 V sensors_hal_Mag: processReportInd: Cal Mag Filter, 4, 0, -28.138733, 18.444824, -29.856873, -110.606384, 72.727966, -116.575623, -27.651596, 18.181992, -29.143906

01-04 14:07:33.123  1907  2351 D sensors_hal_Ctx: poll:polldata:1, sensor:10, type:2, x:-27.651596 y:18.181992 z:-29.143906

01-04 14:07:33.123  1907  2351 D sensors_hal_Util: waitForResponse: timeout=0

01-04 14:07:33.127  1907  2283 D sensors_hal_SMGR: processBufferingInd:report(on_change_sensor) eventtype 0

01-04 14:07:33.127  1907  2351 D sensors_hal_Ctx: poll:polldata:1, sensor:1, type:5, x:60.000000 y:0.000000 z:0.000000

01-04 14:07:33.127  1907  2351 D sensors_hal_Util: waitForResponse: timeout=0

01-04 14:07:33.133  1907  2283 V sensors_hal_Gyro: processReportInd: X: -0.000580 Y: 0.001831 Z: 0.002899 

01-04 14:07:33.133  1907  2351 D sensors_hal_Ctx: poll:polldata:2, sensor:0, type:1, x:-1.778458 y:-0.177261 z:9.888840

01-04 14:07:33.133  1907  2351 D sensors_hal_Util: waitForResponse: timeout=0

01-04 14:07:33.144  1907  2283 V sensors_hal_Mag: processReportInd:sensor android.sensor.magnetic_field 

01-04 14:07:33.144  1907  2283 V sensors_hal_Mag: processReportInd: Cal Mag Filter, 5, 0, -26.789856, 19.494629, -29.856873, -137.396240, 92.222595, -146.432495, -27.479248, 18.444519, -29.286499

01-04 14:07:33.144  1907  2351 D sensors_hal_Ctx: poll:polldata:1, sensor:10, type:2, x:-27.479248 y:18.444519 z:-29.286499

01-04 14:07:33.144  1907  2351 D sensors_hal_Util: waitForResponse: timeout=0

01-04 14:07:33.153  1907  2283 V sensors_hal_Gyro: processReportInd: X: -0.000580 Y: 0.000763 Z: -0.000290 

01-04 14:07:33.153  1907  2351 D sensors_hal_Ctx: poll:polldata:2, sensor:0, type:1, x:-1.771286 y:-0.177261 z:9.881653

01-04 14:07:33.153  1907  2351 D sensors_hal_Util: waitForResponse: timeout=0

01-04 14:07:33.163  1907  2283 V sensors_hal_Mag: processReportInd:sensor android.sensor.magnetic_field 

01-04 14:07:33.163  1907  2283 V sensors_hal_Mag: processReportInd: Cal Mag Filter, 6, 0, -25.740051, 18.444824, -27.307129, -163.136292, 110.667419, -173.739624, -27.189383, 18.444571, -28.956604

01-04 14:07:33.163  1907  2351 D sensors_hal_Ctx: poll:polldata:1, sensor:10, type:2, x:-27.189383 y:18.444571 z:-28.956604

01-04 14:07:33.163  1907  2351 D sensors_hal_Util: waitForResponse: timeout=0

01-04 14:07:33.173  1907  2283 V sensors_hal_Gyro: processReportInd: X: 0.000488 Y: 0.000763 Z: -0.000290 

01-04 14:07:33.173  1907  2351 D sensors_hal_Ctx: poll:polldata:2, sensor:0, type:1, x:-1.764099 y:-0.131775 z:9.903198

01-04 14:07:33.173  1907  2351 D sensors_hal_Util: waitForResponse: timeout=0

01-04 14:07:33.183  1907  2283 V sensors_hal_Mag: processReportInd:sensor android.sensor.magnetic_field 

01-04 14:07:33.183  1907  2283 V sensors_hal_Mag: processReportInd: Cal Mag Filter, 7, 0, -26.789856, 19.044495, -27.307129, -189.926147, 129.711914, -201.046753, -27.132307, 18.530273, -28.720964

01-04 14:07:33.183  1907  2351 D sensors_hal_Ctx: poll:polldata:1, sensor:10, type:2, x:-27.132307 y:18.530273 z:-28.720964

01-04 14:07:33.183  1907  2351 D sensors_hal_Util: waitForResponse: timeout=0

01-04 14:07:33.193  1907  2283 V sensors_hal_Gyro: processReportInd: X: 0.004745 Y: -0.002426 Z: -0.009872 

01-04 14:07:33.193  1907  2351 D sensors_hal_Ctx: poll:polldata:2, sensor:0, type:1, x:-1.768890 y:-0.143753 z:9.912781

01-04 14:07:33.193  1907  2351 D sensors_hal_Util: waitForResponse: timeout=0

01-04 14:07:33.203  1907  2283 V sensors_hal_Mag: processReportInd:sensor android.sensor.magnetic_field 

01-04 14:07:33.203  1907  2283 V sensors_hal_Mag: processReportInd: Cal Mag Filter, 0, 1, -26.789856, 17.994690, -28.656006, -216.716003, 147.706604, -229.702759, -27.089500, 18.463326, -28.712845

01-04 14:07:33.203  1907  2351 D sensors_hal_Ctx: poll:polldata:1, sensor:10, type:2, x:-27.089500 y:18.463326 z:-28.712845

01-04 14:07:33.204  1907  2351 D sensors_hal_Util: waitForResponse: timeout=0

01-04 14:07:33.213  1907  2351 D sensors_hal_Ctx: poll:polldata:1, sensor:0, type:1, x:-1.764099 y:-0.239517 z:9.898407

01-04 14:07:33.213  1907  2283 V sensors_hal_Gyro: processReportInd: X: 0.004745 Y: 0.000763 Z: -0.004547 

01-04 14:07:33.213  1907  2351 D sensors_hal_Ctx: poll:polldata:1, sensor:2, type:4, x:0.004745 y:0.000763 z:-0.004547

01-04 14:07:33.214  1907  2351 D sensors_hal_Util: waitForResponse: timeout=0

01-04 14:07:33.223  1907  2283 V sensors_hal_Mag: processReportInd:sensor android.sensor.magnetic_field 

01-04 14:07:33.223  1907  2283 V sensors_hal_Mag: processReportInd: Cal Mag Filter, 1, 1, -26.339722, 19.494629, -29.856873, -214.466858, 148.606873, -230.303955, -26.808357, 18.575859, -28.787994

01-04 14:07:33.223  1907  2351 D sensors_hal_Ctx: poll:polldata:1, sensor:10, type:2, x:-26.808357 y:18.575859 z:-28.787994

01-04 14:07:33.223  1907  2351 D sensors_hal_Util: waitForResponse: timeout=0

01-04 14:07:33.224  1907  2962 E IzatSvc_Wiper: E/Exiting with error virtual void izat_manager::Wiper::reportLocation(const izat_manager::LocationReport*, const izat_manager::ILocationProvider*) line 514 "3"

01-04 14:07:33.224  1907  3616 E LocSvc_libulp: E/int ulp_brain_transition_all_providers(), no QUIPC/GNSS transition logic run due to both engines are OFF 

01-04 14:07:33.224  1907  2962 I IzatProviderEngine: LocTech-Label :: OSDC :: Position Report In

01-04 14:07:33.224  1907  2962 I IzatProviderEngine: LocTech-Value :: UTC Time: 1578114444500, Elapsed Real Time Nanos: 157112471249009, Latitude: 37.56294250488281, Longitude: 127.03903198242189, Altitude: 0.0, Speed: 0.0, Bearing: 0.0, Accuracy: 579.2371

01-04 14:07:33.225  1907  1942 D LocationManagerService: This location is marked as ready for broadcast

01-04 14:07:33.225  1907  1942 D LocationManagerService: incoming location: Location[network 37.562943,127.039032 acc=579 et=+1d19h38m32s471ms alt=0.0 vel=0.0 bear=0.0 {Bundle[{com.qualcomm.location.nlp:ready=true}]}]

01-04 14:07:33.227  1907  1942 D LocationManagerService: incoming location: Location[network 37.562943,127.039032 acc=579 et=+1d19h38m32s471ms alt=0.0 vel=0.0 bear=0.0 {Bundle[{com.qualcomm.location.nlp:ready=true}]}]

01-04 14:07:33.233  1907  2283 V sensors_hal_Gyro: processReportInd: X: 0.005814 Y: 0.000763 Z: 0.001846 

01-04 14:07:33.233  1907  2351 D sensors_hal_Ctx: poll:polldata:2, sensor:0, type:1, x:-1.771286 y:-0.160507 z:9.903198

01-04 14:07:33.233  1907  2351 D sensors_hal_Util: waitForResponse: timeout=0

01-04 14:07:33.236  1907  3065 D BluetoothManagerService: isEnabledStandAloneBleMode() : isStandAloneBleMode = false

01-04 14:07:33.243  1907  2283 V sensors_hal_Mag: processReportInd:sensor android.sensor.magnetic_field 

01-04 14:07:33.243  1907  2283 V sensors_hal_Mag: processReportInd: Cal Mag Filter, 2, 1, -26.638794, 18.594360, -28.205872, -213.865662, 150.106812, -229.553223, -26.733208, 18.763351, -28.694153

01-04 14:07:33.244  1907  2351 D sensors_hal_Ctx: poll:polldata:1, sensor:10, type:2, x:-26.733208 y:18.763351 z:-28.694153

01-04 14:07:33.244  1907  2351 D sensors_hal_Util: waitForResponse: timeout=0

01-04 14:07:33.255  1907  2283 V sensors_hal_Gyro: processReportInd: X: 0.010071 Y: -0.003494 Z: -0.001358 

01-04 14:07:33.255  1907  2351 D sensors_hal_Ctx: poll:polldata:2, sensor:0, type:1, x:-1.823944 y:0.083694 z:9.855316

01-04 14:07:33.255  1907  2351 D sensors_hal_Util: waitForResponse: timeout=0

01-04 14:07:33.265  1907  2283 V sensors_hal_Mag: processReportInd:sensor android.sensor.magnetic_field 

01-04 14:07:33.265  1907  2283 V sensors_hal_Mag: processReportInd: Cal Mag Filter, 3, 1, -27.539062, 17.094421, -29.255676, -214.765930, 148.606873, -230.302429, -26.845741, 18.575859, -28.787804

01-04 14:07:33.266  1907  2351 D sensors_hal_Ctx: poll:polldata:1, sensor:10, type:2, x:-26.845741 y:18.575859 z:-28.787804

01-04 14:07:33.266  1907  2351 D sensors_hal_Util: waitForResponse: timeout=0

01-04 14:07:33.273  1907  2283 V sensors_hal_Gyro: processReportInd: X: 0.005814 Y: -0.001358 Z: -0.006683 

01-04 14:07:33.273  1907  2351 D sensors_hal_Ctx: poll:polldata:2, sensor:0, type:1, x:-2.448837 y:1.575287 z:9.809830

01-04 14:07:33.273  1907  2351 D sensors_hal_Util: waitForResponse: timeout=0

01-04 14:07:33.283  1907  2283 V sensors_hal_Mag: processReportInd:sensor android.sensor.magnetic_field 

01-04 14:07:33.283  1907  2283 V sensors_hal_Mag: processReportInd: Cal Mag Filter, 4, 1, -27.389526, 16.944885, -26.856995, -214.016724, 147.106934, -227.302551, -26.752090, 18.388367, -28.412819

01-04 14:07:33.283  1907  2351 D sensors_hal_Ctx: poll:polldata:1, sensor:10, type:2, x:-26.752090 y:18.388367 z:-28.412819

01-04 14:07:33.283  1907  2351 D sensors_hal_Util: waitForResponse: timeout=0

01-04 14:07:33.293  1907  2283 V sensors_hal_Gyro: processReportInd: X: -0.014420 Y: 0.034851 Z: -0.032242 

01-04 14:07:33.293  1907  2351 D sensors_hal_Ctx: poll:polldata:2, sensor:0, type:1, x:-2.329132 y:-0.675262 z:9.864883

01-04 14:07:33.293  1907  2351 D sensors_hal_Util: waitForResponse: timeout=0

01-04 14:07:33.303  1907  2283 V sensors_hal_Mag: processReportInd:sensor android.sensor.magnetic_field 

01-04 14:07:33.303  1907  2283 V sensors_hal_Mag: processReportInd: Cal Mag Filter, 5, 1, -26.939392, 18.144226, -28.506470, -214.166260, 145.756531, -225.952148, -26.770782, 18.219566, -28.244019

01-04 14:07:33.303  1907  2351 D sensors_hal_Ctx: poll:polldata:1, sensor:10, type:2, x:-26.770782 y:18.219566 z:-28.244019

01-04 14:07:33.303  1907  2351 D sensors_hal_Util: waitForResponse: timeout=0

01-04 14:07:33.313  1907  2283 V sensors_hal_Gyro: processReportInd: X: -0.068756 Y: 0.079590 Z: 0.016754 

01-04 14:07:33.313  1907  2351 D sensors_hal_Ctx: poll:polldata:2, sensor:0, type:1, x:-1.148788 y:-2.667236 z:10.008545

01-04 14:07:33.313  1907  2351 D sensors_hal_Util: waitForResponse: timeout=0

01-04 14:07:33.323  1907  2283 V sensors_hal_Mag: processReportInd:sensor android.sensor.magnetic_field 

01-04 14:07:33.323  1907  2283 V sensors_hal_Mag: processReportInd: Cal Mag Filter, 6, 1, -25.588989, 18.894958, -30.006409, -214.015198, 146.206665, -228.651428, -26.751900, 18.275833, -28.581429

01-04 14:07:33.323  1907  2351 D sensors_hal_Ctx: poll:polldata:1, sensor:10, type:2, x:-26.751900 y:18.275833 z:-28.581429

01-04 14:07:33.323  1907  2351 D sensors_hal_Util: waitForResponse: timeout=0

01-04 14:07:33.324  1907  1929 I sensors_hal_Ctx: flush: handle is 86

01-04 14:07:33.324  1907  1929 I sensors_hal_SAM: flush:sensor() handle:86

01-04 14:07:33.324  1907  1929 D sensors_hal_SAM: flush: handle 86 batch_support 1

01-04 14:07:33.324  1907  1929 D sensors_hal_HealthActivityPattern: sendBatchReq: batching: 1, batch_rate=0.199997 (Hz)

01-04 14:07:33.324  1907  3067 I sensors_hal_Ctx: flush: handle is 48

01-04 14:07:33.324  1907  3067 I sensors_hal_SAM: flush:sensor(android.sensor.step_detector) handle:48

01-04 14:07:33.324  1907  3067 D sensors_hal_SAM: flush: handle 48 batch_support 1

01-04 14:07:33.324  1907  3067 D sensors_hal_StepDetector: sendBatchReq: batching: 1, batch_rate=0.016663 (Hz)

01-04 14:07:33.325  1907  2294 I sensors_hal_HealthActivityPattern: processResp: handle:86

01-04 14:07:33.325  1907  2294 D sensors_hal_HealthActivityPattern: processResp: Received SNS_SAM_HEALTH_ACTIVITY_BATCH_RESP_V01

01-04 14:07:33.325  1907  2294 D sensors_hal: flushSendCmplt: handle=86

01-04 14:07:33.325  1907  2351 D sensors_hal_Ctx: poll:polldata:1, sensor:0, type:0, x:0.000000 y:0.000000 z:0.000000

01-04 14:07:33.325  1907  2351 D sensors_hal_Util: waitForResponse: timeout=0

01-04 14:07:33.325  1907  2303 D sensors_hal_StepDetector: processResp: Received SNS_SAM_PED_BATCH_RESP_V01

01-04 14:07:33.325  1907  2303 D sensors_hal: flushSendCmplt: handle=48

01-04 14:07:33.326  1907  2351 D sensors_hal_Ctx: poll:polldata:1, sensor:0, type:0, x:0.000000 y:0.000000 z:0.000000

01-04 14:07:33.326  1907  2351 D sensors_hal_Util: waitForResponse: timeout=0

01-04 14:07:33.328  1907  2283 D sensors_hal_SMGR: processBufferingInd:report(on_change_sensor) eventtype 0

01-04 14:07:33.328  1907  2351 D sensors_hal_Ctx: poll:polldata:1, sensor:1, type:5, x:62.000000 y:0.000000 z:0.000000

01-04 14:07:33.328  1907  2351 D sensors_hal_Util: waitForResponse: timeout=0

01-04 14:07:33.333  1907  2283 V sensors_hal_Gyro: processReportInd: X: -0.264755 Y: 0.229797 Z: -0.016266 

01-04 14:07:33.333  1907  2351 D sensors_hal_Ctx: poll:polldata:2, sensor:0, type:1, x:-2.142380 y:-1.338455 z:11.251129

01-04 14:07:33.333  1907  2351 D sensors_hal_Util: waitForResponse: timeout=0

01-04 14:07:33.343  1907  2283 V sensors_hal_Mag: processReportInd:sensor android.sensor.magnetic_field 

01-04 14:07:33.343  1907  2283 V sensors_hal_Mag: processReportInd: Cal Mag Filter, 7, 1, -25.740051, 19.494629, -28.656006, -212.965393, 146.656799, -230.000305, -26.620674, 18.332100, -28.750038

01-04 14:07:33.343  1907  2351 D sensors_hal_Ctx: poll:polldata:1, sensor:10, type:2, x:-26.620674 y:18.332100 z:-28.750038

01-04 14:07:33.343  1907  2351 D sensors_hal_Util: waitForResponse: timeout=0

01-04 14:07:33.353  1907  2530 D ConnectivityService: updateCapabilities cap:[ Transports: WIFI Capabilities: INTERNET&NOT_RESTRICTED&TRUSTED&NOT_VPN LinkUpBandwidth>=1048576Kbps LinkDnBandwidth>=1048576Kbps SignalStrength: -63]

01-04 14:07:33.354  1907  2283 V sensors_hal_Gyro: processReportInd: X: -0.534271 Y: 0.960571 Z: -0.151550 

01-04 14:07:33.354  1907  2530 D CSLegacyTypeTracker: Adding agent NetworkAgentInfo{ ni{[type: MOBILE[LTE], state: CONNECTED/CONNECTED, reason: connected, extra: ims, roaming: false, failover: false, isAvailable: true, network type: 0]}  network{100}  lp{{InterfaceName: rmnet_data0 LinkAddresses: [2001:2d8:e266:c692:e1e3:7da8:5558:b45e/64,]  Routes: [::/0 -> fe80::51cd:ba1e:2435:3ce3 rmnet_data0,] DnsAddresses: [fd00:e13:501:c::170,fd00:e13:101:c::7,] Domains: null MTU: 1440 TcpBufferSizes: 2097152,4194304,8388608,1048576,3145728,4194304 PcscfAddresses: [2001:2d8:e0:220::50,] }}  nc{[ Transports: CELLULAR Capabilities: MMS&IMS&NOT_RESTRICTED&TRUSTED&NOT_VPN&VALIDATED LinkUpBandwidth>=51200Kbps LinkDnBandwidth>=102400Kbps Specifier: <1>]}  Score{50}  everValidated{true}  lastValidated{true}  created{true} lingering{false} explicitlySelected{false} acceptUnvalidated{false} everCaptivePortalDetected{false} lastCaptivePortalDetected{false} } for legacy network type 11

01-04 14:07:33.354  1907  2530 D ConnectivityService: notifyType CAP_CHANGED for NetworkAgentInfo [WIFI () - 132]

01-04 14:07:33.354  1907  2351 D sensors_hal_Ctx: poll:polldata:2, sensor:0, type:1, x:-1.864655 y:-0.313736 z:12.828918

01-04 14:07:33.354  1907  2351 D sensors_hal_Util: waitForResponse: timeout=0

01-04 14:07:33.363  1907  3065 D ConnectivityService: getActiveNetwork nai=NetworkAgentInfo{ ni{[type: WIFI[], state: CONNECTED/CONNECTED, reason: (unspecified), extra: "U+NetEA13", roaming: false, failover: false, isAvailable: true, network type: 1]}  network{132}  lp{{InterfaceName: wlan0 LinkAddresses: [fe80::5e70:a3ff:fe45:d7ff/64,192.168.219.102/24,]  Routes: [fe80::/64 -> :: wlan0,192.168.219.0/24 -> 0.0.0.0 wlan0,0.0.0.0/0 -> 192.168.219.1 wlan0,] DnsAddresses: [1.214.68.2,61.41.153.2,] Domains:  MTU: 0 TcpBufferSizes: 1048576,4194304,8388608,1048576,2097152,4194304 PcscfAddresses: [] }}  nc{[ Transports: WIFI Capabilities: INTERNET&NOT_RESTRICTED&TRUSTED&NOT_VPN&VALIDATED LinkUpBandwidth>=1048576Kbps LinkDnBandwidth>=1048576Kbps SignalStrength: -63]}  Score{60}  everValidated{true}  lastValidated{true}  created{true} lingering{false} explicitlySelected{false} acceptUnvalidated{false} everCaptivePortalDetected{false} lastCaptivePortalDetected{false} }

01-04 14:07:33.363  1907  2283 V sensors_hal_Mag: processReportInd:sensor android.sensor.magnetic_field 

01-04 14:07:33.364  1907  2283 V sensors_hal_Mag: processReportInd: Cal Mag Filter, 0, 1, -25.138855, 19.944763, -29.705811, -211.314392, 148.606873, -231.050110, -26.414299, 18.575859, -28.881264

01-04 14:07:33.364  1907  2351 D sensors_hal_Ctx: poll:polldata:1, sensor:10, type:2, x:-26.414299 y:18.575859 z:-28.881264

01-04 14:07:33.364  1907  2351 D sensors_hal_Util: waitForResponse: timeout=0

01-04 14:07:33.364  1907  1928 D ConnectivityService: getActiveNetwork nai=NetworkAgentInfo{ ni{[type: WIFI[], state: CONNECTED/CONNECTED, reason: (unspecified), extra: "U+NetEA13", roaming: false, failover: false, isAvailable: true, network type: 1]}  network{132}  lp{{InterfaceName: wlan0 LinkAddresses: [fe80::5e70:a3ff:fe45:d7ff/64,192.168.219.102/24,]  Routes: [fe80::/64 -> :: wlan0,192.168.219.0/24 -> 0.0.0.0 wlan0,0.0.0.0/0 -> 192.168.219.1 wlan0,] DnsAddresses: [1.214.68.2,61.41.153.2,] Domains:  MTU: 0 TcpBufferSizes: 1048576,4194304,8388608,1048576,2097152,4194304 PcscfAddresses: [] }}  nc{[ Transports: WIFI Capabilities: INTERNET&NOT_RESTRICTED&TRUSTED&NOT_VPN&VALIDATED LinkUpBandwidth>=1048576Kbps LinkDnBandwidth>=1048576Kbps SignalStrength: -63]}  Score{60}  everValidated{true}  lastValidated{true}  created{true} lingering{false} explicitlySelected{false} acceptUnvalidated{false} everCaptivePortalDetected{false} lastCaptivePortalDetected{false} }

01-04 14:07:33.366  1907  3067 D ConnectivityService: getActiveNetwork nai=NetworkAgentInfo{ ni{[type: WIFI[], state: CONNECTED/CONNECTED, reason: (unspecified), extra: "U+NetEA13", roaming: false, failover: false, isAvailable: true, network type: 1]}  network{132}  lp{{InterfaceName: wlan0 LinkAddresses: [fe80::5e70:a3ff:fe45:d7ff/64,192.168.219.102/24,]  Routes: [fe80::/64 -> :: wlan0,192.168.219.0/24 -> 0.0.0.0 wlan0,0.0.0.0/0 -> 192.168.219.1 wlan0,] DnsAddresses: [1.214.68.2,61.41.153.2,] Domains:  MTU: 0 TcpBufferSizes: 1048576,4194304,8388608,1048576,2097152,4194304 PcscfAddresses: [] }}  nc{[ Transports: WIFI Capabilities: INTERNET&NOT_RESTRICTED&TRUSTED&NOT_VPN&VALIDATED LinkUpBandwidth>=1048576Kbps LinkDnBandwidth>=1048576Kbps SignalStrength: -63]}  Score{60}  everValidated{true}  lastValidated{true}  created{true} lingering{false} explicitlySelected{false} acceptUnvalidated{false} everCaptivePortalDetected{false} lastCaptivePortalDetected{false} }

01-04 14:07:33.375  1907  2283 V sensors_hal_Gyro: processReportInd: X: -0.427750 Y: 1.781891 Z: -0.314545 

01-04 14:07:33.375  1907  2351 D sensors_hal_Ctx: poll:polldata:2, sensor:0, type:1, x:-1.170334 y:-1.106216 z:8.548080

01-04 14:07:33.375  1907  2351 D sensors_hal_Util: waitForResponse: timeout=0

01-04 14:07:33.378  1907  3055 D ConnectivityService: getActiveNetwork nai=NetworkAgentInfo{ ni{[type: WIFI[], state: CONNECTED/CONNECTED, reason: (unspecified), extra: "U+NetEA13", roaming: false, failover: false, isAvailable: true, network type: 1]}  network{132}  lp{{InterfaceName: wlan0 LinkAddresses: [fe80::5e70:a3ff:fe45:d7ff/64,192.168.219.102/24,]  Routes: [fe80::/64 -> :: wlan0,192.168.219.0/24 -> 0.0.0.0 wlan0,0.0.0.0/0 -> 192.168.219.1 wlan0,] DnsAddresses: [1.214.68.2,61.41.153.2,] Domains:  MTU: 0 TcpBufferSizes: 1048576,4194304,8388608,1048576,2097152,4194304 PcscfAddresses: [] }}  nc{[ Transports: WIFI Capabilities: INTERNET&NOT_RESTRICTED&TRUSTED&NOT_VPN&VALIDATED LinkUpBandwidth>=1048576Kbps LinkDnBandwidth>=1048576Kbps SignalStrength: -63]}  Score{60}  everValidated{true}  lastValidated{true}  created{true} lingering{false} explicitlySelected{false} acceptUnvalidated{false} everCaptivePortalDetected{false} lastCaptivePortalDetected{false} }

01-04 14:07:33.379  1907  3066 D ConnectivityService: getActiveNetwork nai=NetworkAgentInfo{ ni{[type: WIFI[], state: CONNECTED/CONNECTED, reason: (unspecified), extra: "U+NetEA13", roaming: false, failover: false, isAvailable: true, network type: 1]}  network{132}  lp{{InterfaceName: wlan0 LinkAddresses: [fe80::5e70:a3ff:fe45:d7ff/64,192.168.219.102/24,]  Routes: [fe80::/64 -> :: wlan0,192.168.219.0/24 -> 0.0.0.0 wlan0,0.0.0.0/0 -> 192.168.219.1 wlan0,] DnsAddresses: [1.214.68.2,61.41.153.2,] Domains:  MTU: 0 TcpBufferSizes: 1048576,4194304,8388608,1048576,2097152,4194304 PcscfAddresses: [] }}  nc{[ Transports: WIFI Capabilities: INTERNET&NOT_RESTRICTED&TRUSTED&NOT_VPN&VALIDATED LinkUpBandwidth>=1048576Kbps LinkDnBandwidth>=1048576Kbps SignalStrength: -63]}  Score{60}  everValidated{true}  lastValidated{true}  created{true} lingering{false} explicitlySelected{false} acceptUnvalidated{false} everCaptivePortalDetected{false} lastCaptivePortalDetected{false} }

01-04 14:07:33.381  1907  3065 D ConnectivityService: getActiveNetwork nai=NetworkAgentInfo{ ni{[type: WIFI[], state: CONNECTED/CONNECTED, reason: (unspecified), extra: "U+NetEA13", roaming: false, failover: false, isAvailable: true, network type: 1]}  network{132}  lp{{InterfaceName: wlan0 LinkAddresses: [fe80::5e70:a3ff:fe45:d7ff/64,192.168.219.102/24,]  Routes: [fe80::/64 -> :: wlan0,192.168.219.0/24 -> 0.0.0.0 wlan0,0.0.0.0/0 -> 192.168.219.1 wlan0,] DnsAddresses: [1.214.68.2,61.41.153.2,] Domains:  MTU: 0 TcpBufferSizes: 1048576,4194304,8388608,1048576,2097152,4194304 PcscfAddresses: [] }}  nc{[ Transports: WIFI Capabilities: INTERNET&NOT_RESTRICTED&TRUSTED&NOT_VPN&VALIDATED LinkUpBandwidth>=1048576Kbps LinkDnBandwidth>=1048576Kbps SignalStrength: -63]}  Score{60}  everValidated{true}  lastValidated{true}  created{true} lingering{false} explicitlySelected{false} acceptUnvalidated{false} everCaptivePortalDetected{false} lastCaptivePortalDetected{false} }

01-04 14:07:33.383  1907  2283 V sensors_hal_Mag: processReportInd:sensor android.sensor.magnetic_field 

01-04 14:07:33.383  1907  2283 V sensors_hal_Mag: processReportInd: Cal Mag Filter, 1, 1, -25.289917, 17.694092, -30.606079, -210.264587, 146.806335, -231.799316, -26.283073, 18.350792, -28.974915

01-04 14:07:33.383  1907  2351 D sensors_hal_Ctx: poll:polldata:1, sensor:10, type:2, x:-26.283073 y:18.350792 z:-28.974915

01-04 14:07:33.383  1907  2351 D sensors_hal_Util: waitForResponse: timeout=0

01-04 14:07:33.386  1907  2964 D ConnectivityService: getActiveNetwork nai=NetworkAgentInfo{ ni{[type: WIFI[], state: CONNECTED/CONNECTED, reason: (unspecified), extra: "U+NetEA13", roaming: false, failover: false, isAvailable: true, network type: 1]}  network{132}  lp{{InterfaceName: wlan0 LinkAddresses: [fe80::5e70:a3ff:fe45:d7ff/64,192.168.219.102/24,]  Routes: [fe80::/64 -> :: wlan0,192.168.219.0/24 -> 0.0.0.0 wlan0,0.0.0.0/0 -> 192.168.219.1 wlan0,] DnsAddresses: [1.214.68.2,61.41.153.2,] Domains:  MTU: 0 TcpBufferSizes: 1048576,4194304,8388608,1048576,2097152,4194304 PcscfAddresses: [] }}  nc{[ Transports: WIFI Capabilities: INTERNET&NOT_RESTRICTED&TRUSTED&NOT_VPN&VALIDATED LinkUpBandwidth>=1048576Kbps LinkDnBandwidth>=1048576Kbps SignalStrength: -63]}  Score{60}  everValidated{true}  lastValidated{true}  created{true} lingering{false} explicitlySelected{false} acceptUnvalidated{false} everCaptivePortalDetected{false} lastCaptivePortalDetected{false} }

01-04 14:07:33.388  1907  1929 D ConnectivityService: getActiveNetwork nai=NetworkAgentInfo{ ni{[type: WIFI[], state: CONNECTED/CONNECTED, reason: (unspecified), extra: "U+NetEA13", roaming: false, failover: false, isAvailable: true, network type: 1]}  network{132}  lp{{InterfaceName: wlan0 LinkAddresses: [fe80::5e70:a3ff:fe45:d7ff/64,192.168.219.102/24,]  Routes: [fe80::/64 -> :: wlan0,192.168.219.0/24 -> 0.0.0.0 wlan0,0.0.0.0/0 -> 192.168.219.1 wlan0,] DnsAddresses: [1.214.68.2,61.41.153.2,] Domains:  MTU: 0 TcpBufferSizes: 1048576,4194304,8388608,1048576,2097152,4194304 PcscfAddresses: [] }}  nc{[ Transports: WIFI Capabilities: INTERNET&NOT_RESTRICTED&TRUSTED&NOT_VPN&VALIDATED LinkUpBandwidth>=1048576Kbps LinkDnBandwidth>=1048576Kbps SignalStrength: -63]}  Score{60}  everValidated{true}  lastValidated{true}  created{true} lingering{false} explicitlySelected{false} acceptUnvalidated{false} everCaptivePortalDetected{false} lastCaptivePortalDetected{false} }

01-04 14:07:33.393  1907  2283 V sensors_hal_Gyro: processReportInd: X: -0.353180 Y: 1.170425 Z: -0.439178 

01-04 14:07:33.393  1907  2351 D sensors_hal_Ctx: poll:polldata:1, sensor:0, type:1, x:-3.957184 y:-2.140518 z:8.203308

01-04 14:07:33.393  1907  2351 D sensors_hal_Ctx: poll:polldata:1, sensor:2, type:4, x:-0.353180 y:1.170425 z:-0.439178

01-04 14:07:33.393  1907  2351 D sensors_hal_Util: waitForResponse: timeout=0

01-04 14:07:33.403  1907  2283 V sensors_hal_Mag: processReportInd:sensor android.sensor.magnetic_field 

01-04 14:07:33.403  1907  2283 V sensors_hal_Mag: processReportInd: Cal Mag Filter, 2, 1, -24.539185, 19.644165, -30.006409, -208.164978, 147.856140, -233.599854, -26.020622, 18.482018, -29.199982

01-04 14:07:33.403  1907  2351 D sensors_hal_Ctx: poll:polldata:1, sensor:10, type:2, x:-26.020622 y:18.482018 z:-29.199982

01-04 14:07:33.403  1907  2351 D sensors_hal_Util: waitForResponse: timeout=0

01-04 14:07:33.412  1907  2283 V sensors_hal_Gyro: processReportInd: X: -0.384079 Y: 0.867889 Z: -0.118530 

01-04 14:07:33.413  1907  2351 D sensors_hal_Ctx: poll:polldata:1, sensor:0, type:1, x:-5.013031 y:-1.288177 z:10.772293

01-04 14:07:33.413  1907  2351 D sensors_hal_Ctx: poll:polldata:1, sensor:2, type:4, x:-0.384079 y:0.867889 z:-0.118530

01-04 14:07:33.413  1907  2351 D sensors_hal_Util: waitForResponse: timeout=0

01-04 14:07:33.423  1907  2283 V sensors_hal_Mag: processReportInd:sensor android.sensor.magnetic_field 

01-04 14:07:33.423  1907  2283 V sensors_hal_Mag: processReportInd: Cal Mag Filter, 3, 1, -23.939514, 19.494629, -32.406616, -204.565430, 150.256348, -236.750793, -25.570679, 18.782043, -29.593849

01-04 14:07:33.423  1907  2351 D sensors_hal_Ctx: poll:polldata:1, sensor:10, type:2, x:-25.570679 y:18.782043 z:-29.593849

01-04 14:07:33.423  1907  2351 D sensors_hal_Util: waitForResponse: timeout=0

01-04 14:07:33.432  1907  2283 V sensors_hal_Gyro: processReportInd: X: -0.488464 Y: 1.599731 Z: 0.252182 

01-04 14:07:33.432  1907  2351 D sensors_hal_Ctx: poll:polldata:2, sensor:0, type:1, x:-4.570099 y:-1.515625 z:13.008484

01-04 14:07:33.433  1907  2351 D sensors_hal_Util: waitForResponse: timeout=0

01-04 14:07:33.443  1907  2283 V sensors_hal_Mag: processReportInd:sensor android.sensor.magnetic_field 

01-04 14:07:33.443  1907  2283 V sensors_hal_Mag: processReportInd: Cal Mag Filter, 4, 1, -20.790100, 19.494629, -32.406616, -197.966003, 152.806091, -242.300415, -24.745750, 19.100761, -30.287552

01-04 14:07:33.443  1907  2351 D sensors_hal_Ctx: poll:polldata:1, sensor:10, type:2, x:-24.745750 y:19.100761 z:-30.287552

01-04 14:07:33.443  1907  2351 D sensors_hal_Util: waitForResponse: timeout=0

01-04 14:07:33.452  1907  2283 V sensors_hal_Gyro: processReportInd: X: -0.520432 Y: 3.101746 Z: 0.399185 

01-04 14:07:33.452  1907  2351 D sensors_hal_Ctx: poll:polldata:2, sensor:0, type:1, x:-3.746490 y:-1.199600 z:13.262268

01-04 14:07:33.452  1907  2351 D sensors_hal_Util: waitForResponse: timeout=0

01-04 14:07:33.463  1907  2283 V sensors_hal_Mag: processReportInd:sensor android.sensor.magnetic_field 

01-04 14:07:33.463  1907  2283 V sensors_hal_Mag: processReportInd: Cal Mag Filter, 5, 1, -18.539429, 20.695496, -33.605957, -189.566040, 155.357361, -247.399902, -23.695755, 19.419670, -30.924988

01-04 14:07:33.463  1907  2351 D sensors_hal_Ctx: poll:polldata:1, sensor:10, type:2, x:-23.695755 y:19.419670 z:-30.924988

01-04 14:07:33.463  1907  2351 D sensors_hal_Util: waitForResponse: timeout=0

01-04 14:07:33.472  1907  2283 V sensors_hal_Gyro: processReportInd: X: -0.573685 Y: 4.446106 Z: 0.310760 

01-04 14:07:33.472  1907  2351 D sensors_hal_Ctx: poll:polldata:2, sensor:0, type:1, x:-3.914093 y:-1.410278 z:10.513718

01-04 14:07:33.472  1907  2351 D sensors_hal_Util: waitForResponse: timeout=0

01-04 14:07:33.483  1907  2283 V sensors_hal_Mag: processReportInd:sensor android.sensor.magnetic_field 

01-04 14:07:33.483  1907  2283 V sensors_hal_Mag: processReportInd: Cal Mag Filter, 6, 1, -15.838623, 21.444702, -34.356689, -179.815674, 157.907104, -251.750183, -22.476959, 19.738388, -31.468773

01-04 14:07:33.483  1907  2351 D sensors_hal_Ctx: poll:polldata:1, sensor:10, type:2, x:-22.476959 y:19.738388 z:-31.468773

01-04 14:07:33.483  1907  2351 D sensors_hal_Util: waitForResponse: timeout=0

01-04 14:07:33.492  1907  2283 V sensors_hal_Gyro: processReportInd: X: -0.884750 Y: 4.788071 Z: 0.231934 

01-04 14:07:33.492  1907  2351 D sensors_hal_Ctx: poll:polldata:2, sensor:0, type:1, x:-5.908463 y:-2.075867 z:8.030930

01-04 14:07:33.492  1907  2351 D sensors_hal_Util: waitForResponse: timeout=0

01-04 14:07:33.503  1907  2283 V sensors_hal_Mag: processReportInd:sensor android.sensor.magnetic_field 

01-04 14:07:33.503  1907  2283 V sensors_hal_Mag: processReportInd: Cal Mag Filter, 7, 1, -12.838745, 22.344971, -34.806824, -166.914368, 160.757446, -257.901001, -20.864296, 20.094681, -32.237625

01-04 14:07:33.503  1907  2351 D sensors_hal_Ctx: poll:polldata:1, sensor:10, type:2, x:-20.864296 y:20.094681 z:-32.237625

01-04 14:07:33.503  1907  2351 D sensors_hal_Util: waitForResponse: timeout=0

01-04 14:07:33.512  1907  2351 D sensors_hal_Ctx: poll:polldata:1, sensor:0, type:1, x:-7.737625 y:-2.209946 z:7.664612

01-04 14:07:33.512  1907  2283 V sensors_hal_Gyro: processReportInd: X: -1.384354 Y: 4.433334 Z: 0.403442 

01-04 14:07:33.512  1907  2351 D sensors_hal_Ctx: poll:polldata:1, sensor:2, type:4, x:-1.384354 y:4.433334 z:0.403442

01-04 14:07:33.512  1907  2351 D sensors_hal_Util: waitForResponse: timeout=0

01-04 14:07:33.524  1907  2283 V sensors_hal_Mag: processReportInd:sensor android.sensor.magnetic_field 

01-04 14:07:33.524  1907  2283 V sensors_hal_Mag: processReportInd: Cal Mag Filter, 0, 1, -10.589600, 24.295044, -36.456299, -152.365112, 165.107727, -264.651489, -19.045639, 20.638466, -33.081436

01-04 14:07:33.524  1907  2351 D sensors_hal_Ctx: poll:polldata:1, sensor:10, type:2, x:-19.045639 y:20.638466 z:-33.081436

01-04 14:07:33.524  1907  2351 D sensors_hal_Util: waitForResponse: timeout=0

01-04 14:07:33.530  1907  2283 D sensors_hal_SMGR: processBufferingInd:report(on_change_sensor) eventtype 0

01-04 14:07:33.530  1907  2351 D sensors_hal_Ctx: poll:polldata:1, sensor:1, type:5, x:108.000000 y:0.000000 z:0.000000

01-04 14:07:33.531  1907  2351 D sensors_hal_Util: waitForResponse: timeout=0

01-04 14:07:33.532  1907  2283 V sensors_hal_Gyro: processReportInd: X: -1.544144 Y: 3.420258 Z: 0.762436 

01-04 14:07:33.532  1907  2351 D sensors_hal_Ctx: poll:polldata:2, sensor:0, type:1, x:-9.044861 y:-2.995239 z:9.376480

01-04 14:07:33.532  1907  2351 D sensors_hal_Util: waitForResponse: timeout=0

01-04 14:07:33.543  1907  2283 V sensors_hal_Mag: processReportInd:sensor android.sensor.magnetic_field 

01-04 14:07:33.543  1907  2283 V sensors_hal_Mag: processReportInd: Cal Mag Filter, 1, 1, -7.438660, 24.594116, -35.406494, -134.513855, 172.007751, -269.451904, -16.814232, 21.500969, -33.681488

01-04 14:07:33.543  1907  2351 D sensors_hal_Ctx: poll:polldata:1, sensor:10, type:2, x:-16.814232 y:21.500969 z:-33.681488

01-04 14:07:33.543  1907  2351 D sensors_hal_Util: waitForResponse: timeout=0

01-04 14:07:33.632  1907  2339 D sensors_hal_LGMotionAccel: processInd: LP2: X: -7.214172 Y: -1.449692 Z: 13.078415 SAM TS: 853342498 HAL TS:157112820370432 elapsedRealtimeNano:157112879549270

01-04 14:07:33.951  1907  2339 D sensors_hal_LGMotionAccel: processInd: LP2: X: -0.302963 Y: -2.674911 Z: 2.758698 SAM TS: 853353418 HAL TS:157113153622385 elapsedRealtimeNano:157113198478488

01-04 14:07:33.951  1907  1907 I AutomaticBrightnessControllerEx: [LANDSCAPE] unregister proximity

01-04 14:07:33.956  1907  1907 I SensorManager: removeAllSensors() [Sensor: LGE Proximity] by com.android.server.display.AutomaticBrightnessControllerEx.setProximitySensorEnabled():1064

01-04 14:07:33.956  1907  1907 D sensors_hal_Thresh: enable: handle=53

01-04 14:07:33.956  1907  1907 D sensors_hal_Thresh: enable: Disabling sensor handle=53

01-04 14:07:33.956  1907  1907 I sensors_hal_SAM: sendCancel:sensor(android.sensor.proximity) Sending cancel to svc no:21

01-04 14:07:33.957  1907  2346 D sensors_hal_Thresh: processResp: Received SNS_SAM_SENSOR_THRESH_DISABLE/CANCEL_RESP_V01

01-04 14:07:33.963  1907  2283 V sensors_hal_Mag: processReportInd:sensor android.sensor.magnetic_field 

01-04 14:07:33.963  1907  2283 V sensors_hal_Mag: processReportInd: Cal Mag Filter, 6, 1, -13.890076, -10.354614, -43.055725, -59.065247, -0.790405, -366.200256, -7.383156, -0.098801, -45.775032

01-04 14:07:33.963  1907  2351 D sensors_hal_Ctx: poll:polldata:1, sensor:10, type:2, x:-7.383156 y:-0.098801 z:-45.775032

01-04 14:07:33.963  1907  2351 D sensors_hal_Util: waitForResponse: timeout=0

01-04 14:07:33.971  1907  2283 V sensors_hal_Gyro: processReportInd: X: 0.919815 Y: -1.377686 Z: -3.861877 

01-04 14:07:33.971  1907  2351 D sensors_hal_Ctx: poll:polldata:2, sensor:0, type:1, x:-12.123810 y:-0.984116 z:5.801926

01-04 14:07:33.971  1907  2351 D sensors_hal_Util: waitForResponse: timeout=0

01-04 14:07:33.983  1907  2283 V sensors_hal_Mag: processReportInd:sensor android.sensor.magnetic_field 

01-04 14:07:33.983  1907  2283 V sensors_hal_Mag: processReportInd: Cal Mag Filter, 7, 1, -13.439941, -11.555481, -42.756653, -73.165894, -23.590088, -361.550903, -9.145737, -2.948761, -45.193863

