01-04 14:07:41.344  1907  3108 I sensors_hal_SAM: flush:sensor() handle:86

01-04 14:07:41.344  1907  3063 I sensors_hal_Ctx: flush: handle is 48

01-04 14:07:41.345  1907  3063 I sensors_hal_SAM: flush:sensor(android.sensor.step_detector) handle:48

01-04 14:07:41.345  1907  2294 I sensors_hal_HealthActivityPattern: processResp: handle:86

01-04 14:07:41.627  1907  2339 D sensors_hal_LGMotionAccel: processInd: LP2: X: -4.757828 Y: 7.654495 Z: 4.596420 SAM TS: 853604578 HAL TS:157120818318652 elapsedRealtimeNano:157120874556402

01-04 14:07:41.631  1907  2528 V WifiServerServiceExt: checkPollTimer Cnt= 0 rssi =-62 threshold=-100

01-04 14:07:41.790  1907  2361 D InputDispatcher: notifyMotion - action=ACTION_DOWN(0), id=0, tooltype=1, deviceId=4, source=0x1002, policyFlags=0x0, flags=0x0, metaState=0x0, buttonState=0x0, edgeFlags=0x0, eventTime=111561640153000, downTime=111561640153000, 

01-04 14:07:41.790  1907  2360 D InputTransport: channel '68a48f8 com.YourCompany.Rolling/com.epicgames.ue4.GameActivity (server)' : action=ACTION_DOWN(0), id=0, tooltype=1, deviceId=4, source=0x1002, flags=0x2, edgeFlags=0x0, metaState=0x0, buttonState=0x0, downTime=111561640153000, eventTime=111561640153000, pointerCount=1

01-04 14:07:41.791 11629 11629 I ViewRootImpl: ViewRoot's Touch Event : ACTION_DOWN

01-04 14:07:41.966  1907  2339 D sensors_hal_LGMotionAccel: processInd: LP2: X: -4.636154 Y: 8.059723 Z: 4.469208 SAM TS: 853615498 HAL TS:157121151570605 elapsedRealtimeNano:157121213401246

01-04 14:07:42.285  1907  2339 D sensors_hal_LGMotionAccel: processInd: LP2: X: -5.490173 Y: 7.399673 Z: 3.806168 SAM TS: 853626418 HAL TS:157121484822558 elapsedRealtimeNano:157121532225412

01-04 14:07:42.347  1907  3089 I sensors_hal_Ctx: flush: handle is 86

01-04 14:07:42.347  1907  3089 I sensors_hal_SAM: flush:sensor() handle:86

01-04 14:07:42.348  1907  3066 I sensors_hal_Ctx: flush: handle is 48

01-04 14:07:42.348  1907  3066 I sensors_hal_SAM: flush:sensor(android.sensor.step_detector) handle:48

01-04 14:07:42.350  1907  2294 I sensors_hal_HealthActivityPattern: processResp: handle:86

01-04 14:07:42.739  1907  1989 D AutomaticBrightnessControllerEx: [MultiALC] (new) start checking!! mAmbientLuxWhenBarReleased : 230.0 / mBrightnessWhenBarReleased : 139 / mAmbientLux : 433.0 / mScreenBrightness = 163

01-04 14:07:42.739  1907  1989 D AutomaticBrightnessControllerEx: [MultiALC] same brightness~~~ : 163

01-04 14:07:43.348  1907  1928 I sensors_hal_Ctx: flush: handle is 86

01-04 14:07:43.348  1907  1928 I sensors_hal_SAM: flush:sensor() handle:86

01-04 14:07:43.348  1907  3067 I sensors_hal_Ctx: flush: handle is 48

01-04 14:07:43.348  1907  3067 I sensors_hal_SAM: flush:sensor(android.sensor.step_detector) handle:48

01-04 14:07:43.351  1907  2294 I sensors_hal_HealthActivityPattern: processResp: handle:86

01-04 14:07:43.776   937   957 I GBMv2   : GBM state [1]

01-04 14:07:44.349  1907  2518 I sensors_hal_Ctx: flush: handle is 86

01-04 14:07:44.349  1907  2518 I sensors_hal_SAM: flush:sensor() handle:86

01-04 14:07:44.351  1907  3050 I sensors_hal_Ctx: flush: handle is 48

01-04 14:07:44.351  1907  3050 I sensors_hal_SAM: flush:sensor(android.sensor.step_detector) handle:48

01-04 14:07:44.351  1907  2294 I sensors_hal_HealthActivityPattern: processResp: handle:86

01-04 14:07:44.634  1907  2528 V WifiServerServiceExt: checkPollTimer Cnt= 0 rssi =-61 threshold=-100

01-04 14:07:45.225  1907  3616 E LocSvc_libulp: E/int ulp_brain_transition_all_providers(), no QUIPC/GNSS transition logic run due to both engines are OFF 

01-04 14:07:45.227  1907  2962 E LocSvc_LBSApiV02: E/virtual int lbs_core::LBSApiV02::injectCoarsePosition(const CoarsePositionInfo&):320]: Error : st = 3, ind.status = -1633374208

01-04 14:07:45.227  1907  2975 E QMI_FW  : QCCI qmi_cci_xport_recv: txn not found. svc_id: 16

01-04 14:07:45.227  1907  2962 I IzatProviderEngine: LocTech-Label :: OSDC :: Position Report In

01-04 14:07:45.227  1907  2962 I IzatProviderEngine: LocTech-Value :: UTC Time: 1578114437836, Elapsed Real Time Nanos: 157124474558536, Latitude: 37.5641528, Longitude: 127.0390681, Altitude: 0.0, Speed: 0.0, Bearing: 0.0, Accuracy: 18.479

01-04 14:07:45.229  1907  1942 D LocationManagerService: This location is marked as ready for broadcast

01-04 14:07:45.230  1907  1942 D LocationManagerService: incoming location: Location[network 37.564153,127.039068 acc=18 et=+1d19h38m44s474ms alt=0.0 vel=0.0 bear=0.0 {Bundle[{com.qualcomm.location.nlp:ready=true}]}]

01-04 14:07:45.231  1907  1942 D LocationManagerService: incoming location: Location[network 37.564153,127.039068 acc=18 et=+1d19h38m44s474ms alt=0.0 vel=0.0 bear=0.0 {Bundle[{com.qualcomm.location.nlp:ready=true}]}]

01-04 14:07:45.355  1907  2925 I sensors_hal_Ctx: flush: handle is 86

01-04 14:07:45.355  1907  2925 I sensors_hal_SAM: flush:sensor() handle:86

01-04 14:07:45.355  1907  2964 I sensors_hal_Ctx: flush: handle is 48

01-04 14:07:45.355  1907  2964 I sensors_hal_SAM: flush:sensor(android.sensor.step_detector) handle:48

01-04 14:07:45.356  1907  2294 I sensors_hal_HealthActivityPattern: processResp: handle:86

01-04 14:07:45.700  1907  1989 D AutomaticBrightnessControllerEx: [MultiALC] (new) start checking!! mAmbientLuxWhenBarReleased : 230.0 / mBrightnessWhenBarReleased : 139 / mAmbientLux : 442.0 / mScreenBrightness = 163

01-04 14:07:45.700  1907  1989 D AutomaticBrightnessControllerEx: [MultiALC] same brightness~~~ : 163

01-04 14:07:46.356  1907  3063 I sensors_hal_Ctx: flush: handle is 86

01-04 14:07:46.356  1907  3063 I sensors_hal_SAM: flush:sensor() handle:86

01-04 14:07:46.359  1907  2294 I sensors_hal_HealthActivityPattern: processResp: handle:86

01-04 14:07:46.360  1907  3097 I sensors_hal_Ctx: flush: handle is 48

01-04 14:07:46.360  1907  3097 I sensors_hal_SAM: flush:sensor(android.sensor.step_detector) handle:48

01-04 14:07:46.376  1907  2283 V sensors_hal_Mag: processReportInd:sensor android.sensor.magnetic_field 

01-04 14:07:46.376  1907  2283 V sensors_hal_Mag: processReportInd: Cal Mag Filter, 3, 1, -20.639038, -27.305603, -28.205872, -154.011536, -215.292358, -230.000305, -19.251442, -26.911545, -28.750038

01-04 14:07:46.376  1907  2351 D sensors_hal_Ctx: poll:polldata:1, sensor:10, type:2, x:-19.251442 y:-26.911545 z:-28.750038

01-04 14:07:46.376  1907  2351 D sensors_hal_Util: waitForResponse: timeout=0

01-04 14:07:46.391  1907  2283 V sensors_hal_Gyro: processReportInd: X: -0.061295 Y: 0.126465 Z: 0.226608 

01-04 14:07:46.392  1907  2351 D sensors_hal_Ctx: poll:polldata:2, sensor:0, type:1, x:-3.763260 y:7.654160 z:4.825089

01-04 14:07:46.392  1907  2351 D sensors_hal_Util: waitForResponse: timeout=0

01-04 14:07:46.396  1907  2283 V sensors_hal_Mag: processReportInd:sensor android.sensor.magnetic_field 

01-04 14:07:46.396  1907  2283 V sensors_hal_Mag: processReportInd: Cal Mag Filter, 4, 1, -20.639038, -27.305603, -31.056213, -155.961609, -215.892029, -234.199524, -19.495201, -26.986504, -29.274940

01-04 14:07:46.396  1907  2351 D sensors_hal_Ctx: poll:polldata:1, sensor:10, type:2, x:-19.495201 y:-26.986504 z:-29.274940

01-04 14:07:46.396  1907  2351 D sensors_hal_Util: waitForResponse: timeout=0

01-04 14:07:46.411  1907  2283 V sensors_hal_Gyro: processReportInd: X: -0.100708 Y: 0.133926 Z: 0.223419 

01-04 14:07:46.412  1907  2351 D sensors_hal_Ctx: poll:polldata:2, sensor:0, type:1, x:-3.487915 y:7.611069 z:5.047760

01-04 14:07:46.412  1907  2351 D sensors_hal_Util: waitForResponse: timeout=0

01-04 14:07:46.416  1907  2283 V sensors_hal_Mag: processReportInd:sensor android.sensor.magnetic_field 

01-04 14:07:46.416  1907  2283 V sensors_hal_Mag: processReportInd: Cal Mag Filter, 5, 1, -19.439697, -25.654602, -29.406738, -156.112671, -214.241028, -234.350586, -19.514084, -26.780128, -29.293823

01-04 14:07:46.416  1907  2351 D sensors_hal_Ctx: poll:polldata:1, sensor:10, type:2, x:-19.514084 y:-26.780128 z:-29.293823

01-04 14:07:46.416  1907  2351 D sensors_hal_Util: waitForResponse: timeout=0

01-04 14:07:46.431  1907  2283 V sensors_hal_Gyro: processReportInd: X: -0.109238 Y: 0.122208 Z: 0.164825 

01-04 14:07:46.431  1907  2351 D sensors_hal_Ctx: poll:polldata:1, sensor:0, type:1, x:-3.483139 y:7.637405 z:5.179443

01-04 14:07:46.431  1907  2351 D sensors_hal_Ctx: poll:polldata:1, sensor:2, type:4, x:-0.109238 y:0.122208 z:0.164825

01-04 14:07:46.431  1907  2351 D sensors_hal_Util: waitForResponse: timeout=0

01-04 14:07:46.436  1907  2283 V sensors_hal_Mag: processReportInd:sensor android.sensor.magnetic_field 

01-04 14:07:46.436  1907  2283 V sensors_hal_Mag: processReportInd: Cal Mag Filter, 6, 1, -18.389893, -27.455139, -28.356934, -155.213928, -214.091492, -231.950378, -19.401741, -26.761436, -28.993797

01-04 14:07:46.436  1907  2351 D sensors_hal_Ctx: poll:polldata:1, sensor:10, type:2, x:-19.401741 y:-26.761436 z:-28.993797

01-04 14:07:46.436  1907  2351 D sensors_hal_Util: waitForResponse: timeout=0

01-04 14:07:46.451  1907  2283 V sensors_hal_Gyro: processReportInd: X: -0.108170 Y: 0.116882 Z: 0.109436 

01-04 14:07:46.451  1907  2351 D sensors_hal_Ctx: poll:polldata:2, sensor:0, type:1, x:-3.715378 y:7.646988 z:5.227325

01-04 14:07:46.451  1907  2351 D sensors_hal_Util: waitForResponse: timeout=0

01-04 14:07:46.456  1907  2283 V sensors_hal_Mag: processReportInd:sensor android.sensor.magnetic_field 

01-04 14:07:46.456  1907  2283 V sensors_hal_Mag: processReportInd: Cal Mag Filter, 7, 1, -20.039368, -27.005005, -29.255676, -155.213928, -214.541626, -232.249451, -19.401741, -26.817703, -29.031181

01-04 14:07:46.456  1907  2351 D sensors_hal_Ctx: poll:polldata:1, sensor:10, type:2, x:-19.401741 y:-26.817703 z:-29.031181

01-04 14:07:46.456  1907  2351 D sensors_hal_Util: waitForResponse: timeout=0

01-04 14:07:46.474  1907  2283 V sensors_hal_Gyro: processReportInd: X: -0.088989 Y: 0.088120 Z: 0.099838 

01-04 14:07:46.474  1907  2351 D sensors_hal_Ctx: poll:polldata:2, sensor:0, type:1, x:-3.765656 y:7.646988 z:5.457169

01-04 14:07:46.474  1907  2351 D sensors_hal_Util: waitForResponse: timeout=0

01-04 14:07:46.476  1907  2283 V sensors_hal_Mag: processReportInd:sensor android.sensor.magnetic_field 

01-04 14:07:46.476  1907  2283 V sensors_hal_Mag: processReportInd: Cal Mag Filter, 0, 1, -20.339966, -26.255798, -30.006409, -156.265259, -213.491821, -233.749390, -19.533157, -26.686478, -29.218674

01-04 14:07:46.476  1907  2351 D sensors_hal_Ctx: poll:polldata:1, sensor:10, type:2, x:-19.533157 y:-26.686478 z:-29.218674

01-04 14:07:46.476  1907  2351 D sensors_hal_Util: waitForResponse: timeout=0

01-04 14:07:46.491  1907  2283 V sensors_hal_Gyro: processReportInd: X: -0.009094 Y: 0.034851 Z: 0.109436 

01-04 14:07:46.491  1907  2351 D sensors_hal_Ctx: poll:polldata:2, sensor:0, type:1, x:-3.727341 y:7.680496 z:5.447586

01-04 14:07:46.491  1907  2351 D sensors_hal_Util: waitForResponse: timeout=0

01-04 14:07:46.496  1907  2283 V sensors_hal_Mag: processReportInd:sensor android.sensor.magnetic_field 

01-04 14:07:46.496  1907  2283 V sensors_hal_Mag: processReportInd: Cal Mag Filter, 1, 1, -19.589233, -25.204468, -30.456543, -157.315063, -211.390686, -234.500122, -19.664383, -26.423836, -29.312515

01-04 14:07:46.497  1907  2351 D sensors_hal_Ctx: poll:polldata:1, sensor:10, type:2, x:-19.664383 y:-26.423836 z:-29.312515

01-04 14:07:46.497  1907  2351 D sensors_hal_Util: waitForResponse: timeout=0

01-04 14:07:46.511  1907  2351 D sensors_hal_Ctx: poll:polldata:1, sensor:0, type:1, x:-3.617203 y:7.754715 z:5.160278

01-04 14:07:46.511  1907  2351 D sensors_hal_Util: waitForResponse: timeout=0

01-04 14:07:46.511  1907  2283 V sensors_hal_Gyro: processReportInd: X: 0.067596 Y: 0.002899 Z: 0.113693 

01-04 14:07:46.511  1907  2351 D sensors_hal_Ctx: poll:polldata:1, sensor:2, type:4, x:0.067596 y:0.002899 z:0.113693

01-04 14:07:46.511  1907  2351 D sensors_hal_Util: waitForResponse: timeout=0

01-04 14:07:46.516  1907  2283 V sensors_hal_Mag: processReportInd:sensor android.sensor.magnetic_field 

01-04 14:07:46.516  1907  2283 V sensors_hal_Mag: processReportInd: Cal Mag Filter, 2, 1, -19.589233, -25.204468, -29.705811, -158.665466, -211.390686, -236.450195, -19.833183, -26.423836, -29.556274

01-04 14:07:46.516  1907  2351 D sensors_hal_Ctx: poll:polldata:1, sensor:10, type:2, x:-19.833183 y:-26.423836 z:-29.556274

01-04 14:07:46.516  1907  2351 D sensors_hal_Util: waitForResponse: timeout=0

01-04 14:07:47.361  1907  3065 I sensors_hal_Ctx: flush: handle is 86

01-04 14:07:47.361  1907  3065 I sensors_hal_SAM: flush:sensor() handle:86

01-04 14:07:47.363  1907  3089 I sensors_hal_Ctx: flush: handle is 48

01-04 14:07:47.363  1907  3089 I sensors_hal_SAM: flush:sensor(android.sensor.step_detector) handle:48

01-04 14:07:47.366  1907  2294 I sensors_hal_HealthActivityPattern: processResp: handle:86

01-04 14:07:47.637  1907  2528 V WifiServerServiceExt: checkPollTimer Cnt= 0 rssi =-63 threshold=-100

01-04 14:07:47.778   937   957 I GBMv2   : GBM state [10]

01-04 14:07:47.818  1907  1989 D AutomaticBrightnessControllerEx: [MultiALC] (new) start checking!! mAmbientLuxWhenBarReleased : 230.0 / mBrightnessWhenBarReleased : 139 / mAmbientLux : 443.0 / mScreenBrightness = 163

01-04 14:07:47.818  1907  1989 D AutomaticBrightnessControllerEx: [MultiALC] same brightness~~~ : 163

01-04 14:07:47.878   937   957 I GBMv2   : GBM state [0]

01-04 14:07:47.878   937   957 I GBMv2   : GBM state [1]

01-04 14:07:48.364  1907  2925 I sensors_hal_Ctx: flush: handle is 86

01-04 14:07:48.364  1907  2925 I sensors_hal_SAM: flush:sensor() handle:86

01-04 14:07:48.365  1907  2964 I sensors_hal_Ctx: flush: handle is 48

01-04 14:07:48.365  1907  2964 I sensors_hal_SAM: flush:sensor(android.sensor.step_detector) handle:48

01-04 14:07:48.368  1907  2294 I sensors_hal_HealthActivityPattern: processResp: handle:86

01-04 14:07:49.367  1907  2629 I sensors_hal_Ctx: flush: handle is 86

01-04 14:07:49.367  1907  2629 I sensors_hal_SAM: flush:sensor() handle:86

01-04 14:07:49.368  1907  3141 I sensors_hal_Ctx: flush: handle is 48

01-04 14:07:49.368  1907  3141 I sensors_hal_SAM: flush:sensor(android.sensor.step_detector) handle:48

01-04 14:07:49.370  1907  2294 I sensors_hal_HealthActivityPattern: processResp: handle:86

01-04 14:07:49.766  1907  2518 D BluetoothManagerService: isEnabledStandAloneBleMode() : isStandAloneBleMode = false

01-04 14:07:50.369  1907  3089 I sensors_hal_Ctx: flush: handle is 86

01-04 14:07:50.369  1907  3089 I sensors_hal_SAM: flush:sensor() handle:86

01-04 14:07:50.369  1907  3066 I sensors_hal_Ctx: flush: handle is 48

01-04 14:07:50.369  1907  3066 I sensors_hal_SAM: flush:sensor(android.sensor.step_detector) handle:48

01-04 14:07:50.371  1907  2294 I sensors_hal_HealthActivityPattern: processResp: handle:86

01-04 14:07:50.640  1907  2528 V WifiServerServiceExt: checkPollTimer Cnt= 0 rssi =-66 threshold=-100

01-04 14:07:51.370  1907  2629 I sensors_hal_Ctx: flush: handle is 86

01-04 14:07:51.370  1907  2629 I sensors_hal_SAM: flush:sensor() handle:86

01-04 14:07:51.371  1907  3141 I sensors_hal_Ctx: flush: handle is 48

01-04 14:07:51.371  1907  3141 I sensors_hal_SAM: flush:sensor(android.sensor.step_detector) handle:48

01-04 14:07:51.372  1907  2294 I sensors_hal_HealthActivityPattern: processResp: handle:86

01-04 14:07:51.880   937   957 I GBMv2   : GBM state [10]

01-04 14:07:51.980   937   957 I GBMv2   : GBM state [0]

01-04 14:07:51.980   937   957 I GBMv2   : GBM state [1]

01-04 14:07:52.373  1907  2925 I sensors_hal_Ctx: flush: handle is 86

01-04 14:07:52.373  1907  2925 I sensors_hal_SAM: flush:sensor() handle:86

01-04 14:07:52.374  1907  3050 I sensors_hal_Ctx: flush: handle is 48

01-04 14:07:52.374  1907  3050 I sensors_hal_SAM: flush:sensor(android.sensor.step_detector) handle:48

01-04 14:07:52.375  1907  2294 I sensors_hal_HealthActivityPattern: processResp: handle:86

01-04 14:07:53.375  1907  3067 I sensors_hal_Ctx: flush: handle is 86

01-04 14:07:53.375  1907  3067 I sensors_hal_SAM: flush:sensor() handle:86

01-04 14:07:53.376  1907  1928 I sensors_hal_Ctx: flush: handle is 48

01-04 14:07:53.376  1907  1928 I sensors_hal_SAM: flush:sensor(android.sensor.step_detector) handle:48

01-04 14:07:53.378  1907  2294 I sensors_hal_HealthActivityPattern: processResp: handle:86

01-04 14:07:53.643  1907  2528 V WifiServerServiceExt: checkPollTimer Cnt= 0 rssi =-62 threshold=-100

01-04 14:07:54.376  1907  2925 I sensors_hal_Ctx: flush: handle is 86

01-04 14:07:54.376  1907  2925 I sensors_hal_SAM: flush:sensor() handle:86

01-04 14:07:54.377  1907  3050 I sensors_hal_Ctx: flush: handle is 48

01-04 14:07:54.377  1907  3050 I sensors_hal_SAM: flush:sensor(android.sensor.step_detector) handle:48

01-04 14:07:54.378  1907  2294 I sensors_hal_HealthActivityPattern: processResp: handle:86

01-04 14:07:54.503  1907  2355 V AlarmManager: ELAPSED_WAKEUP set : Alarm{2759d04 tag *walarm*:com.google.android.location.ALARM_WAKEUP_LOCATOR type 2 when 157133749 com.google.android.gms} when 157133749

01-04 14:07:54.508  1907  1929 D WifiServiceImplEx: acquireWifiLock pid=3279, uid=10010, packageName=com.google.uid.shared:10010, tag=NlpWifiLock

01-04 14:07:54.508  1907  1929 D WifiService: acquireWifiLockLocked: WifiLock{NlpWifiLock type=2 binder=android.os.BinderProxy@116c99f}

01-04 14:07:54.509  1907  3067 D WifiServiceImplEx: startScan pid=3279, uid=10010, packageName=com.google.uid.shared:10010

01-04 14:07:55.378  1907  3055 I sensors_hal_Ctx: flush: handle is 86

01-04 14:07:55.378  1907  3055 I sensors_hal_SAM: flush:sensor() handle:86

01-04 14:07:55.379  1907  2964 I sensors_hal_Ctx: flush: handle is 48

01-04 14:07:55.379  1907  2964 I sensors_hal_SAM: flush:sensor(android.sensor.step_detector) handle:48

01-04 14:07:55.383  1907  2294 I sensors_hal_HealthActivityPattern: processResp: handle:86

01-04 14:07:55.950  1907  2361 D InputDispatcher: notifyMotion - action=ACTION_UP(0), id=0, tooltype=1, deviceId=4, source=0x1002, policyFlags=0x0, flags=0x0, metaState=0x0, buttonState=0x0, edgeFlags=0x0, eventTime=111575800567000, downTime=111561640153000, 

01-04 14:07:55.951  1907  2360 D InputTransport: channel '68a48f8 com.YourCompany.Rolling/com.epicgames.ue4.GameActivity (server)' : action=ACTION_UP(0), id=0, tooltype=1, deviceId=4, source=0x1002, flags=0x2, edgeFlags=0x0, metaState=0x0, buttonState=0x0, downTime=111561640153000, eventTime=111575800567000, pointerCount=1

01-04 14:07:55.951 11629 11629 I ViewRootImpl: ViewRoot's Touch Event : ACTION_UP

01-04 14:07:55.982   937   957 I GBMv2   : GBM state [10]

01-04 14:07:56.082   937   957 I GBMv2   : GBM state [0]

01-04 14:07:56.082   937   957 I GBMv2   : GBM state [1]

01-04 14:07:56.380  1907  2629 I sensors_hal_Ctx: flush: handle is 86

01-04 14:07:56.380  1907  2629 I sensors_hal_SAM: flush:sensor() handle:86

01-04 14:07:56.381  1907  3141 I sensors_hal_Ctx: flush: handle is 48

01-04 14:07:56.381  1907  3141 I sensors_hal_SAM: flush:sensor(android.sensor.step_detector) handle:48

01-04 14:07:56.383  1907  2294 I sensors_hal_HealthActivityPattern: processResp: handle:86

01-04 14:07:56.646  1907  2528 V WifiServerServiceExt: checkPollTimer Cnt= 0 rssi =-61 threshold=-100

01-04 14:07:57.138  1907  2361 D InputDispatcher: notifyMotion - action=ACTION_DOWN(0), id=0, tooltype=1, deviceId=4, source=0x1002, policyFlags=0x0, flags=0x0, metaState=0x0, buttonState=0x0, edgeFlags=0x0, eventTime=111576987981000, downTime=111576987981000, 

01-04 14:07:57.138  1907  2360 D InputTransport: channel '68a48f8 com.YourCompany.Rolling/com.epicgames.ue4.GameActivity (server)' : action=ACTION_DOWN(0), id=0, tooltype=1, deviceId=4, source=0x1002, flags=0x2, edgeFlags=0x0, metaState=0x0, buttonState=0x0, downTime=111576987981000, eventTime=111576987981000, pointerCount=1

01-04 14:07:57.138 11629 11629 I ViewRootImpl: ViewRoot's Touch Event : ACTION_DOWN

01-04 14:07:57.228  1907  2962 E IzatSvc_Wiper: E/Exiting with error virtual void izat_manager::Wiper::reportLocation(const izat_manager::LocationReport*, const izat_manager::ILocationProvider*) line 514 "3"

01-04 14:07:57.229  1907  3616 E LocSvc_libulp: E/int ulp_brain_transition_all_providers(), no QUIPC/GNSS transition logic run due to both engines are OFF 

01-04 14:07:57.229  1907  2962 I IzatProviderEngine: LocTech-Label :: OSDC :: Position Report In

01-04 14:07:57.230  1907  2962 I IzatProviderEngine: LocTech-Value :: UTC Time: 1578114468500, Elapsed Real Time Nanos: 157136476886865, Latitude: 37.56294250488281, Longitude: 127.03903198242189, Altitude: 0.0, Speed: 0.0, Bearing: 0.0, Accuracy: 591.7371

01-04 14:07:57.233  1907  1942 D LocationManagerService: This location is marked as ready for broadcast

01-04 14:07:57.236  1907  1942 D LocationManagerService: incoming location: Location[network 37.562943,127.039032 acc=592 et=+1d19h38m56s476ms alt=0.0 vel=0.0 bear=0.0 {Bundle[{com.qualcomm.location.nlp:ready=true}]}]

01-04 14:07:57.242  1907  1942 D LocationManagerService: incoming location: Location[network 37.562943,127.039032 acc=592 et=+1d19h38m56s476ms alt=0.0 vel=0.0 bear=0.0 {Bundle[{com.qualcomm.location.nlp:ready=true}]}]

01-04 14:07:57.382  1907  3097 I sensors_hal_Ctx: flush: handle is 86

01-04 14:07:57.382  1907  3097 I sensors_hal_SAM: flush:sensor() handle:86

01-04 14:07:57.383  1907  3108 I sensors_hal_Ctx: flush: handle is 48

01-04 14:07:57.383  1907  3108 I sensors_hal_SAM: flush:sensor(android.sensor.step_detector) handle:48

01-04 14:07:57.384  1907  2294 I sensors_hal_HealthActivityPattern: processResp: handle:86

01-04 14:07:57.852  1907  2525 D LgWifiFavoriteAp: ConnectedState - msg [3] is not handled

01-04 14:07:57.854  3029  3029 E API     : getOnOffStatus status : 0

01-04 14:07:57.854  3029  3029 I WIFI_MANAGER: Engine OFF >> Do Nothing.... 

01-04 14:07:57.897  1907  3055 D WifiServiceImplEx: releaseWifiLock pid=3279, uid=10010, packageName=com.google.uid.shared:10010

01-04 14:07:57.897  1907  3055 D WifiService: releaseWifiLockLocked: WifiLock{NlpWifiLock type=2 binder=android.os.BinderProxy@116c99f}

01-04 14:07:57.913  1907  1942 D LocationManagerService: Sending location for screening

01-04 14:07:57.914  1907  3589 V OSNPGlue_jni: Entering  : void onJavaLocationChanged(JNIEnv*, jobject, jboolean, jlong, jboolean, jlong, jboolean, jdouble, jboolean, jdouble, jboolean, jfloat, jboolean, jdouble, jboolean, jfloat, jboolean, jfloat)

01-04 14:07:57.914  1907  3616 E LocSvc_libulp: E/int ulp_brain_transition_all_providers(), no QUIPC/GNSS transition logic run due to both engines are OFF 

01-04 14:07:57.916  1907  2975 E QMI_FW  : QCCI qmi_cci_xport_recv: txn not found. svc_id: 16

01-04 14:07:57.916  1907  2962 E LocSvc_LBSApiV02: E/virtual int lbs_core::LBSApiV02::injectCoarsePosition(const CoarsePositionInfo&):320]: Error : st = 3, ind.status = -1633374208

01-04 14:07:57.916  1907  2962 I IzatProviderEngine: LocTech-Label :: OSDC :: Position Report In

01-04 14:07:57.916  1907  2962 I IzatProviderEngine: LocTech-Value :: UTC Time: 1578114477826, Elapsed Real Time Nanos: 157137163243271, Latitude: 37.5641559, Longitude: 127.0390519, Altitude: 0.0, Speed: 0.0, Bearing: 0.0, Accuracy: 18.357

01-04 14:07:57.916  1907  1942 D LocationManagerService: This location is marked as ready for broadcast

01-04 14:07:57.917  1907  1942 D LocationManagerService: incoming location: Location[network 37.564156,127.039052 acc=18 et=+1d19h38m57s163ms alt=0.0 vel=0.0 bear=0.0 {Bundle[{com.qualcomm.location.nlp:ready=true}]}]

01-04 14:07:57.919  1907  1942 D LocationManagerService: incoming location: Location[network 37.564156,127.039052 acc=18 et=+1d19h38m57s163ms alt=0.0 vel=0.0 bear=0.0 {Bundle[{com.qualcomm.location.nlp:ready=true}]}]

01-04 14:07:58.384  1907  1929 I sensors_hal_Ctx: flush: handle is 86

01-04 14:07:58.384  1907  1929 I sensors_hal_SAM: flush:sensor() handle:86

01-04 14:07:58.385  1907  3055 I sensors_hal_Ctx: flush: handle is 48

01-04 14:07:58.385  1907  3055 I sensors_hal_SAM: flush:sensor(android.sensor.step_detector) handle:48

01-04 14:07:58.387  1907  2294 I sensors_hal_HealthActivityPattern: processResp: handle:86

01-04 14:07:58.416  1907  1989 D AutomaticBrightnessControllerEx: [MultiALC] (new) start checking!! mAmbientLuxWhenBarReleased : 230.0 / mBrightnessWhenBarReleased : 139 / mAmbientLux : 446.0 / mScreenBrightness = 163

01-04 14:07:58.416  1907  1989 D AutomaticBrightnessControllerEx: [MultiALC] same brightness~~~ : 163

01-04 14:07:59.387  1907  2518 I sensors_hal_Ctx: flush: handle is 86

01-04 14:07:59.387  1907  2518 I sensors_hal_SAM: flush:sensor() handle:86

01-04 14:07:59.387  1907  2518 D sensors_hal_SAM: flush: handle 86 batch_support 1

01-04 14:07:59.387  1907  2518 D sensors_hal_HealthActivityPattern: sendBatchReq: batching: 1, batch_rate=0.199997 (Hz)

01-04 14:07:59.387  1907  2629 I sensors_hal_Ctx: flush: handle is 48

01-04 14:07:59.387  1907  2629 I sensors_hal_SAM: flush:sensor(android.sensor.step_detector) handle:48

01-04 14:07:59.387  1907  2629 D sensors_hal_SAM: flush: handle 48 batch_support 1

01-04 14:07:59.387  1907  2629 D sensors_hal_StepDetector: sendBatchReq: batching: 1, batch_rate=0.016663 (Hz)

01-04 14:07:59.389  1907  2294 I sensors_hal_HealthActivityPattern: processResp: handle:86

01-04 14:07:59.389  1907  2294 D sensors_hal_HealthActivityPattern: processResp: Received SNS_SAM_HEALTH_ACTIVITY_BATCH_RESP_V01

01-04 14:07:59.389  1907  2294 D sensors_hal: flushSendCmplt: handle=86

01-04 14:07:59.389  1907  2351 D sensors_hal_Ctx: poll:polldata:1, sensor:0, type:0, x:0.000000 y:0.000000 z:0.000000

01-04 14:07:59.389  1907  2351 D sensors_hal_Util: waitForResponse: timeout=0

01-04 14:07:59.390  1907  2283 V sensors_hal_Mag: processReportInd:sensor android.sensor.magnetic_field 

01-04 14:07:59.390  1907  2283 V sensors_hal_Mag: processReportInd: Cal Mag Filter, 6, 1, -18.089294, -21.455383, -35.256958, -136.914062, -163.839722, -269.001770, -17.114258, -20.479965, -33.625221

01-04 14:07:59.390  1907  2303 D sensors_hal_StepDetector: processResp: Received SNS_SAM_PED_BATCH_RESP_V01

01-04 14:07:59.390  1907  2303 D sensors_hal: flushSendCmplt: handle=48

01-04 14:07:59.390  1907  2283 V sensors_hal_Gyro: processReportInd: X: 0.069733 Y: 0.043381 Z: 0.013565 

01-04 14:07:59.390  1907  2351 D sensors_hal_Ctx: poll:polldata:4, sensor:10, type:2, x:-17.114258 y:-20.479965 z:-33.625221

01-04 14:07:59.390  1907  2351 D sensors_hal_Util: waitForResponse: timeout=0

01-04 14:07:59.409  1907  2283 V sensors_hal_Mag: processReportInd:sensor android.sensor.magnetic_field 

01-04 14:07:59.409  1907  2283 V sensors_hal_Mag: processReportInd: Cal Mag Filter, 7, 1, -16.889954, -19.805908, -34.655762, -135.115051, -164.891052, -271.551514, -16.889381, -20.611382, -33.943939

01-04 14:07:59.409  1907  2351 D sensors_hal_Ctx: poll:polldata:1, sensor:10, type:2, x:-16.889381 y:-20.611382 z:-33.943939

01-04 14:07:59.409  1907  2351 D sensors_hal_Util: waitForResponse: timeout=0

01-04 14:07:59.410  1907  2351 D sensors_hal_Ctx: poll:polldata:1, sensor:0, type:1, x:-3.595657 y:7.287857 z:6.216125

01-04 14:07:59.410  1907  2351 D sensors_hal_Util: waitForResponse: timeout=0

01-04 14:07:59.411  1907  2283 V sensors_hal_Gyro: processReportInd: X: 0.118729 Y: 0.054031 Z: 0.023148 

01-04 14:07:59.411  1907  2351 D sensors_hal_Ctx: poll:polldata:1, sensor:2, type:4, x:0.118729 y:0.054031 z:0.023148

01-04 14:07:59.411  1907  2351 D sensors_hal_Util: waitForResponse: timeout=0

01-04 14:07:59.429  1907  2283 V sensors_hal_Mag: processReportInd:sensor android.sensor.magnetic_field 

01-04 14:07:59.429  1907  2283 V sensors_hal_Mag: processReportInd: Cal Mag Filter, 0, 1, -17.189026, -22.355652, -33.605957, -136.164856, -166.390991, -272.151184, -17.020607, -20.798874, -34.018898

01-04 14:07:59.430  1907  2351 D sensors_hal_Ctx: poll:polldata:1, sensor:10, type:2, x:-17.020607 y:-20.798874 z:-34.018898

01-04 14:07:59.430  1907  2351 D sensors_hal_Util: waitForResponse: timeout=0

01-04 14:07:59.430  1907  2283 V sensors_hal_Gyro: processReportInd: X: 0.164536 Y: 0.085983 Z: 0.025284 

01-04 14:07:59.430  1907  2351 D sensors_hal_Ctx: poll:polldata:2, sensor:0, type:1, x:-3.801559 y:7.302216 z:5.732498

01-04 14:07:59.430  1907  2351 D sensors_hal_Util: waitForResponse: timeout=0

01-04 14:07:59.449  1907  2283 V sensors_hal_Mag: processReportInd:sensor android.sensor.magnetic_field 

01-04 14:07:59.449  1907  2283 V sensors_hal_Mag: processReportInd: Cal Mag Filter, 1, 1, -15.838623, -20.555115, -35.105896, -133.464050, -165.341187, -273.350525, -16.683006, -20.667648, -34.168816

01-04 14:07:59.449  1907  2351 D sensors_hal_Ctx: poll:polldata:1, sensor:10, type:2, x:-16.683006 y:-20.667648 z:-34.168816

01-04 14:07:59.449  1907  2351 D sensors_hal_Util: waitForResponse: timeout=0

01-04 14:07:59.450  1907  2351 D sensors_hal_Ctx: poll:polldata:1, sensor:0, type:1, x:-3.732132 y:7.302216 z:5.287170

01-04 14:07:59.450  1907  2351 D sensors_hal_Util: waitForResponse: timeout=0

01-04 14:07:59.450  1907  2283 V sensors_hal_Gyro: processReportInd: X: 0.171997 Y: 0.042313 Z: 0.077469 

01-04 14:07:59.450  1907  2351 D sensors_hal_Ctx: poll:polldata:1, sensor:2, type:4, x:0.171997 y:0.042313 z:0.077469

01-04 14:07:59.450  1907  2351 D sensors_hal_Util: waitForResponse: timeout=0

01-04 14:07:59.469  1907  2283 V sensors_hal_Mag: processReportInd:sensor android.sensor.magnetic_field 

01-04 14:07:59.469  1907  2283 V sensors_hal_Mag: processReportInd: Cal Mag Filter, 2, 1, -15.838623, -20.855713, -33.605957, -133.312988, -165.492249, -271.699524, -16.664124, -20.686531, -33.962440

01-04 14:07:59.469  1907  2351 D sensors_hal_Ctx: poll:polldata:1, sensor:10, type:2, x:-16.664124 y:-20.686531 z:-33.962440

01-04 14:07:59.469  1907  2351 D sensors_hal_Util: waitForResponse: timeout=0

01-04 14:07:59.470  1907  2283 V sensors_hal_Gyro: processReportInd: X: 0.111282 Y: 0.022064 Z: 0.059372 

01-04 14:07:59.470  1907  2351 D sensors_hal_Ctx: poll:polldata:2, sensor:0, type:1, x:-3.648331 y:7.359680 z:5.215347

01-04 14:07:59.470  1907  2351 D sensors_hal_Util: waitForResponse: timeout=0

01-04 14:07:59.489  1907  2283 V sensors_hal_Mag: processReportInd:sensor android.sensor.magnetic_field 

01-04 14:07:59.489  1907  2283 V sensors_hal_Mag: processReportInd: Cal Mag Filter, 3, 1, -17.189026, -20.555115, -34.655762, -134.213257, -165.942383, -273.948669, -16.776657, -20.742798, -34.243584

01-04 14:07:59.489  1907  2351 D sensors_hal_Ctx: poll:polldata:1, sensor:10, type:2, x:-16.776657 y:-20.742798 z:-34.243584

01-04 14:07:59.489  1907  2351 D sensors_hal_Util: waitForResponse: timeout=0

01-04 14:07:59.489  1907  2283 V sensors_hal_Gyro: processReportInd: X: 0.051620 Y: -0.036514 Z: 0.009293 

01-04 14:07:59.489  1907  2351 D sensors_hal_Ctx: poll:polldata:2, sensor:0, type:1, x:-3.653122 y:7.453049 z:5.442795

01-04 14:07:59.489  1907  2351 D sensors_hal_Util: waitForResponse: timeout=0

01-04 14:07:59.509  1907  2283 V sensors_hal_Mag: processReportInd:sensor android.sensor.magnetic_field 

01-04 14:07:59.509  1907  2283 V sensors_hal_Mag: processReportInd: Cal Mag Filter, 4, 1, -17.340088, -22.505188, -34.806824, -134.814453, -168.342590, -275.599670, -16.851807, -21.042824, -34.449959

01-04 14:07:59.509  1907  2351 D sensors_hal_Ctx: poll:polldata:1, sensor:10, type:2, x:-16.851807 y:-21.042824 z:-34.449959

01-04 14:07:59.509  1907  2351 D sensors_hal_Util: waitForResponse: timeout=0

01-04 14:07:59.509  1907  2351 D sensors_hal_Ctx: poll:polldata:1, sensor:0, type:1, x:-3.686646 y:7.383621 z:5.663071

01-04 14:07:59.509  1907  2283 V sensors_hal_Gyro: processReportInd: X: 0.038834 Y: -0.076996 Z: -0.032242 

01-04 14:07:59.509  1907  2351 D sensors_hal_Ctx: poll:polldata:1, sensor:2, type:4, x:0.038834 y:-0.076996 z:-0.032242

01-04 14:07:59.509  1907  2351 D sensors_hal_Util: waitForResponse: timeout=0

01-04 14:07:59.529  1907  2283 V sensors_hal_Mag: processReportInd:sensor android.sensor.magnetic_field 

01-04 14:07:59.529  1907  2283 V sensors_hal_Mag: processReportInd: Cal Mag Filter, 5, 1, -16.439819, -20.555115, -34.356689, -134.814453, -168.643188, -276.049805, -16.851807, -21.080399, -34.506226

01-04 14:07:59.529  1907  2351 D sensors_hal_Ctx: poll:polldata:1, sensor:10, type:2, x:-16.851807 y:-21.080399 z:-34.506226

01-04 14:07:59.529  1907  2351 D sensors_hal_Util: waitForResponse: timeout=0

01-04 14:07:59.647  1907  2528 V WifiServerServiceExt: checkPollTimer Cnt= 0 rssi =-59 threshold=-100

01-04 14:08:00.001  1907  2355 D PowerManagerServiceAO: acquireWakeLockInternal: lock=221404332, flags=0x40000001, tag="*alarm*", ws=WorkSource{1000}, historyTag=*alarm*:android.intent.action.TIME_TICK, uid=1000, pid=1907

01-04 14:08:00.063  1907  1907 D PowerManagerServiceAO: releaseWakeLockInternal: lock=221404332 [*alarm*], flags=0x0

01-04 14:08:00.084   937   957 I GBMv2   : GBM state [10]

01-04 14:08:00.184   937   957 I GBMv2   : GBM state [0]

01-04 14:08:00.185   937   957 I GBMv2   : GBM state [1]

01-04 14:08:00.388  1907  1928 I sensors_hal_Ctx: flush: handle is 86

01-04 14:08:00.388  1907  1928 I sensors_hal_SAM: flush:sensor() handle:86

01-04 14:08:00.388  1907  2518 I sensors_hal_Ctx: flush: handle is 48

01-04 14:08:00.388  1907  2518 I sensors_hal_SAM: flush:sensor(android.sensor.step_detector) handle:48

01-04 14:08:00.390  1907  2294 I sensors_hal_HealthActivityPattern: processResp: handle:86

01-04 14:08:00.736  1907  1989 D AutomaticBrightnessControllerEx: [MultiALC] (new) start checking!! mAmbientLuxWhenBarReleased : 230.0 / mBrightnessWhenBarReleased : 139 / mAmbientLux : 475.0 / mScreenBrightness = 163

01-04 14:08:00.736  1907  1989 D AutomaticBrightnessControllerEx: [MultiALC] same brightness~~~ : 163

01-04 14:08:00.842  1907  2361 D InputDispatcher: notifyMotion - action=ACTION_POINTER_DOWN(1), id=1, tooltype=1, deviceId=4, source=0x1002, policyFlags=0x0, flags=0x0, metaState=0x0, buttonState=0x0, edgeFlags=0x0, eventTime=111580691755000, downTime=111576987981000, 

01-04 14:08:00.842  1907  2360 D InputTransport: channel '68a48f8 com.YourCompany.Rolling/com.epicgames.ue4.GameActivity (server)' : action=ACTION_POINTER_DOWN(1), id=1, tooltype=1, deviceId=4, source=0x1002, flags=0x3, edgeFlags=0x0, metaState=0x0, buttonState=0x0, downTime=111576987981000, eventTime=111580691755000, pointerCount=2

01-04 14:08:00.842 11629 11629 I ViewRootImpl: ViewRoot's Touch Event : ACTION_POINTER_DOWN(1)

01-04 14:08:01.144  1907  2361 D InputDispatcher: notifyMotion - action=ACTION_POINTER_UP(1), id=1, tooltype=1, deviceId=4, source=0x1002, policyFlags=0x0, flags=0x0, metaState=0x0, buttonState=0x0, edgeFlags=0x0, eventTime=111580994258000, downTime=111576987981000, 

01-04 14:08:01.144  1907  2360 D InputTransport: channel '68a48f8 com.YourCompany.Rolling/com.epicgames.ue4.GameActivity (server)' : action=ACTION_POINTER_UP(1), id=1, tooltype=1, deviceId=4, source=0x1002, flags=0x3, edgeFlags=0x0, metaState=0x0, buttonState=0x0, downTime=111576987981000, eventTime=111580994258000, pointerCount=2

01-04 14:08:01.145 11629 11629 I ViewRootImpl: ViewRoot's Touch Event : ACTION_POINTER_UP(1)

01-04 14:08:01.389  1907  3097 I sensors_hal_Ctx: flush: handle is 86

01-04 14:08:01.389  1907  3097 I sensors_hal_SAM: flush:sensor() handle:86

01-04 14:08:01.389  1907  2925 I sensors_hal_Ctx: flush: handle is 48

01-04 14:08:01.389  1907  2925 I sensors_hal_SAM: flush:sensor(android.sensor.step_detector) handle:48

01-04 14:08:01.391  1907  2294 I sensors_hal_HealthActivityPattern: processResp: handle:86

01-04 14:08:02.390  1907  3063 I sensors_hal_Ctx: flush: handle is 86

01-04 14:08:02.390  1907  3063 I sensors_hal_SAM: flush:sensor() handle:86

01-04 14:08:02.390  1907  3067 I sensors_hal_Ctx: flush: handle is 48

01-04 14:08:02.390  1907  3067 I sensors_hal_SAM: flush:sensor(android.sensor.step_detector) handle:48

01-04 14:08:02.393  1907  2294 I sensors_hal_HealthActivityPattern: processResp: handle:86

01-04 14:08:02.650  1907  2528 V WifiServerServiceExt: checkPollTimer Cnt= 0 rssi =-60 threshold=-100

01-04 14:08:03.391  1907  3141 I sensors_hal_Ctx: flush: handle is 86

01-04 14:08:03.391  1907  3141 I sensors_hal_SAM: flush:sensor() handle:86

01-04 14:08:03.392  1907  3065 I sensors_hal_Ctx: flush: handle is 48

01-04 14:08:03.392  1907  3065 I sensors_hal_SAM: flush:sensor(android.sensor.step_detector) handle:48

01-04 14:08:03.393  1907  2294 I sensors_hal_HealthActivityPattern: processResp: handle:86

01-04 14:08:04.186   937   957 I GBMv2   : GBM state [10]

01-04 14:08:04.286   937   957 I GBMv2   : GBM state [0]

01-04 14:08:04.287   937   957 I GBMv2   : GBM state [1]

01-04 14:08:04.393  1907  3089 I sensors_hal_Ctx: flush: handle is 86

01-04 14:08:04.393  1907  3089 I sensors_hal_SAM: flush:sensor() handle:86

01-04 14:08:04.395  1907  1928 I sensors_hal_Ctx: flush: handle is 48

01-04 14:08:04.395  1907  1928 I sensors_hal_SAM: flush:sensor(android.sensor.step_detector) handle:48

01-04 14:08:04.396  1907  2294 I sensors_hal_HealthActivityPattern: processResp: handle:86

01-04 14:08:05.396  1907  1929 I sensors_hal_Ctx: flush: handle is 86

01-04 14:08:05.396  1907  1929 I sensors_hal_SAM: flush:sensor() handle:86

01-04 14:08:05.396  1907  3055 I sensors_hal_Ctx: flush: handle is 48

01-04 14:08:05.396  1907  3055 I sensors_hal_SAM: flush:sensor(android.sensor.step_detector) handle:48

01-04 14:08:05.398  1907  2294 I sensors_hal_HealthActivityPattern: processResp: handle:86

01-04 14:08:05.651  1907  2528 V WifiServerServiceExt: checkPollTimer Cnt= 0 rssi =-62 threshold=-100

01-04 14:08:06.293  1907  3065 D BluetoothManagerService: isEnabledStandAloneBleMode() : isStandAloneBleMode = false

01-04 14:08:06.398  1907  1929 I sensors_hal_Ctx: flush: handle is 86

01-04 14:08:06.398  1907  1929 I sensors_hal_SAM: flush:sensor() handle:86

01-04 14:08:06.399  1907  3066 I sensors_hal_Ctx: flush: handle is 48

01-04 14:08:06.399  1907  3066 I sensors_hal_SAM: flush:sensor(android.sensor.step_detector) handle:48

01-04 14:08:06.400  1907  2294 I sensors_hal_HealthActivityPattern: processResp: handle:86

01-04 14:08:06.515  1907  2361 D InputDispatcher: notifyMotion - action=ACTION_POINTER_DOWN(1), id=1, tooltype=1, deviceId=4, source=0x1002, policyFlags=0x0, flags=0x0, metaState=0x0, buttonState=0x0, edgeFlags=0x0, eventTime=111586364884000, downTime=111576987981000, 

01-04 14:08:06.515  1907  2360 D InputTransport: channel '5594886 NavigationBar (server)' : action=ACTION_DOWN(0), id=1, tooltype=1, deviceId=4, source=0x1002, flags=0x80000, edgeFlags=0x0, metaState=0x0, buttonState=0x0, downTime=111576987981000, eventTime=111586364884000, pointerCount=1

01-04 14:08:06.516  2592  2592 I ViewRootImpl: ViewRoot's Touch Event : ACTION_DOWN

01-04 14:08:07.298  1907  2361 D InputDispatcher: notifyMotion - action=ACTION_POINTER_UP(1), id=1, tooltype=1, deviceId=4, source=0x1002, policyFlags=0x0, flags=0x0, metaState=0x0, buttonState=0x0, edgeFlags=0x0, eventTime=111587147062000, downTime=111576987981000, 

01-04 14:08:07.298  1907  2360 D InputTransport: channel '5594886 NavigationBar (server)' : action=ACTION_UP(0), id=1, tooltype=1, deviceId=4, source=0x1002, flags=0x80000, edgeFlags=0x0, metaState=0x0, buttonState=0x0, downTime=111576987981000, eventTime=111587147062000, pointerCount=1

01-04 14:08:07.299  2592  2592 I ViewRootImpl: ViewRoot's Touch Event : ACTION_UP

01-04 14:08:07.400  1907  1929 I sensors_hal_Ctx: flush: handle is 86

01-04 14:08:07.400  1907  1929 I sensors_hal_SAM: flush:sensor() handle:86

01-04 14:08:07.400  1907  3066 I sensors_hal_Ctx: flush: handle is 48

01-04 14:08:07.400  1907  3066 I sensors_hal_SAM: flush:sensor(android.sensor.step_detector) handle:48

01-04 14:08:07.402  1907  2294 I sensors_hal_HealthActivityPattern: processResp: handle:86

01-04 14:08:07.642  1907  2361 D InputDispatcher: notifyMotion - action=ACTION_UP(0), id=0, tooltype=1, deviceId=4, source=0x1002, policyFlags=0x0, flags=0x0, metaState=0x0, buttonState=0x0, edgeFlags=0x0, eventTime=111587492180000, downTime=111576987981000, 

01-04 14:08:07.642  1907  2360 D InputTransport: channel '68a48f8 com.YourCompany.Rolling/com.epicgames.ue4.GameActivity (server)' : action=ACTION_UP(0), id=0, tooltype=1, deviceId=4, source=0x1002, flags=0x3, edgeFlags=0x0, metaState=0x0, buttonState=0x0, downTime=111576987981000, eventTime=111587492180000, pointerCount=1

01-04 14:08:07.643 11629 11629 I ViewRootImpl: ViewRoot's Touch Event : ACTION_UP

01-04 14:08:08.096  1907  2361 D InputDispatcher: notifyMotion - action=ACTION_DOWN(0), id=0, tooltype=1, deviceId=4, source=0x1002, policyFlags=0x0, flags=0x0, metaState=0x0, buttonState=0x0, edgeFlags=0x0, eventTime=111587946532000, downTime=111587946532000, 

01-04 14:08:08.097  1907  2360 D InputTransport: channel '68a48f8 com.YourCompany.Rolling/com.epicgames.ue4.GameActivity (server)' : action=ACTION_DOWN(0), id=0, tooltype=1, deviceId=4, source=0x1002, flags=0x2, edgeFlags=0x0, metaState=0x0, buttonState=0x0, downTime=111587946532000, eventTime=111587946532000, pointerCount=1

01-04 14:08:08.097 11629 11629 I ViewRootImpl: ViewRoot's Touch Event : ACTION_DOWN

01-04 14:08:08.242  1907  2339 D sensors_hal_LGMotionAccel: processInd: LP2: X: -2.979004 Y: 7.233109 Z: 5.509262 SAM TS: 854476828 HAL TS:157147437263831 elapsedRealtimeNano:157147489607069

01-04 14:08:08.290   937   957 I GBMv2   : GBM state [10]

01-04 14:08:08.390   937   957 I GBMv2   : GBM state [0]

01-04 14:08:08.391   937   957 I GBMv2   : GBM state [1]

01-04 14:08:08.401  1907  3066 I sensors_hal_Ctx: flush: handle is 86

01-04 14:08:08.401  1907  3066 I sensors_hal_SAM: flush:sensor() handle:86

01-04 14:08:08.402  1907  3055 I sensors_hal_Ctx: flush: handle is 48

01-04 14:08:08.402  1907  3055 I sensors_hal_SAM: flush:sensor(android.sensor.step_detector) handle:48

01-04 14:08:08.403  1907  2294 I sensors_hal_HealthActivityPattern: processResp: handle:86

01-04 14:08:08.581  1907  2339 D sensors_hal_LGMotionAccel: processInd: LP2: X: -2.184143 Y: 6.524704 Z: 8.765778 SAM TS: 854487748 HAL TS:157147770515784 elapsedRealtimeNano:157147828230506

01-04 14:08:08.653  1907  2528 V WifiServerServiceExt: checkPollTimer Cnt= 0 rssi =-62 threshold=-100

01-04 14:08:08.920  1907  2339 D sensors_hal_LGMotionAccel: processInd: LP2: X: -1.322876 Y: 5.310440 Z: 8.109436 SAM TS: 854498668 HAL TS:157148103767737 elapsedRealtimeNano:157148167440767

01-04 14:08:09.230  1907  3616 E LocSvc_libulp: E/int ulp_brain_transition_all_providers(), no QUIPC/GNSS transition logic run due to both engines are OFF 

01-04 14:08:09.233  1907  2355 V AlarmManager: ELAPSED_WAKEUP set : Alarm{ab5c00f tag *walarm*:com.lge.ims.action.BATTERY_POLLING_TIMER type 2 when 157148478 com.lge.ims} when 157148478

01-04 14:08:09.235  1907  2975 E QMI_FW  : QCCI qmi_cci_xport_recv: txn not found. svc_id: 16

01-04 14:08:09.235  1907  2962 E LocSvc_LBSApiV02: E/virtual int lbs_core::LBSApiV02::injectCoarsePosition(const CoarsePositionInfo&):320]: Error : st = 3, ind.status = -1633374208

01-04 14:08:09.235  1907  2962 I IzatProviderEngine: LocTech-Label :: OSDC :: Position Report In

01-04 14:08:09.235  1907  2962 I IzatProviderEngine: LocTech-Value :: UTC Time: 1578114477826, Elapsed Real Time Nanos: 157148482271600, Latitude: 37.5641559, Longitude: 127.0390519, Altitude: 0.0, Speed: 0.0, Bearing: 0.0, Accuracy: 18.357

01-04 14:08:09.236  1907  1942 D LocationManagerService: This location is marked as ready for broadcast

01-04 14:08:09.237  1907  1942 D LocationManagerService: incoming location: Location[network 37.564156,127.039052 acc=18 et=+1d19h39m8s482ms alt=0.0 vel=0.0 bear=0.0 {Bundle[{com.qualcomm.location.nlp:ready=true}]}]

01-04 14:08:09.238  1907  1942 D LocationManagerService: incoming location: Location[network 37.564156,127.039052 acc=18 et=+1d19h39m8s482ms alt=0.0 vel=0.0 bear=0.0 {Bundle[{com.qualcomm.location.nlp:ready=true}]}]

01-04 14:08:09.239  1907  2339 D sensors_hal_LGMotionAccel: processInd: LP2: X: -1.319061 Y: 6.177032 Z: 6.579102 SAM TS: 854509588 HAL TS:157148437019690 elapsedRealtimeNano:157148486718110

01-04 14:08:09.403  1907  1929 I sensors_hal_Ctx: flush: handle is 86

01-04 14:08:09.403  1907  1929 I sensors_hal_SAM: flush:sensor() handle:86

01-04 14:08:09.404  1907  3066 I sensors_hal_Ctx: flush: handle is 48

01-04 14:08:09.404  1907  3066 I sensors_hal_SAM: flush:sensor(android.sensor.step_detector) handle:48

01-04 14:08:09.404  1907  2294 I sensors_hal_HealthActivityPattern: processResp: handle:86

01-04 14:08:09.579  1907  2339 D sensors_hal_LGMotionAccel: processInd: LP2: X: -0.587067 Y: 5.372925 Z: 8.443222 SAM TS: 854520508 HAL TS:157148770271643 elapsedRealtimeNano:157148826604412

01-04 14:08:09.918  1907  2339 D sensors_hal_LGMotionAccel: processInd: LP2: X: -0.861832 Y: 4.670151 Z: 8.707275 SAM TS: 854531428 HAL TS:157149103523596 elapsedRealtimeNano:157149165148058

01-04 14:08:10.236  1907  2339 D sensors_hal_LGMotionAccel: processInd: LP2: X: -1.397827 Y: 3.973236 Z: 8.859802 SAM TS: 854542348 HAL TS:157149436775549 elapsedRealtimeNano:157149483117120

01-04 14:08:10.405  1907  3067 I sensors_hal_Ctx: flush: handle is 86

01-04 14:08:10.405  1907  3067 I sensors_hal_SAM: flush:sensor() handle:86

01-04 14:08:10.405  1907  2629 I sensors_hal_Ctx: flush: handle is 48

01-04 14:08:10.405  1907  2629 I sensors_hal_SAM: flush:sensor(android.sensor.step_detector) handle:48

01-04 14:08:10.407  1907  2294 I sensors_hal_HealthActivityPattern: processResp: handle:86

01-04 14:08:10.575  1907  2339 D sensors_hal_LGMotionAccel: processInd: LP2: X: -1.626892 Y: 3.884048 Z: 8.765656 SAM TS: 854553268 HAL TS:157149770027503 elapsedRealtimeNano:157149822383943

01-04 14:08:11.406  1907  3097 I sensors_hal_Ctx: flush: handle is 86

01-04 14:08:11.406  1907  3097 I sensors_hal_SAM: flush:sensor() handle:86

01-04 14:08:11.407  1907  3108 I sensors_hal_Ctx: flush: handle is 48

01-04 14:08:11.407  1907  3108 I sensors_hal_SAM: flush:sensor(android.sensor.step_detector) handle:48

01-04 14:08:11.408  1907  2294 I sensors_hal_HealthActivityPattern: processResp: handle:86

01-04 14:08:11.478  1907  2530 D ConnectivityService: updateCapabilities cap:[ Transports: WIFI Capabilities: INTERNET&NOT_RESTRICTED&TRUSTED&NOT_VPN LinkUpBandwidth>=1048576Kbps LinkDnBandwidth>=1048576Kbps SignalStrength: -54]

01-04 14:08:11.478  1907  2530 D CSLegacyTypeTracker: Adding agent NetworkAgentInfo{ ni{[type: MOBILE[LTE], state: CONNECTED/CONNECTED, reason: connected, extra: ims, roaming: false, failover: false, isAvailable: true, network type: 0]}  network{100}  lp{{InterfaceName: rmnet_data0 LinkAddresses: [2001:2d8:e266:c692:e1e3:7da8:5558:b45e/64,]  Routes: [::/0 -> fe80::51cd:ba1e:2435:3ce3 rmnet_data0,] DnsAddresses: [fd00:e13:501:c::170,fd00:e13:101:c::7,] Domains: null MTU: 1440 TcpBufferSizes: 2097152,4194304,8388608,1048576,3145728,4194304 PcscfAddresses: [2001:2d8:e0:220::50,] }}  nc{[ Transports: CELLULAR Capabilities: MMS&IMS&NOT_RESTRICTED&TRUSTED&NOT_VPN&VALIDATED LinkUpBandwidth>=51200Kbps LinkDnBandwidth>=102400Kbps Specifier: <1>]}  Score{50}  everValidated{true}  lastValidated{true}  created{true} lingering{false} explicitlySelected{false} acceptUnvalidated{false} everCaptivePortalDetected{false} lastCaptivePortalDetected{false} } for legacy network type 11

01-04 14:08:11.478  1907  2530 D ConnectivityService: notifyType CAP_CHANGED for NetworkAgentInfo [WIFI () - 132]

01-04 14:08:11.484  1907  3066 D ConnectivityService: getActiveNetwork nai=NetworkAgentInfo{ ni{[type: WIFI[], state: CONNECTED/CONNECTED, reason: (unspecified), extra: "U+NetEA13", roaming: false, failover: false, isAvailable: true, network type: 1]}  network{132}  lp{{InterfaceName: wlan0 LinkAddresses: [fe80::5e70:a3ff:fe45:d7ff/64,192.168.219.102/24,]  Routes: [fe80::/64 -> :: wlan0,192.168.219.0/24 -> 0.0.0.0 wlan0,0.0.0.0/0 -> 192.168.219.1 wlan0,] DnsAddresses: [1.214.68.2,61.41.153.2,] Domains:  MTU: 0 TcpBufferSizes: 1048576,4194304,8388608,1048576,2097152,4194304 PcscfAddresses: [] }}  nc{[ Transports: WIFI Capabilities: INTERNET&NOT_RESTRICTED&TRUSTED&NOT_VPN&VALIDATED LinkUpBandwidth>=1048576Kbps LinkDnBandwidth>=1048576Kbps SignalStrength: -54]}  Score{60}  everValidated{true}  lastValidated{true}  created{true} lingering{false} explicitlySelected{false} acceptUnvalidated{false} everCaptivePortalDetected{false} lastCaptivePortalDetected{false} }

01-04 14:08:11.484  1907  3055 D ConnectivityService: getActiveNetwork nai=NetworkAgentInfo{ ni{[type: WIFI[], state: CONNECTED/CONNECTED, reason: (unspecified), extra: "U+NetEA13", roaming: false, failover: false, isAvailable: true, network type: 1]}  network{132}  lp{{InterfaceName: wlan0 LinkAddresses: [fe80::5e70:a3ff:fe45:d7ff/64,192.168.219.102/24,]  Routes: [fe80::/64 -> :: wlan0,192.168.219.0/24 -> 0.0.0.0 wlan0,0.0.0.0/0 -> 192.168.219.1 wlan0,] DnsAddresses: [1.214.68.2,61.41.153.2,] Domains:  MTU: 0 TcpBufferSizes: 1048576,4194304,8388608,1048576,2097152,4194304 PcscfAddresses: [] }}  nc{[ Transports: WIFI Capabilities: INTERNET&NOT_RESTRICTED&TRUSTED&NOT_VPN&VALIDATED LinkUpBandwidth>=1048576Kbps LinkDnBandwidth>=1048576Kbps SignalStrength: -54]}  Score{60}  everValidated{true}  lastValidated{true}  created{true} lingering{false} explicitlySelected{false} acceptUnvalidated{false} everCaptivePortalDetected{false} lastCaptivePortalDetected{false} }

