01-04 14:08:45.484  1907  2518 D sensors_hal_SAM: flush: handle 48 batch_support 1

01-04 14:08:45.484  1907  2518 D sensors_hal_StepDetector: sendBatchReq: batching: 1, batch_rate=0.016663 (Hz)

01-04 14:08:45.488  1907  2351 D sensors_hal_Ctx: poll:polldata:1, sensor:0, type:1, x:-0.837540 y:4.541702 z:7.717285

01-04 14:08:45.488  1907  2351 D sensors_hal_Util: waitForResponse: timeout=0

01-04 14:08:45.489  1907  2294 I sensors_hal_HealthActivityPattern: processResp: handle:86

01-04 14:08:45.489  1907  2294 D sensors_hal_HealthActivityPattern: processResp: Received SNS_SAM_HEALTH_ACTIVITY_BATCH_RESP_V01

01-04 14:08:45.489  1907  2294 D sensors_hal: flushSendCmplt: handle=86

01-04 14:08:45.489  1907  2339 D sensors_hal_LGMotionAccel: processInd: LP2: X: -0.666504 Y: 4.355865 Z: 8.535568 SAM TS: 855696868 HAL TS:157184669922872 elapsedRealtimeNano:157184736268982

01-04 14:08:45.489  1907  2351 D sensors_hal_Ctx: poll:polldata:2, sensor:0, type:0, x:0.000000 y:0.000000 z:0.000000

01-04 14:08:45.489  1907  2351 D sensors_hal_Util: waitForResponse: timeout=0

01-04 14:08:45.491  1907  2303 D sensors_hal_StepDetector: processResp: Received SNS_SAM_PED_BATCH_RESP_V01

01-04 14:08:45.491  1907  2303 D sensors_hal: flushSendCmplt: handle=48

01-04 14:08:45.491  1907  2351 D sensors_hal_Ctx: poll:polldata:1, sensor:0, type:0, x:0.000000 y:0.000000 z:0.000000

01-04 14:08:45.491  1907  2351 D sensors_hal_Util: waitForResponse: timeout=0

01-04 14:08:45.501  1907 10712 V SoundPool: process 0x7f65ef5620 channel 607 event BUFFER_END

01-04 14:08:45.501  1907  2886 V SoundPool: awake

01-04 14:08:45.501  1907  2886 V SoundPool: Getting channel from stop list

01-04 14:08:45.501  1907  2886 V SoundPool: stop

01-04 14:08:45.501  1907  2886 D AudioTrack: stop(): 0x7f69878680

01-04 14:08:45.502  1907  2886 V SoundPool: done_l(607)

01-04 14:08:45.502  1907  2886 V SoundPool: move to front

01-04 14:08:45.509  1907  2351 D sensors_hal_Ctx: poll:polldata:1, sensor:0, type:1, x:-0.674728 y:4.647049 z:8.133881

01-04 14:08:45.509  1907  2351 D sensors_hal_Util: waitForResponse: timeout=0

01-04 14:08:45.528  1907  2351 D sensors_hal_Ctx: poll:polldata:1, sensor:0, type:1, x:-0.698669 y:4.864914 z:8.538498

01-04 14:08:45.528  1907  2351 D sensors_hal_Util: waitForResponse: timeout=0

01-04 14:08:45.531  1907  3055 W WindowManager: pwm.setNavigationBar() called. show=true

01-04 14:08:45.531  1907  3055 W WindowManager: pwm.setStatusBar() called. show=true

01-04 14:08:45.532  1907  1945 D PhoneWindowManagerEx: [PWM]1.notifyNavigationBarColor => mLastColorNavigationB ar=0x0

01-04 14:08:45.532  1907  1945 I SystemUI[Framework]: PhoneWindowManager.updateSystemUiVisibilityLw() :visibility=0x700, pkg=com.android.systemui

01-04 14:08:45.532  1907  3055 D InputDispatcher: Focus entered window: Window{f1acd1d u0 com.android.systemui/com.android.systemui.recents.RecentsActivity}

01-04 14:08:45.533  1907  1945 W WindowManager: Call!!!getLGSystemUiVisibility. =0x0

01-04 14:08:45.533  1907  1945 D StatusBarManagerServiceEx: setLGSystemUiVisibility(0x0)

01-04 14:08:45.533  1907  1945 D StatusBarManagerServiceEx: manageNaviBtnDisableList userId=0 what=0x0 pkg=Window{f1acd1d u0 com.android.systemui/com.android.systemui.recents.RecentsActivity}

01-04 14:08:45.533  1907  1945 I SystemUI[Framework]: ==>disabledNaviBtn() what=0x0, token=android.os.Binder@4e34957,  pkg=Window{f1acd1d u0 com.android.systemui/com.android.systemui.recents.RecentsActivity}

01-04 14:08:45.533  1907  1945 I SystemUI[Framework]: disableNaviBtn: mDisabledNaviBtn=0x0,  mDisableRecords.size=0

01-04 14:08:45.546  1907  2351 D sensors_hal_Ctx: poll:polldata:1, sensor:0, type:1, x:-0.614883 y:5.106735 z:8.349365

01-04 14:08:45.546  1907  2351 D sensors_hal_Util: waitForResponse: timeout=0

01-04 14:08:45.546  1907  2339 D sensors_hal_LGMotionAccel: processInd: LP2: X: -0.714523 Y: 4.753677 Z: 8.179916 SAM TS: 855699052 HAL TS:157184736573263 elapsedRealtimeNano:157184793687575

01-04 14:08:45.546  1907  2351 D sensors_hal_Ctx: poll:polldata:1, sensor:51, type:499898101, x:-0.714523 y:4.753677 z:8.179916

01-04 14:08:45.546  1907  2351 D sensors_hal_Util: waitForResponse: timeout=0

01-04 14:08:45.555  1907  1917 I art     : Background partial concurrent mark sweep GC freed 122118(4MB) AllocSpace objects, 1(14MB) LOS objects, 32% free, 67MB/99MB, paused 1.869ms total 212.079ms

01-04 14:08:45.566  1907  2351 D sensors_hal_Ctx: poll:polldata:1, sensor:0, type:1, x:-0.653183 y:5.283905 z:7.568848

01-04 14:08:45.566  1907  2351 D sensors_hal_Util: waitForResponse: timeout=0

01-04 14:08:45.586  1907  2351 D sensors_hal_Ctx: poll:polldata:1, sensor:0, type:1, x:-0.772903 y:5.391647 z:7.078033

01-04 14:08:45.586  1907  2351 D sensors_hal_Util: waitForResponse: timeout=0

01-04 14:08:45.609  1907  2339 D sensors_hal_LGMotionAccel: processInd: LP2: X: -0.659683 Y: 5.376785 Z: 7.457947 SAM TS: 855701236 HAL TS:157184803223654 elapsedRealtimeNano:157184856191846

01-04 14:08:45.609  1907  2351 D sensors_hal_Ctx: poll:polldata:2, sensor:0, type:1, x:-0.562210 y:5.621490 z:7.257599

01-04 14:08:45.609  1907  2351 D sensors_hal_Util: waitForResponse: timeout=0

01-04 14:08:45.628  1907  2351 D sensors_hal_Ctx: poll:polldata:1, sensor:0, type:1, x:-0.588547 y:5.734009 z:7.528152

01-04 14:08:45.628  1907  2351 D sensors_hal_Util: waitForResponse: timeout=0

01-04 14:08:45.646  1907  2351 D sensors_hal_Ctx: poll:polldata:1, sensor:0, type:1, x:-0.705856 y:5.576004 z:7.714890

01-04 14:08:45.646  1907  2351 D sensors_hal_Util: waitForResponse: timeout=0

01-04 14:08:45.664  1907  1945 I SystemUI[Framework]: PhoneWindowManager.updateSystemUiVisibilityLw() :visibility=0x8700, pkg=com.android.systemui

01-04 14:08:45.665  1907  1945 W WindowManager: Call!!!getLGSystemUiVisibility. =0x0

01-04 14:08:45.665  1907  1945 D StatusBarManagerServiceEx: setLGSystemUiVisibility(0x0)

01-04 14:08:45.665  1907  1945 D StatusBarManagerServiceEx: manageNaviBtnDisableList userId=0 what=0x0 pkg=Window{f1acd1d u0 com.android.systemui/com.android.systemui.recents.RecentsActivity}

01-04 14:08:45.665  1907  1945 I SystemUI[Framework]: ==>disabledNaviBtn() what=0x0, token=android.os.Binder@4e34957,  pkg=Window{f1acd1d u0 com.android.systemui/com.android.systemui.recents.RecentsActivity}

01-04 14:08:45.665  1907  1945 I SystemUI[Framework]: disableNaviBtn: mDisabledNaviBtn=0x0,  mDisableRecords.size=0

01-04 14:08:45.665  1907  2283 D sensors_hal_SMGR: processBufferingInd:report(on_change_sensor) eventtype 0

01-04 14:08:45.665  1907  2351 D sensors_hal_Ctx: poll:polldata:1, sensor:1, type:5, x:197.000000 y:0.000000 z:0.000000

01-04 14:08:45.666  1907  2351 D sensors_hal_Ctx: poll:polldata:1, sensor:0, type:1, x:-0.780075 y:5.406006 z:7.942352

01-04 14:08:45.666  1907  2351 D sensors_hal_Util: waitForResponse: timeout=0

01-04 14:08:45.667  1907  1985 I ActivityManager: Displayed com.android.systemui/.recents.RecentsActivity: +308ms (total +24m58s3ms)

01-04 14:08:45.687  1907  2351 D sensors_hal_Ctx: poll:polldata:1, sensor:0, type:1, x:-0.789658 y:5.341370 z:8.354156

01-04 14:08:45.687  1907  2351 D sensors_hal_Util: waitForResponse: timeout=0

01-04 14:08:45.687  1907  2339 D sensors_hal_LGMotionAccel: processInd: LP2: X: -0.690277 Y: 5.566071 Z: 7.730042 SAM TS: 855703420 HAL TS:157184869874044 elapsedRealtimeNano:157184934438096

01-04 14:08:45.687  1907  2351 D sensors_hal_Ctx: poll:polldata:1, sensor:51, type:499898101, x:-0.690277 y:5.566071 z:7.730042

01-04 14:08:45.687  1907  2351 D sensors_hal_Util: waitForResponse: timeout=0

01-04 14:08:45.711  1907  2351 D sensors_hal_Ctx: poll:polldata:1, sensor:0, type:1, x:-0.646011 y:5.346161 z:8.672577

01-04 14:08:45.711  1907  2351 D sensors_hal_Util: waitForResponse: timeout=0

01-04 14:08:45.726  1907  2351 D sensors_hal_Ctx: poll:polldata:1, sensor:0, type:1, x:-0.538269 y:5.461075 z:8.356537

01-04 14:08:45.726  1907  2351 D sensors_hal_Util: waitForResponse: timeout=0

01-04 14:08:45.746  1907  2351 D sensors_hal_Ctx: poll:polldata:1, sensor:0, type:1, x:-0.629242 y:5.544876 z:7.817841

01-04 14:08:45.746  1907  2351 D sensors_hal_Util: waitForResponse: timeout=0

01-04 14:08:45.747  1907  2339 D sensors_hal_LGMotionAccel: processInd: LP2: X: -0.649750 Y: 5.406876 Z: 8.374451 SAM TS: 855705604 HAL TS:157184936524435 elapsedRealtimeNano:157184994226898

01-04 14:08:45.747  1907  2351 D sensors_hal_Ctx: poll:polldata:1, sensor:51, type:499898101, x:-0.649750 y:5.406876 z:8.374451

01-04 14:08:45.747  1907  2351 D sensors_hal_Util: waitForResponse: timeout=0

01-04 14:08:45.766  1907  2351 D sensors_hal_Ctx: poll:polldata:1, sensor:0, type:1, x:-0.629242 y:5.559235 z:7.487442

01-04 14:08:45.766  1907  2351 D sensors_hal_Util: waitForResponse: timeout=0

01-04 14:08:45.787  1907  2351 D sensors_hal_Ctx: poll:polldata:1, sensor:0, type:1, x:-0.588547 y:5.583176 z:7.609558

01-04 14:08:45.787  1907  2351 D sensors_hal_Util: waitForResponse: timeout=0

01-04 14:08:45.808  1907  2339 D sensors_hal_LGMotionAccel: processInd: LP2: X: -0.599930 Y: 5.572998 Z: 7.689636 SAM TS: 855707788 HAL TS:157185003174825 elapsedRealtimeNano:157185055364711

01-04 14:08:45.808  1907  2351 D sensors_hal_Ctx: poll:polldata:2, sensor:0, type:1, x:-0.559814 y:5.595154 z:7.947128

01-04 14:08:45.808  1907  2351 D sensors_hal_Util: waitForResponse: timeout=0

01-04 14:08:45.827  1907  2351 D sensors_hal_Ctx: poll:polldata:1, sensor:0, type:1, x:-0.619675 y:5.516144 z:8.066849

01-04 14:08:45.827  1907  2351 D sensors_hal_Util: waitForResponse: timeout=0

01-04 14:08:45.847  1907  2351 D sensors_hal_Ctx: poll:polldata:1, sensor:0, type:1, x:-0.674728 y:5.434738 z:8.059662

01-04 14:08:45.847  1907  2351 D sensors_hal_Util: waitForResponse: timeout=0

01-04 14:08:45.864  1907  2283 D sensors_hal_SMGR: processBufferingInd:report(on_change_sensor) eventtype 0

01-04 14:08:45.864  1907  2351 D sensors_hal_Ctx: poll:polldata:1, sensor:1, type:5, x:212.000000 y:0.000000 z:0.000000

01-04 14:08:45.864  1907  2351 D sensors_hal_Util: waitForResponse: timeout=0

01-04 14:08:45.865  1907  2351 D sensors_hal_Ctx: poll:polldata:1, sensor:0, type:1, x:-0.835144 y:5.408401 z:8.076416

01-04 14:08:45.865  1907  2351 D sensors_hal_Util: waitForResponse: timeout=0

01-04 14:08:45.921  1907  3065 I ActivityManager: Start proc 11975:com.lge.ims.rcsprovider/1001 for content provider com.lge.ims.rcsprovider/.RCSProvider

01-04 14:08:45.926  2592  2592 I Timeline: Timeline: Activity_idle id: android.os.BinderProxy@fbde8f3 time:111625776

01-04 14:08:46.088  1907  2339 D sensors_hal_LGMotionAccel: processInd: LP2: X: -0.865540 Y: 4.957932 Z: 8.464508 SAM TS: 855716524 HAL TS:157185269776388 elapsedRealtimeNano:157185335224346

01-04 14:08:46.186  1907  2361 D InputDispatcher: notifyMotion - action=ACTION_DOWN(0), id=0, tooltype=1, deviceId=4, source=0x1002, policyFlags=0x0, flags=0x0, metaState=0x0, buttonState=0x0, edgeFlags=0x0, eventTime=111626035928000, downTime=111626035928000, 

01-04 14:08:46.186  1907  2360 D InputTransport: channel 'f1acd1d com.android.systemui/com.android.systemui.recents.RecentsActivity (server)' : action=ACTION_DOWN(0), id=0, tooltype=1, deviceId=4, source=0x1002, flags=0x2, edgeFlags=0x0, metaState=0x0, buttonState=0x0, downTime=111626035928000, eventTime=111626035928000, pointerCount=1

01-04 14:08:46.186  1907  2360 D InputTransport: channel '9273209 com.android.systemui.ImageWallpaper (server)' : action=ACTION_DOWN(0), id=0, tooltype=1, deviceId=4, source=0x1002, flags=0x3, edgeFlags=0x0, metaState=0x0, buttonState=0x0, downTime=111626035928000, eventTime=111626035928000, pointerCount=1

01-04 14:08:46.187  2592  2592 I ViewRootImpl: ViewRoot's Touch Event : ACTION_DOWN

01-04 14:08:46.214   937   957 I GBMv2   : GBM state [10]

01-04 14:08:46.220  1907  3055 V LGSettingsProvider: call_put(system:android.msg.notification.sound=content://settings/system/notification_sound)  calling package = com.android.mms  callingUserId : 0

01-04 14:08:46.247  1907  3097 V LGSettingsProvider: call_put(system:android.msg.mms.useragent=MMSClient/1.2 Android/4.0 LG-F700S)  calling package = com.android.mms  callingUserId : 0

01-04 14:08:46.257  1907  1981 D BluetoothManagerService: Message: 20

01-04 14:08:46.257  1907  1981 D BluetoothManagerService: Added callback: android.bluetooth.IBluetoothManagerCallback$Stub$Proxy@ed525c0:true

01-04 14:08:46.277  1907  2964 V LGSettingsProvider: call_put(system:android.msg.mms.uaprofile=http://gsm.lge.com/html/gsm/LG-F700S.xml)  calling package = com.android.mms  callingUserId : 0

01-04 14:08:46.278  1907  1928 V LGSettingsProvider: call_put(system:android.msg.mms.max.size=950)  calling package = com.android.mms  callingUserId : 0

01-04 14:08:46.282  1907  1929 V LGSettingsProvider: call_put(system:android.msg.recipient.max.size=100)  calling package = com.android.mms  callingUserId : 0

01-04 14:08:46.284  1907  3097 V LGSettingsProvider: call_put(system:android.msg.vobject.max.size=10)  calling package = com.android.mms  callingUserId : 0

01-04 14:08:46.285  1907  3066 V LGSettingsProvider: call_put(system:android.msg.camera.max.video.resolution=320x240)  calling package = com.android.mms  callingUserId : 0

01-04 14:08:46.286  1907  2925 V LGSettingsProvider: call_put(system:android.msg.package.distinction=unifiedmessage)  calling package = com.android.mms  callingUserId : 0

01-04 14:08:46.288  1907  3065 V LGSettingsProvider: call_put(system:android.msg.old.message.delete=false)  calling package = com.android.mms  callingUserId : 0

01-04 14:08:46.289  1907  3063 V LGSettingsProvider: call_put(system:android.msg.sms.max.count=300)  calling package = com.android.mms  callingUserId : 0

01-04 14:08:46.290 11956 11956 D CmasFeatures: [init]CMAS features are initialized for US country. Returning.

01-04 14:08:46.290  1907  3055 V LGSettingsProvider: call_put(system:android.msg.mms.max.count=100)  calling package = com.android.mms  callingUserId : 0

01-04 14:08:46.291  1907  2518 V LGSettingsProvider: call_put(system:android.msg.attachment.max.size=970752)  calling package = com.android.mms  callingUserId : 0

01-04 14:08:46.293  1907  2629 V LGSettingsProvider: call_put(system:android.msg.record.voice.max.time=60)  calling package = com.android.mms  callingUserId : 0

01-04 14:08:46.293  1907  3108 V LGSettingsProvider: call_put(system:android.msg.record.voice.check.time.size.mimetype=AMR)  calling package = com.android.mms  callingUserId : 0

01-04 14:08:46.294  1907  3067 V LGSettingsProvider: call_put(system:android.msg.record.support.3gp=true)  calling package = com.android.mms  callingUserId : 0

01-04 14:08:46.299 11956 11956 V Contact : Contact init()_Create new insatnce

01-04 14:08:46.303  1907  2361 D InputDispatcher: notifyMotion - action=ACTION_UP(0), id=0, tooltype=1, deviceId=4, source=0x1002, policyFlags=0x0, flags=0x0, metaState=0x0, buttonState=0x0, edgeFlags=0x0, eventTime=111626153251000, downTime=111626035928000, 

01-04 14:08:46.303  1907  2360 D InputTransport: channel 'f1acd1d com.android.systemui/com.android.systemui.recents.RecentsActivity (server)' : action=ACTION_UP(0), id=0, tooltype=1, deviceId=4, source=0x1002, flags=0x2, edgeFlags=0x0, metaState=0x0, buttonState=0x0, downTime=111626035928000, eventTime=111626153251000, pointerCount=1

01-04 14:08:46.303  1907  2360 D InputTransport: channel '9273209 com.android.systemui.ImageWallpaper (server)' : action=ACTION_UP(0), id=0, tooltype=1, deviceId=4, source=0x1002, flags=0x3, edgeFlags=0x0, metaState=0x0, buttonState=0x0, downTime=111626035928000, eventTime=111626153251000, pointerCount=1

01-04 14:08:46.304  2592  2592 I ViewRootImpl: ViewRoot's Touch Event : ACTION_UP

01-04 14:08:46.311 11956 11996 I WebViewFactory: Loading com.google.android.webview version 79.0.3945.93 (code 394509335)

01-04 14:08:46.314   937   957 I GBMv2   : GBM state [0]

01-04 14:08:46.361  2592  2592 D SystemServicesProxy: [SystemServicesProxy.java:279:getRecentTasks()]RecentApps has 9 item(s).

01-04 14:08:46.370 11956 11956 I MessagingNotification: registerLEDObserver

01-04 14:08:46.370 11956 11956 I MessagingNotification: registerLEDObserver REGISTER

01-04 14:08:46.378 11956 11956 D NotiClient: Noti Constructor

01-04 14:08:46.391 11956 11998 D NotiClient: bind()

01-04 14:08:46.405 11956 11956 I MmsHiddenPrefProvider: MmsHiddenConfig.init()

01-04 14:08:46.409  1907  2339 D sensors_hal_LGMotionAccel: processInd: LP2: X: -1.618042 Y: 4.046616 Z: 9.589813 SAM TS: 855727444 HAL TS:157185603028341 elapsedRealtimeNano:157185656044294

01-04 14:08:46.412  1907  3055 I ActivityManager: Start proc 11999:com.lge.intelligent/1000 for service com.lge.intelligent/.smartreply.SmartReplyService

01-04 14:08:46.414  1907  2629 I ActivityManager: Killing 11629:com.YourCompany.Rolling/u0a318 (adj 2): remove task

01-04 14:08:46.477  1907  3108 D GraphicsStats: Buffer count: 10

01-04 14:08:46.477   923 31090 V AudioFlinger: 11629 died, releasing its sessions

01-04 14:08:46.477   923 31090 V AudioFlinger:  pid 1907 @ 0

01-04 14:08:46.477   923 31090 V AudioFlinger:  pid 1907 @ 1

01-04 14:08:46.477   923 31090 V AudioFlinger:  pid 25896 @ 2

01-04 14:08:46.477   923 31090 V AudioFlinger:  pid 25896 @ 3

01-04 14:08:46.477  1907  2518 I WindowState: WIN DEATH: Window{68a48f8 u0 com.YourCompany.Rolling/com.epicgames.ue4.GameActivity}

01-04 14:08:46.477  1907  2518 W WindowManager: Force-removing child win Window{cccfe84 u0 SurfaceView} from container Window{68a48f8 u0 com.YourCompany.Rolling/com.epicgames.ue4.GameActivity}

01-04 14:08:46.478   923 31090 V AudioFlinger:  pid 25896 @ 4

01-04 14:08:46.478   923 31090 V AudioFlinger:  pid 25896 @ 5

01-04 14:08:46.478   923 31090 V AudioFlinger:  pid 25896 @ 6

01-04 14:08:46.478   923 31090 V AudioFlinger:  pid 11629 @ 7

01-04 14:08:46.478   923 31090 V AudioFlinger:  removing entry for pid 11629 session 1142

01-04 14:08:46.478   923 31090 V AudioFlinger: purging stale effects

01-04 14:08:46.479  1907  2518 D InputDispatcher: Window went away: Window{68a48f8 u0 com.YourCompany.Rolling/com.epicgames.ue4.GameActivity}

01-04 14:08:46.485  1907  3065 I sensors_hal_Ctx: flush: handle is 86

01-04 14:08:46.485  1907  3065 I sensors_hal_SAM: flush:sensor() handle:86

01-04 14:08:46.486  1907  3066 I sensors_hal_Ctx: flush: handle is 48

01-04 14:08:46.486  1907  3066 I sensors_hal_SAM: flush:sensor(android.sensor.step_detector) handle:48

01-04 14:08:46.490  1907  2294 I sensors_hal_HealthActivityPattern: processResp: handle:86

01-04 14:08:46.493  1907  3063 W WindowManager: Failed looking up window

01-04 14:08:46.493  1907  3063 W WindowManager: java.lang.IllegalArgumentException: Requested window android.os.BinderProxy@2ecd1d1 does not exist

01-04 14:08:46.493  1907  3063 W WindowManager: 	at com.android.server.wm.WindowManagerService.windowForClientLocked(WindowManagerService.java:9678)

01-04 14:08:46.493  1907  3063 W WindowManager: 	at com.android.server.wm.WindowManagerService.windowForClientLocked(WindowManagerService.java:9669)

01-04 14:08:46.493  1907  3063 W WindowManager: 	at com.android.server.wm.WindowState$DeathRecipient.binderDied(WindowState.java:1271)

01-04 14:08:46.493  1907  3063 W WindowManager: 	at android.os.BinderProxy.sendDeathNotice(Binder.java:558)

01-04 14:08:46.493  1907  3063 I WindowState: WIN DEATH: null

01-04 14:08:46.542 11956 11956 I MmsHiddenPrefProvider: MmsHiddenConfig.loadHiddenPrefSettings

01-04 14:08:46.546  3158 17288 D MmsHiddenPrefProvider: uri:content://mmshiddenpref

01-04 14:08:46.546  3158 17288 D MmsHiddenPrefProvider: uri match:1

01-04 14:08:46.550  1907  3108 D ActivityManager: cleanUpApplicationRecord -- 11629

01-04 14:08:46.563 26349 26596 D AppChangedDetector: lastUsedAppId com.android.systemui

01-04 14:08:46.593 11999 11999 W System  : ClassLoader referenced unknown path: /system/app/SmartMessagingEngine/lib/arm64

01-04 14:08:46.614 11956 11956 D MmsConfig: [LGE]getWifiCallingSupport: bWifiCallingEnabled = false

01-04 14:08:46.617 11956 11956 I HD_TEST : systemFeature VoLTE result true

01-04 14:08:46.617 11956 11956 E HD_TEST : isSysProVoLTE = true 

01-04 14:08:46.627  5396  5440 D libc    : getaddrinfo called from pid =5396

01-04 14:08:46.628 11956 11996 I cr_LibraryLoader: Time to load native libraries: 1 ms

01-04 14:08:46.634  5396  5440 D libc    : getaddrinfo called from pid =5396

01-04 14:08:46.635   916  2012 D BandwidthController: [LG DATA] No such appUid: 10173

01-04 14:08:46.635   916  2012 D DnsProxyListener: App 10173 tries DNS query. Accept family:0 protocol:0

01-04 14:08:46.636   916 12016 D libc    : getaddrinfo called from pid =916

01-04 14:08:46.655 11956 11956 I LOG_TAG : registerContactDBChangeObserver

01-04 14:08:46.660 11999 11999 D SmartReplyGatewayService: SmartReply Constructor

01-04 14:08:46.660 11999 11999 D SmartReplyGatewayService: SmartReply onCreate()

01-04 14:08:46.663 11999 11999 D SmartReplyGatewayService: SmartReply OnBind - versionName:1.2.0205

01-04 14:08:46.664 11956 12017 E MmsApp  : SWVersion is same - initializeMmsKRSettingsWhenUpgrade is not working

01-04 14:08:46.681 11956 11956 I TwoPhoneServiceManager: isTwoPhoneModel:false

01-04 14:08:46.684 11956 11956 V MmsSystemEventReceiver: [MultiUser] registerForSetAlarmOnCurrentMode isOwnerMdoe : true

01-04 14:08:46.687 11956 12025 I MmsApp  : handleBootCompleted

01-04 14:08:46.689 11956 11956 D OtherNotiReceiver: [LGE]com.lge.intent.action.FLOATING_WINDOW_ENTER_LOWPROFILE

01-04 14:08:46.691 11956 12024 D BackgroundDeleteManager: ------------start init----------------------

01-04 14:08:46.692  1907  3063 I ActivityManager: Killing 10966:com.lge.NfcSettings/1000 (adj 15): empty #22

01-04 14:08:46.700 11956 12025 I SmsReceiverService: smsBootCompleted

01-04 14:08:46.704  1907  3067 D ActivityManager: cleanUpApplicationRecord -- 10966

01-04 14:08:46.708 11956 11956 D MmsConfig: MediaScanner - scannerConnected

01-04 14:08:46.712  2592  2592 D SystemServicesProxy: [SystemServicesProxy.java:279:getRecentTasks()]RecentApps has 8 item(s).

01-04 14:08:46.719 11956 11956 D OtherNotiReceiver: [LGE]com.lge.intent.action.FLOATING_WINDOW_EXIT_LOWPROFILE

01-04 14:08:46.723 11956 12025 I MmsSystemEventReceiver: mmsBootComplete

01-04 14:08:46.737 11956 11956 I chromium: [INFO:library_loader_hooks.cc(51)] Chromium logging enabled: level = 0, default verbosity = 0

01-04 14:08:46.738 11956 11956 I cr_LibraryLoader: Expected native library version number "79.0.3945.93", actual native library version number "79.0.3945.93"

01-04 14:08:46.738 11956 12025 E RetryScheduler: [LGE]updatePastReserveMsgToFailMsg

01-04 14:08:46.750  1907  2339 D sensors_hal_LGMotionAccel: processInd: LP2: X: -1.400040 Y: 4.228317 Z: 8.848434 SAM TS: 855738364 HAL TS:157185936280294 elapsedRealtimeNano:157185997124242

01-04 14:08:46.752  1907  3063 D ConnectivityService: getActiveNetwork nai=NetworkAgentInfo{ ni{[type: WIFI[], state: CONNECTED/CONNECTED, reason: (unspecified), extra: "U+NetEA13", roaming: false, failover: false, isAvailable: true, network type: 1]}  network{132}  lp{{InterfaceName: wlan0 LinkAddresses: [fe80::5e70:a3ff:fe45:d7ff/64,192.168.219.102/24,]  Routes: [fe80::/64 -> :: wlan0,192.168.219.0/24 -> 0.0.0.0 wlan0,0.0.0.0/0 -> 192.168.219.1 wlan0,] DnsAddresses: [1.214.68.2,61.41.153.2,] Domains:  MTU: 0 TcpBufferSizes: 1048576,4194304,8388608,1048576,2097152,4194304 PcscfAddresses: [] }}  nc{[ Transports: WIFI Capabilities: INTERNET&NOT_RESTRICTED&TRUSTED&NOT_VPN&VALIDATED LinkUpBandwidth>=1048576Kbps LinkDnBandwidth>=1048576Kbps SignalStrength: -63]}  Score{60}  everValidated{true}  lastValidated{true}  created{true} lingering{false} explicitlySelected{false} acceptUnvalidated{false} everCaptivePortalDetected{false} lastCaptivePortalDetected{false} }

01-04 14:08:46.766 11956 12025 E RetryScheduler: [LGE]setReservationsAlarm

01-04 14:08:46.773  1907  3065 D ConnectivityService: getActiveNetwork nai=NetworkAgentInfo{ ni{[type: WIFI[], state: CONNECTED/CONNECTED, reason: (unspecified), extra: "U+NetEA13", roaming: false, failover: false, isAvailable: true, network type: 1]}  network{132}  lp{{InterfaceName: wlan0 LinkAddresses: [fe80::5e70:a3ff:fe45:d7ff/64,192.168.219.102/24,]  Routes: [fe80::/64 -> :: wlan0,192.168.219.0/24 -> 0.0.0.0 wlan0,0.0.0.0/0 -> 192.168.219.1 wlan0,] DnsAddresses: [1.214.68.2,61.41.153.2,] Domains:  MTU: 0 TcpBufferSizes: 1048576,4194304,8388608,1048576,2097152,4194304 PcscfAddresses: [] }}  nc{[ Transports: WIFI Capabilities: INTERNET&NOT_RESTRICTED&TRUSTED&NOT_VPN&VALIDATED LinkUpBandwidth>=1048576Kbps LinkDnBandwidth>=1048576Kbps SignalStrength: -63]}  Score{60}  everValidated{true}  lastValidated{true}  created{true} lingering{false} explicitlySelected{false} acceptUnvalidated{false} everCaptivePortalDetected{false} lastCaptivePortalDetected{false} }

01-04 14:08:46.776  1907  3050 D ConnectivityService: getActiveNetwork nai=NetworkAgentInfo{ ni{[type: WIFI[], state: CONNECTED/CONNECTED, reason: (unspecified), extra: "U+NetEA13", roaming: false, failover: false, isAvailable: true, network type: 1]}  network{132}  lp{{InterfaceName: wlan0 LinkAddresses: [fe80::5e70:a3ff:fe45:d7ff/64,192.168.219.102/24,]  Routes: [fe80::/64 -> :: wlan0,192.168.219.0/24 -> 0.0.0.0 wlan0,0.0.0.0/0 -> 192.168.219.1 wlan0,] DnsAddresses: [1.214.68.2,61.41.153.2,] Domains:  MTU: 0 TcpBufferSizes: 1048576,4194304,8388608,1048576,2097152,4194304 PcscfAddresses: [] }}  nc{[ Transports: WIFI Capabilities: INTERNET&NOT_RESTRICTED&TRUSTED&NOT_VPN&VALIDATED LinkUpBandwidth>=1048576Kbps LinkDnBandwidth>=1048576Kbps SignalStrength: -63]}  Score{60}  everValidated{true}  lastValidated{true}  created{true} lingering{false} explicitlySelected{false} acceptUnvalidated{false} everCaptivePortalDetected{false} lastCaptivePortalDetected{false} }

01-04 14:08:46.805 11956 11956 I cr_BrowserStartup: Initializing chromium process, singleProcess=true

01-04 14:08:46.879  2983  5361 V LEDService: stopInternal(), pkg=com.android.mms, id=123

01-04 14:08:46.879 11956 12025 D MessagingNotification: disalbleEmotionalLED id= 123

01-04 14:08:46.880  2983  3001 V LEDService: stopInternal(), pkg=com.android.mms, id=945

01-04 14:08:46.881 11956 12025 D MessagingNotification: disalbleEmotionalLED id= 945

01-04 14:08:46.881  2983  3008 V LEDService: stopInternal(), pkg=com.android.mms, id=947

01-04 14:08:46.881 11956 12025 D MessagingNotification: disalbleEmotionalLED id= 947

01-04 14:08:46.895 11956 12025 D MessagingNotification: unread_count:0, thread_count:0, thread_id:-100

01-04 14:08:46.901  5396  5440 D libc    : getaddrinfo called from pid =5396

01-04 14:08:46.910 11956 12025 D MessagingNotification: toLockscreenWithUnreadMsgCnt - count = 0

01-04 14:08:46.915  3158 17288 D MmsHiddenPrefProvider: uri:content://mmshiddenpref/get_disturb_and_app_noti

01-04 14:08:46.915  3158 17288 D MmsHiddenPrefProvider: uri match:100

01-04 14:08:46.917  1907  3050 D ConnectivityService: getActiveNetwork nai=NetworkAgentInfo{ ni{[type: WIFI[], state: CONNECTED/CONNECTED, reason: (unspecified), extra: "U+NetEA13", roaming: false, failover: false, isAvailable: true, network type: 1]}  network{132}  lp{{InterfaceName: wlan0 LinkAddresses: [fe80::5e70:a3ff:fe45:d7ff/64,192.168.219.102/24,]  Routes: [fe80::/64 -> :: wlan0,192.168.219.0/24 -> 0.0.0.0 wlan0,0.0.0.0/0 -> 192.168.219.1 wlan0,] DnsAddresses: [1.214.68.2,61.41.153.2,] Domains:  MTU: 0 TcpBufferSizes: 1048576,4194304,8388608,1048576,2097152,4194304 PcscfAddresses: [] }}  nc{[ Transports: WIFI Capabilities: INTERNET&NOT_RESTRICTED&TRUSTED&NOT_VPN&VALIDATED LinkUpBandwidth>=1048576Kbps LinkDnBandwidth>=1048576Kbps SignalStrength: -63]}  Score{60}  everValidated{true}  lastValidated{true}  created{true} lingering{false} explicitlySelected{false} acceptUnvalidated{false} everCaptivePortalDetected{false} lastCaptivePortalDetected{false} }

01-04 14:08:46.920  1907  3063 D ConnectivityService: getActiveNetwork nai=NetworkAgentInfo{ ni{[type: WIFI[], state: CONNECTED/CONNECTED, reason: (unspecified), extra: "U+NetEA13", roaming: false, failover: false, isAvailable: true, network type: 1]}  network{132}  lp{{InterfaceName: wlan0 LinkAddresses: [fe80::5e70:a3ff:fe45:d7ff/64,192.168.219.102/24,]  Routes: [fe80::/64 -> :: wlan0,192.168.219.0/24 -> 0.0.0.0 wlan0,0.0.0.0/0 -> 192.168.219.1 wlan0,] DnsAddresses: [1.214.68.2,61.41.153.2,] Domains:  MTU: 0 TcpBufferSizes: 1048576,4194304,8388608,1048576,2097152,4194304 PcscfAddresses: [] }}  nc{[ Transports: WIFI Capabilities: INTERNET&NOT_RESTRICTED&TRUSTED&NOT_VPN&VALIDATED LinkUpBandwidth>=1048576Kbps LinkDnBandwidth>=1048576Kbps SignalStrength: -63]}  Score{60}  everValidated{true}  lastValidated{true}  created{true} lingering{false} explicitlySelected{false} acceptUnvalidated{false} everCaptivePortalDetected{false} lastCaptivePortalDetected{false} }

01-04 14:08:46.933  1907  3063 D ConnectivityService: getActiveNetwork nai=NetworkAgentInfo{ ni{[type: WIFI[], state: CONNECTED/CONNECTED, reason: (unspecified), extra: "U+NetEA13", roaming: false, failover: false, isAvailable: true, network type: 1]}  network{132}  lp{{InterfaceName: wlan0 LinkAddresses: [fe80::5e70:a3ff:fe45:d7ff/64,192.168.219.102/24,]  Routes: [fe80::/64 -> :: wlan0,192.168.219.0/24 -> 0.0.0.0 wlan0,0.0.0.0/0 -> 192.168.219.1 wlan0,] DnsAddresses: [1.214.68.2,61.41.153.2,] Domains:  MTU: 0 TcpBufferSizes: 1048576,4194304,8388608,1048576,2097152,4194304 PcscfAddresses: [] }}  nc{[ Transports: WIFI Capabilities: INTERNET&NOT_RESTRICTED&TRUSTED&NOT_VPN&VALIDATED LinkUpBandwidth>=1048576Kbps LinkDnBandwidth>=1048576Kbps SignalStrength: -63]}  Score{60}  everValidated{true}  lastValidated{true}  created{true} lingering{false} explicitlySelected{false} acceptUnvalidated{false} everCaptivePortalDetected{false} lastCaptivePortalDetected{false} }

01-04 14:08:46.934  2592  2592 D KeyguardModel: mReceiver, received action: lge.intent.action.UNREAD_MESSAGES, sendingUserId:0

01-04 14:08:46.935  3068  3068 I NfcP2pLinkManager: LLCP deactivated.

01-04 14:08:46.935  3068  3068 I NfcP2pLinkManager: Duplicate onLlcpDectivated()

01-04 14:08:46.936  2592  2592 D KeyguardModel: putNotificationIntoList Number: 0 Id: 1 UserId: 0

01-04 14:08:46.936 19813 19813 D LGAodEx : SmartCoverUpdateMonitor.java:258 onReceive(): received broadcast lge.intent.action.UNREAD_MESSAGES

01-04 14:08:46.936 19813 19813 D LGAodEx : SmartCoverUpdateMonitor.java:193 handleMessage(): MSG_BIGNOTI_XXX

01-04 14:08:46.937 11956 12025 E MessageUtils: android.content.pm.PackageManager$NameNotFoundException: com.lge.concentrate

01-04 14:08:46.938 11956 12025 I MessagingNotification: repeat count :0

01-04 14:08:46.966  1907  2529 D WifiService: New client listening to asynchronous messages

01-04 14:08:46.981  1907  2964 D ConnectivityService: getActiveNetwork nai=NetworkAgentInfo{ ni{[type: WIFI[], state: CONNECTED/CONNECTED, reason: (unspecified), extra: "U+NetEA13", roaming: false, failover: false, isAvailable: true, network type: 1]}  network{132}  lp{{InterfaceName: wlan0 LinkAddresses: [fe80::5e70:a3ff:fe45:d7ff/64,192.168.219.102/24,]  Routes: [fe80::/64 -> :: wlan0,192.168.219.0/24 -> 0.0.0.0 wlan0,0.0.0.0/0 -> 192.168.219.1 wlan0,] DnsAddresses: [1.214.68.2,61.41.153.2,] Domains:  MTU: 0 TcpBufferSizes: 1048576,4194304,8388608,1048576,2097152,4194304 PcscfAddresses: [] }}  nc{[ Transports: WIFI Capabilities: INTERNET&NOT_RESTRICTED&TRUSTED&NOT_VPN&VALIDATED LinkUpBandwidth>=1048576Kbps LinkDnBandwidth>=1048576Kbps SignalStrength: -63]}  Score{60}  everValidated{true}  lastValidated{true}  created{true} lingering{false} explicitlySelected{false} acceptUnvalidated{false} everCaptivePortalDetected{false} lastCaptivePortalDetected{false} }

01-04 14:08:46.992  1907  2925 D ConnectivityService: listenForNetwork for Listen from uid/pid:10044/11956 for NetworkRequest [ id=797, legacyType=-1, [ Capabilities: INTERNET&NOT_RESTRICTED&TRUSTED] ]

01-04 14:08:46.993  1907  2530 D CSLegacyTypeTracker: Adding agent NetworkAgentInfo{ ni{[type: MOBILE[LTE], state: CONNECTED/CONNECTED, reason: connected, extra: ims, roaming: false, failover: false, isAvailable: true, network type: 0]}  network{100}  lp{{InterfaceName: rmnet_data0 LinkAddresses: [2001:2d8:e266:c692:e1e3:7da8:5558:b45e/64,]  Routes: [::/0 -> fe80::51cd:ba1e:2435:3ce3 rmnet_data0,] DnsAddresses: [fd00:e13:501:c::170,fd00:e13:101:c::7,] Domains: null MTU: 1440 TcpBufferSizes: 2097152,4194304,8388608,1048576,3145728,4194304 PcscfAddresses: [2001:2d8:e0:220::50,] }}  nc{[ Transports: CELLULAR Capabilities: MMS&IMS&NOT_RESTRICTED&TRUSTED&NOT_VPN&VALIDATED LinkUpBandwidth>=51200Kbps LinkDnBandwidth>=102400Kbps Specifier: <1>]}  Score{50}  everValidated{true}  lastValidated{true}  created{true} lingering{false} explicitlySelected{false} acceptUnvalidated{false} everCaptivePortalDetected{false} lastCaptivePortalDetected{false} } for legacy network type 11

01-04 14:08:46.993  1907  2530 D ConnectivityService: handleRegisterNetworkRequest checking NetworkAgentInfo [WIFI () - 132]

01-04 14:08:46.993  1907  2530 D ConnectivityService: apparently satisfied.  currentScore=60

01-04 14:08:46.994  1907  2530 D ConnectivityService: handleRegisterNetworkRequest checking NetworkAgentInfo [MOBILE (LTE) - 100]

01-04 14:08:46.994  1907  1929 D ConnectivityService: getActiveNetwork nai=NetworkAgentInfo{ ni{[type: WIFI[], state: CONNECTED/CONNECTED, reason: (unspecified), extra: "U+NetEA13", roaming: false, failover: false, isAvailable: true, network type: 1]}  network{132}  lp{{InterfaceName: wlan0 LinkAddresses: [fe80::5e70:a3ff:fe45:d7ff/64,192.168.219.102/24,]  Routes: [fe80::/64 -> :: wlan0,192.168.219.0/24 -> 0.0.0.0 wlan0,0.0.0.0/0 -> 192.168.219.1 wlan0,] DnsAddresses: [1.214.68.2,61.41.153.2,] Domains:  MTU: 0 TcpBufferSizes: 1048576,4194304,8388608,1048576,2097152,4194304 PcscfAddresses: [] }}  nc{[ Transports: WIFI Capabilities: INTERNET&NOT_RESTRICTED&TRUSTED&NOT_VPN&VALIDATED LinkUpBandwidth>=1048576Kbps LinkDnBandwidth>=1048576Kbps SignalStrength: -63]}  Score{60}  everValidated{true}  lastValidated{true}  created{true} lingering{false} explicitlySelected{false} acceptUnvalidated{false} everCaptivePortalDetected{false} lastCaptivePortalDetected{false} }

01-04 14:08:46.997 11956 11956 D NotiClient: onServiceConnceted

01-04 14:08:46.997 11956 11956 W MessagingNotification: [SmartReplyCallback]onServiceDisconnected

01-04 14:08:46.998 11956 11956 D OtherNotiReceiver: [LGE]com.lge.intent.action.FLOATING_WINDOW_ENTER_LOWPROFILE

01-04 14:08:47.003  1907  3063 D ConnectivityService: getActiveNetwork nai=NetworkAgentInfo{ ni{[type: WIFI[], state: CONNECTED/CONNECTED, reason: (unspecified), extra: "U+NetEA13", roaming: false, failover: false, isAvailable: true, network type: 1]}  network{132}  lp{{InterfaceName: wlan0 LinkAddresses: [fe80::5e70:a3ff:fe45:d7ff/64,192.168.219.102/24,]  Routes: [fe80::/64 -> :: wlan0,192.168.219.0/24 -> 0.0.0.0 wlan0,0.0.0.0/0 -> 192.168.219.1 wlan0,] DnsAddresses: [1.214.68.2,61.41.153.2,] Domains:  MTU: 0 TcpBufferSizes: 1048576,4194304,8388608,1048576,2097152,4194304 PcscfAddresses: [] }}  nc{[ Transports: WIFI Capabilities: INTERNET&NOT_RESTRICTED&TRUSTED&NOT_VPN&VALIDATED LinkUpBandwidth>=1048576Kbps LinkDnBandwidth>=1048576Kbps SignalStrength: -63]}  Score{60}  everValidated{true}  lastValidated{true}  created{true} lingering{false} explicitlySelected{false} acceptUnvalidated{false} everCaptivePortalDetected{false} lastCaptivePortalDetected{false} }

01-04 14:08:47.006  1907  3066 D ConnectivityService: getActiveNetwork nai=NetworkAgentInfo{ ni{[type: WIFI[], state: CONNECTED/CONNECTED, reason: (unspecified), extra: "U+NetEA13", roaming: false, failover: false, isAvailable: true, network type: 1]}  network{132}  lp{{InterfaceName: wlan0 LinkAddresses: [fe80::5e70:a3ff:fe45:d7ff/64,192.168.219.102/24,]  Routes: [fe80::/64 -> :: wlan0,192.168.219.0/24 -> 0.0.0.0 wlan0,0.0.0.0/0 -> 192.168.219.1 wlan0,] DnsAddresses: [1.214.68.2,61.41.153.2,] Domains:  MTU: 0 TcpBufferSizes: 1048576,4194304,8388608,1048576,2097152,4194304 PcscfAddresses: [] }}  nc{[ Transports: WIFI Capabilities: INTERNET&NOT_RESTRICTED&TRUSTED&NOT_VPN&VALIDATED LinkUpBandwidth>=1048576Kbps LinkDnBandwidth>=1048576Kbps SignalStrength: -63]}  Score{60}  everValidated{true}  lastValidated{true}  created{true} lingering{false} explicitlySelected{false} acceptUnvalidated{false} everCaptivePortalDetected{false} lastCaptivePortalDetected{false} }

01-04 14:08:47.017 11956 11956 I SmsReceiverService: call onStartCommand

01-04 14:08:47.028  1907  2518 I ActivityManager: Start proc 12049:com.lge.launcher3/u0a36 for broadcast com.lge.launcher3/.badge.appnotifier.AppNotifierReceiver

01-04 14:08:47.031 11956 11956 I SmsReceiverService: getEnableForeGroundService = false

01-04 14:08:47.031 11956 11956 V SmsReceiverService: onStart: #1 mResultCode: -1 = Activity.RESULT_OK

01-04 14:08:47.033 11956 12048 D MmsConfig: isNotAllowedSms: currentUser:0

01-04 14:08:47.033 11956 12048 D MmsConfig: isNotAllowedSms: UserHandle.myUserId():0

01-04 14:08:47.033 11956 12048 D MmsConfig: isUserMode:false

01-04 14:08:47.033 11956 12048 D SmsReceiverService: handleMessage isUserMode:false

01-04 14:08:47.041 11956 12048 V SmsReceiverService: handleMessage action: com.android.mms.transaction.SEND_MESSAGE error: 0

01-04 14:08:47.041 11956 12048 D SmsReceiverService: [LGE] handleSendMessage Send messages in queue

01-04 14:08:47.061 11956 11996 D TelephonyAutoProfiling: sIsEnabled : false

01-04 14:08:47.063 11956 11996 I Mms/conv: conv.mLastestMessageStatus = 132

01-04 14:08:47.065 26349 26596 D AppChangedDetector: lastUsedAppId com.android.systemui

01-04 14:08:47.070  1907  2339 D sensors_hal_LGMotionAccel: processInd: LP2: X: -1.502563 Y: 4.270630 Z: 8.813141 SAM TS: 855749284 HAL TS:157186269532247 elapsedRealtimeNano:157186317826169

01-04 14:08:47.075 11956 12048 I SmsReceiverService: getEnableForeGroundService = false

01-04 14:08:47.079  1907  3141 I ActivityManager: Killing 10979:com.lge.eula/u0a77 (adj 15): empty #22

01-04 14:08:47.090  1907  3141 I ActivityManager: Killing 10005:com.android.settings/1000 (adj 15): empty #23

01-04 14:08:47.106  1907  3108 D ActivityManager: cleanUpApplicationRecord -- 10979

01-04 14:08:47.109  1907  3066 D ActivityManager: cleanUpApplicationRecord -- 10005

01-04 14:08:47.110 11956 11996 I Mms/conv: thread_id = 241

01-04 14:08:47.125 11956 11996 D PduPersister: isSupportTwoPhoneService: false

01-04 14:08:47.133 11956 11996 D PduPersister: isSupportTwoPhoneService: false

01-04 14:08:47.141 11956 11996 D PduPersister: isSupportTwoPhoneService: false

01-04 14:08:47.142 11956 11996 D PduPersister: isSupportTwoPhoneService: false

01-04 14:08:47.148 11956 11996 V Mms/smil: Parsing SMIL document.

01-04 14:08:47.162 11956 11996 V Mms/smil: The size of Meta Name:1

01-04 14:08:47.183 11956 11996 V Mms/smil: The size of Meta Name:1

01-04 14:08:47.183 11956 11996 V Mms/smil: nodeName = layout, name = , content = 

01-04 14:08:47.184 11956 11996 I ihy_test: putSlideCache uri = content://mms/893

01-04 14:08:47.184 11956 11996 I Mms/conv: push slide : uri = content://mms/893

01-04 14:08:47.184 11956 11996 I Mms/conv: cursorCnt = 0

01-04 14:08:47.184 11956 11996 I Mms/conv: success to load recent mms~~

01-04 14:08:47.186 11956 11996 I Mms/conv: conv.mLastestMessageStatus = 132

01-04 14:08:47.205 12049 12049 I [LGHome5]AppNotifier.Manager: ---------------------------------------------------------

01-04 14:08:47.206 12049 12049 I [LGHome5]AppNotifier.Manager: Notify group count for com.android.mms.ui.ConversationList

01-04 14:08:47.206 12049 12049 I [LGHome5]AppNotifier.Manager: ---------------------------------------------------------

01-04 14:08:47.207 12049 12049 I [LGHome5]AppNotifier.Manager: ---------------------------------------------------------

01-04 14:08:47.207 12049 12049 I [LGHome5]AppNotifier.Manager: Notify group count for com.lge.message.ui.ConversationList

01-04 14:08:47.207 12049 12049 I [LGHome5]AppNotifier.Manager: ---------------------------------------------------------

01-04 14:08:47.207 12049 12049 I [LGHome5]AppNotifier.Manager: ---------------------------------------------------------

01-04 14:08:47.207 12049 12049 I [LGHome5]AppNotifier.Manager: Notify group count for com.lge.message.activity.MainMenuActivity

01-04 14:08:47.207 12049 12049 I [LGHome5]AppNotifier.Manager: ---------------------------------------------------------

01-04 14:08:47.217  1907  2629 I ActivityManager: Start proc 12064:com.lge.launcher2/u0a163 for broadcast com.lge.launcher2/.numberbadge.LGNumberBadgeReceiver

01-04 14:08:47.219  1907  2629 I ActivityManager: Killing 10052:com.lge.lockscreensettings/1000 (adj 15): empty #22

01-04 14:08:47.242  1109  1379 W XTCC-5.1.0.7: [PosMgr] Position request

01-04 14:08:47.246  1907  3050 D ActivityManager: cleanUpApplicationRecord -- 10052

01-04 14:08:47.257 11956 11996 I Mms/conv: thread_id = 230

01-04 14:08:47.305 11956 11996 D PduPersister: isSupportTwoPhoneService: false

01-04 14:08:47.307 12064 12064 W [LGHome4]com.lge.launcher2.LauncherProvider: [LauncherProvider.java:119:onCreate()]LauncherProvider onCreate

01-04 14:08:47.310 12064 12064 W ResourceType: No known package when getting value for resource number 0xffffffff

01-04 14:08:47.321 12064 12064 I [LGHome4]MemoryTier: MemoryTier HIGH > 2GB

01-04 14:08:47.330 11956 11996 D PduPersister: isSupportTwoPhoneService: false

01-04 14:08:47.333 12064 12064 W [LGHome4]com.lge.launcher2.LauncherProvider: [LauncherProvider.java:193:onCreate()]LauncherProvider onCreate end

01-04 14:08:47.349 11956 11996 D PduPersister: isSupportTwoPhoneService: false

01-04 14:08:47.349 11956 11996 D PduPersister: isSupportTwoPhoneService: false

01-04 14:08:47.351 11956 11996 V Mms/smil: Parsing SMIL document.

01-04 14:08:47.352 11956 11996 V Mms/smil: The size of Meta Name:1

01-04 14:08:47.356 11956 11996 V Mms/smil: The size of Meta Name:1

01-04 14:08:47.356 11956 11996 V Mms/smil: nodeName = layout, name = , content = 

01-04 14:08:47.356 11956 11996 I ihy_test: putSlideCache uri = content://mms/891

01-04 14:08:47.356 11956 11996 I Mms/conv: push slide : uri = content://mms/891

01-04 14:08:47.356 11956 11996 I Mms/conv: cursorCnt = 0

01-04 14:08:47.364 11956 11996 D PduPersister: isSupportTwoPhoneService: false

01-04 14:08:47.374 11956 11996 D PduPersister: isSupportTwoPhoneService: false

01-04 14:08:47.378 12064 12064 I [LGHome4]LGNumberBadgeReceiver: [LGNumberBadgeReceiver.java:80:onReceive()]LGNumberBadgeReceiver.onReceive() is called : action = lge.intent.action.UNREAD_MESSAGES

01-04 14:08:47.382  1907  2629 I ActivityManager: Killing 10993:com.skt.t_smart_charge/1000 (adj 15): empty #22

01-04 14:08:47.382 12064 12083 I [LGHome4]NumberBadge.LGBroadCastBadge: [LGBroadCastBadge.java:53:updateBadgeIcon()][updateClassList : viva.republica.toss.splash.SplashActivity = 0

01-04 14:08:47.383 12064 12083 I [LGHome4]NumberBadge.LGBroadCastBadge: [LGBroadCastBadge.java:53:updateBadgeIcon()][updateClassList : kr.co.imaxsoft.hellolms.LoginActivity = 0

01-04 14:08:47.383 12064 12083 I [LGHome4]NumberBadge.LGBroadCastBadge: [LGBroadCastBadge.java:53:updateBadgeIcon()][updateClassList : com.facebook.katana.LoginActivity = 11

01-04 14:08:47.383 12064 12083 I [LGHome4]NumberBadge.LGBroadCastBadge: [LGBroadCastBadge.java:53:updateBadgeIcon()][updateClassList : com.lge.email.ui.setupwizard.QSlideWelcome = 0

01-04 14:08:47.383 12064 12083 I [LGHome4]NumberBadge.LGBroadCastBadge: [LGBroadCastBadge.java:53:updateBadgeIcon()][updateClassList : com.lge.message.ui.ConversationList = 0

01-04 14:08:47.383 12064 12083 I [LGHome4]NumberBadge.LGBroadCastBadge: [LGBroadCastBadge.java:53:updateBadgeIcon()][updateClassList : com.android.vending.AssetBrowserActivity = 2

01-04 14:08:47.383 12064 12083 I [LGHome4]NumberBadge.LGBroadCastBadge: [LGBroadCastBadge.java:53:updateBadgeIcon()][updateClassList : com.skt.skaf.A000Z00040.A000Z00040 = 1

01-04 14:08:47.383 12064 12083 I [LGHome4]NumberBadge.LGBroadCastBadge: [LGBroadCastBadge.java:53:updateBadgeIcon()][updateClassList : com.android.mms.ui.ConversationList = 0

01-04 14:08:47.383 12064 12083 I [LGHome4]NumberBadge.LGBroadCastBadge: [LGBroadCastBadge.java:53:updateBadgeIcon()][updateClassList : com.lge.message.activity.MainMenuActivity = 0

01-04 14:08:47.383 12064 12083 I [LGHome4]NumberBadge.LGBroadCastBadge: [LGBroadCastBadge.java:53:updateBadgeIcon()][updateClassList : com.lge.updatecenter.UpdateCenterPrfActivity = 0

01-04 14:08:47.384 12064 12083 I [LGHome4]NumberBadge.LGBroadCastBadge: [LGBroadCastBadge.java:53:updateBadgeIcon()][updateClassList : com.android.contacts.DialtactsRecentCallsEntryActivity = 0

01-04 14:08:47.384 12064 12083 I [LGHome4]NumberBadge.LGBroadCastBadge: [LGBroadCastBadge.java:53:updateBadgeIcon()][updateClassList : stonykids.baedaltong.season2.app.ui.splash.SplashActivity = 0

01-04 14:08:47.384 12064 12083 I [LGHome4]NumberBadge.LGBroadCastBadge: [LGBroadCastBadge.java:53:updateBadgeIcon()][updateClassList : com.nhn.android.search.ui.pages.SearchHomePage = 0

01-04 14:08:47.384 12064 12083 I [LGHome4]NumberBadge.LGBroadCastBadge: [LGBroadCastBadge.java:53:updateBadgeIcon()][updateClassList : net.daum.android.daum.DaumActivity = 16

01-04 14:08:47.384 12064 12083 I [LGHome4]NumberBadge.LGBroadCastBadge: [LGBroadCastBadge.java:53:updateBadgeIcon()][updateClassList : com.mcnc.bizmob.base.SlideFragmentActivity = 0

01-04 14:08:47.384 12064 12083 I [LGHome4]NumberBadge.LGBroadCastBadge: [LGBroadCastBadge.java:53:updateBadgeIcon()][updateClassList : com.kakao.talk.activity.SplashActivity = 83

01-04 14:08:47.384 12064 12083 I [LGHome4]NumberBadge.LGBroadCastBadge: [LGBroadCastBadge.java:53:updateBadgeIcon()][updateClassList : com.hanaskcard.paycla.cloudpay.view.CloudIntro = 0

01-04 14:08:47.384 12064 12083 I [LGHome4]NumberBadge.LGBroadCastBadge: [LGBroadCastBadge.java:53:updateBadgeIcon()][updateClassList : com.google.android.youtube.app.honeycomb.Shell$HomeActivity = 22

01-04 14:08:47.384 12064 12083 I [LGHome4]NumberBadge.LGBroadCastBadge: [LGBroadCastBadge.java:53:updateBadgeIcon()][updateClassList : com.android.contacts.activities.DialtactsActivity = 0

01-04 14:08:47.384 12064 12083 I [LGHome4]NumberBadge.LGBroadCastBadge: [LGBroadCastBadge.java:53:updateBadgeIcon()][updateClassList : com.facebook.orca.auth.StartScreenActivity = 4

01-04 14:08:47.384 12064 12083 I [LGHome4]NumberBadge.LGBroadCastBadge: [LGBroadCastBadge.java:53:updateBadgeIcon()][updateClassList : com.lge.email.ui.setupwizard.Welcome = 0

01-04 14:08:47.384 12064 12083 I [LGHome4]NumberBadge.LGBroadCastBadge: [LGBroadCastBadge.java:53:updateBadgeIcon()][updateClassList : com.iloen.melon.MusicBrowserActivity = 0

01-04 14:08:47.385 12064 12083 I [LGHome4]NumberBadge.LGBroadCastBadge: [LGBroadCastBadge.java:53:updateBadgeIcon()][updateClassList : com.skt.prod.dialer.activities.main.MainActivity = 0

01-04 14:08:47.385 12064 12083 I [LGHome4]NumberBadge.LGBroadCastBadge: [LGBroadCastBadge.java:53:updateBadgeIcon()][updateClassList : com.hanaskcard.paycla.CloudFirst = 0

01-04 14:08:47.393  1907  3050 D ActivityManager: cleanUpApplicationRecord -- 10993

01-04 14:08:47.396 11956 11996 D PduPersister: isSupportTwoPhoneService: false

01-04 14:08:47.396 11956 11996 D PduPersister: isSupportTwoPhoneService: false

01-04 14:08:47.398 11956 11996 V Mms/smil: Parsing SMIL document.

01-04 14:08:47.398 11956 11996 V Mms/smil: The size of Meta Name:1

01-04 14:08:47.403 11956 11996 V Mms/smil: The size of Meta Name:1

01-04 14:08:47.403 11956 11996 V Mms/smil: nodeName = layout, name = , content = 

01-04 14:08:47.403 11956 11996 I ihy_test: putSlideCache uri = content://mms/881

01-04 14:08:47.403 11956 11996 I Mms/conv: push slide : uri = content://mms/881

01-04 14:08:47.403 11956 11996 I Mms/conv: cursorCnt = 1

01-04 14:08:47.403 11956 11996 I Mms/conv: success to load recent mms~~

01-04 14:08:47.406 11956 11996 I Mms/conv: conv.mLastestMessageStatus = 132

01-04 14:08:47.418 11956 11996 I Mms/conv: thread_id = 18

01-04 14:08:47.429 11956 11996 D PduPersister: isSupportTwoPhoneService: false

01-04 14:08:47.443 11956 11996 D PduPersister: isSupportTwoPhoneService: false

01-04 14:08:47.452 11956 11996 D PduPersister: isSupportTwoPhoneService: false

01-04 14:08:47.452 11956 11996 D PduPersister: isSupportTwoPhoneService: false

01-04 14:08:47.454 11956 11996 V Mms/smil: Parsing SMIL document.

01-04 14:08:47.455 11956 11996 V Mms/smil: The size of Meta Name:1

01-04 14:08:47.458 11956 11996 V Mms/smil: The size of Meta Name:1

01-04 14:08:47.458 11956 11996 V Mms/smil: nodeName = layout, name = , content = 

01-04 14:08:47.458 11956 11996 I ihy_test: putSlideCache uri = content://mms/889

01-04 14:08:47.458 11956 11996 I Mms/conv: push slide : uri = content://mms/889

01-04 14:08:47.458 11956 11996 I Mms/conv: cursorCnt = 0

01-04 14:08:47.470 11956 11996 D PduPersister: isSupportTwoPhoneService: false

01-04 14:08:47.484 11956 11996 D PduPersister: isSupportTwoPhoneService: false

01-04 14:08:47.486  1907  3050 I sensors_hal_Ctx: flush: handle is 86

01-04 14:08:47.486  1907  3050 I sensors_hal_SAM: flush:sensor() handle:86

01-04 14:08:47.486  1907  3067 I sensors_hal_Ctx: flush: handle is 48

01-04 14:08:47.486  1907  3067 I sensors_hal_SAM: flush:sensor(android.sensor.step_detector) handle:48

01-04 14:08:47.492  1907  2294 I sensors_hal_HealthActivityPattern: processResp: handle:86

01-04 14:08:47.497 11956 11996 D PduPersister: isSupportTwoPhoneService: false

01-04 14:08:47.497 11956 11996 D PduPersister: isSupportTwoPhoneService: false

01-04 14:08:47.499 11956 11996 V Mms/smil: Parsing SMIL document.

01-04 14:08:47.500 11956 11996 V Mms/smil: The size of Meta Name:1

01-04 14:08:47.508 11956 11996 V Mms/smil: The size of Meta Name:1

