01-25 15:07:26.794  1745  2980 E IzatSvc_QNP: E/Exiting with error virtual void izat_manager::QNP::reportLocation(const izat_manager::LocationReport*, const izat_manager::ILocationProvider*) line 367 "1"

01-25 15:07:26.794  1745  3649 E LocSvc_libulp: E/int ulp_brain_transition_all_providers(), no QUIPC/GNSS transition logic run due to both engines are OFF 

01-25 15:07:26.794  1745  2980 I IzatProviderEngine: LocTech-Label :: OSDC :: Position Report In

01-25 15:07:26.794  1745  2980 I IzatProviderEngine: LocTech-Value :: UTC Time: 1579932446794, Elapsed Real Time Nanos: 99608359492119, Latitude: 37.56418967099772, Longitude: 127.03908077478359, Altitude: 0.0, Speed: 0.0, Bearing: 0.0, Accuracy: 69.65825

01-25 15:07:26.795  1745  2980 E LocSvc_LBSApiV02: E/virtual int lbs_core::LBSApiV02::injectCoarsePosition(const CoarsePositionInfo&):320]: Error : st = 3, ind.status = -1334472704

01-25 15:07:26.795  1745  1935 D LocationManagerService: This location is marked as ready for broadcast

01-25 15:07:26.796  1745  2992 E QMI_FW  : QCCI qmi_cci_xport_recv: txn not found. svc_id: 16

01-25 15:07:26.796  1745  1935 D LocationManagerService: incoming location: Location[network 37.564190,127.039081 acc=70 et=+1d3h40m8s359ms alt=0.0 vel=0.0 bear=0.0 {Bundle[{com.qualcomm.location.nlp:ready=true}]}]

01-25 15:07:26.798  1745  1935 D LocationManagerService: incoming location: Location[network 37.564190,127.039081 acc=70 et=+1d3h40m8s359ms alt=0.0 vel=0.0 bear=0.0 {Bundle[{com.qualcomm.location.nlp:ready=true}]}]

01-25 15:07:26.812  1745  2519 V WifiServerServiceExt: checkPollTimer Cnt= 0 rssi =-69 threshold=-100

01-25 15:07:27.078  1745  2513 E WifiStateMachine: LG_RSSI UPDATE newRssi = -72

01-25 15:07:27.169  1745  3143 I sensors_hal_Ctx: flush: handle is 86

01-25 15:07:27.169  1745  3143 I sensors_hal_SAM: flush:sensor() handle:86

01-25 15:07:27.170  1745  1913 I sensors_hal_Ctx: flush: handle is 48

01-25 15:07:27.170  1745  1913 I sensors_hal_SAM: flush:sensor(android.sensor.step_detector) handle:48

01-25 15:07:27.172  1745  2283 I sensors_hal_HealthActivityPattern: processResp: handle:86

01-25 15:07:27.429 24008 24026 D UE4     : [2020.01.25-06.07.27:429][  0]LogInit: Texture streaming: Enabled

01-25 15:07:27.489 24008 24026 D UE4     : LogAudio: Warning: Can't increase channels past starting number!

01-25 15:07:27.489 24008 24026 D UE4     : [2020.01.25-06.07.27:489][  0]LogAudio: Warning: Can't increase channels past starting number!

01-25 15:07:27.500 24008 24026 D UE4     : LogInit: Display: Game Engine Initialized.

01-25 15:07:27.500 24008 24026 D UE4     : [2020.01.25-06.07.27:500][  0]LogInit: Display: Game Engine Initialized.

01-25 15:07:27.501 24008 24026 D UE4     : LogGameplayTags: Display: UGameplayTagsManager::DoneAddingNativeTags. DelegateIsBound: 0

01-25 15:07:27.501 24008 24026 D UE4     : [2020.01.25-06.07.27:501][  0]LogGameplayTags: Display: UGameplayTagsManager::DoneAddingNativeTags. DelegateIsBound: 0

01-25 15:07:27.501 24008 24026 D UE4     : [2020.01.25-06.07.27:501][  0]LogStats: UGameplayTagsManager::ConstructGameplayTagTree: Construct from data asset -  0.000 s

01-25 15:07:27.501 24008 24026 D UE4     : [2020.01.25-06.07.27:501][  0]LogStats: UGameplayTagsManager::ConstructGameplayTagTree: GameplayTagTreeChangedEvent.Broadcast -  0.000 s

01-25 15:07:27.594 24008 24026 D UE4     : LogInit: Display: Starting Game.

01-25 15:07:27.594 24008 24026 D UE4     : [2020.01.25-06.07.27:594][  0]LogInit: Display: Starting Game.

01-25 15:07:27.594 24008 24026 D UE4     : [2020.01.25-06.07.27:594][  0]LogNet: Browse: /Game/Game/Level/31?Name=Player

01-25 15:07:27.595 24008 24026 D UE4     : [2020.01.25-06.07.27:595][  0]LogLoad: LoadMap: /Game/Game/Level/31?Name=Player

01-25 15:07:27.646 16645 16992 D AppChangedDetector: lastUsedAppId com.YourCompany.Rolling

01-25 15:07:27.739 24008 24026 D UE4     : [2020.01.25-06.07.27:739][  0]LogAIModule: Creating AISystem for world 31

01-25 15:07:27.739 24008 24026 D UE4     : [2020.01.25-06.07.27:739][  0]LogLoad: Game class is 'RollingGameMode_C'

01-25 15:07:27.755 24008 24026 D UE4     : [2020.01.25-06.07.27:755][  0]LogWorld: Bringing World /Game/Game/Level/31.31 up for play (max tick rate 0) at 2020.01.25-15.07.27

01-25 15:07:27.758 24008 24026 D UE4     : [2020.01.25-06.07.27:757][  0]LogWorld: Bringing up level for play took: 0.016226

01-25 15:07:27.758 24008 24026 D UE4     : LogOnline: Display: FOnlineIdentityGooglePlay::GetPlayerNickname

01-25 15:07:27.758 24008 24026 D UE4     : [2020.01.25-06.07.27:758][  0]LogOnline: Display: FOnlineIdentityGooglePlay::GetPlayerNickname

01-25 15:07:27.767 24008 24026 D UE4     : In AndroidThunkJava_ShowAdBanner

01-25 15:07:27.767 24008 24026 D UE4     : AdID: ca-app-pub-3940256099942544/6300978111

01-25 15:07:27.770 24008 24026 D UE4     : LogUMG: Display: Widget Class InGameUI_C - Loaded Fast Template.

01-25 15:07:27.770 24008 24026 D UE4     : [2020.01.25-06.07.27:770][  0]LogUMG: Display: Widget Class InGameUI_C - Loaded Fast Template.

01-25 15:07:27.772 24008 24026 D UE4     : In AndroidThunkJava_ShowAdBanner

01-25 15:07:27.772 24008 24026 D UE4     : AdID: ca-app-pub-3940256099942544/6300978111

01-25 15:07:27.776 24008 24026 D UE4     : [2020.01.25-06.07.27:776][  0]LogLoad: Took 0.181172 seconds to LoadMap(/Game/Game/Level/31)

01-25 15:07:27.777 24008 24026 D UE4     : [2020.01.25-06.07.27:777][  0]LogSlate: Took 0.000313 seconds to synchronously load lazily loaded font '../../../Engine/Content/EngineFonts/Faces/RobotoBold.ufont' (160K)

01-25 15:07:27.779 24008 24060 W art     : Native thread exiting without having called DetachCurrentThread (maybe it's going to use a pthread_key_create destructor?): Thread[35,tid=24060,Native,Thread*=0xd0938900,peer=0x12cc30a0,"RTHeartBeat 0"]

01-25 15:07:27.779 24008 24060 D UE4     : *** JavaEnvDestructor: 24060

01-25 15:07:27.784 24008 24058 D UE4     : AndroidEGL::ResetDisplay()

01-25 15:07:27.806 24008 24058 W art     : Native thread exiting without having called DetachCurrentThread (maybe it's going to use a pthread_key_create destructor?): Thread[33,tid=24058,Native,Thread*=0xd0937500,peer=0x12cb90a0,"RenderThread 0"]

01-25 15:07:27.807 24008 24058 D UE4     : *** JavaEnvDestructor: 24058

01-25 15:07:27.818 24008 24026 D UE4     : [2020.01.25-06.07.27:818][  0]LogAndroid: Passed GEngineLoop.Init()

01-25 15:07:27.818 24008 24026 D UE4     : LogModuleManager: Warning: ModuleManager: Module 'FunctionalTesting' not found - its StaticallyLinkedModuleInitializers function is null.

01-25 15:07:27.818 24008 24026 D UE4     : [2020.01.25-06.07.27:818][  0]LogModuleManager: Warning: ModuleManager: Module 'FunctionalTesting' not found - its StaticallyLinkedModuleInitializers function is null.

01-25 15:07:27.822 24008 24026 D UE4     : LogAndroidEvents: Display: DequeueAppEvent : 9, 0

01-25 15:07:27.822 24008 24026 D UE4     : [2020.01.25-06.07.27:822][  0]LogAndroidEvents: Display: DequeueAppEvent : 9, 0

01-25 15:07:27.822 24008 24026 D UE4     : LogAndroidEvents: Display: DequeueAppEvent : 7, 0

01-25 15:07:27.822 24008 24026 D UE4     : [2020.01.25-06.07.27:822][  0]LogAndroidEvents: Display: DequeueAppEvent : 7, 0

01-25 15:07:27.822 24008 24026 D UE4     : LogAndroidEvents: Display: DequeueAppEvent : 0, 3988956168

01-25 15:07:27.822 24008 24026 D UE4     : [2020.01.25-06.07.27:822][  0]LogAndroidEvents: Display: DequeueAppEvent : 0, 3988956168

01-25 15:07:27.822 24008 24026 D UE4     : APP_EVENT_STATE_WINDOW_CREATED, 0, 0, 1

01-25 15:07:27.822 24008 24026 D UE4     : LogAndroidEvents: Display: ExecWindowCreated

01-25 15:07:27.822 24008 24026 D UE4     : [2020.01.25-06.07.27:822][  0]LogAndroidEvents: Display: ExecWindowCreated

01-25 15:07:27.822 24008 24026 D UE4     : AndroidEGL::ReInitWindow()

01-25 15:07:27.822 24008 24026 D UE4     : AndroidEGL::ReInit()

01-25 15:07:27.822 24008 24026 D UE4     : AndroidEGL::ResetDisplay()

01-25 15:07:27.822 24008 24026 D UE4     : AndroidEGL::InitSurface 0, 1

01-25 15:07:27.823 24008 24026 D UE4     : AndroidEGL::CreateEGLSurface() Already initialized: 0xcd633a40

01-25 15:07:27.823 24008 24026 D UE4     : ExecWindowCreated, 0, 1, 1

01-25 15:07:27.823 24008 24026 D UE4     : [2020.01.25-06.07.27:823][  0]LogTemp: Android resume audio

01-25 15:07:27.826 24008 24026 D UE4     : Registering volume receiver

01-25 15:07:27.828 24008 24026 I AudioManagerEx: AudioManagerEx created

01-25 15:07:27.829 24008 24026 D UE4     : startVolumeReceiver: 15

01-25 15:07:27.829 24008 24026 D UE4     : nativeVolumeEvent(15)

01-25 15:07:27.829 24008 24026 D UE4     : Registering battery receiver

01-25 15:07:27.831 24008 24026 D UE4     : Registering headset receiver

01-25 15:07:27.832 24008 24026 D UE4     : startHeadsetReceiver: 0

01-25 15:07:27.832 24008 24026 D UE4     : nativeHeadsetEvent(0)

01-25 15:07:27.854 24081 24081 E dex2oat : Failed to create oat file: /data/dalvik-cache/arm/data@data@com.google.android.gms@app_chimera@m@0000013b@DynamiteLoader.apk@classes.dex: Permission denied

01-25 15:07:27.854 24081 24081 I dex2oat : dex2oat took 654.947us (threads: 4) 

01-25 15:07:27.856 24008 24008 W art     : Failed execv(/system/bin/dex2oat --runtime-arg -classpath --runtime-arg  --debuggable --instruction-set=arm --instruction-set-features=smp,div,atomic_ldrd_strd --runtime-arg -Xrelocate --boot-image=/system/framework/boot.art --runtime-arg -Xms64m --runtime-arg -Xmx512m --instruction-set-variant=cortex-a53 --instruction-set-features=default --dex-file=/data/data/com.google.android.gms/app_chimera/m/0000013b/DynamiteLoader.apk --oat-file=/data/dalvik-cache/arm/data@data@com.google.android.gms@app_chimera@m@0000013b@DynamiteLoader.apk@classes.dex) because non-0 exit status

01-25 15:07:27.883 24008 24067 W art     : Native thread exiting without having called DetachCurrentThread (maybe it's going to use a pthread_key_create destructor?): Thread[42,tid=24067,Native,Thread*=0xc9352d00,peer=0x12ce70a0,"UdpMess-eceiver"]

01-25 15:07:27.883 24008 24067 D UE4     : *** JavaEnvDestructor: 24067

01-25 15:07:27.923 24008 24008 I DynamiteModule: Considering local module com.google.android.gms.ads.dynamite:0 and remote module com.google.android.gms.ads.dynamite:21200

01-25 15:07:27.923 24008 24008 I DynamiteModule: Selected remote version of com.google.android.gms.ads.dynamite, version >= 21200

01-25 15:07:27.953 24008 24008 I DynamiteLoaderV2: [70] AdsFdrDynamite.integ

01-25 15:07:28.006 24085 24085 E dex2oat : Failed to create oat file: /data/dalvik-cache/arm/data@data@com.google.android.gms@app_chimera@m@00000147@dl-AdsFdrDynamite.integ_21207000000.apk@classes.dex: Permission denied

01-25 15:07:28.006 24085 24085 I dex2oat : dex2oat took 825.260us (threads: 4) 

01-25 15:07:28.008 24008 24008 W art     : Failed execv(/system/bin/dex2oat --runtime-arg -classpath --runtime-arg  --debuggable --instruction-set=arm --instruction-set-features=smp,div,atomic_ldrd_strd --runtime-arg -Xrelocate --boot-image=/system/framework/boot.art --runtime-arg -Xms64m --runtime-arg -Xmx512m --instruction-set-variant=cortex-a53 --instruction-set-features=default --dex-file=/data/data/com.google.android.gms/app_chimera/m/00000147/dl-AdsFdrDynamite.integ_21207000000.apk --oat-file=/data/dalvik-cache/arm/data@data@com.google.android.gms@app_chimera@m@00000147@dl-AdsFdrDynamite.integ_21207000000.apk@classes.dex) because non-0 exit status

01-25 15:07:28.092 24008 24008 W System  : ClassLoader referenced unknown path: /data/data/com.google.android.gms/app_chimera/m/00000147/n/armeabi-v7a

01-25 15:07:28.092 24008 24008 W System  : ClassLoader referenced unknown path: /data/data/com.google.android.gms/app_chimera/m/00000147/n/armeabi

01-25 15:07:28.101 24008 24008 D DynamitePackage: Instantiated singleton DynamitePackage.

01-25 15:07:28.102 24008 24008 D DynamitePackage: Instantiating com.google.android.gms.ads.ChimeraAdManagerCreatorImpl

01-25 15:07:28.152 16645 16992 D AppChangedDetector: lastUsedAppId com.YourCompany.Rolling

01-25 15:07:28.172  1745  2496 I sensors_hal_Ctx: flush: handle is 86

01-25 15:07:28.172  1745  2496 I sensors_hal_SAM: flush:sensor() handle:86

01-25 15:07:28.173  1745  3085 I sensors_hal_Ctx: flush: handle is 48

01-25 15:07:28.174  1745  3085 I sensors_hal_SAM: flush:sensor(android.sensor.step_detector) handle:48

01-25 15:07:28.174  1745  2283 I sensors_hal_HealthActivityPattern: processResp: handle:86

01-25 15:07:28.236 24008 24087 I AudioManagerEx: AudioManagerEx created

01-25 15:07:28.236 24008 24087 D AudioManager: getMode name:com.YourCompany.Rolling

01-25 15:07:28.238   916  2491 V AudioPolicyService: registerClient() client 0xddfbf860, uid 10337

01-25 15:07:28.252 24008 24008 I Ads     : Updating ad debug logging enablement.

01-25 15:07:28.274 24008 24008 I Ads     : Use RequestConfiguration.Builder().setTestDeviceIds(Arrays.asList("477C67D759AC57CA55AD1821DD3A6BD6") to get test ads on this device.

01-25 15:07:28.281 24008 24065 W art     : Native thread exiting without having called DetachCurrentThread (maybe it's going to use a pthread_key_create destructor?): Thread[40,tid=24065,Native,Thread*=0xc9351900,peer=0x12cdc0a0,"FUdpMes-eBeacon"]

01-25 15:07:28.281 24008 24065 D UE4     : *** JavaEnvDestructor: 24065

01-25 15:07:28.282 24008 24066 W art     : Native thread exiting without having called DetachCurrentThread (maybe it's going to use a pthread_key_create destructor?): Thread[41,tid=24066,Native,Thread*=0xd09d8500,peer=0x12ce20a0,"FUdpMes-.Sender"]

01-25 15:07:28.282 24008 24066 D UE4     : *** JavaEnvDestructor: 24066

01-25 15:07:28.282 24008 24064 W art     : Native thread exiting without having called DetachCurrentThread (maybe it's going to use a pthread_key_create destructor?): Thread[39,tid=24064,Native,Thread*=0xd093b100,peer=0x12cd70a0,"FUdpMes-ocessor"]

01-25 15:07:28.282 24008 24064 D UE4     : *** JavaEnvDestructor: 24064

01-25 15:07:28.383 24008 24026 D UE4     : [2020.01.25-06.07.28:383][  0]LogRenderer: Reallocating scene render targets to support 768x1280 Format 10 NumSamples 8 (Frame:1).

01-25 15:07:28.383 24008 24026 D UE4     : [2020.01.25-06.07.28:383][  0]LogUdpMessaging: Initializing bridge on interface 0.0.0.0:0 to multicast group 230.0.0.1:6666.

01-25 15:07:28.390 24008 24008 I DynamiteModule: Considering local module com.google.android.gms.ads.dynamite:0 and remote module com.google.android.gms.ads.dynamite:21200

01-25 15:07:28.391 24008 24008 I DynamiteModule: Selected remote version of com.google.android.gms.ads.dynamite, version >= 21200

01-25 15:07:28.400 24008 24105 D AudioManager: getMode name:com.YourCompany.Rolling

01-25 15:07:28.407 24008 24107 W Ads     : Invoke Firebase method getInstance error.

01-25 15:07:28.408 24008 24107 W Ads     : The Google Mobile Ads SDK will not integrate with Firebase. Admob/Firebase integration requires the latest Firebase SDK jar, but Firebase SDK is either missing or out of date

01-25 15:07:28.418 24008 24098 I WebViewFactory: Loading com.google.android.webview version 79.0.3945.136 (code 394513635)

01-25 15:07:28.435  1745  3082 D InputDispatcher: Focus left window: Window{8929098 u0 com.YourCompany.Rolling/com.epicgames.ue4.GameActivity}

01-25 15:07:28.435  1745  3082 D InputDispatcher: Window went away: Window{8929098 u0 com.YourCompany.Rolling/com.epicgames.ue4.GameActivity}

01-25 15:07:28.437  1745  3082 W WindowManager: pwm.setNavigationBar() called. show=true

01-25 15:07:28.437  1745  3082 W WindowManager: pwm.setStatusBar() called. show=true

01-25 15:07:28.437  1745  3082 D InputDispatcher: Focus entered window: Window{f2edab0 u0 com.YourCompany.Rolling/com.epicgames.ue4.GameActivity}

01-25 15:07:28.440 24008 24008 D UE4     : Battery: status = 2, rawlevel = 73, scale = 100

01-25 15:07:28.440 24008 24008 D UE4     : nativeBatteryEvent(stat = 2, lvl = 73  temp = 30.80 C)

01-25 15:07:28.441 24008 24008 D UE4     : headsetReceiver::onReceive

01-25 15:07:28.441 24008 24008 D UE4     : nativeHeadsetEvent(0)

01-25 15:07:28.447 24008 24092 W Ads     : Update ad debug logging enablement as false

01-25 15:07:28.453 24008 24027 D UE4     : LogAndroidEvents: EnqueueAppEvent : 11, 0, tid = 24027

01-25 15:07:28.453  4915  4915 I a       : InputType.TYPE_NULL is specified

01-25 15:07:28.505 24008 24098 I cr_LibraryLoader: Time to load native libraries: 22 ms

01-25 15:07:28.541  1745  3085 D ConnectivityService: getActiveNetwork nai=NetworkAgentInfo{ ni{[type: WIFI[], state: CONNECTED/CONNECTED, reason: (unspecified), extra: "U+NetEA13", roaming: false, failover: false, isAvailable: true, network type: 1]}  network{104}  lp{{InterfaceName: wlan0 LinkAddresses: [fe80::5e70:a3ff:fe45:d7ff/64,192.168.219.102/24,]  Routes: [fe80::/64 -> :: wlan0,192.168.219.0/24 -> 0.0.0.0 wlan0,0.0.0.0/0 -> 192.168.219.1 wlan0,] DnsAddresses: [1.214.68.2,61.41.153.2,] Domains:  MTU: 0 TcpBufferSizes: 1048576,4194304,8388608,1048576,2097152,4194304 PcscfAddresses: [] }}  nc{[ Transports: WIFI Capabilities: INTERNET&NOT_RESTRICTED&TRUSTED&NOT_VPN&VALIDATED LinkUpBandwidth>=1048576Kbps LinkDnBandwidth>=1048576Kbps SignalStrength: -72]}  Score{60}  everValidated{true}  lastValidated{true}  created{true} lingering{false} explicitlySelected{false} acceptUnvalidated{false} everCaptivePortalDetected{false} lastCaptivePortalDetected{false} }

01-25 15:07:28.544 24008 24098 I chromium: [INFO:library_loader_hooks.cc(51)] Chromium logging enabled: level = 0, default verbosity = 0

01-25 15:07:28.544 24008 24098 I cr_LibraryLoader: Expected native library version number "79.0.3945.136", actual native library version number "79.0.3945.136"

01-25 15:07:28.594 24008 24063 W art     : Native thread exiting without having called DetachCurrentThread (maybe it's going to use a pthread_key_create destructor?): Thread[38,tid=24063,Native,Thread*=0xc9350500,peer=0x12cd20a0,"FTcpListener"]

01-25 15:07:28.594 24008 24063 D UE4     : *** JavaEnvDestructor: 24063

01-25 15:07:28.658 16645 16992 D AppChangedDetector: lastUsedAppId com.YourCompany.Rolling

01-25 15:07:28.723  2894 23768 W Ads     : App does not have the required permissions to get location

01-25 15:07:28.766  2894 23768 I Ads     : SDK version: afma-sdk-a-v20088999.11020000.1

01-25 15:07:28.795  1068  1349 W XTCC-5.1.0.7: [PosMgr] Position request

01-25 15:07:28.800  1066  2714 I LowiWifiHal: ivmh: event received NL80211_CMD_TRIGGER_SCAN

01-25 15:07:28.801  1066  2714 I LowiWifiHal: ivmh: event received NL80211_CMD_TRIGGER_SCAN, vendor_id = 0x0

01-25 15:07:28.801  1066  2714 I LowiWifiHal: ivmh: event ignored!!

01-25 15:07:28.801  2716  2716 I wpa_supplicant: wlan0: CTRL-EVENT-SCAN-STARTED 

01-25 15:07:28.949 24008 24093 W art     : Native thread exiting without having called DetachCurrentThread (maybe it's going to use a pthread_key_create destructor?): Thread[56,tid=24093,Native,Thread*=0xc9352d00,peer=0x132830a0,"FTcpMes-1:53533"]

01-25 15:07:28.949 24008 24093 D UE4     : *** JavaEnvDestructor: 24093

01-25 15:07:29.052 24008 24026 D UE4     : [2020.01.25-06.07.29:051][  0]LogAndroid: Case APP_CMD_GAINED_FOCUS

01-25 15:07:29.053 24008 24026 D UE4     : [2020.01.25-06.07.29:053][  0]LogTcpMessaging: Initializing TcpMessaging bridge, listening on 127.0.0.1:6666

01-25 15:07:29.063 24008 24026 D UE4     : Execution has been resumed!

01-25 15:07:29.063 24008 24026 D UE4     : LogAndroidEvents: Display: DequeueAppEvent : 6, 0

01-25 15:07:29.064 24008 24026 D UE4     : [2020.01.25-06.07.29:064][  0]LogAndroidEvents: Display: DequeueAppEvent : 6, 0

01-25 15:07:29.095 24008 24102 W art     : Native thread exiting without having called DetachCurrentThread (maybe it's going to use a pthread_key_create destructor?): Thread[62,tid=24102,Native,Thread*=0xc662ef00,peer=0x134050a0,"UdpMess-eceiver"]

01-25 15:07:29.095 24008 24102 D UE4     : *** JavaEnvDestructor: 24102

01-25 15:07:29.169 16645 16992 D AppChangedDetector: lastUsedAppId com.YourCompany.Rolling

01-25 15:07:29.176  1745  2892 I sensors_hal_Ctx: flush: handle is 86

01-25 15:07:29.176  1745  2892 I sensors_hal_SAM: flush:sensor() handle:86

01-25 15:07:29.179  1745  3083 I sensors_hal_Ctx: flush: handle is 48

01-25 15:07:29.179  1745  3083 I sensors_hal_SAM: flush:sensor(android.sensor.step_detector) handle:48

01-25 15:07:29.182  1745  2283 I sensors_hal_HealthActivityPattern: processResp: handle:86

01-25 15:07:29.275 24008 24062 W art     : Native thread exiting without having called DetachCurrentThread (maybe it's going to use a pthread_key_create destructor?): Thread[37,tid=24062,Native,Thread*=0xd0939d00,peer=0x12ccd0a0,"FTcpMes-ansport"]

01-25 15:07:29.275 24008 24062 D UE4     : *** JavaEnvDestructor: 24062

01-25 15:07:29.384  1745  3143 D ConnectivityService: getActiveNetwork nai=NetworkAgentInfo{ ni{[type: WIFI[], state: CONNECTED/CONNECTED, reason: (unspecified), extra: "U+NetEA13", roaming: false, failover: false, isAvailable: true, network type: 1]}  network{104}  lp{{InterfaceName: wlan0 LinkAddresses: [fe80::5e70:a3ff:fe45:d7ff/64,192.168.219.102/24,]  Routes: [fe80::/64 -> :: wlan0,192.168.219.0/24 -> 0.0.0.0 wlan0,0.0.0.0/0 -> 192.168.219.1 wlan0,] DnsAddresses: [1.214.68.2,61.41.153.2,] Domains:  MTU: 0 TcpBufferSizes: 1048576,4194304,8388608,1048576,2097152,4194304 PcscfAddresses: [] }}  nc{[ Transports: WIFI Capabilities: INTERNET&NOT_RESTRICTED&TRUSTED&NOT_VPN&VALIDATED LinkUpBandwidth>=1048576Kbps LinkDnBandwidth>=1048576Kbps SignalStrength: -72]}  Score{60}  everValidated{true}  lastValidated{true}  created{true} lingering{false} explicitlySelected{false} acceptUnvalidated{false} everCaptivePortalDetected{false} lastCaptivePortalDetected{false} }

01-25 15:07:29.391 24008 24100 W art     : Native thread exiting without having called DetachCurrentThread (maybe it's going to use a pthread_key_create destructor?): Thread[60,tid=24100,Native,Thread*=0xc935eb00,peer=0x133f50a0,"FUdpMes-eBeacon"]

01-25 15:07:29.391 24008 24100 D UE4     : *** JavaEnvDestructor: 24100

01-25 15:07:29.392 24008 24101 W art     : Native thread exiting without having called DetachCurrentThread (maybe it's going to use a pthread_key_create destructor?): Thread[61,tid=24101,Native,Thread*=0xd093b600,peer=0x133fb0a0,"FUdpMes-.Sender"]

01-25 15:07:29.392 24008 24101 D UE4     : *** JavaEnvDestructor: 24101

01-25 15:07:29.393 24008 24099 W art     : Native thread exiting without having called DetachCurrentThread (maybe it's going to use a pthread_key_create destructor?): Thread[59,tid=24099,Native,Thread*=0xc5cc6100,peer=0x133c80a0,"FUdpMes-ocessor"]

01-25 15:07:29.393 24008 24099 D UE4     : *** JavaEnvDestructor: 24099

01-25 15:07:29.393  1745  2892 D ConnectivityService: getActiveNetwork nai=NetworkAgentInfo{ ni{[type: WIFI[], state: CONNECTED/CONNECTED, reason: (unspecified), extra: "U+NetEA13", roaming: false, failover: false, isAvailable: true, network type: 1]}  network{104}  lp{{InterfaceName: wlan0 LinkAddresses: [fe80::5e70:a3ff:fe45:d7ff/64,192.168.219.102/24,]  Routes: [fe80::/64 -> :: wlan0,192.168.219.0/24 -> 0.0.0.0 wlan0,0.0.0.0/0 -> 192.168.219.1 wlan0,] DnsAddresses: [1.214.68.2,61.41.153.2,] Domains:  MTU: 0 TcpBufferSizes: 1048576,4194304,8388608,1048576,2097152,4194304 PcscfAddresses: [] }}  nc{[ Transports: WIFI Capabilities: INTERNET&NOT_RESTRICTED&TRUSTED&NOT_VPN&VALIDATED LinkUpBandwidth>=1048576Kbps LinkDnBandwidth>=1048576Kbps SignalStrength: -72]}  Score{60}  everValidated{true}  lastValidated{true}  created{true} lingering{false} explicitlySelected{false} acceptUnvalidated{false} everCaptivePortalDetected{false} lastCaptivePortalDetected{false} }

01-25 15:07:29.398  1745  3115 D ConnectivityService: getActiveNetwork nai=NetworkAgentInfo{ ni{[type: WIFI[], state: CONNECTED/CONNECTED, reason: (unspecified), extra: "U+NetEA13", roaming: false, failover: false, isAvailable: true, network type: 1]}  network{104}  lp{{InterfaceName: wlan0 LinkAddresses: [fe80::5e70:a3ff:fe45:d7ff/64,192.168.219.102/24,]  Routes: [fe80::/64 -> :: wlan0,192.168.219.0/24 -> 0.0.0.0 wlan0,0.0.0.0/0 -> 192.168.219.1 wlan0,] DnsAddresses: [1.214.68.2,61.41.153.2,] Domains:  MTU: 0 TcpBufferSizes: 1048576,4194304,8388608,1048576,2097152,4194304 PcscfAddresses: [] }}  nc{[ Transports: WIFI Capabilities: INTERNET&NOT_RESTRICTED&TRUSTED&NOT_VPN&VALIDATED LinkUpBandwidth>=1048576Kbps LinkDnBandwidth>=1048576Kbps SignalStrength: -72]}  Score{60}  everValidated{true}  lastValidated{true}  created{true} lingering{false} explicitlySelected{false} acceptUnvalidated{false} everCaptivePortalDetected{false} lastCaptivePortalDetected{false} }

01-25 15:07:29.423 24008 24008 I cr_BrowserStartup: Initializing chromium process, singleProcess=true

01-25 15:07:29.464  1745  3037 D ConnectivityService: getActiveNetwork nai=NetworkAgentInfo{ ni{[type: WIFI[], state: CONNECTED/CONNECTED, reason: (unspecified), extra: "U+NetEA13", roaming: false, failover: false, isAvailable: true, network type: 1]}  network{104}  lp{{InterfaceName: wlan0 LinkAddresses: [fe80::5e70:a3ff:fe45:d7ff/64,192.168.219.102/24,]  Routes: [fe80::/64 -> :: wlan0,192.168.219.0/24 -> 0.0.0.0 wlan0,0.0.0.0/0 -> 192.168.219.1 wlan0,] DnsAddresses: [1.214.68.2,61.41.153.2,] Domains:  MTU: 0 TcpBufferSizes: 1048576,4194304,8388608,1048576,2097152,4194304 PcscfAddresses: [] }}  nc{[ Transports: WIFI Capabilities: INTERNET&NOT_RESTRICTED&TRUSTED&NOT_VPN&VALIDATED LinkUpBandwidth>=1048576Kbps LinkDnBandwidth>=1048576Kbps SignalStrength: -72]}  Score{60}  everValidated{true}  lastValidated{true}  created{true} lingering{false} explicitlySelected{false} acceptUnvalidated{false} everCaptivePortalDetected{false} lastCaptivePortalDetected{false} }

01-25 15:07:29.467  1745  3047 D ConnectivityService: getActiveNetwork nai=NetworkAgentInfo{ ni{[type: WIFI[], state: CONNECTED/CONNECTED, reason: (unspecified), extra: "U+NetEA13", roaming: false, failover: false, isAvailable: true, network type: 1]}  network{104}  lp{{InterfaceName: wlan0 LinkAddresses: [fe80::5e70:a3ff:fe45:d7ff/64,192.168.219.102/24,]  Routes: [fe80::/64 -> :: wlan0,192.168.219.0/24 -> 0.0.0.0 wlan0,0.0.0.0/0 -> 192.168.219.1 wlan0,] DnsAddresses: [1.214.68.2,61.41.153.2,] Domains:  MTU: 0 TcpBufferSizes: 1048576,4194304,8388608,1048576,2097152,4194304 PcscfAddresses: [] }}  nc{[ Transports: WIFI Capabilities: INTERNET&NOT_RESTRICTED&TRUSTED&NOT_VPN&VALIDATED LinkUpBandwidth>=1048576Kbps LinkDnBandwidth>=1048576Kbps SignalStrength: -72]}  Score{60}  everValidated{true}  lastValidated{true}  created{true} lingering{false} explicitlySelected{false} acceptUnvalidated{false} everCaptivePortalDetected{false} lastCaptivePortalDetected{false} }

01-25 15:07:29.475  1745  3045 D ConnectivityService: getActiveNetwork nai=NetworkAgentInfo{ ni{[type: WIFI[], state: CONNECTED/CONNECTED, reason: (unspecified), extra: "U+NetEA13", roaming: false, failover: false, isAvailable: true, network type: 1]}  network{104}  lp{{InterfaceName: wlan0 LinkAddresses: [fe80::5e70:a3ff:fe45:d7ff/64,192.168.219.102/24,]  Routes: [fe80::/64 -> :: wlan0,192.168.219.0/24 -> 0.0.0.0 wlan0,0.0.0.0/0 -> 192.168.219.1 wlan0,] DnsAddresses: [1.214.68.2,61.41.153.2,] Domains:  MTU: 0 TcpBufferSizes: 1048576,4194304,8388608,1048576,2097152,4194304 PcscfAddresses: [] }}  nc{[ Transports: WIFI Capabilities: INTERNET&NOT_RESTRICTED&TRUSTED&NOT_VPN&VALIDATED LinkUpBandwidth>=1048576Kbps LinkDnBandwidth>=1048576Kbps SignalStrength: -72]}  Score{60}  everValidated{true}  lastValidated{true}  created{true} lingering{false} explicitlySelected{false} acceptUnvalidated{false} everCaptivePortalDetected{false} lastCaptivePortalDetected{false} }

01-25 15:07:29.512  1745  3143 D ConnectivityService: getActiveNetwork nai=NetworkAgentInfo{ ni{[type: WIFI[], state: CONNECTED/CONNECTED, reason: (unspecified), extra: "U+NetEA13", roaming: false, failover: false, isAvailable: true, network type: 1]}  network{104}  lp{{InterfaceName: wlan0 LinkAddresses: [fe80::5e70:a3ff:fe45:d7ff/64,192.168.219.102/24,]  Routes: [fe80::/64 -> :: wlan0,192.168.219.0/24 -> 0.0.0.0 wlan0,0.0.0.0/0 -> 192.168.219.1 wlan0,] DnsAddresses: [1.214.68.2,61.41.153.2,] Domains:  MTU: 0 TcpBufferSizes: 1048576,4194304,8388608,1048576,2097152,4194304 PcscfAddresses: [] }}  nc{[ Transports: WIFI Capabilities: INTERNET&NOT_RESTRICTED&TRUSTED&NOT_VPN&VALIDATED LinkUpBandwidth>=1048576Kbps LinkDnBandwidth>=1048576Kbps SignalStrength: -72]}  Score{60}  everValidated{true}  lastValidated{true}  created{true} lingering{false} explicitlySelected{false} acceptUnvalidated{false} everCaptivePortalDetected{false} lastCaptivePortalDetected{false} }

01-25 15:07:29.518  1745  3082 D ConnectivityService: listenForNetwork for Listen from uid/pid:10337/24008 for NetworkRequest [ id=536, legacyType=-1, [ Capabilities: INTERNET&NOT_RESTRICTED&TRUSTED] ]

01-25 15:07:29.519  1745  2521 D CSLegacyTypeTracker: Adding agent NetworkAgentInfo{ ni{[type: MOBILE[LTE], state: CONNECTED/CONNECTED, reason: connected, extra: ims, roaming: false, failover: false, isAvailable: true, network type: 0]}  network{100}  lp{{InterfaceName: rmnet_data0 LinkAddresses: [2001:2d8:e86e:a59:50b4:d7b7:5be9:3899/64,]  Routes: [::/0 -> fe80::94d1:b9f5:3203:5209 rmnet_data0,] DnsAddresses: [fd00:e13:501:c::170,fd00:e13:101:c::7,] Domains: null MTU: 1440 TcpBufferSizes: 2097152,4194304,8388608,1048576,3145728,4194304 PcscfAddresses: [2001:2d8:e0:220::50,] }}  nc{[ Transports: CELLULAR Capabilities: MMS&IMS&NOT_RESTRICTED&TRUSTED&NOT_VPN&VALIDATED LinkUpBandwidth>=51200Kbps LinkDnBandwidth>=102400Kbps Specifier: <1>]}  Score{50}  everValidated{true}  lastValidated{true}  created{true} lingering{false} explicitlySelected{false} acceptUnvalidated{false} everCaptivePortalDetected{false} lastCaptivePortalDetected{false} } for legacy network type 11

01-25 15:07:29.519  1745  2521 D ConnectivityService: handleRegisterNetworkRequest checking NetworkAgentInfo [MOBILE (LTE) - 100]

01-25 15:07:29.519  1745  2521 D ConnectivityService: handleRegisterNetworkRequest checking NetworkAgentInfo [WIFI () - 104]

01-25 15:07:29.519  1745  2521 D ConnectivityService: apparently satisfied.  currentScore=60

01-25 15:07:29.601  1066  2714 I LowiWifiHal: ivmh: event received NL80211_CMD_NEW_SCAN_RESULTS

01-25 15:07:29.601  1066  2714 I LowiWifiHal: ivmh: event received NL80211_CMD_NEW_SCAN_RESULTS, vendor_id = 0x0

01-25 15:07:29.601  1066  2714 I LowiWifiHal: ivmh: event ignored!!

01-25 15:07:29.602  1745  2512 D LGWifiP2pService: InactiveState{ when=0 what=147461 target=com.android.internal.util.StateMachine$SmHandler }

01-25 15:07:29.602  3159  3391 D P2pExtMonWorker: Event [CTRL-EVENT-SCAN-RESULTS ]

01-25 15:07:29.602  1745  2512 D LGWifiP2pService: P2pEnabledState{ when=0 what=147461 target=com.android.internal.util.StateMachine$SmHandler }

01-25 15:07:29.602  1745  2512 D LGWifiP2pService: DefaultState{ when=0 what=147461 target=com.android.internal.util.StateMachine$SmHandler }

01-25 15:07:29.602  3159  3391 D P2pExtMonWorker: Event [WPS-AP-AVAILABLE ]

01-25 15:07:29.603  1068  1349 W XTCC-5.1.0.7: [WifiScanner] WiFi scan result : [7] AP's

01-25 15:07:29.604  1068  1349 W XTCC-5.1.0.7: [PosMgr] sending back response for POSITION (a) tx(29174), Number of APs used in this position request (8)

01-25 15:07:29.605  1745  3649 E LocSvc_libulp: E/int ulp_brain_transition_all_providers(), no QUIPC/GNSS transition logic run due to both engines are OFF 

01-25 15:07:29.606  1068  1355 W XTCC-5.1.0.7: [WifiScanner] WiFi scan result : [7] AP's

01-25 15:07:29.608  1745  2992 E QMI_FW  : QCCI qmi_cci_xport_recv: txn not found. svc_id: 16

01-25 15:07:29.608  1745  2980 E LocSvc_LBSApiV02: E/virtual int lbs_core::LBSApiV02::injectCoarsePosition(const CoarsePositionInfo&):320]: Error : st = 3, ind.status = -1334472704

01-25 15:07:29.608  1745  2980 I IzatProviderEngine: LocTech-Label :: OSDC :: Position Report In

01-25 15:07:29.608  1745  2980 I IzatProviderEngine: LocTech-Value :: UTC Time: 1579932449605, Elapsed Real Time Nanos: 99611173640868, Latitude: 37.56418967099772, Longitude: 127.03908077478359, Altitude: 0.0, Speed: 0.0, Bearing: 0.0, Accuracy: 69.66092

01-25 15:07:29.608  1068  1355 W XTCC-5.1.0.7: [FDAL_ZPP_MGR] RequestNewZppFix: Getting ZPP

01-25 15:07:29.609  1745  1935 D LocationManagerService: This location is marked as ready for broadcast

01-25 15:07:29.611  3061  3061 E API     : getOnOffStatus status : 0

01-25 15:07:29.611  3061  3061 I WIFI_MANAGER: Engine OFF >> Do Nothing.... 

01-25 15:07:29.613  1745  2516 D LgWifiFavoriteAp: ConnectedState - msg [3] is not handled

01-25 15:07:29.614  1068  1355 W XTCC-5.1.0.7: [FDAL_ZPP_MGR] RequestNewZppFix 37.563629 127.039032 466.737122: ZPP Return Flag 0x11

01-25 15:07:29.614 24008 24153 W cr_media: Requires BLUETOOTH permission

01-25 15:07:29.616  1745  1935 D LocationManagerService: incoming location: Location[network 37.564190,127.039081 acc=70 et=+1d3h40m11s173ms alt=0.0 vel=0.0 bear=0.0 {Bundle[{com.qualcomm.location.nlp:ready=true}]}]

01-25 15:07:29.619  1745  1935 D LocationManagerService: incoming location: Location[network 37.564190,127.039081 acc=70 et=+1d3h40m11s173ms alt=0.0 vel=0.0 bear=0.0 {Bundle[{com.qualcomm.location.nlp:ready=true}]}]

01-25 15:07:29.637 24008 24161 E libEGL  : validate_display:255 error 3008 (EGL_BAD_DISPLAY)

01-25 15:07:29.671 16645 16992 D AppChangedDetector: lastUsedAppId com.YourCompany.Rolling

01-25 15:07:29.703  1745  2892 D ConnectivityService: getActiveNetwork nai=NetworkAgentInfo{ ni{[type: WIFI[], state: CONNECTED/CONNECTED, reason: (unspecified), extra: "U+NetEA13", roaming: false, failover: false, isAvailable: true, network type: 1]}  network{104}  lp{{InterfaceName: wlan0 LinkAddresses: [fe80::5e70:a3ff:fe45:d7ff/64,192.168.219.102/24,]  Routes: [fe80::/64 -> :: wlan0,192.168.219.0/24 -> 0.0.0.0 wlan0,0.0.0.0/0 -> 192.168.219.1 wlan0,] DnsAddresses: [1.214.68.2,61.41.153.2,] Domains:  MTU: 0 TcpBufferSizes: 1048576,4194304,8388608,1048576,2097152,4194304 PcscfAddresses: [] }}  nc{[ Transports: WIFI Capabilities: INTERNET&NOT_RESTRICTED&TRUSTED&NOT_VPN&VALIDATED LinkUpBandwidth>=1048576Kbps LinkDnBandwidth>=1048576Kbps SignalStrength: -72]}  Score{60}  everValidated{true}  lastValidated{true}  created{true} lingering{false} explicitlySelected{false} acceptUnvalidated{false} everCaptivePortalDetected{false} lastCaptivePortalDetected{false} }

01-25 15:07:29.707 24008 24161 W AudioCapabilities: Unsupported mime audio/x-lg-flac

01-25 15:07:29.709  1745  3082 D ConnectivityService: listenForNetwork for Listen from uid/pid:10337/24008 for NetworkRequest [ id=537, legacyType=-1, [ Capabilities: INTERNET&NOT_RESTRICTED&TRUSTED] ]

01-25 15:07:29.709 24008 24161 W AudioCapabilities: Unsupported mime audio/adpcm

01-25 15:07:29.709  1745  3142 D ConnectivityService: getActiveNetwork nai=NetworkAgentInfo{ ni{[type: WIFI[], state: CONNECTED/CONNECTED, reason: (unspecified), extra: "U+NetEA13", roaming: false, failover: false, isAvailable: true, network type: 1]}  network{104}  lp{{InterfaceName: wlan0 LinkAddresses: [fe80::5e70:a3ff:fe45:d7ff/64,192.168.219.102/24,]  Routes: [fe80::/64 -> :: wlan0,192.168.219.0/24 -> 0.0.0.0 wlan0,0.0.0.0/0 -> 192.168.219.1 wlan0,] DnsAddresses: [1.214.68.2,61.41.153.2,] Domains:  MTU: 0 TcpBufferSizes: 1048576,4194304,8388608,1048576,2097152,4194304 PcscfAddresses: [] }}  nc{[ Transports: WIFI Capabilities: INTERNET&NOT_RESTRICTED&TRUSTED&NOT_VPN&VALIDATED LinkUpBandwidth>=1048576Kbps LinkDnBandwidth>=1048576Kbps SignalStrength: -72]}  Score{60}  everValidated{true}  lastValidated{true}  created{true} lingering{false} explicitlySelected{false} acceptUnvalidated{false} everCaptivePortalDetected{false} lastCaptivePortalDetected{false} }

01-25 15:07:29.710  1745  2521 D CSLegacyTypeTracker: Adding agent NetworkAgentInfo{ ni{[type: MOBILE[LTE], state: CONNECTED/CONNECTED, reason: connected, extra: ims, roaming: false, failover: false, isAvailable: true, network type: 0]}  network{100}  lp{{InterfaceName: rmnet_data0 LinkAddresses: [2001:2d8:e86e:a59:50b4:d7b7:5be9:3899/64,]  Routes: [::/0 -> fe80::94d1:b9f5:3203:5209 rmnet_data0,] DnsAddresses: [fd00:e13:501:c::170,fd00:e13:101:c::7,] Domains: null MTU: 1440 TcpBufferSizes: 2097152,4194304,8388608,1048576,3145728,4194304 PcscfAddresses: [2001:2d8:e0:220::50,] }}  nc{[ Transports: CELLULAR Capabilities: MMS&IMS&NOT_RESTRICTED&TRUSTED&NOT_VPN&VALIDATED LinkUpBandwidth>=51200Kbps LinkDnBandwidth>=102400Kbps Specifier: <1>]}  Score{50}  everValidated{true}  lastValidated{true}  created{true} lingering{false} explicitlySelected{false} acceptUnvalidated{false} everCaptivePortalDetected{false} lastCaptivePortalDetected{false} } for legacy network type 11

01-25 15:07:29.710  1745  2521 D ConnectivityService: handleRegisterNetworkRequest checking NetworkAgentInfo [MOBILE (LTE) - 100]

01-25 15:07:29.710  1745  2521 D ConnectivityService: handleRegisterNetworkRequest checking NetworkAgentInfo [WIFI () - 104]

01-25 15:07:29.710  1745  2521 D ConnectivityService: apparently satisfied.  currentScore=60

01-25 15:07:29.711 24008 24161 W AudioCapabilities: Unsupported mime audio/g726

01-25 15:07:29.712 24008 24161 W AudioCapabilities: Unsupported mime audio/eac3

01-25 15:07:29.713 24008 24161 W AudioCapabilities: Unsupported mime audio/ac3

01-25 15:07:29.714 24008 24161 W AudioCapabilities: Unsupported mime audio/lg-wma-voice

01-25 15:07:29.715 24008 24161 W AudioCapabilities: Unsupported mime audio/x-lg-ms-wma

01-25 15:07:29.717 24008 24161 W VideoCapabilities: Unsupported mime video/theora

01-25 15:07:29.718 24008 24161 W VideoCapabilities: Unsupported mime video/mjpg

01-25 15:07:29.719 24008 24161 W AudioCapabilities: Unsupported mime audio/MUSICAM

01-25 15:07:29.721 24008 24161 W AudioCapabilities: Unsupported mime audio/bsac

01-25 15:07:29.733  1745  3142 D ConnectivityService: getActiveNetwork nai=NetworkAgentInfo{ ni{[type: WIFI[], state: CONNECTED/CONNECTED, reason: (unspecified), extra: "U+NetEA13", roaming: false, failover: false, isAvailable: true, network type: 1]}  network{104}  lp{{InterfaceName: wlan0 LinkAddresses: [fe80::5e70:a3ff:fe45:d7ff/64,192.168.219.102/24,]  Routes: [fe80::/64 -> :: wlan0,192.168.219.0/24 -> 0.0.0.0 wlan0,0.0.0.0/0 -> 192.168.219.1 wlan0,] DnsAddresses: [1.214.68.2,61.41.153.2,] Domains:  MTU: 0 TcpBufferSizes: 1048576,4194304,8388608,1048576,2097152,4194304 PcscfAddresses: [] }}  nc{[ Transports: WIFI Capabilities: INTERNET&NOT_RESTRICTED&TRUSTED&NOT_VPN&VALIDATED LinkUpBandwidth>=1048576Kbps LinkDnBandwidth>=1048576Kbps SignalStrength: -72]}  Score{60}  everValidated{true}  lastValidated{true}  created{true} lingering{false} explicitlySelected{false} acceptUnvalidated{false} everCaptivePortalDetected{false} lastCaptivePortalDetected{false} }

01-25 15:07:29.735  1745  2624 D ConnectivityService: getActiveNetwork nai=NetworkAgentInfo{ ni{[type: WIFI[], state: CONNECTED/CONNECTED, reason: (unspecified), extra: "U+NetEA13", roaming: false, failover: false, isAvailable: true, network type: 1]}  network{104}  lp{{InterfaceName: wlan0 LinkAddresses: [fe80::5e70:a3ff:fe45:d7ff/64,192.168.219.102/24,]  Routes: [fe80::/64 -> :: wlan0,192.168.219.0/24 -> 0.0.0.0 wlan0,0.0.0.0/0 -> 192.168.219.1 wlan0,] DnsAddresses: [1.214.68.2,61.41.153.2,] Domains:  MTU: 0 TcpBufferSizes: 1048576,4194304,8388608,1048576,2097152,4194304 PcscfAddresses: [] }}  nc{[ Transports: WIFI Capabilities: INTERNET&NOT_RESTRICTED&TRUSTED&NOT_VPN&VALIDATED LinkUpBandwidth>=1048576Kbps LinkDnBandwidth>=1048576Kbps SignalStrength: -72]}  Score{60}  everValidated{true}  lastValidated{true}  created{true} lingering{false} explicitlySelected{false} acceptUnvalidated{false} everCaptivePortalDetected{false} lastCaptivePortalDetected{false} }

01-25 15:07:29.743 24008 24161 W VideoCapabilities: Unrecognized profile 2130706433 for video/avc

01-25 15:07:29.743 24008 24161 W VideoCapabilities: Unrecognized profile 2130706434 for video/avc

01-25 15:07:29.763 24008 24161 W VideoCapabilities: Unsupported mime video/x-ms-wmv

01-25 15:07:29.764 24008 24161 W VideoCapabilities: Unsupported mime video/x-ms-wmv

01-25 15:07:29.773 24008 24161 W VideoCapabilities: Unsupported mime video/mp4v-esdp

01-25 15:07:29.784 24008 24161 I VideoCapabilities: Unsupported profile 4 for video/mp4v-es

01-25 15:07:29.815  1745  2519 V WifiServerServiceExt: checkPollTimer Cnt= 0 rssi =-73 threshold=-100

01-25 15:07:30.028 24008 24098 D libc    : getaddrinfo called from pid =24008

01-25 15:07:30.028 24008 24098 D libc    : getaddrinfo called from pid =24008

01-25 15:07:30.029   911  2009 D BandwidthController: [LG DATA] No such appUid: 10337

01-25 15:07:30.029   911  2009 D DnsProxyListener: App 10337 tries DNS query. Accept family:0 protocol:0

01-25 15:07:30.030   911 24175 D libc    : getaddrinfo called from pid =911

01-25 15:07:30.030 24008 24103 D libc    : getaddrinfo called from pid =24008

01-25 15:07:30.031 24008 24103 D libc    : getaddrinfo called from pid =24008

01-25 15:07:30.031   911  2009 D BandwidthController: [LG DATA] No such appUid: 10337

01-25 15:07:30.031   911  2009 D DnsProxyListener: App 10337 tries DNS query. Accept family:0 protocol:0

01-25 15:07:30.031   911 24176 D libc    : getaddrinfo called from pid =911

01-25 15:07:30.057 24008 24142 W art     : Native thread exiting without having called DetachCurrentThread (maybe it's going to use a pthread_key_create destructor?): Thread[56,tid=24142,Native,Thread*=0xc3d1e400,peer=0x13283100,"FTcpMes-ansport"]

01-25 15:07:30.057 24008 24142 D UE4     : *** JavaEnvDestructor: 24142

01-25 15:07:30.063 24008 24143 W art     : Native thread exiting without having called DetachCurrentThread (maybe it's going to use a pthread_key_create destructor?): Thread[82,tid=24143,Native,Thread*=0xc9350500,peer=0x136870a0,"FTcpListener"]

01-25 15:07:30.063 24008 24143 D UE4     : *** JavaEnvDestructor: 24143

01-25 15:07:30.072  1745  2521 D ConnectivityService: updateCapabilities cap:[ Transports: WIFI Capabilities: INTERNET&NOT_RESTRICTED&TRUSTED&NOT_VPN LinkUpBandwidth>=1048576Kbps LinkDnBandwidth>=1048576Kbps SignalStrength: -66]

01-25 15:07:30.073  1745  2521 D CSLegacyTypeTracker: Adding agent NetworkAgentInfo{ ni{[type: MOBILE[LTE], state: CONNECTED/CONNECTED, reason: connected, extra: ims, roaming: false, failover: false, isAvailable: true, network type: 0]}  network{100}  lp{{InterfaceName: rmnet_data0 LinkAddresses: [2001:2d8:e86e:a59:50b4:d7b7:5be9:3899/64,]  Routes: [::/0 -> fe80::94d1:b9f5:3203:5209 rmnet_data0,] DnsAddresses: [fd00:e13:501:c::170,fd00:e13:101:c::7,] Domains: null MTU: 1440 TcpBufferSizes: 2097152,4194304,8388608,1048576,3145728,4194304 PcscfAddresses: [2001:2d8:e0:220::50,] }}  nc{[ Transports: CELLULAR Capabilities: MMS&IMS&NOT_RESTRICTED&TRUSTED&NOT_VPN&VALIDATED LinkUpBandwidth>=51200Kbps LinkDnBandwidth>=102400Kbps Specifier: <1>]}  Score{50}  everValidated{true}  lastValidated{true}  created{true} lingering{false} explicitlySelected{false} acceptUnvalidated{false} everCaptivePortalDetected{false} lastCaptivePortalDetected{false} } for legacy network type 11

01-25 15:07:30.073  1745  2521 D ConnectivityService: notifyType CAP_CHANGED for NetworkAgentInfo [WIFI () - 104]

01-25 15:07:30.074  3214  4533 I LGIMS_J : [Apn$ImsNetworkCallback::onCapabilitiesChanged:985] ImsNetworkCallback :: onCapabilitiesChanged=104

01-25 15:07:30.075  3214  3214 D LGIMS_J : [Apn::handleMessage:322] Apn :: apn=INTERNET, msg=3008, proc=null

01-25 15:07:30.075  3214  3214 D LGIMS_J : [Apn$Handle_EVENT_UPDATE_APN_STRING_SUBTYPE::procMsg:788] 

01-25 15:07:30.075  3214  3214 D LGIMS_J : [Apn::updateApnStringAndSubType:408] 

01-25 15:07:30.076  3214  3214 D LGIMS_J : [Apn::updateApnStringAndSubType:420] netInfo is null. Retry with network type

01-25 15:07:30.078  3214  3214 W LGIMS_J : [Apn::updateApnStringAndSubType:438] Apn string = lte.sktelecom.com, Network subtype = 0

01-25 15:07:30.079  3214  3214 E LGIMS_J : [Apn::handleMessage:317] Apn :: no proc - apn=INTERNET, msg=3006, proc=NETWORK_CAPABILITIES_CHANGED

01-25 15:07:30.079  1745  3142 D ConnectivityService: getActiveNetwork nai=NetworkAgentInfo{ ni{[type: WIFI[], state: CONNECTED/CONNECTED, reason: (unspecified), extra: "U+NetEA13", roaming: false, failover: false, isAvailable: true, network type: 1]}  network{104}  lp{{InterfaceName: wlan0 LinkAddresses: [fe80::5e70:a3ff:fe45:d7ff/64,192.168.219.102/24,]  Routes: [fe80::/64 -> :: wlan0,192.168.219.0/24 -> 0.0.0.0 wlan0,0.0.0.0/0 -> 192.168.219.1 wlan0,] DnsAddresses: [1.214.68.2,61.41.153.2,] Domains:  MTU: 0 TcpBufferSizes: 1048576,4194304,8388608,1048576,2097152,4194304 PcscfAddresses: [] }}  nc{[ Transports: WIFI Capabilities: INTERNET&NOT_RESTRICTED&TRUSTED&NOT_VPN&VALIDATED LinkUpBandwidth>=1048576Kbps LinkDnBandwidth>=1048576Kbps SignalStrength: -66]}  Score{60}  everValidated{true}  lastValidated{true}  created{true} lingering{false} explicitlySelected{false} acceptUnvalidated{false} everCaptivePortalDetected{false} lastCaptivePortalDetected{false} }

01-25 15:07:30.080  1745  3132 D ConnectivityService: getActiveNetwork nai=NetworkAgentInfo{ ni{[type: WIFI[], state: CONNECTED/CONNECTED, reason: (unspecified), extra: "U+NetEA13", roaming: false, failover: false, isAvailable: true, network type: 1]}  network{104}  lp{{InterfaceName: wlan0 LinkAddresses: [fe80::5e70:a3ff:fe45:d7ff/64,192.168.219.102/24,]  Routes: [fe80::/64 -> :: wlan0,192.168.219.0/24 -> 0.0.0.0 wlan0,0.0.0.0/0 -> 192.168.219.1 wlan0,] DnsAddresses: [1.214.68.2,61.41.153.2,] Domains:  MTU: 0 TcpBufferSizes: 1048576,4194304,8388608,1048576,2097152,4194304 PcscfAddresses: [] }}  nc{[ Transports: WIFI Capabilities: INTERNET&NOT_RESTRICTED&TRUSTED&NOT_VPN&VALIDATED LinkUpBandwidth>=1048576Kbps LinkDnBandwidth>=1048576Kbps SignalStrength: -66]}  Score{60}  everValidated{true}  lastValidated{true}  created{true} lingering{false} explicitlySelected{false} acceptUnvalidated{false} everCaptivePortalDetected{false} lastCaptivePortalDetected{false} }

01-25 15:07:30.080  1745  1912 D ConnectivityService: getActiveNetwork nai=NetworkAgentInfo{ ni{[type: WIFI[], state: CONNECTED/CONNECTED, reason: (unspecified), extra: "U+NetEA13", roaming: false, failover: false, isAvailable: true, network type: 1]}  network{104}  lp{{InterfaceName: wlan0 LinkAddresses: [fe80::5e70:a3ff:fe45:d7ff/64,192.168.219.102/24,]  Routes: [fe80::/64 -> :: wlan0,192.168.219.0/24 -> 0.0.0.0 wlan0,0.0.0.0/0 -> 192.168.219.1 wlan0,] DnsAddresses: [1.214.68.2,61.41.153.2,] Domains:  MTU: 0 TcpBufferSizes: 1048576,4194304,8388608,1048576,2097152,4194304 PcscfAddresses: [] }}  nc{[ Transports: WIFI Capabilities: INTERNET&NOT_RESTRICTED&TRUSTED&NOT_VPN&VALIDATED LinkUpBandwidth>=1048576Kbps LinkDnBandwidth>=1048576Kbps SignalStrength: -66]}  Score{60}  everValidated{true}  lastValidated{true}  created{true} lingering{false} explicitlySelected{false} acceptUnvalidated{false} everCaptivePortalDetected{false} lastCaptivePortalDetected{false} }

01-25 15:07:30.081  1745  1912 D ConnectivityService: getActiveNetwork nai=NetworkAgentInfo{ ni{[type: WIFI[], state: CONNECTED/CONNECTED, reason: (unspecified), extra: "U+NetEA13", roaming: false, failover: false, isAvailable: true, network type: 1]}  network{104}  lp{{InterfaceName: wlan0 LinkAddresses: [fe80::5e70:a3ff:fe45:d7ff/64,192.168.219.102/24,]  Routes: [fe80::/64 -> :: wlan0,192.168.219.0/24 -> 0.0.0.0 wlan0,0.0.0.0/0 -> 192.168.219.1 wlan0,] DnsAddresses: [1.214.68.2,61.41.153.2,] Domains:  MTU: 0 TcpBufferSizes: 1048576,4194304,8388608,1048576,2097152,4194304 PcscfAddresses: [] }}  nc{[ Transports: WIFI Capabilities: INTERNET&NOT_RESTRICTED&TRUSTED&NOT_VPN&VALIDATED LinkUpBandwidth>=1048576Kbps LinkDnBandwidth>=1048576Kbps SignalStrength: -66]}  Score{60}  everValidated{true}  lastValidated{true}  created{true} lingering{false} explicitlySelected{false} acceptUnvalidated{false} everCaptivePortalDetected{false} lastCaptivePortalDetected{false} }

01-25 15:07:30.083  2575  3450 I NetworkController: [NetworkControllerImpl.java:635:onReceive()]onReceive: intent=Intent { act=android.net.wifi.RSSI_CHANGED flg=0x4000010 (has extras) }

01-25 15:07:30.083  2575  3450 I WifiSignalController: [WifiSignalController.java:322:updateLevel()]mWifiConnected = true, mWifiLevel = 2

01-25 15:07:30.084  1745  2886 D ConnectivityService: getActiveNetwork nai=NetworkAgentInfo{ ni{[type: WIFI[], state: CONNECTED/CONNECTED, reason: (unspecified), extra: "U+NetEA13", roaming: false, failover: false, isAvailable: true, network type: 1]}  network{104}  lp{{InterfaceName: wlan0 LinkAddresses: [fe80::5e70:a3ff:fe45:d7ff/64,192.168.219.102/24,]  Routes: [fe80::/64 -> :: wlan0,192.168.219.0/24 -> 0.0.0.0 wlan0,0.0.0.0/0 -> 192.168.219.1 wlan0,] DnsAddresses: [1.214.68.2,61.41.153.2,] Domains:  MTU: 0 TcpBufferSizes: 1048576,4194304,8388608,1048576,2097152,4194304 PcscfAddresses: [] }}  nc{[ Transports: WIFI Capabilities: INTERNET&NOT_RESTRICTED&TRUSTED&NOT_VPN&VALIDATED LinkUpBandwidth>=1048576Kbps LinkDnBandwidth>=1048576Kbps SignalStrength: -66]}  Score{60}  everValidated{true}  lastValidated{true}  created{true} lingering{false} explicitlySelected{false} acceptUnvalidated{false} everCaptivePortalDetected{false} lastCaptivePortalDetected{false} }

