--------- beginning of main

01-14 12:39:52.371  1844  2514 V WifiServerServiceExt: checkPollTimer Cnt= 0 rssi =-68 threshold=-100

01-14 12:39:52.516  1844  3094 I sensors_hal_Ctx: flush: handle is 86

01-14 12:39:52.516  1844  3094 I sensors_hal_SAM: flush:sensor() handle:86

01-14 12:39:52.517  1844  3124 I sensors_hal_Ctx: flush: handle is 48

01-14 12:39:52.517  1844  3124 I sensors_hal_SAM: flush:sensor(android.sensor.step_detector) handle:48

01-14 12:39:52.522  1844  2278 I sensors_hal_HealthActivityPattern: processResp: handle:86

01-14 12:39:52.522  1844  2278 E sensors_hal_HealthActivityPattern: processResp: Msg 33; Result: 1, Error: 6

--------- beginning of system

01-14 12:39:52.564  1844  2516 D ConnectivityService: updateCapabilities cap:[ Transports: WIFI Capabilities: INTERNET&NOT_RESTRICTED&TRUSTED&NOT_VPN LinkUpBandwidth>=1048576Kbps LinkDnBandwidth>=1048576Kbps SignalStrength: -63]

01-14 12:39:52.565  1844  2516 D CSLegacyTypeTracker: Adding agent NetworkAgentInfo{ ni{[type: MOBILE[LTE], state: CONNECTED/CONNECTED, reason: (unspecified), extra: ims, roaming: false, failover: false, isAvailable: true, network type: 0]}  network{100}  lp{{InterfaceName: rmnet_data0 LinkAddresses: [2001:2d8:ea3d:7823:3728:f667:eb35:50b/64,]  Routes: [::/0 -> fe80::116c:3159:9b54:acb8 rmnet_data0,] DnsAddresses: [fd00:e13:501:c::170,fd00:e13:101:c::7,] Domains: null MTU: 1440 TcpBufferSizes: 2097152,4194304,8388608,1048576,3145728,4194304 PcscfAddresses: [fd00:e15:501:2::150,] }}  nc{[ Transports: CELLULAR Capabilities: MMS&IMS&NOT_RESTRICTED&TRUSTED&NOT_VPN&VALIDATED LinkUpBandwidth>=51200Kbps LinkDnBandwidth>=102400Kbps Specifier: <1>]}  Score{50}  everValidated{true}  lastValidated{true}  created{true} lingering{false} explicitlySelected{false} acceptUnvalidated{false} everCaptivePortalDetected{false} lastCaptivePortalDetected{false} } for legacy network type 11

01-14 12:39:52.565  1844  2516 D ConnectivityService: notifyType CAP_CHANGED for NetworkAgentInfo [WIFI () - 323]

01-14 12:39:52.578  1844  2894 D ConnectivityService: getActiveNetwork nai=NetworkAgentInfo{ ni{[type: WIFI[], state: CONNECTED/CONNECTED, reason: (unspecified), extra: "U+NetEA13", roaming: false, failover: false, isAvailable: true, network type: 1]}  network{323}  lp{{InterfaceName: wlan0 LinkAddresses: [fe80::5e70:a3ff:fe45:d7ff/64,192.168.219.102/24,]  Routes: [fe80::/64 -> :: wlan0,192.168.219.0/24 -> 0.0.0.0 wlan0,0.0.0.0/0 -> 192.168.219.1 wlan0,] DnsAddresses: [1.214.68.2,61.41.153.2,] Domains:  MTU: 0 TcpBufferSizes: 1048576,4194304,8388608,1048576,2097152,4194304 PcscfAddresses: [] }}  nc{[ Transports: WIFI Capabilities: INTERNET&NOT_RESTRICTED&TRUSTED&NOT_VPN&VALIDATED LinkUpBandwidth>=1048576Kbps LinkDnBandwidth>=1048576Kbps SignalStrength: -63]}  Score{60}  everValidated{true}  lastValidated{true}  created{true} lingering{false} explicitlySelected{false} acceptUnvalidated{false} everCaptivePortalDetected{false} lastCaptivePortalDetected{false} }

01-14 12:39:52.579  1844  1858 D ConnectivityService: getActiveNetwork nai=NetworkAgentInfo{ ni{[type: WIFI[], state: CONNECTED/CONNECTED, reason: (unspecified), extra: "U+NetEA13", roaming: false, failover: false, isAvailable: true, network type: 1]}  network{323}  lp{{InterfaceName: wlan0 LinkAddresses: [fe80::5e70:a3ff:fe45:d7ff/64,192.168.219.102/24,]  Routes: [fe80::/64 -> :: wlan0,192.168.219.0/24 -> 0.0.0.0 wlan0,0.0.0.0/0 -> 192.168.219.1 wlan0,] DnsAddresses: [1.214.68.2,61.41.153.2,] Domains:  MTU: 0 TcpBufferSizes: 1048576,4194304,8388608,1048576,2097152,4194304 PcscfAddresses: [] }}  nc{[ Transports: WIFI Capabilities: INTERNET&NOT_RESTRICTED&TRUSTED&NOT_VPN&VALIDATED LinkUpBandwidth>=1048576Kbps LinkDnBandwidth>=1048576Kbps SignalStrength: -63]}  Score{60}  everValidated{true}  lastValidated{true}  created{true} lingering{false} explicitlySelected{false} acceptUnvalidated{false} everCaptivePortalDetected{false} lastCaptivePortalDetected{false} }

01-14 12:39:52.579  1844  2504 D ConnectivityService: getActiveNetwork nai=NetworkAgentInfo{ ni{[type: WIFI[], state: CONNECTED/CONNECTED, reason: (unspecified), extra: "U+NetEA13", roaming: false, failover: false, isAvailable: true, network type: 1]}  network{323}  lp{{InterfaceName: wlan0 LinkAddresses: [fe80::5e70:a3ff:fe45:d7ff/64,192.168.219.102/24,]  Routes: [fe80::/64 -> :: wlan0,192.168.219.0/24 -> 0.0.0.0 wlan0,0.0.0.0/0 -> 192.168.219.1 wlan0,] DnsAddresses: [1.214.68.2,61.41.153.2,] Domains:  MTU: 0 TcpBufferSizes: 1048576,4194304,8388608,1048576,2097152,4194304 PcscfAddresses: [] }}  nc{[ Transports: WIFI Capabilities: INTERNET&NOT_RESTRICTED&TRUSTED&NOT_VPN&VALIDATED LinkUpBandwidth>=1048576Kbps LinkDnBandwidth>=1048576Kbps SignalStrength: -63]}  Score{60}  everValidated{true}  lastValidated{true}  created{true} lingering{false} explicitlySelected{false} acceptUnvalidated{false} everCaptivePortalDetected{false} lastCaptivePortalDetected{false} }

01-14 12:39:52.586  1844  3124 D ConnectivityService: getActiveNetwork nai=NetworkAgentInfo{ ni{[type: WIFI[], state: CONNECTED/CONNECTED, reason: (unspecified), extra: "U+NetEA13", roaming: false, failover: false, isAvailable: true, network type: 1]}  network{323}  lp{{InterfaceName: wlan0 LinkAddresses: [fe80::5e70:a3ff:fe45:d7ff/64,192.168.219.102/24,]  Routes: [fe80::/64 -> :: wlan0,192.168.219.0/24 -> 0.0.0.0 wlan0,0.0.0.0/0 -> 192.168.219.1 wlan0,] DnsAddresses: [1.214.68.2,61.41.153.2,] Domains:  MTU: 0 TcpBufferSizes: 1048576,4194304,8388608,1048576,2097152,4194304 PcscfAddresses: [] }}  nc{[ Transports: WIFI Capabilities: INTERNET&NOT_RESTRICTED&TRUSTED&NOT_VPN&VALIDATED LinkUpBandwidth>=1048576Kbps LinkDnBandwidth>=1048576Kbps SignalStrength: -63]}  Score{60}  everValidated{true}  lastValidated{true}  created{true} lingering{false} explicitlySelected{false} acceptUnvalidated{false} everCaptivePortalDetected{false} lastCaptivePortalDetected{false} }

01-14 12:39:52.587  1844  2893 D ConnectivityService: getActiveNetwork nai=NetworkAgentInfo{ ni{[type: WIFI[], state: CONNECTED/CONNECTED, reason: (unspecified), extra: "U+NetEA13", roaming: false, failover: false, isAvailable: true, network type: 1]}  network{323}  lp{{InterfaceName: wlan0 LinkAddresses: [fe80::5e70:a3ff:fe45:d7ff/64,192.168.219.102/24,]  Routes: [fe80::/64 -> :: wlan0,192.168.219.0/24 -> 0.0.0.0 wlan0,0.0.0.0/0 -> 192.168.219.1 wlan0,] DnsAddresses: [1.214.68.2,61.41.153.2,] Domains:  MTU: 0 TcpBufferSizes: 1048576,4194304,8388608,1048576,2097152,4194304 PcscfAddresses: [] }}  nc{[ Transports: WIFI Capabilities: INTERNET&NOT_RESTRICTED&TRUSTED&NOT_VPN&VALIDATED LinkUpBandwidth>=1048576Kbps LinkDnBandwidth>=1048576Kbps SignalStrength: -63]}  Score{60}  everValidated{true}  lastValidated{true}  created{true} lingering{false} explicitlySelected{false} acceptUnvalidated{false} everCaptivePortalDetected{false} lastCaptivePortalDetected{false} }

01-14 12:39:52.590  1844  3101 D ConnectivityService: getActiveNetwork nai=NetworkAgentInfo{ ni{[type: WIFI[], state: CONNECTED/CONNECTED, reason: (unspecified), extra: "U+NetEA13", roaming: false, failover: false, isAvailable: true, network type: 1]}  network{323}  lp{{InterfaceName: wlan0 LinkAddresses: [fe80::5e70:a3ff:fe45:d7ff/64,192.168.219.102/24,]  Routes: [fe80::/64 -> :: wlan0,192.168.219.0/24 -> 0.0.0.0 wlan0,0.0.0.0/0 -> 192.168.219.1 wlan0,] DnsAddresses: [1.214.68.2,61.41.153.2,] Domains:  MTU: 0 TcpBufferSizes: 1048576,4194304,8388608,1048576,2097152,4194304 PcscfAddresses: [] }}  nc{[ Transports: WIFI Capabilities: INTERNET&NOT_RESTRICTED&TRUSTED&NOT_VPN&VALIDATED LinkUpBandwidth>=1048576Kbps LinkDnBandwidth>=1048576Kbps SignalStrength: -63]}  Score{60}  everValidated{true}  lastValidated{true}  created{true} lingering{false} explicitlySelected{false} acceptUnvalidated{false} everCaptivePortalDetected{false} lastCaptivePortalDetected{false} }

01-14 12:39:52.592  1844  1857 D ConnectivityService: getActiveNetwork nai=NetworkAgentInfo{ ni{[type: WIFI[], state: CONNECTED/CONNECTED, reason: (unspecified), extra: "U+NetEA13", roaming: false, failover: false, isAvailable: true, network type: 1]}  network{323}  lp{{InterfaceName: wlan0 LinkAddresses: [fe80::5e70:a3ff:fe45:d7ff/64,192.168.219.102/24,]  Routes: [fe80::/64 -> :: wlan0,192.168.219.0/24 -> 0.0.0.0 wlan0,0.0.0.0/0 -> 192.168.219.1 wlan0,] DnsAddresses: [1.214.68.2,61.41.153.2,] Domains:  MTU: 0 TcpBufferSizes: 1048576,4194304,8388608,1048576,2097152,4194304 PcscfAddresses: [] }}  nc{[ Transports: WIFI Capabilities: INTERNET&NOT_RESTRICTED&TRUSTED&NOT_VPN&VALIDATED LinkUpBandwidth>=1048576Kbps LinkDnBandwidth>=1048576Kbps SignalStrength: -63]}  Score{60}  everValidated{true}  lastValidated{true}  created{true} lingering{false} explicitlySelected{false} acceptUnvalidated{false} everCaptivePortalDetected{false} lastCaptivePortalDetected{false} }

01-14 12:39:52.794  1844  3094 I ActivityManager: START u0 {flg=0x10000000 cmp=com.YourCompany.Rolling/com.epicgames.ue4.SplashActivity} from uid 2000 on display 0

01-14 12:39:52.800  1844  3094 D ActivityManager: setTaskToReturnTo : TaskRecord{4eaa77b #9300 A=com.YourCompany.Rolling U=0 sz=0} / mTaskToReturnTo = 0

01-14 12:39:52.800  1844  3094 D AppWindowTokenEx: AppWindowTokenEx init.. 

01-14 12:39:52.801  2996  3006 D LGImageQualityEnhancementService: activityStarting: com.YourCompany.Rolling/com.epicgames.ue4.SplashActivity

01-14 12:39:52.801  2996  3006 D LGImageQualityEnhancementService: handleCallbackActivity(), isEnhanced: false

01-14 12:39:52.841  1844  3094 W WindowManager: pwm.setNavigationBar() called. show=true

01-14 12:39:52.841  1844  3094 W WindowManager: pwm.setStatusBar() called. show=true

01-14 12:39:52.841  1844  3094 D InputDispatcher: Focus left window: Window{76209d5 u0 com.jiwoosoft.tiviewer/com.jiwoosoft.tiviewer.TIVTextViewerActivity}

01-14 12:39:52.876  1844  2889 I ActivityManager: Start proc 29312:com.YourCompany.Rolling/u0a325 for activity com.YourCompany.Rolling/com.epicgames.ue4.SplashActivity

01-14 12:39:52.877  2996  3006 D LGImageQualityEnhancementService: activityResuming: com.YourCompany.Rolling/com.epicgames.ue4.SplashActivity

01-14 12:39:52.877  2996  3006 D LGImageQualityEnhancementService: handleCallbackActivity(), isEnhanced: false

01-14 12:39:52.882  1844  2654 D PowerManagerServiceAO: releaseWakeLockInternal: lock=112123881 [WindowManager], flags=0x0

01-14 12:39:52.882  1844  2654 D PocketDetection: updateScreenWakelockState: mScreenWakeLockList.remove(0)

01-14 12:39:52.882  1844  2654 D PocketDetection: updateScreenWakelockState: mIsScreenWakelockAcquired = false

01-14 12:39:52.885  1844  1901 D PhoneWindow: notifyNavigationBarColor, color=0x: ff000000, token: android.view.ViewRootImplAO$WEx@1068962

01-14 12:39:52.886  1844  1901 D WindowManager: notifyNavigationBarColor(), token: android.view.ViewRootImplAO$WEx@1068962, color: ff000000

01-14 12:39:52.906  1844  3065 W AppOps  : Finishing op nesting under-run: uid 10239 pkg com.jiwoosoft.tiviewer code 24 time=0 duration=0 nesting=0

01-14 12:39:52.907  1844  3065 D InputDispatcher: Window went away: Window{50e816 u0 com.jiwoosoft.tiviewer}

01-14 12:39:52.944 31944 31954 D AppInfoDao: topacitivyt exist app = com.YourCompany.Rolling

01-14 12:39:52.945  1844  1901 I WindowStateAnimator: Starting window displayed

01-14 12:39:52.949  1844  1875 I SystemUI[Framework]: PhoneWindowManager.updateSystemUiVisibilityLw() :visibility=0x0, pkg=com.YourCompany.Rolling

01-14 12:39:52.949  1844  1875 W WindowManager: Call!!!getLGSystemUiVisibility. =0x0

01-14 12:39:52.949  1844  1875 D StatusBarManagerServiceEx: setLGSystemUiVisibility(0x0)

01-14 12:39:52.950  1844  1875 D StatusBarManagerServiceEx: manageNaviBtnDisableList userId=0 what=0x0 pkg=Window{1708af3 u0 Starting com.YourCompany.Rolling}

01-14 12:39:52.950  1844  1875 I SystemUI[Framework]: ==>disabledNaviBtn() what=0x0, token=android.os.Binder@29b1e19,  pkg=Window{1708af3 u0 Starting com.YourCompany.Rolling}

01-14 12:39:52.950  1844  1875 I SystemUI[Framework]: disableNaviBtn: mDisabledNaviBtn=0x0,  mDisableRecords.size=0

01-14 12:39:52.956 31944 31954 D AppInfoDao: topacitivyt update app = com.YourCompany.Rolling time = 2020-01-14 12:39 date = 20200114

01-14 12:39:53.007  1844  1853 I art     : Background partial concurrent mark sweep GC freed 187223(7MB) AllocSpace objects, 1(20KB) LOS objects, 27% free, 84MB/116MB, paused 1.662ms total 186.466ms

01-14 12:39:53.023 29312 29312 I Timeline: Timeline: Activity_launch_request id:com.YourCompany.Rolling time:154827129

01-14 12:39:53.024  1844  3065 I ActivityManager: START u0 {flg=0x10000 cmp=com.YourCompany.Rolling/com.epicgames.ue4.GameActivity (has extras)} from uid 10325 on display 0

01-14 12:39:53.029  1844  3065 D AppWindowTokenEx: AppWindowTokenEx init.. 

01-14 12:39:53.030  1844  1875 I SystemUI[Framework]: PhoneWindowManager.updateSystemUiVisibilityLw() :visibility=0x0, pkg=com.YourCompany.Rolling

01-14 12:39:53.030  1844  1875 W WindowManager: Call!!!getLGSystemUiVisibility. =0x0

01-14 12:39:53.030  1844  1875 D StatusBarManagerServiceEx: setLGSystemUiVisibility(0x0)

01-14 12:39:53.031  1844  1875 D StatusBarManagerServiceEx: manageNaviBtnDisableList userId=0 what=0x0 pkg=Window{1708af3 u0 Starting com.YourCompany.Rolling}

01-14 12:39:53.031  1844  1875 I SystemUI[Framework]: ==>disabledNaviBtn() what=0x0, token=android.os.Binder@29b1e19,  pkg=Window{1708af3 u0 Starting com.YourCompany.Rolling}

01-14 12:39:53.031  1844  1875 I SystemUI[Framework]: disableNaviBtn: mDisabledNaviBtn=0x0,  mDisableRecords.size=0

01-14 12:39:53.032  2996  3012 D LGImageQualityEnhancementService: activityStarting: com.YourCompany.Rolling/com.epicgames.ue4.GameActivity

01-14 12:39:53.032  2996  3012 D LGImageQualityEnhancementService: handleCallbackActivity(), isEnhanced: false

01-14 12:39:53.045  2996  3012 D LGImageQualityEnhancementService: activityResuming: com.YourCompany.Rolling/com.epicgames.ue4.GameActivity

01-14 12:39:53.045  2996  3012 D LGImageQualityEnhancementService: handleCallbackActivity(), isEnhanced: false

01-14 12:39:53.442  1844  3109 W WindowManager: pwm.setNavigationBar() called. show=true

01-14 12:39:53.442  1844  3109 W WindowManager: pwm.setStatusBar() called. show=true

01-14 12:39:53.442  1844  3109 D InputDispatcher: Focus entered window: Window{96ce30c u0 com.YourCompany.Rolling/com.epicgames.ue4.GameActivity}

01-14 12:39:53.443  1844  1857 D WindowManager: notifyNavigationBarColor(), token: android.os.BinderProxy@4853e3f, color: ff000000

01-14 12:39:53.453  1844  2893 I ActivityManager: START u0 {act=android.content.pm.action.REQUEST_PERMISSIONS pkg=com.google.android.packageinstaller cmp=com.google.android.packageinstaller/com.android.packageinstaller.permission.ui.GrantPermissionsActivity (has extras)} from uid 10325 on display 0

01-14 12:39:53.456  1844  2893 D AppWindowTokenEx: AppWindowTokenEx init.. 

01-14 12:39:53.458  2996 17551 D LGImageQualityEnhancementService: activityStarting: com.google.android.packageinstaller/com.android.packageinstaller.permission.ui.GrantPermissionsActivity

01-14 12:39:53.458  2996 17551 D LGImageQualityEnhancementService: handleCallbackActivity(), isEnhanced: false

01-14 12:39:53.462  1844  2893 W WindowManager: pwm.setNavigationBar() called. show=true

01-14 12:39:53.462  1844  1875 I SystemUI[Framework]: PhoneWindowManager.updateSystemUiVisibilityLw() :visibility=0x0, pkg=com.YourCompany.Rolling

01-14 12:39:53.462  1844  2893 W WindowManager: pwm.setStatusBar() called. show=true

01-14 12:39:53.463  1844  2893 D InputDispatcher: Focus left window: Window{96ce30c u0 com.YourCompany.Rolling/com.epicgames.ue4.GameActivity}

01-14 12:39:53.463  1844  1875 W WindowManager: Call!!!getLGSystemUiVisibility. =0x0

01-14 12:39:53.463  1844  1875 D StatusBarManagerServiceEx: setLGSystemUiVisibility(0x0)

01-14 12:39:53.463  1844  1875 D StatusBarManagerServiceEx: manageNaviBtnDisableList userId=0 what=0x0 pkg=Window{1708af3 u0 Starting com.YourCompany.Rolling}

01-14 12:39:53.463  1844  1875 I SystemUI[Framework]: ==>disabledNaviBtn() what=0x0, token=android.os.Binder@29b1e19,  pkg=Window{1708af3 u0 Starting com.YourCompany.Rolling}

01-14 12:39:53.463  1844  1875 I SystemUI[Framework]: disableNaviBtn: mDisabledNaviBtn=0x0,  mDisableRecords.size=0

01-14 12:39:53.518  1844  3109 I sensors_hal_Ctx: flush: handle is 86

01-14 12:39:53.518  1844  3109 I sensors_hal_SAM: flush:sensor() handle:86

01-14 12:39:53.518  1844  1857 I sensors_hal_Ctx: flush: handle is 48

01-14 12:39:53.518  1844  1857 I sensors_hal_SAM: flush:sensor(android.sensor.step_detector) handle:48

01-14 12:39:53.521  1844  2278 I sensors_hal_HealthActivityPattern: processResp: handle:86

01-14 12:39:53.521  1844  2278 E sensors_hal_HealthActivityPattern: processResp: Msg 33; Result: 1, Error: 6

01-14 12:39:53.535 29312 29312 I SensorManager: registerListenerImpl() [Sensor: LGE Accelerometer, Rate: 20000, SensorEventListener: com.epicgames.ue4.GameActivity@e668f7f] by com.epicgames.ue4.GameActivity.onResume():1424

01-14 12:39:53.537  1844  3083 I sensors_hal_Ctx: flush: handle is 0

01-14 12:39:53.537 29312 29312 I SensorManager: registerListenerImpl() [Sensor: LGE Magnetometer, Rate: 20000, SensorEventListener: com.epicgames.ue4.GameActivity@e668f7f] by com.epicgames.ue4.GameActivity.onResume():1425

01-14 12:39:53.537  1844  2893 D sensors_hal_SMGR: batch:sensor(android.sensor.magnetic_field) sample_rate=50.000000Hz report_rate_f=0.000000Hz curr sample rate:50.000000 cur rpt rate:0 max:100.000000 min:1.000000

01-14 12:39:53.537  1844  2893 D sensors_hal_SMGR: enable:sensor(android.sensor.magnetic_field) handle 10, freq=50.000000 report_rate=0 batched=0

01-14 12:39:53.537  1844  2893 D sensors_hal_SMGR: SMGRPrepareAddMsg sample_rate 50.000000 report_rate 3276800 subhz_sample_rate_ms 0 sample_rate_hz 50

01-14 12:39:53.537  1844  2893 D sensors_hal_SMGR: SMGRPrepareAddMsg:sensor android.sensor.magnetic_field 

01-14 12:39:53.537  1844  2893 D sensors_hal_Util: waitForResponse: timeout=1000

01-14 12:39:53.541  1844  2893 D sensors_hal_SMGR: SMGRReportAdd: Received Response: 0

01-14 12:39:53.542 29312 29312 I SensorManager: registerListenerImpl() [Sensor: LGE Gyroscope, Rate: 20000, SensorEventListener: com.epicgames.ue4.GameActivity@e668f7f] by com.epicgames.ue4.GameActivity.onResume():1426

01-14 12:39:53.542  1844  2889 D sensors_hal_SMGR: batch:sensor(android.sensor.gyroscope) sample_rate=50.000000Hz report_rate_f=0.000000Hz curr sample rate:50.000000 cur rpt rate:0 max:200.000000 min:1.000000

01-14 12:39:53.542  1844  2889 D sensors_hal_SMGR: enable:sensor(android.sensor.gyroscope) handle 2, freq=50.000000 report_rate=0 batched=0

01-14 12:39:53.542  1844  2889 D sensors_hal_SMGR: SMGRPrepareAddMsg sample_rate 50.000000 report_rate 3276800 subhz_sample_rate_ms 0 sample_rate_hz 50

01-14 12:39:53.542  1844  2889 D sensors_hal_SMGR: SMGRPrepareAddMsg:sensor android.sensor.gyroscope 

01-14 12:39:53.542  1844  2889 D sensors_hal_Util: waitForResponse: timeout=1000

01-14 12:39:53.545  1844  2889 D sensors_hal_SMGR: SMGRReportAdd: Received Response: 0

01-14 12:39:53.546  1844  2335 D sensors_hal_Ctx: poll:polldata:1, sensor:0, type:1, x:-1.764099 y:-0.517242 z:9.884048

01-14 12:39:53.546  1844  2335 D sensors_hal_Util: waitForResponse: timeout=0

01-14 12:39:53.553  1844  2265 V sensors_hal_Mag: processReportInd:sensor android.sensor.magnetic_field 

01-14 12:39:53.553  1844  2265 V sensors_hal_Mag: processReportInd: Cal Mag Filter, 1, 0, -36.512756, -1.850891, -27.473450, -36.512756, -1.850891, -27.473450, -36.512756, -1.850891, -27.473450

01-14 12:39:53.553  1844  2335 D sensors_hal_Ctx: poll:polldata:1, sensor:10, type:2, x:-36.512756 y:-1.850891 z:-27.473450

01-14 12:39:53.553  1844  2335 D sensors_hal_Util: waitForResponse: timeout=0

01-14 12:39:53.559  1844  2894 D WindowManager: notifyNavigationBarColor(), token: android.os.BinderProxy@e6b637, color: ff000000

01-14 12:39:53.571  1844  2265 V sensors_hal_Mag: processReportInd:sensor android.sensor.magnetic_field 

01-14 12:39:53.571  1844  2265 V sensors_hal_Mag: processReportInd: Cal Mag Filter, 2, 0, -33.963013, 0.099182, -28.523254, -70.475769, -1.751709, -55.996704, -35.237885, -0.875854, -27.998352

01-14 12:39:53.571  1844  2335 D sensors_hal_Ctx: poll:polldata:1, sensor:10, type:2, x:-35.237885 y:-0.875854 z:-27.998352

01-14 12:39:53.571  1844  2335 D sensors_hal_Util: waitForResponse: timeout=0

01-14 12:39:53.585  1844  2335 D sensors_hal_Ctx: poll:polldata:2, sensor:0, type:1, x:-1.759308 y:-0.517242 z:9.860107

01-14 12:39:53.585  1844  2335 D sensors_hal_Util: waitForResponse: timeout=0

01-14 12:39:53.592  1844  2265 V sensors_hal_Mag: processReportInd:sensor android.sensor.magnetic_field 

01-14 12:39:53.592  1844  2265 V sensors_hal_Mag: processReportInd: Cal Mag Filter, 3, 0, -34.262085, 1.449585, -28.073120, -104.737854, -0.302124, -84.069824, -34.912617, -0.100708, -28.023275

01-14 12:39:53.592  1844  2335 D sensors_hal_Ctx: poll:polldata:1, sensor:10, type:2, x:-34.912617 y:-0.100708 z:-28.023275

01-14 12:39:53.592  1844  2335 D sensors_hal_Util: waitForResponse: timeout=0

01-14 12:39:53.605  1844  2335 D sensors_hal_Ctx: poll:polldata:1, sensor:0, type:1, x:-1.761703 y:-0.517242 z:9.860107

01-14 12:39:53.605  1844  2335 D sensors_hal_Util: waitForResponse: timeout=0

01-14 12:39:53.606  1844  2265 V sensors_hal_Gyro: processReportInd: X: -0.002472 Y: 0.006454 Z: 0.001205 

01-14 12:39:53.606  1844  2335 D sensors_hal_Ctx: poll:polldata:1, sensor:2, type:4, x:-0.002472 y:0.006454 z:0.001205

01-14 12:39:53.606  1844  2335 D sensors_hal_Util: waitForResponse: timeout=0

01-14 12:39:53.611  1844  2265 V sensors_hal_Mag: processReportInd:sensor android.sensor.magnetic_field 

01-14 12:39:53.611  1844  2265 V sensors_hal_Mag: processReportInd: Cal Mag Filter, 4, 0, -33.363342, -1.701355, -27.023315, -138.101196, -2.003479, -111.093140, -34.525299, -0.500870, -27.773285

01-14 12:39:53.611  1844  2335 D sensors_hal_Ctx: poll:polldata:1, sensor:10, type:2, x:-34.525299 y:-0.500870 z:-27.773285

01-14 12:39:53.611  1844  2335 D sensors_hal_Util: waitForResponse: timeout=0

01-14 12:39:53.625  1844  2265 V sensors_hal_Gyro: processReportInd: X: -0.002472 Y: 0.002197 Z: -0.001999 

01-14 12:39:53.626  1844  2335 D sensors_hal_Ctx: poll:polldata:2, sensor:0, type:1, x:-1.759308 y:-0.519638 z:9.857712

01-14 12:39:53.626  1844  2335 D sensors_hal_Util: waitForResponse: timeout=0

01-14 12:39:53.631  1844  2265 V sensors_hal_Mag: processReportInd:sensor android.sensor.magnetic_field 

01-14 12:39:53.631  1844  2265 V sensors_hal_Mag: processReportInd: Cal Mag Filter, 5, 0, -36.062622, -2.450562, -26.272583, -174.163818, -4.454041, -137.365723, -34.832764, -0.890808, -27.473145

01-14 12:39:53.631  1844  2335 D sensors_hal_Ctx: poll:polldata:1, sensor:10, type:2, x:-34.832764 y:-0.890808 z:-27.473145

01-14 12:39:53.631  1844  2335 D sensors_hal_Util: waitForResponse: timeout=0

01-14 12:39:53.645  1844  1857 W InputMethodManagerService: Focus gain on non-focused client com.android.internal.view.IInputMethodClient$Stub$Proxy@ce60c2 (uid=10325 pid=29312)

01-14 12:39:53.645  1844  2335 D sensors_hal_Ctx: poll:polldata:1, sensor:0, type:1, x:-1.754517 y:-0.512451 z:9.860107

01-14 12:39:53.645  1844  2335 D sensors_hal_Util: waitForResponse: timeout=0

01-14 12:39:53.646  1844  2265 V sensors_hal_Gyro: processReportInd: X: 0.001785 Y: 0.000061 Z: 0.001205 

01-14 12:39:53.646  1844  2335 D sensors_hal_Ctx: poll:polldata:1, sensor:2, type:4, x:0.001785 y:0.000061 z:0.001205

01-14 12:39:53.646  1844  2335 D sensors_hal_Util: waitForResponse: timeout=0

01-14 12:39:53.647 29312 29312 I SensorManager: removeAllSensors() [Sensor: LGE Accelerometer] by com.epicgames.ue4.GameActivity.onPause():1494

01-14 12:39:53.647  1844  3065 D sensors_hal_SMGR: batch:sensor(android.sensor.accelerometer) sample_rate=50.000000Hz report_rate_f=0.000000Hz curr sample rate:50.000000 cur rpt rate:0 max:200.000000 min:1.000000

01-14 12:39:53.647 29312 29312 I SensorManager: removeAllSensors() [Sensor: LGE Magnetometer] by com.epicgames.ue4.GameActivity.onPause():1494

01-14 12:39:53.648  1844  2893 D sensors_hal_SMGR: enable:sensor(android.sensor.magnetic_field) Deactivating sensor handle=10

01-14 12:39:53.648  1844  2893 D sensors_hal_Util: waitForResponse: timeout=1000

01-14 12:39:53.649  1844  2893 D sensors_hal_SMGR: SMGRReportDelete: Rcvd success response from request

01-14 12:39:53.649 29312 29312 I SensorManager: removeAllSensors() [Sensor: LGE Gyroscope] by com.epicgames.ue4.GameActivity.onPause():1494

01-14 12:39:53.649  1844  2889 D sensors_hal_SMGR: enable:sensor(android.sensor.gyroscope) Deactivating sensor handle=2

01-14 12:39:53.649  1844  2889 D sensors_hal_Util: waitForResponse: timeout=1000

01-14 12:39:53.652  1844  2889 D sensors_hal_SMGR: SMGRReportDelete: Rcvd success response from request

01-14 12:39:53.662  1844  3094 I ActivityManager: Start proc 29342:com.google.android.packageinstaller/u0a14 for activity com.google.android.packageinstaller/com.android.packageinstaller.permission.ui.GrantPermissionsActivity

01-14 12:39:53.662  2996  3006 D LGImageQualityEnhancementService: activityResuming: com.google.android.packageinstaller/com.android.packageinstaller.permission.ui.GrantPermissionsActivity

01-14 12:39:53.662  2996  3006 D LGImageQualityEnhancementService: handleCallbackActivity(), isEnhanced: false

01-14 12:39:53.688  1844  2335 D sensors_hal_Ctx: poll:polldata:2, sensor:0, type:1, x:-1.737762 y:-0.517242 z:9.850525

01-14 12:39:53.688  1844  2335 D sensors_hal_Util: waitForResponse: timeout=0

01-14 12:39:53.705  1844  2335 D sensors_hal_Ctx: poll:polldata:1, sensor:0, type:1, x:-1.742554 y:-0.512451 z:9.864883

01-14 12:39:53.706  1844  2335 D sensors_hal_Util: waitForResponse: timeout=0

01-14 12:39:53.715 31944 31955 D AppInfoDao: topacitivyt exist app = com.google.android.packageinstaller

01-14 12:39:53.729 31944 31955 D AppInfoDao: topacitivyt update app = com.google.android.packageinstaller time = 2020-01-14 12:39 date = 20200114

01-14 12:39:53.732  1844  2335 D sensors_hal_Ctx: poll:polldata:1, sensor:0, type:1, x:-1.744949 y:-0.510056 z:9.860107

01-14 12:39:53.732  1844  2335 D sensors_hal_Util: waitForResponse: timeout=0

01-14 12:39:53.738 29312 29312 I Timeline: Timeline: Activity_idle id: android.os.BinderProxy@a9d5795 time:154827843

01-14 12:39:53.749  1844  2335 D sensors_hal_Ctx: poll:polldata:1, sensor:0, type:1, x:-1.749725 y:-0.514847 z:9.862503

01-14 12:39:53.749  1844  2335 D sensors_hal_Util: waitForResponse: timeout=0

01-14 12:39:53.768  1844  2335 D sensors_hal_Ctx: poll:polldata:1, sensor:0, type:1, x:-1.744949 y:-0.505280 z:9.881653

01-14 12:39:53.768  1844  2335 D sensors_hal_Util: waitForResponse: timeout=0

01-14 12:39:53.788  1844  2335 D sensors_hal_Ctx: poll:polldata:1, sensor:0, type:1, x:-1.737762 y:-0.514847 z:9.864883

01-14 12:39:53.788  1844  2335 D sensors_hal_Util: waitForResponse: timeout=0

01-14 12:39:53.808  1844  2335 D sensors_hal_Ctx: poll:polldata:1, sensor:0, type:1, x:-1.766495 y:-0.514847 z:9.857712

01-14 12:39:53.808  1844  2335 D sensors_hal_Util: waitForResponse: timeout=0

01-14 12:39:53.818  1844  1875 I SystemUI[Framework]: PhoneWindowManager.updateSystemUiVisibilityLw() :visibility=0x0, pkg=com.YourCompany.Rolling

01-14 12:39:53.819  1844  1875 W WindowManager: Call!!!getLGSystemUiVisibility. =0x0

01-14 12:39:53.819  1844  1875 D StatusBarManagerServiceEx: setLGSystemUiVisibility(0x0)

01-14 12:39:53.819  1844  1875 D StatusBarManagerServiceEx: manageNaviBtnDisableList userId=0 what=0x0 pkg=Window{96ce30c u0 com.YourCompany.Rolling/com.epicgames.ue4.GameActivity}

01-14 12:39:53.819  1844  1875 I SystemUI[Framework]: ==>disabledNaviBtn() what=0x0, token=android.os.Binder@29b1e19,  pkg=Window{96ce30c u0 com.YourCompany.Rolling/com.epicgames.ue4.GameActivity}

01-14 12:39:53.819  1844  1875 I SystemUI[Framework]: disableNaviBtn: mDisabledNaviBtn=0x0,  mDisableRecords.size=0

01-14 12:39:53.819  1844  3094 W WindowManager: pwm.setNavigationBar() called. show=true

01-14 12:39:53.819  1844  3094 W WindowManager: pwm.setStatusBar() called. show=true

01-14 12:39:53.820  1844  3094 D InputDispatcher: Focus entered window: Window{96ce30c u0 com.YourCompany.Rolling/com.epicgames.ue4.GameActivity}

01-14 12:39:53.830  1844  2335 D sensors_hal_Ctx: poll:polldata:1, sensor:0, type:1, x:-1.759308 y:-0.502884 z:9.874466

01-14 12:39:53.830  1844  2335 D sensors_hal_Util: waitForResponse: timeout=0

01-14 12:39:53.832 29312 29312 I SensorManager: registerListenerImpl() [Sensor: LGE Accelerometer, Rate: 20000, SensorEventListener: com.epicgames.ue4.GameActivity@e668f7f] by com.epicgames.ue4.GameActivity.onResume():1424

01-14 12:39:53.836  1844  2893 I sensors_hal_Ctx: flush: handle is 0

01-14 12:39:53.836  1844  2893 D sensors_hal_SMGR: flush: handle 0 is not batching

01-14 12:39:53.836  1844  2893 D sensors_hal: flushSendCmplt: handle=0

01-14 12:39:53.836  1844  2335 D sensors_hal_Ctx: poll:polldata:1, sensor:0, type:0, x:0.000000 y:0.000000 z:0.000000

01-14 12:39:53.836  1844  2335 D sensors_hal_Util: waitForResponse: timeout=0

01-14 12:39:53.837 29312 29312 I SensorManager: registerListenerImpl() [Sensor: LGE Magnetometer, Rate: 20000, SensorEventListener: com.epicgames.ue4.GameActivity@e668f7f] by com.epicgames.ue4.GameActivity.onResume():1425

01-14 12:39:53.837  1844  3094 D sensors_hal_SMGR: batch:sensor(android.sensor.magnetic_field) sample_rate=50.000000Hz report_rate_f=0.000000Hz curr sample rate:50.000000 cur rpt rate:0 max:100.000000 min:1.000000

01-14 12:39:53.837  1844  3094 D sensors_hal_SMGR: enable:sensor(android.sensor.magnetic_field) handle 10, freq=50.000000 report_rate=0 batched=0

01-14 12:39:53.837  1844  3094 D sensors_hal_SMGR: SMGRPrepareAddMsg sample_rate 50.000000 report_rate 3276800 subhz_sample_rate_ms 0 sample_rate_hz 50

01-14 12:39:53.837  1844  3094 D sensors_hal_SMGR: SMGRPrepareAddMsg:sensor android.sensor.magnetic_field 

01-14 12:39:53.838  1844  3094 D sensors_hal_Util: waitForResponse: timeout=1000

01-14 12:39:53.841  2996 17551 D LGImageQualityEnhancementService: activityResuming: com.YourCompany.Rolling/com.epicgames.ue4.GameActivity

01-14 12:39:53.841  2996 17551 D LGImageQualityEnhancementService: handleCallbackActivity(), isEnhanced: false

01-14 12:39:53.842  1844  1901 D InputDispatcher: Window went away: Window{1708af3 u0 Starting com.YourCompany.Rolling}

01-14 12:39:53.843  1844  3094 D sensors_hal_SMGR: SMGRReportAdd: Received Response: 0

01-14 12:39:53.843 29312 29312 I SensorManager: registerListenerImpl() [Sensor: LGE Gyroscope, Rate: 20000, SensorEventListener: com.epicgames.ue4.GameActivity@e668f7f] by com.epicgames.ue4.GameActivity.onResume():1426

01-14 12:39:53.844  1844  1857 D sensors_hal_SMGR: batch:sensor(android.sensor.gyroscope) sample_rate=50.000000Hz report_rate_f=0.000000Hz curr sample rate:50.000000 cur rpt rate:0 max:200.000000 min:1.000000

01-14 12:39:53.844  1844  1857 D sensors_hal_SMGR: enable:sensor(android.sensor.gyroscope) handle 2, freq=50.000000 report_rate=0 batched=0

01-14 12:39:53.844  1844  1857 D sensors_hal_SMGR: SMGRPrepareAddMsg sample_rate 50.000000 report_rate 3276800 subhz_sample_rate_ms 0 sample_rate_hz 50

01-14 12:39:53.844  1844  1857 D sensors_hal_SMGR: SMGRPrepareAddMsg:sensor android.sensor.gyroscope 

01-14 12:39:53.844  1844  1857 D sensors_hal_Util: waitForResponse: timeout=1000

01-14 12:39:53.846  1844  1857 D sensors_hal_SMGR: SMGRReportAdd: Received Response: 0

01-14 12:39:53.848 29312 29312 I Timeline: Timeline: Activity_idle id: android.os.BinderProxy@a9d5795 time:154827953

01-14 12:39:53.849  1844  2335 D sensors_hal_Ctx: poll:polldata:1, sensor:0, type:1, x:-1.756912 y:-0.512451 z:9.872070

01-14 12:39:53.849  1844  2335 D sensors_hal_Util: waitForResponse: timeout=0

01-14 12:39:53.853  1844  3109 I ActivityManager: Killing 28413:com.lge.concierge/u0a23 (adj 15): empty #22

01-14 12:39:53.855  1844  2265 V sensors_hal_Mag: processReportInd:sensor android.sensor.magnetic_field 

01-14 12:39:53.855  1844  2265 V sensors_hal_Mag: processReportInd: Cal Mag Filter, 1, 0, -35.313416, -1.701355, -26.272583, -35.313416, -1.701355, -26.272583, -35.313416, -1.701355, -26.272583

01-14 12:39:53.855  1844  2335 D sensors_hal_Ctx: poll:polldata:1, sensor:10, type:2, x:-35.313416 y:-1.701355 z:-26.272583

01-14 12:39:53.855  1844  2335 D sensors_hal_Util: waitForResponse: timeout=0

01-14 12:39:53.871  1844  2265 V sensors_hal_Mag: processReportInd:sensor android.sensor.magnetic_field 

01-14 12:39:53.871  1844  2265 V sensors_hal_Mag: processReportInd: Cal Mag Filter, 2, 0, -35.612488, -1.550293, -28.973389, -70.925903, -3.251648, -55.245972, -35.462952, -1.625824, -27.622986

01-14 12:39:53.871  1844  2335 D sensors_hal_Ctx: poll:polldata:1, sensor:10, type:2, x:-35.462952 y:-1.625824 z:-27.622986

01-14 12:39:53.871  1844  2335 D sensors_hal_Util: waitForResponse: timeout=0

01-14 12:39:53.877  1844  2889 D ActivityManager: cleanUpApplicationRecord -- 28413

01-14 12:39:53.885  1844  2335 D sensors_hal_Ctx: poll:polldata:2, sensor:0, type:1, x:-1.759308 y:-0.512451 z:9.876862

01-14 12:39:53.885  1844  2335 D sensors_hal_Util: waitForResponse: timeout=0

01-14 12:39:53.891  1844  2265 V sensors_hal_Mag: processReportInd:sensor android.sensor.magnetic_field 

01-14 12:39:53.891  1844  2265 V sensors_hal_Mag: processReportInd: Cal Mag Filter, 3, 0, -36.212158, -1.251221, -25.672913, -107.138062, -4.502869, -80.918884, -35.712688, -1.500956, -26.972961

01-14 12:39:53.891  1844  2335 D sensors_hal_Ctx: poll:polldata:1, sensor:10, type:2, x:-35.712688 y:-1.500956 z:-26.972961

01-14 12:39:53.891  1844  2335 D sensors_hal_Util: waitForResponse: timeout=0

01-14 12:39:53.905  1844  2265 V sensors_hal_Gyro: processReportInd: X: 0.000717 Y: -0.002060 Z: 0.001205 

01-14 12:39:53.905  1844  2335 D sensors_hal_Ctx: poll:polldata:1, sensor:0, type:1, x:-1.756912 y:-0.514847 z:9.855316

01-14 12:39:53.905  1844  2335 D sensors_hal_Ctx: poll:polldata:1, sensor:2, type:4, x:0.000717 y:-0.002060 z:0.001205

01-14 12:39:53.905  1844  2335 D sensors_hal_Util: waitForResponse: timeout=0

01-14 12:39:53.911  1844  2265 V sensors_hal_Mag: processReportInd:sensor android.sensor.magnetic_field 

01-14 12:39:53.911  1844  2265 V sensors_hal_Mag: processReportInd: Cal Mag Filter, 4, 0, -35.162354, -1.251221, -25.672913, -142.300415, -5.754089, -106.591797, -35.575104, -1.438522, -26.647949

01-14 12:39:53.911  1844  2335 D sensors_hal_Ctx: poll:polldata:1, sensor:10, type:2, x:-35.575104 y:-1.438522 z:-26.647949

01-14 12:39:53.911  1844  2335 D sensors_hal_Util: waitForResponse: timeout=0

01-14 12:39:53.925  1844  2265 V sensors_hal_Gyro: processReportInd: X: 0.000717 Y: -0.002060 Z: -0.000931 

01-14 12:39:53.925  1844  2335 D sensors_hal_Ctx: poll:polldata:2, sensor:0, type:1, x:-1.756912 y:-0.519638 z:9.848129

01-14 12:39:53.925  1844  2335 D sensors_hal_Util: waitForResponse: timeout=0

01-14 12:39:53.931  1844  2265 V sensors_hal_Mag: processReportInd:sensor android.sensor.magnetic_field 

01-14 12:39:53.931  1844  2265 V sensors_hal_Mag: processReportInd: Cal Mag Filter, 5, 0, -36.212158, -1.251221, -25.672913, -178.512573, -7.005310, -132.264709, -35.702515, -1.401062, -26.452942

01-14 12:39:53.931  1844  2335 D sensors_hal_Ctx: poll:polldata:1, sensor:10, type:2, x:-35.702515 y:-1.401062 z:-26.452942

01-14 12:39:53.931  1844  2335 D sensors_hal_Util: waitForResponse: timeout=0

01-14 12:39:53.945  1844  2265 V sensors_hal_Gyro: processReportInd: X: -0.000351 Y: 0.000061 Z: 0.000137 

01-14 12:39:53.945  1844  2335 D sensors_hal_Ctx: poll:polldata:2, sensor:0, type:1, x:-1.749725 y:-0.507675 z:9.857712

01-14 12:39:53.945  1844  2335 D sensors_hal_Util: waitForResponse: timeout=0

01-14 12:39:53.951  1844  2265 V sensors_hal_Mag: processReportInd:sensor android.sensor.magnetic_field 

01-14 12:39:53.951  1844  2265 V sensors_hal_Mag: processReportInd: Cal Mag Filter, 6, 0, -34.712219, -0.651550, -28.523254, -213.224792, -7.656860, -160.787964, -35.537464, -1.276143, -26.797995

01-14 12:39:53.951  1844  2335 D sensors_hal_Ctx: poll:polldata:1, sensor:10, type:2, x:-35.537464 y:-1.276143 z:-26.797995

01-14 12:39:53.951  1844  2335 D sensors_hal_Util: waitForResponse: timeout=0

01-14 12:39:53.965  1844  2335 D sensors_hal_Ctx: poll:polldata:1, sensor:0, type:1, x:-1.756912 y:-0.514847 z:9.862503

01-14 12:39:53.965  1844  2265 V sensors_hal_Gyro: processReportInd: X: -0.000351 Y: 0.000061 Z: 0.000137 

01-14 12:39:53.965  1844  2335 D sensors_hal_Ctx: poll:polldata:1, sensor:2, type:4, x:-0.000351 y:0.000061 z:0.000137

01-14 12:39:53.965  1844  2335 D sensors_hal_Util: waitForResponse: timeout=0

01-14 12:39:53.971  1844  2265 V sensors_hal_Mag: processReportInd:sensor android.sensor.magnetic_field 

01-14 12:39:53.971  1844  2265 V sensors_hal_Mag: processReportInd: Cal Mag Filter, 7, 0, -35.612488, -0.801086, -27.923584, -248.837280, -8.457947, -188.711548, -35.548183, -1.208278, -26.958792

01-14 12:39:53.971  1844  2335 D sensors_hal_Ctx: poll:polldata:1, sensor:10, type:2, x:-35.548183 y:-1.208278 z:-26.958792

01-14 12:39:53.971  1844  2335 D sensors_hal_Util: waitForResponse: timeout=0

01-14 12:39:53.985  1844  2265 V sensors_hal_Gyro: processReportInd: X: 0.000717 Y: 0.000061 Z: 0.000137 

01-14 12:39:53.985  1844  2335 D sensors_hal_Ctx: poll:polldata:2, sensor:0, type:1, x:-1.752121 y:-0.514847 z:9.869675

01-14 12:39:53.985  1844  2335 D sensors_hal_Util: waitForResponse: timeout=0

01-14 12:39:53.991  1844  2265 V sensors_hal_Mag: processReportInd:sensor android.sensor.magnetic_field 

01-14 12:39:53.991  1844  2265 V sensors_hal_Mag: processReportInd: Cal Mag Filter, 0, 1, -35.012817, 0.698853, -27.023315, -283.850098, -7.759094, -215.734863, -35.481262, -0.969887, -26.966858

01-14 12:39:53.991  1844  2335 D sensors_hal_Ctx: poll:polldata:1, sensor:10, type:2, x:-35.481262 y:-0.969887 z:-26.966858

01-14 12:39:53.991  1844  2335 D sensors_hal_Util: waitForResponse: timeout=0

01-14 12:39:54.005  1844  2265 V sensors_hal_Gyro: processReportInd: X: -0.000351 Y: 0.000061 Z: 0.000137 

01-14 12:39:54.005  1844  2335 D sensors_hal_Ctx: poll:polldata:2, sensor:0, type:1, x:-1.759308 y:-0.524429 z:9.869675

01-14 12:39:54.005  1844  2335 D sensors_hal_Util: waitForResponse: timeout=0

01-14 12:39:54.011  1844  2265 V sensors_hal_Mag: processReportInd:sensor android.sensor.magnetic_field 

01-14 12:39:54.011  1844  2265 V sensors_hal_Mag: processReportInd: Cal Mag Filter, 1, 1, -35.762024, -0.350952, -27.772522, -284.298706, -6.408691, -217.234802, -35.537338, -0.801086, -27.154350

01-14 12:39:54.011  1844  2335 D sensors_hal_Ctx: poll:polldata:1, sensor:10, type:2, x:-35.537338 y:-0.801086 z:-27.154350

01-14 12:39:54.011  1844  2335 D sensors_hal_Util: waitForResponse: timeout=0

01-14 12:39:54.025  1844  2335 D sensors_hal_Ctx: poll:polldata:1, sensor:0, type:1, x:-1.749725 y:-0.510056 z:9.869675

01-14 12:39:54.025  1844  2265 V sensors_hal_Gyro: processReportInd: X: -0.000351 Y: 0.000061 Z: 0.001205 

01-14 12:39:54.025  1844  2335 D sensors_hal_Ctx: poll:polldata:1, sensor:2, type:4, x:-0.000351 y:0.000061 z:0.001205

01-14 12:39:54.025  1844  2335 D sensors_hal_Util: waitForResponse: timeout=0

01-14 12:39:54.031  1844  2265 V sensors_hal_Mag: processReportInd:sensor android.sensor.magnetic_field 

01-14 12:39:54.031  1844  2265 V sensors_hal_Mag: processReportInd: Cal Mag Filter, 2, 1, -36.062622, -1.100159, -27.772522, -284.748840, -5.958557, -216.033936, -35.593605, -0.744820, -27.004242

01-14 12:39:54.031  1844  2335 D sensors_hal_Ctx: poll:polldata:1, sensor:10, type:2, x:-35.593605 y:-0.744820 z:-27.004242

01-14 12:39:54.031  1844  2335 D sensors_hal_Util: waitForResponse: timeout=0

01-14 12:39:54.045  1844  2265 V sensors_hal_Gyro: processReportInd: X: -0.000351 Y: 0.000061 Z: 0.000137 

01-14 12:39:54.045  1844  2335 D sensors_hal_Ctx: poll:polldata:1, sensor:0, type:1, x:-1.759308 y:-0.505280 z:9.860107

01-14 12:39:54.045  1844  2335 D sensors_hal_Ctx: poll:polldata:1, sensor:2, type:4, x:-0.000351 y:0.000061 z:0.000137

01-14 12:39:54.045  1844  2335 D sensors_hal_Util: waitForResponse: timeout=0

01-14 12:39:54.051  1844  2265 V sensors_hal_Mag: processReportInd:sensor android.sensor.magnetic_field 

01-14 12:39:54.051  1844  2265 V sensors_hal_Mag: processReportInd: Cal Mag Filter, 3, 1, -34.562683, -1.850891, -26.423645, -283.099365, -6.558228, -216.784668, -35.387421, -0.819778, -27.098083

01-14 12:39:54.051  1844  2335 D sensors_hal_Ctx: poll:polldata:1, sensor:10, type:2, x:-35.387421 y:-0.819778 z:-27.098083

01-14 12:39:54.051  1844  2335 D sensors_hal_Util: waitForResponse: timeout=0

01-14 12:39:54.065  1844  2265 V sensors_hal_Gyro: processReportInd: X: -0.000351 Y: 0.000061 Z: -0.000931 

01-14 12:39:54.065  1844  2335 D sensors_hal_Ctx: poll:polldata:2, sensor:0, type:1, x:-1.754517 y:-0.517242 z:9.867279

01-14 12:39:54.065  1844  2335 D sensors_hal_Util: waitForResponse: timeout=0

01-14 12:39:54.071  1844  2265 V sensors_hal_Mag: processReportInd:sensor android.sensor.magnetic_field 

01-14 12:39:54.071  1844  2265 V sensors_hal_Mag: processReportInd: Cal Mag Filter, 4, 1, -36.212158, -0.500488, -26.423645, -284.149170, -5.807495, -217.535400, -35.518646, -0.725937, -27.191925

01-14 12:39:54.071  1844  2335 D sensors_hal_Ctx: poll:polldata:1, sensor:10, type:2, x:-35.518646 y:-0.725937 z:-27.191925

01-14 12:39:54.071  1844  2335 D sensors_hal_Util: waitForResponse: timeout=0

01-14 12:39:54.085  1844  2265 V sensors_hal_Gyro: processReportInd: X: 0.000717 Y: 0.000061 Z: 0.000137 

01-14 12:39:54.085  1844  2335 D sensors_hal_Ctx: poll:polldata:2, sensor:0, type:1, x:-1.754517 y:-0.522034 z:9.850525

01-14 12:39:54.085  1844  2335 D sensors_hal_Util: waitForResponse: timeout=0

01-14 12:39:54.091  1844  2265 V sensors_hal_Mag: processReportInd:sensor android.sensor.magnetic_field 

01-14 12:39:54.091  1844  2265 V sensors_hal_Mag: processReportInd: Cal Mag Filter, 5, 1, -35.762024, -1.100159, -25.073242, -283.699036, -5.656433, -216.935730, -35.462379, -0.707054, -27.116966

01-14 12:39:54.091  1844  2335 D sensors_hal_Ctx: poll:polldata:1, sensor:10, type:2, x:-35.462379 y:-0.707054 z:-27.116966

01-14 12:39:54.091  1844  2335 D sensors_hal_Util: waitForResponse: timeout=0

01-14 12:39:54.104  1844  2265 V sensors_hal_Gyro: processReportInd: X: 0.000717 Y: 0.001129 Z: 0.001205 

01-14 12:39:54.104  1844  2335 D sensors_hal_Ctx: poll:polldata:2, sensor:0, type:1, x:-1.749725 y:-0.514847 z:9.872070

01-14 12:39:54.104  1844  2335 D sensors_hal_Util: waitForResponse: timeout=0

01-14 12:39:54.111  1844  2265 V sensors_hal_Mag: processReportInd:sensor android.sensor.magnetic_field 

01-14 12:39:54.111  1844  2265 V sensors_hal_Mag: processReportInd: Cal Mag Filter, 6, 1, -35.913086, -0.801086, -26.423645, -284.899902, -5.805969, -214.836121, -35.612488, -0.725746, -26.854515

01-14 12:39:54.111  1844  2335 D sensors_hal_Ctx: poll:polldata:1, sensor:10, type:2, x:-35.612488 y:-0.725746 z:-26.854515

01-14 12:39:54.111  1844  2335 D sensors_hal_Util: waitForResponse: timeout=0

01-14 12:39:54.124  1844  2265 V sensors_hal_Gyro: processReportInd: X: -0.000351 Y: 0.001129 Z: 0.000137 

01-14 12:39:54.124  1844  2335 D sensors_hal_Ctx: poll:polldata:2, sensor:0, type:1, x:-1.737762 y:-0.507675 z:9.862503

01-14 12:39:54.124  1844  2335 D sensors_hal_Util: waitForResponse: timeout=0

01-14 12:39:54.131  1844  2265 V sensors_hal_Mag: processReportInd:sensor android.sensor.magnetic_field 

01-14 12:39:54.131  1844  2265 V sensors_hal_Mag: processReportInd: Cal Mag Filter, 7, 1, -33.813477, -0.201416, -25.672913, -283.100891, -5.206299, -212.585449, -35.387611, -0.650787, -26.573181

01-14 12:39:54.131  1844  2335 D sensors_hal_Ctx: poll:polldata:1, sensor:10, type:2, x:-35.387611 y:-0.650787 z:-26.573181

01-14 12:39:54.131  1844  2335 D sensors_hal_Util: waitForResponse: timeout=0

01-14 12:39:54.145  1844  2265 V sensors_hal_Gyro: processReportInd: X: -0.000351 Y: 0.001129 Z: 0.000137 

01-14 12:39:54.145  1844  2335 D sensors_hal_Ctx: poll:polldata:1, sensor:0, type:1, x:-1.759308 y:-0.512451 z:9.848129

01-14 12:39:54.145  1844  2335 D sensors_hal_Ctx: poll:polldata:1, sensor:2, type:4, x:-0.000351 y:0.001129 z:0.000137

01-14 12:39:54.145  1844  2335 D sensors_hal_Util: waitForResponse: timeout=0

01-14 12:39:54.152  1844  2265 V sensors_hal_Mag: processReportInd:sensor android.sensor.magnetic_field 

01-14 12:39:54.152  1844  2265 V sensors_hal_Mag: processReportInd: Cal Mag Filter, 0, 1, -35.313416, -1.400757, -26.573181, -283.401489, -7.305908, -212.135315, -35.425186, -0.913239, -26.516914

01-14 12:39:54.152  1844  2335 D sensors_hal_Ctx: poll:polldata:1, sensor:10, type:2, x:-35.425186 y:-0.913239 z:-26.516914

01-14 12:39:54.152  1844  2335 D sensors_hal_Util: waitForResponse: timeout=0

01-14 12:39:54.164  1844  2265 V sensors_hal_Gyro: processReportInd: X: -0.000351 Y: 0.001129 Z: 0.001205 

01-14 12:39:54.164  1844  2335 D sensors_hal_Ctx: poll:polldata:2, sensor:0, type:1, x:-1.749725 y:-0.517242 z:9.838547

01-14 12:39:54.164  1844  2335 D sensors_hal_Util: waitForResponse: timeout=0

01-14 12:39:54.171  1844  2265 V sensors_hal_Mag: processReportInd:sensor android.sensor.magnetic_field 

01-14 12:39:54.171  1844  2265 V sensors_hal_Mag: processReportInd: Cal Mag Filter, 1, 1, -35.313416, -0.651550, -25.073242, -282.952881, -7.606506, -209.436035, -35.369110, -0.950813, -26.179504

01-14 12:39:54.171  1844  2335 D sensors_hal_Ctx: poll:polldata:1, sensor:10, type:2, x:-35.369110 y:-0.950813 z:-26.179504

01-14 12:39:54.171  1844  2335 D sensors_hal_Util: waitForResponse: timeout=0

01-14 12:39:54.184  1844  2265 V sensors_hal_Gyro: processReportInd: X: -0.000351 Y: 0.000061 Z: 0.000137 

01-14 12:39:54.184  1844  2335 D sensors_hal_Ctx: poll:polldata:2, sensor:0, type:1, x:-1.754517 y:-0.510056 z:9.872070

01-14 12:39:54.184  1844  2335 D sensors_hal_Util: waitForResponse: timeout=0

01-14 12:39:54.191  1844  2265 V sensors_hal_Mag: processReportInd:sensor android.sensor.magnetic_field 

01-14 12:39:54.191  1844  2265 V sensors_hal_Mag: processReportInd: Cal Mag Filter, 2, 1, -35.162354, -1.550293, -26.123047, -282.052612, -8.056641, -207.786560, -35.256577, -1.007080, -25.973320

01-14 12:39:54.191  1844  2335 D sensors_hal_Ctx: poll:polldata:1, sensor:10, type:2, x:-35.256577 y:-1.007080 z:-25.973320

01-14 12:39:54.191  1844  2335 D sensors_hal_Util: waitForResponse: timeout=0

01-14 12:39:54.204  1844  2265 V sensors_hal_Gyro: processReportInd: X: -0.000351 Y: 0.000061 Z: 0.000137 

01-14 12:39:54.204  1844  2335 D sensors_hal_Ctx: poll:polldata:1, sensor:0, type:1, x:-1.756912 y:-0.512451 z:9.864883

01-14 12:39:54.204  1844  2335 D sensors_hal_Ctx: poll:polldata:1, sensor:2, type:4, x:-0.000351 y:0.000061 z:0.000137

01-14 12:39:54.204  1844  2335 D sensors_hal_Util: waitForResponse: timeout=0

01-14 12:39:54.211  1844  2265 V sensors_hal_Mag: processReportInd:sensor android.sensor.magnetic_field 

01-14 12:39:54.211  1844  2265 V sensors_hal_Mag: processReportInd: Cal Mag Filter, 3, 1, -35.162354, -2.301025, -25.672913, -282.652283, -8.506775, -207.035828, -35.331535, -1.063347, -25.879478

01-14 12:39:54.211  1844  2335 D sensors_hal_Ctx: poll:polldata:1, sensor:10, type:2, x:-35.331535 y:-1.063347 z:-25.879478

01-14 12:39:54.211  1844  2335 D sensors_hal_Util: waitForResponse: timeout=0

01-14 12:39:54.225  1844  2265 V sensors_hal_Gyro: processReportInd: X: -0.000351 Y: 0.000061 Z: 0.000137 

01-14 12:39:54.225  1844  2335 D sensors_hal_Ctx: poll:polldata:2, sensor:0, type:1, x:-1.747330 y:-0.517242 z:9.860107

01-14 12:39:54.225  1844  2335 D sensors_hal_Util: waitForResponse: timeout=0

01-14 12:39:54.231  1844  2265 V sensors_hal_Mag: processReportInd:sensor android.sensor.magnetic_field 

01-14 12:39:54.231  1844  2265 V sensors_hal_Mag: processReportInd: Cal Mag Filter, 4, 1, -33.662415, 0.399780, -27.772522, -280.102539, -7.606506, -208.384705, -35.012817, -0.950813, -26.048088

01-14 12:39:54.231  1844  2335 D sensors_hal_Ctx: poll:polldata:1, sensor:10, type:2, x:-35.012817 y:-0.950813 z:-26.048088

01-14 12:39:54.231  1844  2335 D sensors_hal_Util: waitForResponse: timeout=0

01-14 12:39:54.244  1844  2265 V sensors_hal_Gyro: processReportInd: X: -0.000351 Y: 0.000061 Z: 0.000137 

01-14 12:39:54.244  1844  2335 D sensors_hal_Ctx: poll:polldata:2, sensor:0, type:1, x:-1.742554 y:-0.517242 z:9.862503

01-14 12:39:54.244  1844  2335 D sensors_hal_Util: waitForResponse: timeout=0

01-14 12:39:54.251  1844  2265 V sensors_hal_Mag: processReportInd:sensor android.sensor.magnetic_field 

01-14 12:39:54.251  1844  2265 V sensors_hal_Mag: processReportInd: Cal Mag Filter, 5, 1, -34.562683, -1.850891, -27.473450, -278.903198, -8.357239, -210.784912, -34.862900, -1.044655, -26.348114

01-14 12:39:54.251  1844  2335 D sensors_hal_Ctx: poll:polldata:1, sensor:10, type:2, x:-34.862900 y:-1.044655 z:-26.348114

01-14 12:39:54.251  1844  2335 D sensors_hal_Util: waitForResponse: timeout=0

01-14 12:39:54.264  1844  2265 V sensors_hal_Gyro: processReportInd: X: -0.000351 Y: 0.000061 Z: 0.000137 

01-14 12:39:54.264  1844  2335 D sensors_hal_Ctx: poll:polldata:2, sensor:0, type:1, x:-1.752121 y:-0.510056 z:9.855316

01-14 12:39:54.264  1844  2335 D sensors_hal_Util: waitForResponse: timeout=0

01-14 12:39:54.271  1844  2265 V sensors_hal_Mag: processReportInd:sensor android.sensor.magnetic_field 

01-14 12:39:54.271  1844  2265 V sensors_hal_Mag: processReportInd: Cal Mag Filter, 6, 1, -35.162354, -0.801086, -27.473450, -278.152466, -8.357239, -211.834717, -34.769058, -1.044655, -26.479340

01-14 12:39:54.271  1844  2335 D sensors_hal_Ctx: poll:polldata:1, sensor:10, type:2, x:-34.769058 y:-1.044655 z:-26.479340

