01-14 12:40:50.012 29312 29331 D UE4     : LogNet: Warning: Travel Failure: [InvalidURL]: Invalid URL: /Game/Game/Level/0

01-14 12:40:50.012 29312 29331 D UE4     : [2020.01.14-03.40.50:012][884]LogNet: Warning: Travel Failure: [InvalidURL]: Invalid URL: /Game/Game/Level/0

01-14 12:40:50.012 29312 29331 D UE4     : [2020.01.14-03.40.50:012][884]LogNet: TravelFailure: InvalidURL, Reason for Failure: 'Invalid URL: /Game/Game/Level/0'

01-14 12:40:50.012 29312 29331 D UE4     : LogNet: Warning: Travel Failure: [ClientTravelFailure]: Invalid URL: /Game/Game/Level/0

01-14 12:40:50.012 29312 29331 D UE4     : [2020.01.14-03.40.50:012][884]LogNet: Warning: Travel Failure: [ClientTravelFailure]: Invalid URL: /Game/Game/Level/0

01-14 12:40:50.012 29312 29331 D UE4     : [2020.01.14-03.40.50:012][884]LogNet: TravelFailure: ClientTravelFailure, Reason for Failure: 'Invalid URL: /Game/Game/Level/0'

01-14 12:40:50.016 29312 29331 D UE4     : [2020.01.14-03.40.50:016][885]LogNet: Browse: /Game/Game/Level/0?closed

01-14 12:40:50.016 29312 29331 D UE4     : [2020.01.14-03.40.50:016][885]LogNet: Failed; returning to Entry

01-14 12:40:50.025 29312 29331 D UE4     : [2020.01.14-03.40.50:025][885]LogLoad: LoadMap: /Game/Game/Level/0?closed

01-14 12:40:50.026 29312 29331 D UE4     : In AndroidThunkJava_HideAdBanner

01-14 12:40:50.052  4692  5030 D AppChangedDetector: lastUsedAppId com.YourCompany.Rolling

01-14 12:40:50.060 29312 29331 D UE4     : [2020.01.14-03.40.50:060][885]LogAIModule: Creating AISystem for world 0

01-14 12:40:50.086 29312 29331 D UE4     : [2020.01.14-03.40.50:086][885]LogLoad: Game class is 'RollingGameMode_C'

01-14 12:40:50.088 29312 29331 D UE4     : [2020.01.14-03.40.50:088][885]LogWorld: Bringing World /Game/Game/Level/0.0 up for play (max tick rate 0) at 2020.01.14-12.40.50

01-14 12:40:50.089 29312 29331 D UE4     : [2020.01.14-03.40.50:088][885]LogWorld: Bringing up level for play took: 0.001058

01-14 12:40:50.089 29312 29331 D UE4     : LogOnline: Display: FOnlineIdentityGooglePlay::GetPlayerNickname

01-14 12:40:50.089 29312 29331 D UE4     : [2020.01.14-03.40.50:089][885]LogOnline: Display: FOnlineIdentityGooglePlay::GetPlayerNickname

01-14 12:40:50.090 29312 29331 D UE4     : [2020.01.14-03.40.50:090][885]LogGameMode: FindPlayerStart: PATHS NOT DEFINED or NO PLAYERSTART with positive rating

01-14 12:40:50.123  1844  2453 D administrator: Handling package changes for user 0

01-14 12:40:50.134 29312 29331 D UE4     : [2020.01.14-03.40.50:134][885]LogPackageName: SearchForPackageOnDisk took   0.038s, but failed to resolve 16.umap.

01-14 12:40:50.136 29312 29331 D UE4     : [2020.01.14-03.40.50:136][885]LogLoad: Took 0.111290 seconds to LoadMap(/Game/Game/Level/0)

01-14 12:40:50.138  4875  4875 D LGAodEx : MeshWidgetContainer.java:113 onReceive(): android.intent.action.PACKAGE_CHANGED

01-14 12:40:50.141  2571  2571 I QMemoHandler: [QMemoHandler.java:108:onReceive()]onReceive = android.intent.action.PACKAGE_CHANGED, packageName: package:com.google.android.instantapps.supervisor, userId: 0

01-14 12:40:50.148  1844  2323 D sensors_hal_LGMotionAccel: processInd: LP2: X: -0.556107 Y: 3.350677 Z: 10.183746 SAM TS: 3578369543 HAL TS:240291404302695 elapsedRealtimeNano:240291450212901

01-14 12:40:50.154  1844  1874 I ActivityManager: Start proc 29575:com.lge.mirrorlink/1000 for broadcast com.lge.mirrorlink/.MirrorLinkPackageReceiver

01-14 12:40:50.158  1844  2504 W ActivityManager: Permission Denial: Accessing service ComponentInfo{com.google.android.music/com.google.android.music.dial.DialMediaRouteProviderService} from pid=11532, uid=10199 that is not exported from uid 10186

01-14 12:40:50.175  3077  3077 W RegisteredComponentCache: Unable to load component info ResolveInfo{38d0262 com.hanabank.ebk.channel.android.hananbank/.MainActivity m=0x108000}

01-14 12:40:50.175  3077  3077 W RegisteredComponentCache: org.xmlpull.v1.XmlPullParserException: No android.nfc.action.TECH_DISCOVERED meta-data

01-14 12:40:50.175  3077  3077 W RegisteredComponentCache: 	at com.android.nfc.RegisteredComponentCache.parseComponentInfo(RegisteredComponentCache.java:186)

01-14 12:40:50.175  3077  3077 W RegisteredComponentCache: 	at com.android.nfc.RegisteredComponentCache.generateComponentsList(RegisteredComponentCache.java:161)

01-14 12:40:50.175  3077  3077 W RegisteredComponentCache: 	at com.android.nfc.RegisteredComponentCache$1.onReceive(RegisteredComponentCache.java:66)

01-14 12:40:50.175  3077  3077 W RegisteredComponentCache: 	at android.app.LoadedApk$ReceiverDispatcher$Args.run(LoadedApk.java:923)

01-14 12:40:50.175  3077  3077 W RegisteredComponentCache: 	at android.os.Handler.handleCallback(Handler.java:739)

01-14 12:40:50.175  3077  3077 W RegisteredComponentCache: 	at android.os.Handler.dispatchMessage(Handler.java:95)

01-14 12:40:50.175  3077  3077 W RegisteredComponentCache: 	at android.os.Looper.loop(Looper.java:148)

01-14 12:40:50.175  3077  3077 W RegisteredComponentCache: 	at android.app.ActivityThread.main(ActivityThread.java:5551)

01-14 12:40:50.175  3077  3077 W RegisteredComponentCache: 	at java.lang.reflect.Method.invoke(Native Method)

01-14 12:40:50.175  3077  3077 W RegisteredComponentCache: 	at com.android.internal.os.ZygoteInit$MethodAndArgsCaller.run(ZygoteInit.java:730)

01-14 12:40:50.175  3077  3077 W RegisteredComponentCache: 	at com.android.internal.os.ZygoteInit.main(ZygoteInit.java:620)

01-14 12:40:50.191  1844  2346 I InputReader: Reconfiguring input devices.  changes=0x00000010

01-14 12:40:50.194  3163  3163 D [SMS_LD]: assignWriteSmsPermissionToSharedApp() packageName=com.lge.networksettings

01-14 12:40:50.196  3077  3077 D LCardEmulationManager: ##### onServicesUpdated ######

01-14 12:40:50.196  3077  3077 D LCardEmulationManager: Currunt Default Payment :: ComponentInfo{com.google.android.gms/com.google.android.gms.tapandpay.hce.service.TpHceService}

01-14 12:40:50.196  3077  3077 D LCardEmulationManager: (defaultPaymentService != null)

01-14 12:40:50.196  3077  3077 D LCardEmulationManager: hostAidLength : 228 offHostAidLength : 0

01-14 12:40:50.197  3077  3077 D LCardEmulationManager: hostAidCount : 20 offHostAidCount : 0

01-14 12:40:50.197  3077  3077 D LCardEmulationManager: aidRoutingTableSize == 660 aidEntryMaxSize : 50

01-14 12:40:50.197  3077  3077 D LCardEmulationManager: Routing table both side all available

01-14 12:40:50.197  3077  3077 D LCardEmulationManager: setDefaultRoute : route(243)

01-14 12:40:50.197  3077  3077 D LCardEmulationManager: Same as previous default route!!

01-14 12:40:50.197  3077  3077 D LOtherCategoryManager: ### disable App count :: previousAppCount :: 0

01-14 12:40:50.197  3077  3077 D LOtherCategoryManager: ### disable App count :: appCount :: 0

01-14 12:40:50.201  5034 29588 D allapps :  5

01-14 12:40:50.202  5034 29588 D allapps :  5

01-14 12:40:50.205  3077  3077 D LCardEmulationManager: Currunt Default Payment :: ComponentInfo{com.google.android.gms/com.google.android.gms.tapandpay.hce.service.TpHceService}

01-14 12:40:50.205  3077  3077 D LCardEmulationManager: (defaultPaymentService != null)

01-14 12:40:50.206  3077  3077 D LCardEmulationManager: hostAidLength : 228 offHostAidLength : 0

01-14 12:40:50.206  3077  3077 D LCardEmulationManager: hostAidCount : 20 offHostAidCount : 0

01-14 12:40:50.206  3077  3077 D LCardEmulationManager: aidRoutingTableSize == 660 aidEntryMaxSize : 50

01-14 12:40:50.206  3077  3077 D LCardEmulationManager: Routing table both side all available

01-14 12:40:50.227 29312 29331 D UE4     : [2020.01.14-03.40.50:227][886]LogPackageName: SearchForPackageOnDisk took   0.040s, but failed to resolve 16.umap.

01-14 12:40:50.227 29312 29331 D UE4     : [2020.01.14-03.40.50:227][886]LogNet: Browse: /Game/Game/Level/0

01-14 12:40:50.227 29312 29331 D UE4     : LogNet: Warning: Travel Failure: [InvalidURL]: Invalid URL: /Game/Game/Level/0

01-14 12:40:50.228 29312 29331 D UE4     : [2020.01.14-03.40.50:227][886]LogNet: Warning: Travel Failure: [InvalidURL]: Invalid URL: /Game/Game/Level/0

01-14 12:40:50.228 29312 29331 D UE4     : [2020.01.14-03.40.50:228][886]LogNet: TravelFailure: InvalidURL, Reason for Failure: 'Invalid URL: /Game/Game/Level/0'

01-14 12:40:50.228 29312 29331 D UE4     : LogNet: Warning: Travel Failure: [ClientTravelFailure]: Invalid URL: /Game/Game/Level/0

01-14 12:40:50.228 29312 29331 D UE4     : [2020.01.14-03.40.50:228][886]LogNet: Warning: Travel Failure: [ClientTravelFailure]: Invalid URL: /Game/Game/Level/0

01-14 12:40:50.228 29312 29331 D UE4     : [2020.01.14-03.40.50:228][886]LogNet: TravelFailure: ClientTravelFailure, Reason for Failure: 'Invalid URL: /Game/Game/Level/0'

01-14 12:40:50.232 29312 29331 D UE4     : [2020.01.14-03.40.50:232][887]LogNet: Browse: /Game/Game/Level/0?closed

01-14 12:40:50.233 29312 29331 D UE4     : [2020.01.14-03.40.50:232][887]LogNet: Failed; returning to Entry

01-14 12:40:50.233 29312 29331 D UE4     : [2020.01.14-03.40.50:233][887]LogLoad: LoadMap: /Game/Game/Level/0?closed

01-14 12:40:50.234 29312 29331 D UE4     : In AndroidThunkJava_HideAdBanner

01-14 12:40:50.259 29312 29331 D UE4     : [2020.01.14-03.40.50:259][887]LogAIModule: Creating AISystem for world 0

01-14 12:40:50.291 29575 29575 I MirrorLinkPackageReceiver: MirrorLinkPackageReceiver : create instance of TmAppListManager [MirrorLinkPackageReceiver.java:34:onReceive()]

01-14 12:40:50.292 29312 29331 D UE4     : [2020.01.14-03.40.50:292][887]LogLoad: Game class is 'RollingGameMode_C'

01-14 12:40:50.296 29312 29331 D UE4     : [2020.01.14-03.40.50:296][887]LogWorld: Bringing World /Game/Game/Level/0.0 up for play (max tick rate 0) at 2020.01.14-12.40.50

01-14 12:40:50.297 29312 29331 D UE4     : [2020.01.14-03.40.50:297][887]LogWorld: Bringing up level for play took: 0.001223

01-14 12:40:50.297 29312 29331 D UE4     : LogOnline: Display: FOnlineIdentityGooglePlay::GetPlayerNickname

01-14 12:40:50.297 29312 29331 D UE4     : [2020.01.14-03.40.50:297][887]LogOnline: Display: FOnlineIdentityGooglePlay::GetPlayerNickname

01-14 12:40:50.298 29312 29331 D UE4     : [2020.01.14-03.40.50:298][887]LogGameMode: FindPlayerStart: PATHS NOT DEFINED or NO PLAYERSTART with positive rating

01-14 12:40:50.315 29575 29575 D MirrorLink_UPnP: loadPredefinedAppInfo : load app:com.lge.mirrorlink/com.lge.mirrorlink.vnc.TmVNCServer [TmAppListManager.java:526:loadPredefinedAppInfo()]

01-14 12:40:50.316 29575 29575 D MirrorLink_UPnP: loadPredefinedAppInfo : load app:com.lge.mirrorlink/com.lge.mirrorlink.rtp.TmRTPServer [TmAppListManager.java:526:loadPredefinedAppInfo()]

01-14 12:40:50.318 29575 29575 D MirrorLink_UPnP: loadPredefinedAppInfo : load app:com.lge.mirrorlink/com.lge.mirrorlink.bt.BTHFP [TmAppListManager.java:526:loadPredefinedAppInfo()]

01-14 12:40:50.319 29575 29575 D MirrorLink_UPnP: loadPredefinedAppInfo : load app:com.lge.mirrorlink/com.lge.mirrorlink.bt.BTA2DP [TmAppListManager.java:526:loadPredefinedAppInfo()]

01-14 12:40:50.320 29575 29575 D MirrorLink_UPnP: loadPredefinedAppInfo : load app:com.lge.mirrorlink/com.lge.mirrorlink.dap.TmDAPServer [TmAppListManager.java:526:loadPredefinedAppInfo()]

01-14 12:40:50.321 29575 29575 I MirrorLink_UPnP: loadPredefinedAppInfo : loaded app num:5 [TmAppListManager.java:551:loadPredefinedAppInfo()]

01-14 12:40:50.321 29575 29575 D MirrorLink_UPnP: /data/data/com.lge.mirrorlink/files [TmAppListManager.java:474:<init>()]

01-14 12:40:50.322 29575 29575 I MirrorLinkPackageReceiver: MirrorLinkPackageReceiver : ACTION_PACKAGE_CHANGED:com.google.android.instantapps.supervisor [MirrorLinkPackageReceiver.java:51:onReceive()]

01-14 12:40:50.323 29575 29575 D MirrorLink_UPnP: removeApp : com.google.android.instantapps.supervisor [TmAppListManager.java:1717:removeApp()]

01-14 12:40:50.324 29575 29589 I MirrorLink_UPnP: add internal app:com.lge.mirrorlink/com.lge.mirrorlink.vnc.TmVNCServer [TmAppListManager.java:589:putInternalApp()]

01-14 12:40:50.325 29575 29589 I MirrorLink_UPnP: add internal app:com.lge.mirrorlink/com.lge.mirrorlink.rtp.TmRTPServer [TmAppListManager.java:589:putInternalApp()]

01-14 12:40:50.325 29575 29589 I MirrorLink_UPnP: add internal app:com.lge.mirrorlink/com.lge.mirrorlink.bt.BTHFP [TmAppListManager.java:589:putInternalApp()]

01-14 12:40:50.325 29575 29589 I MirrorLink_UPnP: add internal app:com.lge.mirrorlink/com.lge.mirrorlink.bt.BTA2DP [TmAppListManager.java:589:putInternalApp()]

01-14 12:40:50.325 29575 29589 I MirrorLink_UPnP: add internal app:com.lge.mirrorlink/com.lge.mirrorlink.dap.TmDAPServer [TmAppListManager.java:589:putInternalApp()]

01-14 12:40:50.334 29575 29589 I MirrorLink_UPnP: loaded app num:0 [TmAppListManager.java:697:loadMLAppList()]

01-14 12:40:50.338 29575 29575 I MirrorLinkPackageReceiver: MirrorLinkPackageReceiver : free instance of TmAppListManager [MirrorLinkPackageReceiver.java:78:onReceive()]

01-14 12:40:50.339 29575 29575 I MirrorLinkPackageReceiver: non MirrorLink User [MirrorLinkPackageReceiver.java:86:onReceive()]

01-14 12:40:50.343 29575 29575 I MirrorLinkPackageReceiver: topActivity : ComponentInfo{com.YourCompany.Rolling/com.epicgames.ue4.GameActivity} [MirrorLinkPackageReceiver.java:108:isMirrorLinkSettingForeground()]

01-14 12:40:50.344 29575 29575 I Process : Sending signal. PID: 29575 SIG: 9

01-14 12:40:50.349 29312 29331 D UE4     : [2020.01.14-03.40.50:349][887]LogPackageName: SearchForPackageOnDisk took   0.040s, but failed to resolve 16.umap.

01-14 12:40:50.351 29312 29331 D UE4     : [2020.01.14-03.40.50:351][887]LogLoad: Took 0.117576 seconds to LoadMap(/Game/Game/Level/0)

01-14 12:40:50.371  1844  1857 I ActivityManager: Process com.lge.mirrorlink (pid 29575) has died

01-14 12:40:50.372  1844  1857 D ActivityManager: cleanUpApplicationRecord -- 29575

01-14 12:40:50.383  1844  1872 W ResourceType: ResTable_typeSpec entry count inconsistent: given 29, previously 35

01-14 12:40:50.388  1844  1872 W ResourceType: ResTable_typeSpec entry count inconsistent: given 2184, previously 2181

01-14 12:40:50.389  1844  1872 W ResourceType: ResTable_typeSpec entry count inconsistent: given 272, previously 1525

01-14 12:40:50.407  1844  1874 I ActivityManager: Start proc 29592:com.lge.appbox.client/2901 for broadcast com.lge.appbox.client/com.lge.appbox.manager.PreloadListManagerHelper

01-14 12:40:50.422 29312 29331 D UE4     : [2020.01.14-03.40.50:422][888]LogPackageName: SearchForPackageOnDisk took   0.047s, but failed to resolve 16.umap.

01-14 12:40:50.422 29312 29331 D UE4     : [2020.01.14-03.40.50:422][888]LogNet: Browse: /Game/Game/Level/0

01-14 12:40:50.422 29312 29331 D UE4     : LogNet: Warning: Travel Failure: [InvalidURL]: Invalid URL: /Game/Game/Level/0

01-14 12:40:50.422 29312 29331 D UE4     : [2020.01.14-03.40.50:422][888]LogNet: Warning: Travel Failure: [InvalidURL]: Invalid URL: /Game/Game/Level/0

01-14 12:40:50.422 29312 29331 D UE4     : [2020.01.14-03.40.50:422][888]LogNet: TravelFailure: InvalidURL, Reason for Failure: 'Invalid URL: /Game/Game/Level/0'

01-14 12:40:50.422 29312 29331 D UE4     : LogNet: Warning: Travel Failure: [ClientTravelFailure]: Invalid URL: /Game/Game/Level/0

01-14 12:40:50.422 29312 29331 D UE4     : [2020.01.14-03.40.50:422][888]LogNet: Warning: Travel Failure: [ClientTravelFailure]: Invalid URL: /Game/Game/Level/0

01-14 12:40:50.423 29312 29331 D UE4     : [2020.01.14-03.40.50:422][888]LogNet: TravelFailure: ClientTravelFailure, Reason for Failure: 'Invalid URL: /Game/Game/Level/0'

01-14 12:40:50.427 29312 29331 D UE4     : [2020.01.14-03.40.50:427][889]LogNet: Browse: /Game/Game/Level/0?closed

01-14 12:40:50.427 29312 29331 D UE4     : [2020.01.14-03.40.50:427][889]LogNet: Failed; returning to Entry

01-14 12:40:50.433 29312 29331 D UE4     : [2020.01.14-03.40.50:433][889]LogLoad: LoadMap: /Game/Game/Level/0?closed

01-14 12:40:50.434 29312 29331 D UE4     : In AndroidThunkJava_HideAdBanner

01-14 12:40:50.465 29592 29592 W System  : ClassLoader referenced unknown path: /system/priv-app/LGApplicationManager/lib/arm

01-14 12:40:50.471 29312 29331 D UE4     : [2020.01.14-03.40.50:471][889]LogAIModule: Creating AISystem for world 0

01-14 12:40:50.487  1844  2323 D sensors_hal_LGMotionAccel: processInd: LP2: X: -1.778259 Y: 4.266403 Z: 8.998962 SAM TS: 3578380463 HAL TS:240291737554648 elapsedRealtimeNano:240291789183578

01-14 12:40:50.489 29592 29592 I AppUp4:AppBoxCP: onCreate

01-14 12:40:50.490 29592 29592 W AppUp4:DB:  [AppBoxDatabaseHelper] construct

01-14 12:40:50.500 29592 29592 I AppUp4:DB:  setFingerPrint start

01-14 12:40:50.501 29592 29592 I AppUp4:DB:  newfinger = lge/h1_skt_kr/h1:6.0.1/MMB29M/172341219d97e:user/release-keys SDK version = 23

01-14 12:40:50.505 29312 29331 D UE4     : [2020.01.14-03.40.50:505][889]LogLoad: Game class is 'RollingGameMode_C'

01-14 12:40:50.507 29592 29592 I AppUp4:DB:  beforefinger = lge/h1_skt_kr/h1:6.0.1/MMB29M/172341219d97e:user/release-keys

01-14 12:40:50.508 29592 29592 I AppUp4:DB:  SDK version = 23

01-14 12:40:50.508 29592 29592 I AppUp4:DB:  beforefinger == newfinger no write in DB

01-14 12:40:50.509 29592 29592 D AppUp4:AppBoxApplication: AppBoxApplication onCreate()

01-14 12:40:50.510 29312 29331 D UE4     : [2020.01.14-03.40.50:510][889]LogWorld: Bringing World /Game/Game/Level/0.0 up for play (max tick rate 0) at 2020.01.14-12.40.50

01-14 12:40:50.510 29312 29331 D UE4     : [2020.01.14-03.40.50:510][889]LogWorld: Bringing up level for play took: 0.001624

01-14 12:40:50.511 29312 29331 D UE4     : LogOnline: Display: FOnlineIdentityGooglePlay::GetPlayerNickname

01-14 12:40:50.511 29312 29331 D UE4     : [2020.01.14-03.40.50:511][889]LogOnline: Display: FOnlineIdentityGooglePlay::GetPlayerNickname

01-14 12:40:50.512 29312 29331 D UE4     : [2020.01.14-03.40.50:512][889]LogGameMode: FindPlayerStart: PATHS NOT DEFINED or NO PLAYERSTART with positive rating

01-14 12:40:50.533  1844  3094 I ActivityManager: Start proc 29605:com.android.contacts/u0a27 for broadcast com.android.contacts/.quickcontact.PackageIntentReceiver

01-14 12:40:50.535  1844  3094 I ActivityManager: Killing 28787:com.google.android.talk/u0a112 (adj 15): empty #22

01-14 12:40:50.555  4692  5030 D AppChangedDetector: lastUsedAppId com.YourCompany.Rolling

01-14 12:40:50.562 29312 29331 D UE4     : [2020.01.14-03.40.50:562][889]LogPackageName: SearchForPackageOnDisk took   0.041s, but failed to resolve 16.umap.

01-14 12:40:50.564 29312 29331 D UE4     : [2020.01.14-03.40.50:564][889]LogLoad: Took 0.130532 seconds to LoadMap(/Game/Game/Level/0)

01-14 12:40:50.579  1844  3083 D ConnectivityService: ConnectivityService NetworkRequestInfo binderDied(NetworkRequest [ id=1738, legacyType=-1, [ Capabilities: INTERNET&NOT_RESTRICTED&TRUSTED] ], android.os.BinderProxy@3280984)

01-14 12:40:50.579  1844  2516 D ConnectivityService: releasing NetworkRequest NetworkRequest [ id=1738, legacyType=-1, [ Capabilities: INTERNET&NOT_RESTRICTED&TRUSTED] ]

01-14 12:40:50.583  1844  2516 E ConnectivityService: RemoteException caught trying to send a callback msg for NetworkRequest [ id=1738, legacyType=-1, [ Capabilities: INTERNET&NOT_RESTRICTED&TRUSTED] ]

01-14 12:40:50.593  1844  2894 D ActivityManager: cleanUpApplicationRecord -- 28787

01-14 12:40:50.628 29312 29331 D UE4     : [2020.01.14-03.40.50:628][890]LogPackageName: SearchForPackageOnDisk took   0.041s, but failed to resolve 16.umap.

01-14 12:40:50.628 29312 29331 D UE4     : [2020.01.14-03.40.50:628][890]LogNet: Browse: /Game/Game/Level/0

01-14 12:40:50.628 29312 29331 D UE4     : LogNet: Warning: Travel Failure: [InvalidURL]: Invalid URL: /Game/Game/Level/0

01-14 12:40:50.628 29312 29331 D UE4     : [2020.01.14-03.40.50:628][890]LogNet: Warning: Travel Failure: [InvalidURL]: Invalid URL: /Game/Game/Level/0

01-14 12:40:50.628 29312 29331 D UE4     : [2020.01.14-03.40.50:628][890]LogNet: TravelFailure: InvalidURL, Reason for Failure: 'Invalid URL: /Game/Game/Level/0'

01-14 12:40:50.628 29312 29331 D UE4     : LogNet: Warning: Travel Failure: [ClientTravelFailure]: Invalid URL: /Game/Game/Level/0

01-14 12:40:50.629 29312 29331 D UE4     : [2020.01.14-03.40.50:628][890]LogNet: Warning: Travel Failure: [ClientTravelFailure]: Invalid URL: /Game/Game/Level/0

01-14 12:40:50.629 29312 29331 D UE4     : [2020.01.14-03.40.50:629][890]LogNet: TravelFailure: ClientTravelFailure, Reason for Failure: 'Invalid URL: /Game/Game/Level/0'

01-14 12:40:50.635 29312 29331 D UE4     : [2020.01.14-03.40.50:635][891]LogNet: Browse: /Game/Game/Level/0?closed

01-14 12:40:50.635 29312 29331 D UE4     : [2020.01.14-03.40.50:635][891]LogNet: Failed; returning to Entry

01-14 12:40:50.640 29312 29331 D UE4     : [2020.01.14-03.40.50:640][891]LogLoad: LoadMap: /Game/Game/Level/0?closed

01-14 12:40:50.641 29312 29331 D UE4     : In AndroidThunkJava_HideAdBanner

01-14 12:40:50.643 29605 29605 W System  : ClassLoader referenced unknown path: /system/priv-app/LGContacts/lib/arm64

01-14 12:40:50.668  1844  2894 I sensors_hal_Ctx: flush: handle is 86

01-14 12:40:50.668  1844  2894 I sensors_hal_SAM: flush:sensor() handle:86

01-14 12:40:50.669  1844  3109 I sensors_hal_Ctx: flush: handle is 48

01-14 12:40:50.669  1844  3109 I sensors_hal_SAM: flush:sensor(android.sensor.step_detector) handle:48

01-14 12:40:50.669  1844  2278 I sensors_hal_HealthActivityPattern: processResp: handle:86

01-14 12:40:50.669  1844  2278 E sensors_hal_HealthActivityPattern: processResp: Msg 33; Result: 1, Error: 6

01-14 12:40:50.676 29312 29331 D UE4     : [2020.01.14-03.40.50:676][891]LogAIModule: Creating AISystem for world 0

01-14 12:40:50.722 29312 29331 D UE4     : [2020.01.14-03.40.50:722][891]LogLoad: Game class is 'RollingGameMode_C'

01-14 12:40:50.725 29312 29331 D UE4     : [2020.01.14-03.40.50:724][891]LogWorld: Bringing World /Game/Game/Level/0.0 up for play (max tick rate 0) at 2020.01.14-12.40.50

01-14 12:40:50.725 29312 29331 D UE4     : [2020.01.14-03.40.50:725][891]LogWorld: Bringing up level for play took: 0.001352

01-14 12:40:50.725 29312 29331 D UE4     : LogOnline: Display: FOnlineIdentityGooglePlay::GetPlayerNickname

01-14 12:40:50.725 29312 29331 D UE4     : [2020.01.14-03.40.50:725][891]LogOnline: Display: FOnlineIdentityGooglePlay::GetPlayerNickname

01-14 12:40:50.726 29312 29331 D UE4     : [2020.01.14-03.40.50:726][891]LogGameMode: FindPlayerStart: PATHS NOT DEFINED or NO PLAYERSTART with positive rating

01-14 12:40:50.742 29605 29605 I NameIDHelper: NameIDHelper (ContactsComman) static init called!

01-14 12:40:50.742  1844  1872 W SearchableInfo: Invalid searchable metadata for com.google.android.gms/.nearby.sharing.ContactSelectActivity: Search label must be a resource reference.

01-14 12:40:50.747 29605 29605 D NameIDHelper: error trying to detect package -- we are probably not installed

01-14 12:40:50.752 29605 29605 D SIMContacts: SimConfig|ENABLE_MULTI_SIM_MODE : false

01-14 12:40:50.752 29605 29605 D SIMContacts: SimConfig|Slot count : 1

01-14 12:40:50.754 29605 29618 I SystemConfig: BUILD Country: KR

01-14 12:40:50.756 29605 29618 I SystemConfig: BUILD Operator: SKT

01-14 12:40:50.756 29605 29618 E SystemConfig: unknown country code=

01-14 12:40:50.756 29605 29618 I SystemConfig: COTA Country: COM

01-14 12:40:50.756 29605 29618 E SystemConfig: unknown operator code=

01-14 12:40:50.756 29605 29618 I SystemConfig: COTA Operator: OPEN

01-14 12:40:50.758 29605 29618 I SystemConfig: pm.hasSystemFeature(com.lge.ims.rcs) = true

01-14 12:40:50.760  1844  3101 I ActivityManager: Killing 28926:com.lge.drmservice/4001 (adj 15): empty #22

01-14 12:40:50.760 29605 29618 I SystemConfig: existFile = false

01-14 12:40:50.760 29605 29618 I SystemConfig: canReadFile = false

01-14 12:40:50.760 29605 29618 I SystemConfig: systemFeature RCS result true

01-14 12:40:50.760 29605 29618 D SystemConfig: refreshRcsSupport() :true

01-14 12:40:50.775 29312 29331 D UE4     : [2020.01.14-03.40.50:775][891]LogPackageName: SearchForPackageOnDisk took   0.041s, but failed to resolve 16.umap.

01-14 12:40:50.777 29312 29331 D UE4     : [2020.01.14-03.40.50:777][891]LogLoad: Took 0.137314 seconds to LoadMap(/Game/Game/Level/0)

01-14 12:40:50.789  1844  2889 D ActivityManager: cleanUpApplicationRecord -- 28926

01-14 12:40:50.800  1844  1872 W ResourceType: ResTable_typeSpec entry count inconsistent: given 1201, previously 1206

01-14 12:40:50.800  1844  1872 W ResourceType: ResTable_typeSpec entry count inconsistent: given 161, previously 1005

01-14 12:40:50.805  1844  1872 W SearchableInfo: Invalid searchable metadata for com.nhn.android.nbooks/com.naver.series.search.SearchActivity: Search label must be a resource reference.

01-14 12:40:50.822  1844  1844 D VR support: elapsed time to make set of cardboard apps = 2

01-14 12:40:50.825  1844  2894 I ActivityManager: Start proc 29620:com.android.gallery3d/u0a38 for broadcast com.android.gallery3d/.app.PackagesMonitor

01-14 12:40:50.826  1844  2323 D sensors_hal_LGMotionAccel: processInd: LP2: X: -0.770599 Y: 3.913864 Z: 9.141174 SAM TS: 3578391383 HAL TS:240292070806601 elapsedRealtimeNano:240292128242328

01-14 12:40:50.861 29312 29331 D UE4     : [2020.01.14-03.40.50:861][892]LogPackageName: SearchForPackageOnDisk took   0.043s, but failed to resolve 16.umap.

01-14 12:40:50.861 29312 29331 D UE4     : [2020.01.14-03.40.50:861][892]LogNet: Browse: /Game/Game/Level/0

01-14 12:40:50.861 29312 29331 D UE4     : LogNet: Warning: Travel Failure: [InvalidURL]: Invalid URL: /Game/Game/Level/0

01-14 12:40:50.861 29312 29331 D UE4     : [2020.01.14-03.40.50:861][892]LogNet: Warning: Travel Failure: [InvalidURL]: Invalid URL: /Game/Game/Level/0

01-14 12:40:50.861 29312 29331 D UE4     : [2020.01.14-03.40.50:861][892]LogNet: TravelFailure: InvalidURL, Reason for Failure: 'Invalid URL: /Game/Game/Level/0'

01-14 12:40:50.861 29312 29331 D UE4     : LogNet: Warning: Travel Failure: [ClientTravelFailure]: Invalid URL: /Game/Game/Level/0

01-14 12:40:50.861 29312 29331 D UE4     : [2020.01.14-03.40.50:861][892]LogNet: Warning: Travel Failure: [ClientTravelFailure]: Invalid URL: /Game/Game/Level/0

01-14 12:40:50.862 29312 29331 D UE4     : [2020.01.14-03.40.50:861][892]LogNet: TravelFailure: ClientTravelFailure, Reason for Failure: 'Invalid URL: /Game/Game/Level/0'

01-14 12:40:50.867 29312 29331 D UE4     : [2020.01.14-03.40.50:867][893]LogNet: Browse: /Game/Game/Level/0?closed

01-14 12:40:50.867 29312 29331 D UE4     : [2020.01.14-03.40.50:867][893]LogNet: Failed; returning to Entry

01-14 12:40:50.869 29312 29331 D UE4     : [2020.01.14-03.40.50:869][893]LogLoad: LoadMap: /Game/Game/Level/0?closed

01-14 12:40:50.870 29312 29331 D UE4     : In AndroidThunkJava_HideAdBanner

01-14 12:40:50.898 29312 29331 D UE4     : [2020.01.14-03.40.50:898][893]LogAIModule: Creating AISystem for world 0

01-14 12:40:50.903 29620 29620 W System  : ClassLoader referenced unknown path: /system/priv-app/LGGallery/lib/arm

01-14 12:40:50.929 29312 29331 D UE4     : [2020.01.14-03.40.50:929][893]LogLoad: Game class is 'RollingGameMode_C'

01-14 12:40:50.931 29312 29331 D UE4     : [2020.01.14-03.40.50:931][893]LogWorld: Bringing World /Game/Game/Level/0.0 up for play (max tick rate 0) at 2020.01.14-12.40.50

01-14 12:40:50.932 29312 29331 D UE4     : [2020.01.14-03.40.50:932][893]LogWorld: Bringing up level for play took: 0.001162

01-14 12:40:50.932 29312 29331 D UE4     : LogOnline: Display: FOnlineIdentityGooglePlay::GetPlayerNickname

01-14 12:40:50.932 29312 29331 D UE4     : [2020.01.14-03.40.50:932][893]LogOnline: Display: FOnlineIdentityGooglePlay::GetPlayerNickname

01-14 12:40:50.933 29312 29331 D UE4     : [2020.01.14-03.40.50:933][893]LogGameMode: FindPlayerStart: PATHS NOT DEFINED or NO PLAYERSTART with positive rating

01-14 12:40:50.972 29620 29620 I AppTier : App Tier : HIGH

01-14 12:40:50.973 29620 29620 I AppConfig: get property : SIGNATURE, false

01-14 12:40:50.976 29620 29620 I AppConfig: Total System Memory = 3982487552

01-14 12:40:50.978 29312 29331 D UE4     : [2020.01.14-03.40.50:978][893]LogPackageName: SearchForPackageOnDisk took   0.037s, but failed to resolve 16.umap.

01-14 12:40:50.979 29312 29331 D UE4     : [2020.01.14-03.40.50:979][893]LogLoad: Took 0.110086 seconds to LoadMap(/Game/Game/Level/0)

01-14 12:40:50.988 29620 29620 I GalleryUtils: Application Heap = 512 MB

01-14 12:40:50.998 29620 29620 D SystemHelper: region [], country [KR], operator [SKT], sub-operator []

01-14 12:40:51.045  1844  2346 D InputDispatcher: notifyMotion - action=ACTION_DOWN(0), id=0, tooltype=1, deviceId=4, source=0x1002, policyFlags=0x0, flags=0x0, metaState=0x0, buttonState=0x0, edgeFlags=0x0, eventTime=154885151113000, downTime=154885151113000, 

01-14 12:40:51.045  1844  2345 D InputTransport: channel 'd27ca35 NavigationBar (server)' : action=ACTION_DOWN(0), id=0, tooltype=1, deviceId=4, source=0x1002, flags=0x0, edgeFlags=0x0, metaState=0x0, buttonState=0x0, downTime=154885151113000, eventTime=154885151113000, pointerCount=1

01-14 12:40:51.045  2571  2571 I ViewRootImpl: ViewRoot's Touch Event : ACTION_DOWN

01-14 12:40:51.045  1844  3145 I ActivityManager: Start proc 29634:com.lge.lockscreensettings/1000 for broadcast com.lge.lockscreensettings/.PackageIntentReceiver

01-14 12:40:51.047  1844  3145 I ActivityManager: Killing 28357:com.lge.eodengine/1000 (adj 15): empty #22

01-14 12:40:51.052 29312 29331 D UE4     : [2020.01.14-03.40.51:052][894]LogPackageName: SearchForPackageOnDisk took   0.046s, but failed to resolve 16.umap.

01-14 12:40:51.052 29312 29331 D UE4     : [2020.01.14-03.40.51:052][894]LogNet: Browse: /Game/Game/Level/0

01-14 12:40:51.052 29312 29331 D UE4     : LogNet: Warning: Travel Failure: [InvalidURL]: Invalid URL: /Game/Game/Level/0

01-14 12:40:51.052 29312 29331 D UE4     : [2020.01.14-03.40.51:052][894]LogNet: Warning: Travel Failure: [InvalidURL]: Invalid URL: /Game/Game/Level/0

01-14 12:40:51.052 29312 29331 D UE4     : [2020.01.14-03.40.51:052][894]LogNet: TravelFailure: InvalidURL, Reason for Failure: 'Invalid URL: /Game/Game/Level/0'

01-14 12:40:51.052 29312 29331 D UE4     : LogNet: Warning: Travel Failure: [ClientTravelFailure]: Invalid URL: /Game/Game/Level/0

01-14 12:40:51.053 29312 29331 D UE4     : [2020.01.14-03.40.51:053][894]LogNet: Warning: Travel Failure: [ClientTravelFailure]: Invalid URL: /Game/Game/Level/0

01-14 12:40:51.053 29312 29331 D UE4     : [2020.01.14-03.40.51:053][894]LogNet: TravelFailure: ClientTravelFailure, Reason for Failure: 'Invalid URL: /Game/Game/Level/0'

01-14 12:40:51.057 29312 29331 D UE4     : [2020.01.14-03.40.51:057][895]LogNet: Browse: /Game/Game/Level/0?closed

01-14 12:40:51.057 29312 29331 D UE4     : [2020.01.14-03.40.51:057][895]LogNet: Failed; returning to Entry

01-14 12:40:51.057  4692  5030 D AppChangedDetector: lastUsedAppId com.YourCompany.Rolling

01-14 12:40:51.061 29312 29331 D UE4     : [2020.01.14-03.40.51:061][895]LogLoad: LoadMap: /Game/Game/Level/0?closed

01-14 12:40:51.061 29312 29331 D UE4     : In AndroidThunkJava_HideAdBanner

01-14 12:40:51.064  2571  2571 I LGKeyButtonView: [LGKeyButtonView.java:220:sendEvent()]Navigation Key(187) sendEvent, action : 0, flags : 0, when : 154885155

01-14 12:40:51.066  1844  2654 D PhoneWindowManagerEx: interceptKeyTq keycode=187 down=true interactive=true policyFlags=2b000002 injected=true keyguardActive=false sDisplayState=2

01-14 12:40:51.067  1844  3109 D ActivityManager: cleanUpApplicationRecord -- 28357

01-14 12:40:51.080  1844  2654 D PhoneWindowManagerSKT:  mEmergencyLauncher Not null

01-14 12:40:51.080  1844  2654 D WindowManager: interceptKeyTq keycode=187 interactive=true keyguardActive=false policyFlags=2b000002

01-14 12:40:51.082  1844  2345 D PhoneWindowManagerEx: interceptKeyTi keyCode=187 down=true repeatCount=0 keyguardOn=false mHomePressed=false canceled=false

01-14 12:40:51.083  3163  3192 D Telephony: PhoneInterfaceManager: isOtaSpActive: isNorthAmericanCDMA = false

01-14 12:40:51.083  1844  2345 D WindowManager: interceptKeyTi keyCode=187 down=true repeatCount=0 keyguardOn=false mHomePressed=false canceled=false

01-14 12:40:51.097  2571  2571 D SystemServicesProxy: [SystemServicesProxy.java:279:getRecentTasks()]RecentApps has 2 item(s).

01-14 12:40:51.100 29312 29331 D UE4     : [2020.01.14-03.40.51:100][895]LogAIModule: Creating AISystem for world 0

01-14 12:40:51.122 29634 29634 W System  : ClassLoader referenced unknown path: /system/app/LGLockScreenSettings_2/lib/arm64

01-14 12:40:51.136 29634 29634 D LockScreenSettings.PackageIntentReceiver: onReceive, android.intent.action.PACKAGE_CHANGED

01-14 12:40:51.143 29312 29331 D UE4     : [2020.01.14-03.40.51:143][895]LogLoad: Game class is 'RollingGameMode_C'

01-14 12:40:51.145 29312 29331 D UE4     : [2020.01.14-03.40.51:145][895]LogWorld: Bringing World /Game/Game/Level/0.0 up for play (max tick rate 0) at 2020.01.14-12.40.51

01-14 12:40:51.146 29312 29331 D UE4     : [2020.01.14-03.40.51:146][895]LogWorld: Bringing up level for play took: 0.001172

01-14 12:40:51.146 29312 29331 D UE4     : LogOnline: Display: FOnlineIdentityGooglePlay::GetPlayerNickname

01-14 12:40:51.146 29312 29331 D UE4     : [2020.01.14-03.40.51:146][895]LogOnline: Display: FOnlineIdentityGooglePlay::GetPlayerNickname

01-14 12:40:51.147 29312 29331 D UE4     : [2020.01.14-03.40.51:147][895]LogGameMode: FindPlayerStart: PATHS NOT DEFINED or NO PLAYERSTART with positive rating

01-14 12:40:51.153  1844  2346 D InputDispatcher: notifyMotion - action=ACTION_UP(0), id=0, tooltype=1, deviceId=4, source=0x1002, policyFlags=0x0, flags=0x0, metaState=0x0, buttonState=0x0, edgeFlags=0x0, eventTime=154885259308000, downTime=154885151113000, 

01-14 12:40:51.153  1844  2345 D InputTransport: channel 'd27ca35 NavigationBar (server)' : action=ACTION_UP(0), id=0, tooltype=1, deviceId=4, source=0x1002, flags=0x0, edgeFlags=0x0, metaState=0x0, buttonState=0x0, downTime=154885151113000, eventTime=154885259308000, pointerCount=1

01-14 12:40:51.154  2571  2571 I ViewRootImpl: ViewRoot's Touch Event : ACTION_UP

01-14 12:40:51.156  4952  4962 E ANDR-PERF-MPCTL: invalid request, no optimizations performed

01-14 12:40:51.158  2571  2571 I LGKeyButtonView: [LGKeyButtonView.java:220:sendEvent()]Navigation Key(187) sendEvent, action : 1, flags : 0, when : 154885263

01-14 12:40:51.158  1844  3124 D PhoneWindowManagerEx: interceptKeyTq keycode=187 down=false interactive=true policyFlags=2b000002 injected=true keyguardActive=false sDisplayState=2

01-14 12:40:51.159  1844  3124 D PhoneWindowManagerSKT:  mEmergencyLauncher Not null

01-14 12:40:51.159  1844  3124 D WindowManager: interceptKeyTq keycode=187 interactive=true keyguardActive=false policyFlags=2b000002

01-14 12:40:51.159  1844  2345 D PhoneWindowManagerEx: interceptKeyTi keyCode=187 down=false repeatCount=0 keyguardOn=false mHomePressed=false canceled=false

01-14 12:40:51.160  3163  3738 D Telephony: PhoneInterfaceManager: isOtaSpActive: isNorthAmericanCDMA = false

01-14 12:40:51.160  1844  2345 D WindowManager: interceptKeyTi keyCode=187 down=false repeatCount=0 keyguardOn=false mHomePressed=false canceled=false

01-14 12:40:51.162  1844  2522 V SoundPool: play sampleID=1, leftVolume=1.000000, rightVolume=1.000000, priority=0, loop=0, rate=1.000000

01-14 12:40:51.162  1844  2522 V SoundPool: Allocated recycled channel for same sampleID

01-14 12:40:51.162  1844  2522 V SoundPool: play channel 0x7f8f87c808 state = 0

01-14 12:40:51.162  1844  2522 V SoundPool: SoundChannel::play 0x7f8f87c808: sampleID=1, channelID=895, leftVolume=1.000000, rightVolume=1.000000, priority=0, loop=0, rate=1.000000

01-14 12:40:51.163   921  1868 V APM::AudioPolicyManager: getOutput() device 2, stream 1, samplingRate 0, format 0, channelMask 3, flags 0

01-14 12:40:51.163   921  1868 V APM::AudioPolicyManager:   getOutputForDevice() returns output 2

01-14 12:40:51.164  1844  2522 D AudioSystem: getIoDescriptor: ioHandle = 2, index = 0, mIoDescriptors = 0x7f9167a450

01-14 12:40:51.164  1844  2522 V AudioSystem: getFrameCount() output 2, frameCount 960

01-14 12:40:51.164   921  2744 V APM::AudioPolicyManager: getOutput() device 2, stream 1, samplingRate 0, format 0, channelMask 3, flags 0

01-14 12:40:51.164   921  2744 V APM::AudioPolicyManager:   getOutputForDevice() returns output 2

01-14 12:40:51.165  1844  2323 D sensors_hal_LGMotionAccel: processInd: LP2: X: -0.879227 Y: 3.775589 Z: 8.939713 SAM TS: 3578402303 HAL TS:240292404058554 elapsedRealtimeNano:240292467011650

01-14 12:40:51.166  1844  2522 D AudioSystem: getIoDescriptor: ioHandle = 2, index = 0, mIoDescriptors = 0x7f9167a450

01-14 12:40:51.166  1844  2522 V AudioSystem: getSamplingRate() output 2, sampling rate 48000

01-14 12:40:51.166  1844  2522 V SoundPool: reusing track 0x7f8f02d600 for sample 1

01-14 12:40:51.166  1844  2522 V AudioTrack: setLoop_l 0 0 0

01-14 12:40:51.166  1844  2522 D AudioTrack: start(): 0x7f8f02d600

01-14 12:40:51.166   921   921 V AudioFlinger_Tracks: start(4097), calling pid 1844 session 23

01-14 12:40:51.166   921   921 V AudioFlinger_Tracks: ? => ACTIVE (4097) on thread 0xedf987a0

01-14 12:40:51.166   921   921 V AudioPolicyService: AudioCommandThread() adding start output 2

01-14 12:40:51.166   921   921 V AudioPolicyService: inserting command: 5 at index 0, num commands 0

01-14 12:40:51.166   921  1803 V AudioPolicyService: AudioCommandThread() processing start output 2

01-14 12:40:51.166   921  1803 V APM::AudioPolicyManager: startOutput() output 2, stream 1, session 23

01-14 12:40:51.167   921  1803 V APM::AudioPolicyManager: startOutput() output primary->(primary)(2), stream 1, session 23

01-14 12:40:51.167   921  1803 V APM::AudioPolicyManager: setBeaconMute(1) mBeaconMuteRefCount=1 mBeaconPlayingRefCount=0

01-14 12:40:51.167   921  1803 V APM::AudioOutputDescriptor: changeRefCount() stream 1, count 1

01-14 12:40:51.167   921  1803 V APM::AudioPolicyManager: getNewOutputDevice() selected device 2

01-14 12:40:51.167   921  1803 V APM::AudioPolicyManager: setOutputDevice() device 0002 delayMs 0

01-14 12:40:51.167   921  1803 V APM::AudioPolicyManager: setOutputDevice() prevDevice 0x0002

01-14 12:40:51.167   921  1803 V APM::AudioPolicyEngine: getDeviceForStrategy() remove speaker device. strategy 9 ringermode 0

01-14 12:40:51.167   921  1803 V APM::AudioPolicyEngine: getDeviceForStrategy() add headphone device. strategy 9 ringermode 0

01-14 12:40:51.167   921  1803 V APM::AudioPolicyManager: setOutputDevice() changing device

01-14 12:40:51.167   921  1803 V AudioPolicyService: AudioCommandThread() adding create patch delay 0

01-14 12:40:51.167   921  1803 V AudioPolicyService: inserting command: 8 at index 0, num commands 0

01-14 12:40:51.167   921  1802 V AudioPolicyService: AudioCommandThread() processing create audio patch

01-14 12:40:51.167   921  1802 V AudioFlinger_Threads: sendConfigEvent_l() num events 1 event 3

01-14 12:40:51.167   921  1832 V AudioFlinger_Threads: thread 0xf0440000 type 0 TID 1832 waking up

01-14 12:40:51.168   921  1832 V AudioFlinger_Threads: processConfigEvents_l() remaining events 1

01-14 12:40:51.168   921  1832 D audio_hw_primary: out_set_parameters: enter: usecase(1: low-latency-playback) kvpairs: routing=2

01-14 12:40:51.168   921  1832 V audio_hw_primary: out_set_parameters: exit: code(0)

01-14 12:40:51.168   921  1832 V AudioFlinger_Threads: processConfigEvents_l() DONE thread 0xf0440000

01-14 12:40:51.171   921  1802 V AudioPolicyService: -AudioCommandThread 8

01-14 12:40:51.171   921  1802 V AudioPolicyService: AudioCommandThread() going to sleep

01-14 12:40:51.171   921  1803 V APM::AudioPolicyManager: setOutputDevice() createAudioPatch returned 0 patchHandle 1497num_sources 1 num_sinks 1

01-14 12:40:51.171   921  1803 V AudioPolicyService: AudioCommandThread() adding update audio patch list

01-14 12:40:51.171   921  1803 V AudioPolicyService: inserting command: 11 at index 0, num commands 0

01-14 12:40:51.171   921  1803 V AudioPolicyService: AudioCommandThread() adding set voice volume volume 1.000000, delayMs 0

01-14 12:40:51.171   921  1803 V AudioPolicyService: inserting command: 4 at index 0, num commands 0

01-14 12:40:51.171   921  1802 V AudioPolicyService: AudioCommandThread() processing set voice volume volume 1.000000

01-14 12:40:51.171   921  1802 V AudioPolicyService: -AudioCommandThread 4

01-14 12:40:51.171   921  1802 V AudioPolicyService: AudioCommandThread() going to sleep

01-14 12:40:51.172   921  1803 V AudioPolicyService: AudioCommandThread() adding set parameter string fm_volume=0.0053089061, io 2 ,delay 0

01-14 12:40:51.172   921  1803 V AudioPolicyService: inserting command: 3 at index 0, num commands 0

01-14 12:40:51.172   921  1802 V AudioPolicyService: AudioCommandThread() processing set parameters string fm_volume=0.0053089061, io 2

01-14 12:40:51.172   921  1802 V AudioFlinger: setParameters(): io 2, keyvalue fm_volume=0.0053089061, calling pid 921

01-14 12:40:51.172   921  1802 V AudioFlinger_Threads: ThreadBase::setParameters() fm_volume=0.0053089061

01-14 12:40:51.172   921  1802 V AudioFlinger_Threads: sendConfigEvent_l() num events 1 event 2

01-14 12:40:51.178   921  1832 V AudioFlinger_Threads: processConfigEvents_l() remaining events 1

01-14 12:40:51.178   921  1832 D audio_hw_primary: out_set_parameters: enter: usecase(1: low-latency-playback) kvpairs: fm_volume=0.0053089061

01-14 12:40:51.178   921  1832 D audio_hw_fm: audio_extn_fm_set_parameters: set_fm_volume usecase

01-14 12:40:51.178   921  1832 D audio_hw_fm: fm_set_volume: (0.005309)

01-14 12:40:51.178   921  1832 V audio_hw_primary: out_set_parameters: exit: code(0)

01-14 12:40:51.178   921  1832 V AudioFlinger_Threads: processConfigEvents_l() DONE thread 0xf0440000

01-14 12:40:51.178   921  1802 V AudioPolicyService: -AudioCommandThread 3

01-14 12:40:51.178   921  1802 V AudioPolicyService: AudioCommandThread() going to sleep

01-14 12:40:51.178   921  1803 V APM::AudioPolicyManager: checkAndSetVolume() cannot set stream 6 volume with force use = 0 for comm

01-14 12:40:51.178   921  1803 V AudioPolicyService: -AudioCommandThread 5

01-14 12:40:51.178   921  1803 V AudioPolicyService: AudioCommandThread() processing update audio patch list

01-14 12:40:51.178   921  1803 V AudioPolicyService: -AudioCommandThread 11

01-14 12:40:51.178   921  1803 V AudioPolicyService: AudioCommandThread() going to sleep

01-14 12:40:51.178   921   921 V AudioFlinger_Threads: signal playback thread

01-14 12:40:51.179  1844  2522 V SoundPool: delete oldTrack 0x0

01-14 12:40:51.182  1844  3094 I ActivityManager: START u0 {act=com.android.systemui.recents.SHOW_RECENTS flg=0x10804000 cmp=com.android.systemui/.recents.RecentsActivity} from uid 10061 on display 0

01-14 12:40:51.188   921  1832 D audio_hw_primary: start_output_stream: enter: stream(0xf1272f80)usecase(1: low-latency-playback) devices(0x2)

01-14 12:40:51.188   921  1832 V msm8996_platform_8996: lge_setup_24bit_playback_msm8996

01-14 12:40:51.188   921  1832 W msm8996_platform_8996: lge_setup_24bit_playback_msm8996: This case is not Offload usecase(1)

01-14 12:40:51.189   921  1832 E audio_hw_primary: select_devices: enter and usecase(1)

01-14 12:40:51.189   921  1832 D msm8974_platform_lge: LGE_platform_get_output_snd_device2: enter(0:2)

01-14 12:40:51.189   921  1832 V msm8974_platform: platform_get_output_snd_device: enter: output devices(0x2)

01-14 12:40:51.189   921  1832 V msm8974_platform: platform_get_output_snd_device: exit: snd_device(speaker)

01-14 12:40:51.189   921  1832 V platform_apt: lge_get_output_in_mandatory_depth: enter and devices(2)

01-14 12:40:51.189   921  1832 D msm8974_platform_lge: LGE_platform_get_output_snd_device2: exit: out_snd_device(speaker)

01-14 12:40:51.189   921  1832 D audio_hw_primary: select_devices: out_snd_device(2: speaker) in_snd_device(0: )

01-14 12:40:51.189   921  1832 V msm8974_platform: platform_check_and_set_codec_backend_cfg: usecase = 1

01-14 12:40:51.189   921  1832 V msm8974_platform: platform_get_backend_index: backend port - 0

01-14 12:40:51.189   921  1832 I msm8974_platform: platform_check_and_set_codec_backend_cfg: Usecase bitwidth 16, samplerate 48000, backend_idx 0

01-14 12:40:51.189   921  1832 V msm8974_platform: platform_get_backend_index: backend port - 0

01-14 12:40:51.189   921  1832 I msm8974_platform: platform_check_codec_backend_cfg Codec selected backend: 0 current bit width: 16 and sample rate: 48000

01-14 12:40:51.189   921  1832 D msm8974_platform: platform_check_codec_backend_cfg: resetting sample_rate back to default, backend_idx: 0

01-14 12:40:51.189   921  1832 I msm8974_platform: platform_check_codec_backend_cfg Codec selected backend: 0 updated bit width: 16 and sample rate: 48000

01-14 12:40:51.189   921  1832 V msm8974_platform: platform_get_backend_index: backend port - 0

01-14 12:40:51.189   921  1832 E audio_hw_primary: enable_snd_device: enter  2

01-14 12:40:51.189   921  1832 D hardware_info: hw_info_append_hw_type : device_name = speaker

01-14 12:40:51.189   921  1832 D audio_hw_spkr_prot: audio_extn_spkr_prot_start_processing: enable_snd_device(34: speaker-protected)

01-14 12:40:51.190  1844  3094 D ActivityManager: setTaskToReturnTo : TaskRecord{b91b1ad #9031 A=com.campmobile.launcher U=0 sz=1} / mTaskToReturnTo = 1

01-14 12:40:51.192  1844  3094 W WindowManager: pwm.setNavigationBar() called. show=true

01-14 12:40:51.192  1844  3094 W WindowManager: pwm.setStatusBar() called. show=true

01-14 12:40:51.192  1844  3094 D InputDispatcher: Focus left window: Window{34a87a4 u0 com.YourCompany.Rolling/com.epicgames.ue4.GameActivity}

01-14 12:40:51.195 29312 29331 D UE4     : [2020.01.14-03.40.51:195][895]LogPackageName: SearchForPackageOnDisk took   0.041s, but failed to resolve 16.umap.

01-14 12:40:51.196   921  1832 E audio_hw_primary: enable_snd_device: enter  137

01-14 12:40:51.196   921  1832 D hardware_info: hw_info_append_hw_type : device_name = vi-feedback

01-14 12:40:51.196   921  1832 D audio_hw_primary: enable_snd_device: snd_device(137: vi-feedback)

01-14 12:40:51.196   921  1832 I soundtrigger: audio_extn_sound_trigger_update_device_status: device 0x89 of type 1 for Event 1, with Raise=0

01-14 12:40:51.196   921  1832 V audio_hw_primary: enable_audio_route: enter: usecase(37)

01-14 12:40:51.196   921  1832 D soundtrigger: audio_extn_sound_trigger_update_stream_status: uc_id 37 of type 1 for Event 3, with Raise=0

01-14 12:40:51.196   921  1832 E audio_hw_utils: audio_extn_utils_send_app_type_cfg: Could not get ctl for mixer cmd - Audio Stream 42 App Type Cfg

01-14 12:40:51.196   921  1832 E voice   : voice_is_in_call_rec_stream: input stream is NULL

01-14 12:40:51.196   921  1832 V feature_audio_alice_friends: lge_alice_friends_get_acdb_id : snd_device (137), curr_acdb_id (102)

01-14 12:40:51.196   921  1832 V msm8974_platform: platform_send_audio_calibration: sending audio calibration for snd_device(137) acdb_id(102)

01-14 12:40:51.196   921  1832 D ACDB-LOADER: ACDB -> send_audio_cal, acdb_id = 102, path = 1, app id = 0x11132, sample rate = 48000

01-14 12:40:51.196   921  1832 D ACDB-LOADER: ACDB -> send_asm_topology

01-14 12:40:51.196   921  1832 D ACDB-LOADER: ACDB -> ACDB_CMD_GET_AUDPROC_STREAM_TOPOLOGY_ID

01-14 12:40:51.196   921  1832 D ACDB-LOADER: ACDB -> send_adm_topology

01-14 12:40:51.196   921  1832 D ACDB-LOADER: ACDB -> ACDB_CMD_GET_AUDPROC_COMMON_TOPOLOGY_ID

01-14 12:40:51.196   921  1832 D ACDB-LOADER: ACDB -> send_audtable

01-14 12:40:51.196   921  1832 D ACDB-LOADER: ACDB -> ACDB_CMD_GET_AUDPROC_COMMON_TABLE_SIZE

01-14 12:40:51.196   921  1832 D ACDB-LOADER: ACDB -> ACDB_CMD_GET_AUDPROC_COMMON_TABLE

01-14 12:40:51.196   921  1832 D ACDB-LOADER: ACDB -> AUDIO_SET_AUDPROC_CAL

01-14 12:40:51.196   921  1832 D ACDB-LOADER: ACDB -> send_audvoltable

01-14 12:40:51.196   921  1832 D ACDB-LOADER: ACDB -> ACDB_CMD_GET_AUDPROC_GAIN_DEP_STEP_TABLE, vol index 0

01-14 12:40:51.196   921  1832 D         : Failed to fetch the lookup information of the device 00000066 

01-14 12:40:51.196   921  1832 E ACDB-LOADER: Error: ACDB AudProc vol returned = -19

01-14 12:40:51.196   921  1832 D ACDB-LOADER: ACDB -> AUDIO_SET_VOL_CAL cal type = 12

01-14 12:40:51.196   921  1832 D ACDB-LOADER: ACDB -> send_audstrmtable

01-14 12:40:51.197   921  1832 D ACDB-LOADER: ACDB -> ACDB_CMD_GET_AUDPROC_STREAM_TABLE_V2

01-14 12:40:51.197   921  1832 D ACDB-LOADER: ACDB -> audstrm_cal->cal_type.cal_data.cal_size = 16

01-14 12:40:51.197   921  1832 D ACDB-LOADER: ACDB -> send_afe_topology

01-14 12:40:51.197   921  1832 D ACDB-LOADER: ACDB -> ACDB_CMD_GET_AFE_TOPOLOGY_ID

01-14 12:40:51.197   921  1832 D ACDB-LOADER: ACDB -> GET_AFE_TOPOLOGY_ID for adcd_id 102, Topology Id 1025c

01-14 12:40:51.197   921  1832 D ACDB-LOADER: ACDB -> send_afe_cal

01-14 12:40:51.197   921  1832 D ACDB-LOADER: ACDB -> ACDB_CMD_GET_AFE_COMMON_TABLE

01-14 12:40:51.197   921  1832 D ACDB-LOADER: ACDB -> AUDIO_SET_AFE_CAL

01-14 12:40:51.197   921  1832 D ACDB-LOADER: ACDB -> send_hw_delay : acdb_id = 102 path = 1

01-14 12:40:51.197   921  1832 D ACDB-LOADER: ACDB -> ACDB_AVSYNC_INFO: ACDB_CMD_GET_DEVICE_PROPERTY

01-14 12:40:51.197   921  1832 V msm8974_platform_lge: LGE_platform_add_backend_name: enter: 137

01-14 12:40:51.197   921  1832 D audio_hw_primary: enable_audio_route: apply mixer and update path: spkr-vi-record

01-14 12:40:51.197   921  1832 V audio_hw_primary: enable_audio_route: exit

01-14 12:40:51.197 29312 29331 D UE4     : [2020.01.14-03.40.51:197][895]LogLoad: Took 0.136240 seconds to LoadMap(/Game/Game/Level/0)

01-14 12:40:51.198 29312 29332 D UE4     : LogAndroidEvents: EnqueueAppEvent : 10, 0, tid = 29332

01-14 12:40:51.214 29312 29331 D UE4     : [2020.01.14-03.40.51:214][895]LogAndroid: Case APP_CMD_LOST_FOCUS

01-14 12:40:51.220 29312 29331 D UE4     : LogAndroidEvents: Display: DequeueAppEvent : 10, 0

