01-07 15:18:39.481  2571  2571 D SignalClusterView: [SignalClusterView.java:799:apply()]mMobileDescription =   .

01-07 15:18:39.481  2571  2571 D SignalClusterView: [SignalClusterView.java:799:apply()]mMobileDescription =   .

01-07 15:18:39.491  1794  1906 D ConnectivityService: getActiveNetwork nai=NetworkAgentInfo{ ni{[type: WIFI[], state: CONNECTED/CONNECTED, reason: (unspecified), extra: "U+NetEA13", roaming: false, failover: false, isAvailable: true, network type: 1]}  network{136}  lp{{InterfaceName: wlan0 LinkAddresses: [fe80::5e70:a3ff:fe45:d7ff/64,192.168.219.102/24,]  Routes: [fe80::/64 -> :: wlan0,192.168.219.0/24 -> 0.0.0.0 wlan0,0.0.0.0/0 -> 192.168.219.1 wlan0,] DnsAddresses: [1.214.68.2,61.41.153.2,] Domains:  MTU: 0 TcpBufferSizes: 1048576,4194304,8388608,1048576,2097152,4194304 PcscfAddresses: [] }}  nc{[ Transports: WIFI Capabilities: INTERNET&NOT_RESTRICTED&TRUSTED&NOT_VPN&VALIDATED LinkUpBandwidth>=1048576Kbps LinkDnBandwidth>=1048576Kbps SignalStrength: -70]}  Score{60}  everValidated{true}  lastValidated{true}  created{true} lingering{false} explicitlySelected{false} acceptUnvalidated{false} everCaptivePortalDetected{false} lastCaptivePortalDetected{false} }

01-07 15:18:39.537 18644 19043 D AppChangedDetector: lastUsedAppId com.YourCompany.Rolling

01-07 15:18:39.569  1794  3077 I sensors_hal_Ctx: flush: handle is 86

01-07 15:18:39.569  1794  3077 I sensors_hal_SAM: flush:sensor() handle:86

01-07 15:18:39.571  1794  3098 I sensors_hal_Ctx: flush: handle is 48

01-07 15:18:39.571  1794  3098 I sensors_hal_SAM: flush:sensor(android.sensor.step_detector) handle:48

01-07 15:18:39.572  1794  2278 I sensors_hal_HealthActivityPattern: processResp: handle:86

01-07 15:18:39.831  1794  2344 D InputDispatcher: notifyMotion - action=ACTION_DOWN(0), id=0, tooltype=1, deviceId=4, source=0x1002, policyFlags=0x0, flags=0x0, metaState=0x0, buttonState=0x0, edgeFlags=0x0, eventTime=139491115202000, downTime=139491115202000, 

01-07 15:18:39.831  1794  2343 D InputTransport: channel 'b744e78 com.YourCompany.Rolling/com.epicgames.ue4.GameActivity (server)' : action=ACTION_DOWN(0), id=0, tooltype=1, deviceId=4, source=0x1002, flags=0x2, edgeFlags=0x0, metaState=0x0, buttonState=0x0, downTime=139491115202000, eventTime=139491115202000, pointerCount=1

01-07 15:18:39.832 24468 24468 I ViewRootImpl: ViewRoot's Touch Event : ACTION_DOWN

01-07 15:18:39.834   988  2739 I LowiWifiHal: ivmh: event received NL80211_CMD_NEW_SCAN_RESULTS

01-07 15:18:39.834   988  2739 I LowiWifiHal: ivmh: event received NL80211_CMD_NEW_SCAN_RESULTS, vendor_id = 0x0

01-07 15:18:39.834   988  2739 I LowiWifiHal: ivmh: event ignored!!

01-07 15:18:39.835  1794  2506 D LGWifiP2pService: InactiveState{ when=0 what=147461 target=com.android.internal.util.StateMachine$SmHandler }

01-07 15:18:39.835  1794  2506 D LGWifiP2pService: P2pEnabledState{ when=0 what=147461 target=com.android.internal.util.StateMachine$SmHandler }

01-07 15:18:39.835  1794  2506 D LGWifiP2pService: DefaultState{ when=0 what=147461 target=com.android.internal.util.StateMachine$SmHandler }

01-07 15:18:39.839  3178  3437 D P2pExtMonWorker: Event [CTRL-EVENT-SCAN-RESULTS ]

01-07 15:18:39.839  3178  3437 D P2pExtMonWorker: Event [WPS-AP-AVAILABLE ]

01-07 15:18:39.840  1041  1362 W XTCC-5.1.0.7: [WifiScanner] WiFi scan result : [8] AP's

01-07 15:18:39.840  1041  1362 W XTCC-5.1.0.7: [PosMgr] sending back response for POSITION (a) tx(54017), Number of APs used in this position request (8)

01-07 15:18:39.840  1794  3541 E LocSvc_libulp: E/int ulp_brain_transition_all_providers(), no QUIPC/GNSS transition logic run due to both engines are OFF 

01-07 15:18:39.840  1794  2973 I IzatProviderEngine: LocTech-Label :: OSDC :: Position Report In

01-07 15:18:39.840  1794  2973 I IzatProviderEngine: LocTech-Value :: UTC Time: 1578377919840, Elapsed Real Time Nanos: 240999903558159, Latitude: 37.56421793054611, Longitude: 127.03903127885225, Altitude: 0.0, Speed: 0.0, Bearing: 0.0, Accuracy: 68.813446

01-07 15:18:39.841  1041  1368 W XTCC-5.1.0.7: [FDAL_ZPP_MGR] RequestNewZppFix: Getting ZPP

01-07 15:18:39.842  1794  1917 D LocationManagerService: This location is marked as ready for broadcast

01-07 15:18:39.842  1794  1917 D LocationManagerService: incoming location: Location[network 37.564218,127.039031 acc=69 et=+2d18h56m39s903ms alt=0.0 vel=0.0 bear=0.0 {Bundle[{com.qualcomm.location.nlp:ready=true}]}]

01-07 15:18:39.843  1794  1917 D LocationManagerService: incoming location: Location[network 37.564218,127.039031 acc=69 et=+2d18h56m39s903ms alt=0.0 vel=0.0 bear=0.0 {Bundle[{com.qualcomm.location.nlp:ready=true}]}]

01-07 15:18:39.845  1794  2982 E QMI_FW  : QCCI qmi_cci_xport_recv: txn not found. svc_id: 16

01-07 15:18:39.845  1794  2973 E LocSvc_LBSApiV02: E/virtual int lbs_core::LBSApiV02::injectCoarsePosition(const CoarsePositionInfo&):320]: Error : st = 3, ind.status = -1552449536

01-07 15:18:39.846  1041  1368 W XTCC-5.1.0.7: [FDAL_ZPP_MGR] RequestNewZppFix 37.562943 127.040405 466.737122: ZPP Return Flag 0x11

01-07 15:18:39.847  1041  1368 W XTCC-5.1.0.7: [WifiScanner] WiFi scan result : [8] AP's

01-07 15:18:39.851  1794  2510 D LgWifiFavoriteAp: ConnectedState - msg [3] is not handled

01-07 15:18:39.852  3070  3070 E API     : getOnOffStatus status : 0

01-07 15:18:39.852  3070  3070 I WIFI_MANAGER: Engine OFF >> Do Nothing.... 

01-07 15:18:40.039 18644 19043 D AppChangedDetector: lastUsedAppId com.YourCompany.Rolling

01-07 15:18:40.310  5039  5045 E ANDR-PERF-MPCTL: invalid request, no optimizations performed

01-07 15:18:40.326  1794  2344 D InputDispatcher: notifyMotion - action=ACTION_UP(0), id=0, tooltype=1, deviceId=4, source=0x1002, policyFlags=0x0, flags=0x0, metaState=0x0, buttonState=0x0, edgeFlags=0x0, eventTime=139491610660000, downTime=139491115202000, 

01-07 15:18:40.326  1794  2343 D InputTransport: channel 'b744e78 com.YourCompany.Rolling/com.epicgames.ue4.GameActivity (server)' : action=ACTION_UP(0), id=0, tooltype=1, deviceId=4, source=0x1002, flags=0x2, edgeFlags=0x0, metaState=0x0, buttonState=0x0, downTime=139491115202000, eventTime=139491610660000, pointerCount=1

01-07 15:18:40.327 24468 24468 I ViewRootImpl: ViewRoot's Touch Event : ACTION_UP

01-07 15:18:40.477  1794  2516 D ConnectivityService: updateCapabilities cap:[ Transports: WIFI Capabilities: INTERNET&NOT_RESTRICTED&TRUSTED&NOT_VPN LinkUpBandwidth>=1048576Kbps LinkDnBandwidth>=1048576Kbps SignalStrength: -64]

01-07 15:18:40.477  1794  2516 D CSLegacyTypeTracker: Adding agent NetworkAgentInfo{ ni{[type: MOBILE[LTE], state: CONNECTED/CONNECTED, reason: connected, extra: ims, roaming: false, failover: false, isAvailable: true, network type: 0]}  network{101}  lp{{InterfaceName: rmnet_data0 LinkAddresses: [2001:2d8:e812:2041:a7b8:6778:1420:aa65/64,]  Routes: [::/0 -> fe80::c888:7b87:d03b:3687 rmnet_data0,] DnsAddresses: [fd00:e13:501:c::170,fd00:e13:101:c::7,] Domains: null MTU: 1440 TcpBufferSizes: 2097152,4194304,8388608,1048576,3145728,4194304 PcscfAddresses: [fd00:e15:501:2::150,] }}  nc{[ Transports: CELLULAR Capabilities: MMS&IMS&NOT_RESTRICTED&TRUSTED&NOT_VPN&VALIDATED LinkUpBandwidth>=51200Kbps LinkDnBandwidth>=102400Kbps Specifier: <1>]}  Score{50}  everValidated{true}  lastValidated{true}  created{true} lingering{false} explicitlySelected{false} acceptUnvalidated{false} everCaptivePortalDetected{false} lastCaptivePortalDetected{false} } for legacy network type 11

01-07 15:18:40.477  1794  2516 D ConnectivityService: notifyType CAP_CHANGED for NetworkAgentInfo [WIFI () - 136]

01-07 15:18:40.480  2571  2942 I NetworkController: [NetworkControllerImpl.java:635:onReceive()]onReceive: intent=Intent { act=android.net.wifi.RSSI_CHANGED flg=0x4000010 (has extras) }

01-07 15:18:40.482  3230  4532 I LGIMS_J : [Apn$ImsNetworkCallback::onCapabilitiesChanged:985] ImsNetworkCallback :: onCapabilitiesChanged=136

01-07 15:18:40.482  2571  2942 I WifiSignalController: [WifiSignalController.java:322:updateLevel()]mWifiConnected = true, mWifiLevel = 2

01-07 15:18:40.483  2571  2942 I NetworkController: [SignalController.java:129:isDirty()]Change in state from: connected=true,enabled=true,level=2,inetCondition=1,iconGroup=IconGroup(SECURITY AP Wi-Fi Icons),activityIn=true,activityOut=true,rssi=-70,,ssid="U+NetEA13",ktGigaWiFi=false,attWifiCall=false

01-07 15:18:40.483  2571  2942 I NetworkController: 	to: connected=true,enabled=true,level=2,inetCondition=1,iconGroup=IconGroup(SECURITY AP Wi-Fi Icons),activityIn=true,activityOut=true,rssi=-64,,ssid="U+NetEA13",ktGigaWiFi=false,attWifiCall=false

01-07 15:18:40.483  3230  3230 D LGIMS_J : [Apn::handleMessage:322] Apn :: apn=INTERNET, msg=3008, proc=null

01-07 15:18:40.483  3230  3230 D LGIMS_J : [Apn$Handle_EVENT_UPDATE_APN_STRING_SUBTYPE::procMsg:788] 

01-07 15:18:40.483  3230  3230 D LGIMS_J : [Apn::updateApnStringAndSubType:408] 

01-07 15:18:40.483  1794  2499 D ConnectivityService: getActiveNetwork nai=NetworkAgentInfo{ ni{[type: WIFI[], state: CONNECTED/CONNECTED, reason: (unspecified), extra: "U+NetEA13", roaming: false, failover: false, isAvailable: true, network type: 1]}  network{136}  lp{{InterfaceName: wlan0 LinkAddresses: [fe80::5e70:a3ff:fe45:d7ff/64,192.168.219.102/24,]  Routes: [fe80::/64 -> :: wlan0,192.168.219.0/24 -> 0.0.0.0 wlan0,0.0.0.0/0 -> 192.168.219.1 wlan0,] DnsAddresses: [1.214.68.2,61.41.153.2,] Domains:  MTU: 0 TcpBufferSizes: 1048576,4194304,8388608,1048576,2097152,4194304 PcscfAddresses: [] }}  nc{[ Transports: WIFI Capabilities: INTERNET&NOT_RESTRICTED&TRUSTED&NOT_VPN&VALIDATED LinkUpBandwidth>=1048576Kbps LinkDnBandwidth>=1048576Kbps SignalStrength: -64]}  Score{60}  everValidated{true}  lastValidated{true}  created{true} lingering{false} explicitlySelected{false} acceptUnvalidated{false} everCaptivePortalDetected{false} lastCaptivePortalDetected{false} }

01-07 15:18:40.485  3230  3230 D LGIMS_J : [Apn::updateApnStringAndSubType:420] netInfo is null. Retry with network type

01-07 15:18:40.485  3230  3230 W LGIMS_J : [Apn::updateApnStringAndSubType:438] Apn string = lte.sktelecom.com, Network subtype = 0

01-07 15:18:40.485  3230  3230 E LGIMS_J : [Apn::handleMessage:317] Apn :: no proc - apn=INTERNET, msg=3006, proc=NETWORK_CAPABILITIES_CHANGED

01-07 15:18:40.485  1794  2989 D ConnectivityService: getActiveNetwork nai=NetworkAgentInfo{ ni{[type: WIFI[], state: CONNECTED/CONNECTED, reason: (unspecified), extra: "U+NetEA13", roaming: false, failover: false, isAvailable: true, network type: 1]}  network{136}  lp{{InterfaceName: wlan0 LinkAddresses: [fe80::5e70:a3ff:fe45:d7ff/64,192.168.219.102/24,]  Routes: [fe80::/64 -> :: wlan0,192.168.219.0/24 -> 0.0.0.0 wlan0,0.0.0.0/0 -> 192.168.219.1 wlan0,] DnsAddresses: [1.214.68.2,61.41.153.2,] Domains:  MTU: 0 TcpBufferSizes: 1048576,4194304,8388608,1048576,2097152,4194304 PcscfAddresses: [] }}  nc{[ Transports: WIFI Capabilities: INTERNET&NOT_RESTRICTED&TRUSTED&NOT_VPN&VALIDATED LinkUpBandwidth>=1048576Kbps LinkDnBandwidth>=1048576Kbps SignalStrength: -64]}  Score{60}  everValidated{true}  lastValidated{true}  created{true} lingering{false} explicitlySelected{false} acceptUnvalidated{false} everCaptivePortalDetected{false} lastCaptivePortalDetected{false} }

01-07 15:18:40.490  1794  3096 D ConnectivityService: getActiveNetwork nai=NetworkAgentInfo{ ni{[type: WIFI[], state: CONNECTED/CONNECTED, reason: (unspecified), extra: "U+NetEA13", roaming: false, failover: false, isAvailable: true, network type: 1]}  network{136}  lp{{InterfaceName: wlan0 LinkAddresses: [fe80::5e70:a3ff:fe45:d7ff/64,192.168.219.102/24,]  Routes: [fe80::/64 -> :: wlan0,192.168.219.0/24 -> 0.0.0.0 wlan0,0.0.0.0/0 -> 192.168.219.1 wlan0,] DnsAddresses: [1.214.68.2,61.41.153.2,] Domains:  MTU: 0 TcpBufferSizes: 1048576,4194304,8388608,1048576,2097152,4194304 PcscfAddresses: [] }}  nc{[ Transports: WIFI Capabilities: INTERNET&NOT_RESTRICTED&TRUSTED&NOT_VPN&VALIDATED LinkUpBandwidth>=1048576Kbps LinkDnBandwidth>=1048576Kbps SignalStrength: -64]}  Score{60}  everValidated{true}  lastValidated{true}  created{true} lingering{false} explicitlySelected{false} acceptUnvalidated{false} everCaptivePortalDetected{false} lastCaptivePortalDetected{false} }

01-07 15:18:40.491  1794  1906 D ConnectivityService: getActiveNetwork nai=NetworkAgentInfo{ ni{[type: WIFI[], state: CONNECTED/CONNECTED, reason: (unspecified), extra: "U+NetEA13", roaming: false, failover: false, isAvailable: true, network type: 1]}  network{136}  lp{{InterfaceName: wlan0 LinkAddresses: [fe80::5e70:a3ff:fe45:d7ff/64,192.168.219.102/24,]  Routes: [fe80::/64 -> :: wlan0,192.168.219.0/24 -> 0.0.0.0 wlan0,0.0.0.0/0 -> 192.168.219.1 wlan0,] DnsAddresses: [1.214.68.2,61.41.153.2,] Domains:  MTU: 0 TcpBufferSizes: 1048576,4194304,8388608,1048576,2097152,4194304 PcscfAddresses: [] }}  nc{[ Transports: WIFI Capabilities: INTERNET&NOT_RESTRICTED&TRUSTED&NOT_VPN&VALIDATED LinkUpBandwidth>=1048576Kbps LinkDnBandwidth>=1048576Kbps SignalStrength: -64]}  Score{60}  everValidated{true}  lastValidated{true}  created{true} lingering{false} explicitlySelected{false} acceptUnvalidated{false} everCaptivePortalDetected{false} lastCaptivePortalDetected{false} }

01-07 15:18:40.499  2571  2571 D SignalClusterView: [SignalClusterView.java:799:apply()]mMobileDescription =   .

01-07 15:18:40.499  2571  2571 D SignalClusterView: [SignalClusterView.java:799:apply()]mMobileDescription =   .

01-07 15:18:40.500  2571  2571 D SignalClusterView: [SignalClusterView.java:799:apply()]mMobileDescription =   .

01-07 15:18:40.503  1794  2989 D ConnectivityService: getActiveNetwork nai=NetworkAgentInfo{ ni{[type: WIFI[], state: CONNECTED/CONNECTED, reason: (unspecified), extra: "U+NetEA13", roaming: false, failover: false, isAvailable: true, network type: 1]}  network{136}  lp{{InterfaceName: wlan0 LinkAddresses: [fe80::5e70:a3ff:fe45:d7ff/64,192.168.219.102/24,]  Routes: [fe80::/64 -> :: wlan0,192.168.219.0/24 -> 0.0.0.0 wlan0,0.0.0.0/0 -> 192.168.219.1 wlan0,] DnsAddresses: [1.214.68.2,61.41.153.2,] Domains:  MTU: 0 TcpBufferSizes: 1048576,4194304,8388608,1048576,2097152,4194304 PcscfAddresses: [] }}  nc{[ Transports: WIFI Capabilities: INTERNET&NOT_RESTRICTED&TRUSTED&NOT_VPN&VALIDATED LinkUpBandwidth>=1048576Kbps LinkDnBandwidth>=1048576Kbps SignalStrength: -64]}  Score{60}  everValidated{true}  lastValidated{true}  created{true} lingering{false} explicitlySelected{false} acceptUnvalidated{false} everCaptivePortalDetected{false} lastCaptivePortalDetected{false} }

01-07 15:18:40.504  1794  1906 D ConnectivityService: getActiveNetwork nai=NetworkAgentInfo{ ni{[type: WIFI[], state: CONNECTED/CONNECTED, reason: (unspecified), extra: "U+NetEA13", roaming: false, failover: false, isAvailable: true, network type: 1]}  network{136}  lp{{InterfaceName: wlan0 LinkAddresses: [fe80::5e70:a3ff:fe45:d7ff/64,192.168.219.102/24,]  Routes: [fe80::/64 -> :: wlan0,192.168.219.0/24 -> 0.0.0.0 wlan0,0.0.0.0/0 -> 192.168.219.1 wlan0,] DnsAddresses: [1.214.68.2,61.41.153.2,] Domains:  MTU: 0 TcpBufferSizes: 1048576,4194304,8388608,1048576,2097152,4194304 PcscfAddresses: [] }}  nc{[ Transports: WIFI Capabilities: INTERNET&NOT_RESTRICTED&TRUSTED&NOT_VPN&VALIDATED LinkUpBandwidth>=1048576Kbps LinkDnBandwidth>=1048576Kbps SignalStrength: -64]}  Score{60}  everValidated{true}  lastValidated{true}  created{true} lingering{false} explicitlySelected{false} acceptUnvalidated{false} everCaptivePortalDetected{false} lastCaptivePortalDetected{false} }

01-07 15:18:40.506  1794  2655 D ConnectivityService: getActiveNetwork nai=NetworkAgentInfo{ ni{[type: WIFI[], state: CONNECTED/CONNECTED, reason: (unspecified), extra: "U+NetEA13", roaming: false, failover: false, isAvailable: true, network type: 1]}  network{136}  lp{{InterfaceName: wlan0 LinkAddresses: [fe80::5e70:a3ff:fe45:d7ff/64,192.168.219.102/24,]  Routes: [fe80::/64 -> :: wlan0,192.168.219.0/24 -> 0.0.0.0 wlan0,0.0.0.0/0 -> 192.168.219.1 wlan0,] DnsAddresses: [1.214.68.2,61.41.153.2,] Domains:  MTU: 0 TcpBufferSizes: 1048576,4194304,8388608,1048576,2097152,4194304 PcscfAddresses: [] }}  nc{[ Transports: WIFI Capabilities: INTERNET&NOT_RESTRICTED&TRUSTED&NOT_VPN&VALIDATED LinkUpBandwidth>=1048576Kbps LinkDnBandwidth>=1048576Kbps SignalStrength: -64]}  Score{60}  everValidated{true}  lastValidated{true}  created{true} lingering{false} explicitlySelected{false} acceptUnvalidated{false} everCaptivePortalDetected{false} lastCaptivePortalDetected{false} }

01-07 15:18:40.541 18644 19043 D AppChangedDetector: lastUsedAppId com.YourCompany.Rolling

01-07 15:18:40.572  1794  2499 I sensors_hal_Ctx: flush: handle is 86

01-07 15:18:40.572  1794  2499 I sensors_hal_SAM: flush:sensor() handle:86

01-07 15:18:40.572  1794  2888 I sensors_hal_Ctx: flush: handle is 48

01-07 15:18:40.572  1794  2888 I sensors_hal_SAM: flush:sensor(android.sensor.step_detector) handle:48

01-07 15:18:40.574  1794  2278 I sensors_hal_HealthActivityPattern: processResp: handle:86

01-07 15:18:40.982  1794  2344 D InputDispatcher: notifyMotion - action=ACTION_DOWN(0), id=0, tooltype=1, deviceId=4, source=0x1002, policyFlags=0x0, flags=0x0, metaState=0x0, buttonState=0x0, edgeFlags=0x0, eventTime=139492266441000, downTime=139492266441000, 

01-07 15:18:40.984  1794  2343 D InputTransport: channel 'b744e78 com.YourCompany.Rolling/com.epicgames.ue4.GameActivity (server)' : action=ACTION_DOWN(0), id=0, tooltype=1, deviceId=4, source=0x1002, flags=0x2, edgeFlags=0x0, metaState=0x0, buttonState=0x0, downTime=139492266441000, eventTime=139492266441000, pointerCount=1

01-07 15:18:40.985 24468 24468 I ViewRootImpl: ViewRoot's Touch Event : ACTION_DOWN

01-07 15:18:41.043 18644 19043 D AppChangedDetector: lastUsedAppId com.YourCompany.Rolling

01-07 15:18:41.137  1794  1943 D AutomaticBrightnessControllerEx: [MultiALC] (new) start checking!! mAmbientLuxWhenBarReleased : 0.0 / mBrightnessWhenBarReleased : 10 / mAmbientLux : 243.0 / mScreenBrightness = 136

01-07 15:18:41.137  1794  1943 D AutomaticBrightnessControllerEx: [MultiALC] same brightness~~~ : 136

01-07 15:18:41.545 18644 19043 D AppChangedDetector: lastUsedAppId com.YourCompany.Rolling

01-07 15:18:41.573  1794  2655 I sensors_hal_Ctx: flush: handle is 86

01-07 15:18:41.573  1794  2655 I sensors_hal_SAM: flush:sensor() handle:86

01-07 15:18:41.573  1794  3163 I sensors_hal_Ctx: flush: handle is 48

01-07 15:18:41.573  1794  3163 I sensors_hal_SAM: flush:sensor(android.sensor.step_detector) handle:48

01-07 15:18:41.575  1794  2278 I sensors_hal_HealthActivityPattern: processResp: handle:86

01-07 15:18:41.841  1041  1362 W XTCC-5.1.0.7: [PosMgr] Position request

01-07 15:18:41.844  1041  1362 W XTCC-5.1.0.7: [WifiScanner] WiFi scan result : [8] AP's

01-07 15:18:41.844  1041  1362 W XTCC-5.1.0.7: [PosMgr] sending back response for POSITION (a) tx(54018), Number of APs used in this position request (8)

01-07 15:18:41.848  1041  1368 W XTCC-5.1.0.7: [WifiScanner] WiFi scan result : [8] AP's

01-07 15:18:41.849  1794  2973 E IzatSvc_QNP: E/Exiting with error virtual void izat_manager::QNP::reportLocation(const izat_manager::LocationReport*, const izat_manager::ILocationProvider*) line 367 "1"

01-07 15:18:41.849  1794  3541 E LocSvc_libulp: E/int ulp_brain_transition_all_providers(), no QUIPC/GNSS transition logic run due to both engines are OFF 

01-07 15:18:41.849  1794  2973 I IzatProviderEngine: LocTech-Label :: OSDC :: Position Report In

01-07 15:18:41.849  1794  2973 I IzatProviderEngine: LocTech-Value :: UTC Time: 1578377921849, Elapsed Real Time Nanos: 241001912195293, Latitude: 37.56421793054611, Longitude: 127.03903127885225, Altitude: 0.0, Speed: 0.0, Bearing: 0.0, Accuracy: 68.81906

01-07 15:18:41.850  1794  1917 D LocationManagerService: This location is marked as ready for broadcast

01-07 15:18:41.850  1794  2973 E LocSvc_LBSApiV02: E/virtual int lbs_core::LBSApiV02::injectCoarsePosition(const CoarsePositionInfo&):320]: Error : st = 3, ind.status = -1552449536

01-07 15:18:41.851  1041  1368 W XTCC-5.1.0.7: [FDAL_ZPP_MGR] RequestNewZppFix: Getting ZPP

01-07 15:18:41.851  1794  1917 D LocationManagerService: incoming location: Location[network 37.564218,127.039031 acc=69 et=+2d18h56m41s912ms alt=0.0 vel=0.0 bear=0.0 {Bundle[{com.qualcomm.location.nlp:ready=true}]}]

01-07 15:18:41.851  1794  2982 E QMI_FW  : QCCI qmi_cci_xport_recv: txn not found. svc_id: 16

01-07 15:18:41.852  1794  1917 D LocationManagerService: incoming location: Location[network 37.564218,127.039031 acc=69 et=+2d18h56m41s912ms alt=0.0 vel=0.0 bear=0.0 {Bundle[{com.qualcomm.location.nlp:ready=true}]}]

01-07 15:18:41.853  1041  1368 W XTCC-5.1.0.7: [FDAL_ZPP_MGR] RequestNewZppFix 37.562943 127.040405 466.737122: ZPP Return Flag 0x11

01-07 15:18:42.048 18644 19043 D AppChangedDetector: lastUsedAppId com.YourCompany.Rolling

01-07 15:18:42.412  1794  2513 V WifiServerServiceExt: checkPollTimer Cnt= 0 rssi =-64 threshold=-100

01-07 15:18:42.478  1794  2516 D ConnectivityService: updateCapabilities cap:[ Transports: WIFI Capabilities: INTERNET&NOT_RESTRICTED&TRUSTED&NOT_VPN LinkUpBandwidth>=1048576Kbps LinkDnBandwidth>=1048576Kbps SignalStrength: -68]

01-07 15:18:42.479  1794  2516 D CSLegacyTypeTracker: Adding agent NetworkAgentInfo{ ni{[type: MOBILE[LTE], state: CONNECTED/CONNECTED, reason: connected, extra: ims, roaming: false, failover: false, isAvailable: true, network type: 0]}  network{101}  lp{{InterfaceName: rmnet_data0 LinkAddresses: [2001:2d8:e812:2041:a7b8:6778:1420:aa65/64,]  Routes: [::/0 -> fe80::c888:7b87:d03b:3687 rmnet_data0,] DnsAddresses: [fd00:e13:501:c::170,fd00:e13:101:c::7,] Domains: null MTU: 1440 TcpBufferSizes: 2097152,4194304,8388608,1048576,3145728,4194304 PcscfAddresses: [fd00:e15:501:2::150,] }}  nc{[ Transports: CELLULAR Capabilities: MMS&IMS&NOT_RESTRICTED&TRUSTED&NOT_VPN&VALIDATED LinkUpBandwidth>=51200Kbps LinkDnBandwidth>=102400Kbps Specifier: <1>]}  Score{50}  everValidated{true}  lastValidated{true}  created{true} lingering{false} explicitlySelected{false} acceptUnvalidated{false} everCaptivePortalDetected{false} lastCaptivePortalDetected{false} } for legacy network type 11

01-07 15:18:42.479  1794  2516 D ConnectivityService: notifyType CAP_CHANGED for NetworkAgentInfo [WIFI () - 136]

01-07 15:18:42.480  2571  2942 I NetworkController: [NetworkControllerImpl.java:635:onReceive()]onReceive: intent=Intent { act=android.net.wifi.RSSI_CHANGED flg=0x4000010 (has extras) }

01-07 15:18:42.481  2571  2942 I WifiSignalController: [WifiSignalController.java:322:updateLevel()]mWifiConnected = true, mWifiLevel = 2

01-07 15:18:42.481  2571  2942 I NetworkController: [SignalController.java:129:isDirty()]Change in state from: connected=true,enabled=true,level=2,inetCondition=1,iconGroup=IconGroup(SECURITY AP Wi-Fi Icons),activityIn=true,activityOut=true,rssi=-64,,ssid="U+NetEA13",ktGigaWiFi=false,attWifiCall=false

01-07 15:18:42.481  2571  2942 I NetworkController: 	to: connected=true,enabled=true,level=2,inetCondition=1,iconGroup=IconGroup(SECURITY AP Wi-Fi Icons),activityIn=true,activityOut=true,rssi=-68,,ssid="U+NetEA13",ktGigaWiFi=false,attWifiCall=false

01-07 15:18:42.484  1794  3113 D ConnectivityService: getActiveNetwork nai=NetworkAgentInfo{ ni{[type: WIFI[], state: CONNECTED/CONNECTED, reason: (unspecified), extra: "U+NetEA13", roaming: false, failover: false, isAvailable: true, network type: 1]}  network{136}  lp{{InterfaceName: wlan0 LinkAddresses: [fe80::5e70:a3ff:fe45:d7ff/64,192.168.219.102/24,]  Routes: [fe80::/64 -> :: wlan0,192.168.219.0/24 -> 0.0.0.0 wlan0,0.0.0.0/0 -> 192.168.219.1 wlan0,] DnsAddresses: [1.214.68.2,61.41.153.2,] Domains:  MTU: 0 TcpBufferSizes: 1048576,4194304,8388608,1048576,2097152,4194304 PcscfAddresses: [] }}  nc{[ Transports: WIFI Capabilities: INTERNET&NOT_RESTRICTED&TRUSTED&NOT_VPN&VALIDATED LinkUpBandwidth>=1048576Kbps LinkDnBandwidth>=1048576Kbps SignalStrength: -68]}  Score{60}  everValidated{true}  lastValidated{true}  created{true} lingering{false} explicitlySelected{false} acceptUnvalidated{false} everCaptivePortalDetected{false} lastCaptivePortalDetected{false} }

01-07 15:18:42.484  3230  4532 I LGIMS_J : [Apn$ImsNetworkCallback::onCapabilitiesChanged:985] ImsNetworkCallback :: onCapabilitiesChanged=136

01-07 15:18:42.485  3230  3230 D LGIMS_J : [Apn::handleMessage:322] Apn :: apn=INTERNET, msg=3008, proc=null

01-07 15:18:42.485  3230  3230 D LGIMS_J : [Apn$Handle_EVENT_UPDATE_APN_STRING_SUBTYPE::procMsg:788] 

01-07 15:18:42.485  3230  3230 D LGIMS_J : [Apn::updateApnStringAndSubType:408] 

01-07 15:18:42.486  3230  3230 D LGIMS_J : [Apn::updateApnStringAndSubType:420] netInfo is null. Retry with network type

01-07 15:18:42.488  3230  3230 W LGIMS_J : [Apn::updateApnStringAndSubType:438] Apn string = lte.sktelecom.com, Network subtype = 0

01-07 15:18:42.488  3230  3230 E LGIMS_J : [Apn::handleMessage:317] Apn :: no proc - apn=INTERNET, msg=3006, proc=NETWORK_CAPABILITIES_CHANGED

01-07 15:18:42.494  1794  3098 D ConnectivityService: getActiveNetwork nai=NetworkAgentInfo{ ni{[type: WIFI[], state: CONNECTED/CONNECTED, reason: (unspecified), extra: "U+NetEA13", roaming: false, failover: false, isAvailable: true, network type: 1]}  network{136}  lp{{InterfaceName: wlan0 LinkAddresses: [fe80::5e70:a3ff:fe45:d7ff/64,192.168.219.102/24,]  Routes: [fe80::/64 -> :: wlan0,192.168.219.0/24 -> 0.0.0.0 wlan0,0.0.0.0/0 -> 192.168.219.1 wlan0,] DnsAddresses: [1.214.68.2,61.41.153.2,] Domains:  MTU: 0 TcpBufferSizes: 1048576,4194304,8388608,1048576,2097152,4194304 PcscfAddresses: [] }}  nc{[ Transports: WIFI Capabilities: INTERNET&NOT_RESTRICTED&TRUSTED&NOT_VPN&VALIDATED LinkUpBandwidth>=1048576Kbps LinkDnBandwidth>=1048576Kbps SignalStrength: -68]}  Score{60}  everValidated{true}  lastValidated{true}  created{true} lingering{false} explicitlySelected{false} acceptUnvalidated{false} everCaptivePortalDetected{false} lastCaptivePortalDetected{false} }

01-07 15:18:42.494  1794  1906 D ConnectivityService: getActiveNetwork nai=NetworkAgentInfo{ ni{[type: WIFI[], state: CONNECTED/CONNECTED, reason: (unspecified), extra: "U+NetEA13", roaming: false, failover: false, isAvailable: true, network type: 1]}  network{136}  lp{{InterfaceName: wlan0 LinkAddresses: [fe80::5e70:a3ff:fe45:d7ff/64,192.168.219.102/24,]  Routes: [fe80::/64 -> :: wlan0,192.168.219.0/24 -> 0.0.0.0 wlan0,0.0.0.0/0 -> 192.168.219.1 wlan0,] DnsAddresses: [1.214.68.2,61.41.153.2,] Domains:  MTU: 0 TcpBufferSizes: 1048576,4194304,8388608,1048576,2097152,4194304 PcscfAddresses: [] }}  nc{[ Transports: WIFI Capabilities: INTERNET&NOT_RESTRICTED&TRUSTED&NOT_VPN&VALIDATED LinkUpBandwidth>=1048576Kbps LinkDnBandwidth>=1048576Kbps SignalStrength: -68]}  Score{60}  everValidated{true}  lastValidated{true}  created{true} lingering{false} explicitlySelected{false} acceptUnvalidated{false} everCaptivePortalDetected{false} lastCaptivePortalDetected{false} }

01-07 15:18:42.498  2571  2571 D SignalClusterView: [SignalClusterView.java:799:apply()]mMobileDescription =   .

01-07 15:18:42.499  2571  2571 D SignalClusterView: [SignalClusterView.java:799:apply()]mMobileDescription =   .

01-07 15:18:42.499  2571  2571 D SignalClusterView: [SignalClusterView.java:799:apply()]mMobileDescription =   .

01-07 15:18:42.502  1794  2888 D ConnectivityService: getActiveNetwork nai=NetworkAgentInfo{ ni{[type: WIFI[], state: CONNECTED/CONNECTED, reason: (unspecified), extra: "U+NetEA13", roaming: false, failover: false, isAvailable: true, network type: 1]}  network{136}  lp{{InterfaceName: wlan0 LinkAddresses: [fe80::5e70:a3ff:fe45:d7ff/64,192.168.219.102/24,]  Routes: [fe80::/64 -> :: wlan0,192.168.219.0/24 -> 0.0.0.0 wlan0,0.0.0.0/0 -> 192.168.219.1 wlan0,] DnsAddresses: [1.214.68.2,61.41.153.2,] Domains:  MTU: 0 TcpBufferSizes: 1048576,4194304,8388608,1048576,2097152,4194304 PcscfAddresses: [] }}  nc{[ Transports: WIFI Capabilities: INTERNET&NOT_RESTRICTED&TRUSTED&NOT_VPN&VALIDATED LinkUpBandwidth>=1048576Kbps LinkDnBandwidth>=1048576Kbps SignalStrength: -68]}  Score{60}  everValidated{true}  lastValidated{true}  created{true} lingering{false} explicitlySelected{false} acceptUnvalidated{false} everCaptivePortalDetected{false} lastCaptivePortalDetected{false} }

01-07 15:18:42.503  1794  1906 D ConnectivityService: getActiveNetwork nai=NetworkAgentInfo{ ni{[type: WIFI[], state: CONNECTED/CONNECTED, reason: (unspecified), extra: "U+NetEA13", roaming: false, failover: false, isAvailable: true, network type: 1]}  network{136}  lp{{InterfaceName: wlan0 LinkAddresses: [fe80::5e70:a3ff:fe45:d7ff/64,192.168.219.102/24,]  Routes: [fe80::/64 -> :: wlan0,192.168.219.0/24 -> 0.0.0.0 wlan0,0.0.0.0/0 -> 192.168.219.1 wlan0,] DnsAddresses: [1.214.68.2,61.41.153.2,] Domains:  MTU: 0 TcpBufferSizes: 1048576,4194304,8388608,1048576,2097152,4194304 PcscfAddresses: [] }}  nc{[ Transports: WIFI Capabilities: INTERNET&NOT_RESTRICTED&TRUSTED&NOT_VPN&VALIDATED LinkUpBandwidth>=1048576Kbps LinkDnBandwidth>=1048576Kbps SignalStrength: -68]}  Score{60}  everValidated{true}  lastValidated{true}  created{true} lingering{false} explicitlySelected{false} acceptUnvalidated{false} everCaptivePortalDetected{false} lastCaptivePortalDetected{false} }

01-07 15:18:42.503  1794  3098 D ConnectivityService: getActiveNetwork nai=NetworkAgentInfo{ ni{[type: WIFI[], state: CONNECTED/CONNECTED, reason: (unspecified), extra: "U+NetEA13", roaming: false, failover: false, isAvailable: true, network type: 1]}  network{136}  lp{{InterfaceName: wlan0 LinkAddresses: [fe80::5e70:a3ff:fe45:d7ff/64,192.168.219.102/24,]  Routes: [fe80::/64 -> :: wlan0,192.168.219.0/24 -> 0.0.0.0 wlan0,0.0.0.0/0 -> 192.168.219.1 wlan0,] DnsAddresses: [1.214.68.2,61.41.153.2,] Domains:  MTU: 0 TcpBufferSizes: 1048576,4194304,8388608,1048576,2097152,4194304 PcscfAddresses: [] }}  nc{[ Transports: WIFI Capabilities: INTERNET&NOT_RESTRICTED&TRUSTED&NOT_VPN&VALIDATED LinkUpBandwidth>=1048576Kbps LinkDnBandwidth>=1048576Kbps SignalStrength: -68]}  Score{60}  everValidated{true}  lastValidated{true}  created{true} lingering{false} explicitlySelected{false} acceptUnvalidated{false} everCaptivePortalDetected{false} lastCaptivePortalDetected{false} }

01-07 15:18:42.505  1794  3076 D ConnectivityService: getActiveNetwork nai=NetworkAgentInfo{ ni{[type: WIFI[], state: CONNECTED/CONNECTED, reason: (unspecified), extra: "U+NetEA13", roaming: false, failover: false, isAvailable: true, network type: 1]}  network{136}  lp{{InterfaceName: wlan0 LinkAddresses: [fe80::5e70:a3ff:fe45:d7ff/64,192.168.219.102/24,]  Routes: [fe80::/64 -> :: wlan0,192.168.219.0/24 -> 0.0.0.0 wlan0,0.0.0.0/0 -> 192.168.219.1 wlan0,] DnsAddresses: [1.214.68.2,61.41.153.2,] Domains:  MTU: 0 TcpBufferSizes: 1048576,4194304,8388608,1048576,2097152,4194304 PcscfAddresses: [] }}  nc{[ Transports: WIFI Capabilities: INTERNET&NOT_RESTRICTED&TRUSTED&NOT_VPN&VALIDATED LinkUpBandwidth>=1048576Kbps LinkDnBandwidth>=1048576Kbps SignalStrength: -68]}  Score{60}  everValidated{true}  lastValidated{true}  created{true} lingering{false} explicitlySelected{false} acceptUnvalidated{false} everCaptivePortalDetected{false} lastCaptivePortalDetected{false} }

01-07 15:18:42.550 18644 19043 D AppChangedDetector: lastUsedAppId com.YourCompany.Rolling

01-07 15:18:42.574  1794  2499 I sensors_hal_Ctx: flush: handle is 86

01-07 15:18:42.574  1794  2499 I sensors_hal_SAM: flush:sensor() handle:86

01-07 15:18:42.574  1794  3077 I sensors_hal_Ctx: flush: handle is 48

01-07 15:18:42.574  1794  3077 I sensors_hal_SAM: flush:sensor(android.sensor.step_detector) handle:48

01-07 15:18:42.575  1794  2278 I sensors_hal_HealthActivityPattern: processResp: handle:86

01-07 15:18:42.963   940   977 I GBMv2   : GBM state [1]

01-07 15:18:43.053 18644 19043 D AppChangedDetector: lastUsedAppId com.YourCompany.Rolling

01-07 15:18:43.054  6066  6121 W FlurryAgent: Flurry session finalized

01-07 15:18:43.087  6066  6121 W System.err: java.lang.NullPointerException: Attempt to invoke virtual method 'void com.flurry.sdk.gr.a(com.flurry.sdk.gq, java.lang.String)' on a null object reference

01-07 15:18:43.087  6066  6121 W System.err: 	at com.flurry.sdk.gp.d(SourceFile:202)

01-07 15:18:43.087  6066  6121 W System.err: 	at com.flurry.sdk.gp$3.safeRun(SourceFile:115)

01-07 15:18:43.087  6066  6121 W System.err: 	at com.flurry.sdk.hq.run(SourceFile:49)

01-07 15:18:43.088  6066  6121 W System.err: 	at android.os.Handler.handleCallback(Handler.java:739)

01-07 15:18:43.088  6066  6121 W System.err: 	at android.os.Handler.dispatchMessage(Handler.java:95)

01-07 15:18:43.088  6066  6121 W System.err: 	at android.os.Looper.loop(Looper.java:148)

01-07 15:18:43.088  6066  6121 W System.err: 	at android.os.HandlerThread.run(HandlerThread.java:61)

01-07 15:18:43.088  6066  6121 W System.err: java.lang.NullPointerException: Attempt to invoke virtual method 'java.util.List com.flurry.sdk.gr.a()' on a null object reference

01-07 15:18:43.088  6066  6121 W System.err: 	at com.flurry.sdk.gp.g(SourceFile:215)

01-07 15:18:43.088  6066  6121 W System.err: 	at com.flurry.sdk.gp$4.safeRun(SourceFile:128)

01-07 15:18:43.088  6066  6121 W System.err: 	at com.flurry.sdk.hq.run(SourceFile:49)

01-07 15:18:43.088  6066  6121 W System.err: 	at android.os.Handler.handleCallback(Handler.java:739)

01-07 15:18:43.088  6066  6121 W System.err: 	at android.os.Handler.dispatchMessage(Handler.java:95)

01-07 15:18:43.088  6066  6121 W System.err: 	at android.os.Looper.loop(Looper.java:148)

01-07 15:18:43.088  6066  6121 W System.err: 	at android.os.HandlerThread.run(HandlerThread.java:61)

01-07 15:18:43.445  1794  2344 D InputDispatcher: notifyMotion - action=ACTION_UP(0), id=0, tooltype=1, deviceId=4, source=0x1002, policyFlags=0x0, flags=0x0, metaState=0x0, buttonState=0x0, edgeFlags=0x0, eventTime=139494729008000, downTime=139492266441000, 

01-07 15:18:43.446  1794  2343 D InputTransport: channel 'b744e78 com.YourCompany.Rolling/com.epicgames.ue4.GameActivity (server)' : action=ACTION_UP(0), id=0, tooltype=1, deviceId=4, source=0x1002, flags=0x2, edgeFlags=0x0, metaState=0x0, buttonState=0x0, downTime=139492266441000, eventTime=139494729008000, pointerCount=1

01-07 15:18:43.446 24468 24468 I ViewRootImpl: ViewRoot's Touch Event : ACTION_UP

01-07 15:18:43.487  1794  2516 D ConnectivityService: updateCapabilities cap:[ Transports: WIFI Capabilities: INTERNET&NOT_RESTRICTED&TRUSTED&NOT_VPN LinkUpBandwidth>=1048576Kbps LinkDnBandwidth>=1048576Kbps SignalStrength: -63]

01-07 15:18:43.488  1794  2516 D CSLegacyTypeTracker: Adding agent NetworkAgentInfo{ ni{[type: MOBILE[LTE], state: CONNECTED/CONNECTED, reason: connected, extra: ims, roaming: false, failover: false, isAvailable: true, network type: 0]}  network{101}  lp{{InterfaceName: rmnet_data0 LinkAddresses: [2001:2d8:e812:2041:a7b8:6778:1420:aa65/64,]  Routes: [::/0 -> fe80::c888:7b87:d03b:3687 rmnet_data0,] DnsAddresses: [fd00:e13:501:c::170,fd00:e13:101:c::7,] Domains: null MTU: 1440 TcpBufferSizes: 2097152,4194304,8388608,1048576,3145728,4194304 PcscfAddresses: [fd00:e15:501:2::150,] }}  nc{[ Transports: CELLULAR Capabilities: MMS&IMS&NOT_RESTRICTED&TRUSTED&NOT_VPN&VALIDATED LinkUpBandwidth>=51200Kbps LinkDnBandwidth>=102400Kbps Specifier: <1>]}  Score{50}  everValidated{true}  lastValidated{true}  created{true} lingering{false} explicitlySelected{false} acceptUnvalidated{false} everCaptivePortalDetected{false} lastCaptivePortalDetected{false} } for legacy network type 11

01-07 15:18:43.488  1794  2516 D ConnectivityService: notifyType CAP_CHANGED for NetworkAgentInfo [WIFI () - 136]

01-07 15:18:43.493  2571  2942 I NetworkController: [NetworkControllerImpl.java:635:onReceive()]onReceive: intent=Intent { act=android.net.wifi.RSSI_CHANGED flg=0x4000010 (has extras) }

01-07 15:18:43.493  2571  2942 I WifiSignalController: [WifiSignalController.java:322:updateLevel()]mWifiConnected = true, mWifiLevel = 2

01-07 15:18:43.493  2571  2942 I NetworkController: [SignalController.java:129:isDirty()]Change in state from: connected=true,enabled=true,level=2,inetCondition=1,iconGroup=IconGroup(SECURITY AP Wi-Fi Icons),activityIn=true,activityOut=true,rssi=-68,,ssid="U+NetEA13",ktGigaWiFi=false,attWifiCall=false

01-07 15:18:43.493  2571  2942 I NetworkController: 	to: connected=true,enabled=true,level=2,inetCondition=1,iconGroup=IconGroup(SECURITY AP Wi-Fi Icons),activityIn=true,activityOut=true,rssi=-63,,ssid="U+NetEA13",ktGigaWiFi=false,attWifiCall=false

01-07 15:18:43.495  2571  2571 D SignalClusterView: [SignalClusterView.java:799:apply()]mMobileDescription =   .

01-07 15:18:43.495  2571  2571 D SignalClusterView: [SignalClusterView.java:799:apply()]mMobileDescription =   .

01-07 15:18:43.495  2571  2571 D SignalClusterView: [SignalClusterView.java:799:apply()]mMobileDescription =   .

01-07 15:18:43.496  3230  4532 I LGIMS_J : [Apn$ImsNetworkCallback::onCapabilitiesChanged:985] ImsNetworkCallback :: onCapabilitiesChanged=136

01-07 15:18:43.497  3230  3230 D LGIMS_J : [Apn::handleMessage:322] Apn :: apn=INTERNET, msg=3008, proc=null

01-07 15:18:43.497  3230  3230 D LGIMS_J : [Apn$Handle_EVENT_UPDATE_APN_STRING_SUBTYPE::procMsg:788] 

01-07 15:18:43.497  3230  3230 D LGIMS_J : [Apn::updateApnStringAndSubType:408] 

01-07 15:18:43.497  3230  3230 D LGIMS_J : [Apn::updateApnStringAndSubType:420] netInfo is null. Retry with network type

01-07 15:18:43.499  3230  3230 W LGIMS_J : [Apn::updateApnStringAndSubType:438] Apn string = lte.sktelecom.com, Network subtype = 0

01-07 15:18:43.499  1794  3077 D ConnectivityService: getActiveNetwork nai=NetworkAgentInfo{ ni{[type: WIFI[], state: CONNECTED/CONNECTED, reason: (unspecified), extra: "U+NetEA13", roaming: false, failover: false, isAvailable: true, network type: 1]}  network{136}  lp{{InterfaceName: wlan0 LinkAddresses: [fe80::5e70:a3ff:fe45:d7ff/64,192.168.219.102/24,]  Routes: [fe80::/64 -> :: wlan0,192.168.219.0/24 -> 0.0.0.0 wlan0,0.0.0.0/0 -> 192.168.219.1 wlan0,] DnsAddresses: [1.214.68.2,61.41.153.2,] Domains:  MTU: 0 TcpBufferSizes: 1048576,4194304,8388608,1048576,2097152,4194304 PcscfAddresses: [] }}  nc{[ Transports: WIFI Capabilities: INTERNET&NOT_RESTRICTED&TRUSTED&NOT_VPN&VALIDATED LinkUpBandwidth>=1048576Kbps LinkDnBandwidth>=1048576Kbps SignalStrength: -63]}  Score{60}  everValidated{true}  lastValidated{true}  created{true} lingering{false} explicitlySelected{false} acceptUnvalidated{false} everCaptivePortalDetected{false} lastCaptivePortalDetected{false} }

01-07 15:18:43.499  1794  3154 D ConnectivityService: getActiveNetwork nai=NetworkAgentInfo{ ni{[type: WIFI[], state: CONNECTED/CONNECTED, reason: (unspecified), extra: "U+NetEA13", roaming: false, failover: false, isAvailable: true, network type: 1]}  network{136}  lp{{InterfaceName: wlan0 LinkAddresses: [fe80::5e70:a3ff:fe45:d7ff/64,192.168.219.102/24,]  Routes: [fe80::/64 -> :: wlan0,192.168.219.0/24 -> 0.0.0.0 wlan0,0.0.0.0/0 -> 192.168.219.1 wlan0,] DnsAddresses: [1.214.68.2,61.41.153.2,] Domains:  MTU: 0 TcpBufferSizes: 1048576,4194304,8388608,1048576,2097152,4194304 PcscfAddresses: [] }}  nc{[ Transports: WIFI Capabilities: INTERNET&NOT_RESTRICTED&TRUSTED&NOT_VPN&VALIDATED LinkUpBandwidth>=1048576Kbps LinkDnBandwidth>=1048576Kbps SignalStrength: -63]}  Score{60}  everValidated{true}  lastValidated{true}  created{true} lingering{false} explicitlySelected{false} acceptUnvalidated{false} everCaptivePortalDetected{false} lastCaptivePortalDetected{false} }

01-07 15:18:43.499  3230  3230 E LGIMS_J : [Apn::handleMessage:317] Apn :: no proc - apn=INTERNET, msg=3006, proc=NETWORK_CAPABILITIES_CHANGED

01-07 15:18:43.499  1794  2499 D ConnectivityService: getActiveNetwork nai=NetworkAgentInfo{ ni{[type: WIFI[], state: CONNECTED/CONNECTED, reason: (unspecified), extra: "U+NetEA13", roaming: false, failover: false, isAvailable: true, network type: 1]}  network{136}  lp{{InterfaceName: wlan0 LinkAddresses: [fe80::5e70:a3ff:fe45:d7ff/64,192.168.219.102/24,]  Routes: [fe80::/64 -> :: wlan0,192.168.219.0/24 -> 0.0.0.0 wlan0,0.0.0.0/0 -> 192.168.219.1 wlan0,] DnsAddresses: [1.214.68.2,61.41.153.2,] Domains:  MTU: 0 TcpBufferSizes: 1048576,4194304,8388608,1048576,2097152,4194304 PcscfAddresses: [] }}  nc{[ Transports: WIFI Capabilities: INTERNET&NOT_RESTRICTED&TRUSTED&NOT_VPN&VALIDATED LinkUpBandwidth>=1048576Kbps LinkDnBandwidth>=1048576Kbps SignalStrength: -63]}  Score{60}  everValidated{true}  lastValidated{true}  created{true} lingering{false} explicitlySelected{false} acceptUnvalidated{false} everCaptivePortalDetected{false} lastCaptivePortalDetected{false} }

01-07 15:18:43.507  1794  2990 D ConnectivityService: getActiveNetwork nai=NetworkAgentInfo{ ni{[type: WIFI[], state: CONNECTED/CONNECTED, reason: (unspecified), extra: "U+NetEA13", roaming: false, failover: false, isAvailable: true, network type: 1]}  network{136}  lp{{InterfaceName: wlan0 LinkAddresses: [fe80::5e70:a3ff:fe45:d7ff/64,192.168.219.102/24,]  Routes: [fe80::/64 -> :: wlan0,192.168.219.0/24 -> 0.0.0.0 wlan0,0.0.0.0/0 -> 192.168.219.1 wlan0,] DnsAddresses: [1.214.68.2,61.41.153.2,] Domains:  MTU: 0 TcpBufferSizes: 1048576,4194304,8388608,1048576,2097152,4194304 PcscfAddresses: [] }}  nc{[ Transports: WIFI Capabilities: INTERNET&NOT_RESTRICTED&TRUSTED&NOT_VPN&VALIDATED LinkUpBandwidth>=1048576Kbps LinkDnBandwidth>=1048576Kbps SignalStrength: -63]}  Score{60}  everValidated{true}  lastValidated{true}  created{true} lingering{false} explicitlySelected{false} acceptUnvalidated{false} everCaptivePortalDetected{false} lastCaptivePortalDetected{false} }

01-07 15:18:43.511  1794  2989 D ConnectivityService: getActiveNetwork nai=NetworkAgentInfo{ ni{[type: WIFI[], state: CONNECTED/CONNECTED, reason: (unspecified), extra: "U+NetEA13", roaming: false, failover: false, isAvailable: true, network type: 1]}  network{136}  lp{{InterfaceName: wlan0 LinkAddresses: [fe80::5e70:a3ff:fe45:d7ff/64,192.168.219.102/24,]  Routes: [fe80::/64 -> :: wlan0,192.168.219.0/24 -> 0.0.0.0 wlan0,0.0.0.0/0 -> 192.168.219.1 wlan0,] DnsAddresses: [1.214.68.2,61.41.153.2,] Domains:  MTU: 0 TcpBufferSizes: 1048576,4194304,8388608,1048576,2097152,4194304 PcscfAddresses: [] }}  nc{[ Transports: WIFI Capabilities: INTERNET&NOT_RESTRICTED&TRUSTED&NOT_VPN&VALIDATED LinkUpBandwidth>=1048576Kbps LinkDnBandwidth>=1048576Kbps SignalStrength: -63]}  Score{60}  everValidated{true}  lastValidated{true}  created{true} lingering{false} explicitlySelected{false} acceptUnvalidated{false} everCaptivePortalDetected{false} lastCaptivePortalDetected{false} }

01-07 15:18:43.512  1794  1906 D ConnectivityService: getActiveNetwork nai=NetworkAgentInfo{ ni{[type: WIFI[], state: CONNECTED/CONNECTED, reason: (unspecified), extra: "U+NetEA13", roaming: false, failover: false, isAvailable: true, network type: 1]}  network{136}  lp{{InterfaceName: wlan0 LinkAddresses: [fe80::5e70:a3ff:fe45:d7ff/64,192.168.219.102/24,]  Routes: [fe80::/64 -> :: wlan0,192.168.219.0/24 -> 0.0.0.0 wlan0,0.0.0.0/0 -> 192.168.219.1 wlan0,] DnsAddresses: [1.214.68.2,61.41.153.2,] Domains:  MTU: 0 TcpBufferSizes: 1048576,4194304,8388608,1048576,2097152,4194304 PcscfAddresses: [] }}  nc{[ Transports: WIFI Capabilities: INTERNET&NOT_RESTRICTED&TRUSTED&NOT_VPN&VALIDATED LinkUpBandwidth>=1048576Kbps LinkDnBandwidth>=1048576Kbps SignalStrength: -63]}  Score{60}  everValidated{true}  lastValidated{true}  created{true} lingering{false} explicitlySelected{false} acceptUnvalidated{false} everCaptivePortalDetected{false} lastCaptivePortalDetected{false} }

01-07 15:18:43.522  1794  3154 D ConnectivityService: getActiveNetwork nai=NetworkAgentInfo{ ni{[type: WIFI[], state: CONNECTED/CONNECTED, reason: (unspecified), extra: "U+NetEA13", roaming: false, failover: false, isAvailable: true, network type: 1]}  network{136}  lp{{InterfaceName: wlan0 LinkAddresses: [fe80::5e70:a3ff:fe45:d7ff/64,192.168.219.102/24,]  Routes: [fe80::/64 -> :: wlan0,192.168.219.0/24 -> 0.0.0.0 wlan0,0.0.0.0/0 -> 192.168.219.1 wlan0,] DnsAddresses: [1.214.68.2,61.41.153.2,] Domains:  MTU: 0 TcpBufferSizes: 1048576,4194304,8388608,1048576,2097152,4194304 PcscfAddresses: [] }}  nc{[ Transports: WIFI Capabilities: INTERNET&NOT_RESTRICTED&TRUSTED&NOT_VPN&VALIDATED LinkUpBandwidth>=1048576Kbps LinkDnBandwidth>=1048576Kbps SignalStrength: -63]}  Score{60}  everValidated{true}  lastValidated{true}  created{true} lingering{false} explicitlySelected{false} acceptUnvalidated{false} everCaptivePortalDetected{false} lastCaptivePortalDetected{false} }

01-07 15:18:43.556 18644 19043 D AppChangedDetector: lastUsedAppId com.YourCompany.Rolling

01-07 15:18:43.575  1794  3098 I sensors_hal_Ctx: flush: handle is 86

01-07 15:18:43.575  1794  3098 I sensors_hal_SAM: flush:sensor() handle:86

01-07 15:18:43.576  1794  2991 I sensors_hal_Ctx: flush: handle is 48

01-07 15:18:43.576  1794  2991 I sensors_hal_SAM: flush:sensor(android.sensor.step_detector) handle:48

01-07 15:18:43.577  1794  2278 I sensors_hal_HealthActivityPattern: processResp: handle:86

01-07 15:18:43.703   940   975 I GBMv2   : WP:3

01-07 15:18:43.850  1041  1362 W XTCC-5.1.0.7: [PosMgr] Position request

01-07 15:18:43.859  2742  2742 I wpa_supplicant: wlan0: CTRL-EVENT-SCAN-STARTED 

01-07 15:18:43.859   988  2739 I LowiWifiHal: ivmh: event received NL80211_CMD_TRIGGER_SCAN

01-07 15:18:43.860   988  2739 I LowiWifiHal: ivmh: event received NL80211_CMD_TRIGGER_SCAN, vendor_id = 0x0

01-07 15:18:43.860   988  2739 I LowiWifiHal: ivmh: event ignored!!

01-07 15:18:43.900  1794  2344 D InputDispatcher: notifyMotion - action=ACTION_DOWN(0), id=0, tooltype=1, deviceId=4, source=0x1002, policyFlags=0x0, flags=0x0, metaState=0x0, buttonState=0x0, edgeFlags=0x0, eventTime=139495183905000, downTime=139495183905000, 

01-07 15:18:43.900  1794  2343 D InputTransport: channel 'b744e78 com.YourCompany.Rolling/com.epicgames.ue4.GameActivity (server)' : action=ACTION_DOWN(0), id=0, tooltype=1, deviceId=4, source=0x1002, flags=0x2, edgeFlags=0x0, metaState=0x0, buttonState=0x0, downTime=139495183905000, eventTime=139495183905000, pointerCount=1

01-07 15:18:43.903 24468 24468 I ViewRootImpl: ViewRoot's Touch Event : ACTION_DOWN

01-07 15:18:44.058 18644 19043 D AppChangedDetector: lastUsedAppId com.YourCompany.Rolling

01-07 15:18:44.562 18644 19043 D AppChangedDetector: lastUsedAppId com.YourCompany.Rolling

01-07 15:18:44.577  1794  2888 I sensors_hal_Ctx: flush: handle is 86

01-07 15:18:44.577  1794  2888 I sensors_hal_SAM: flush:sensor() handle:86

01-07 15:18:44.578  1794  3098 I sensors_hal_Ctx: flush: handle is 48

01-07 15:18:44.578  1794  3098 I sensors_hal_SAM: flush:sensor(android.sensor.step_detector) handle:48

01-07 15:18:44.579  1794  2278 I sensors_hal_HealthActivityPattern: processResp: handle:86

01-07 15:18:44.658   988  2739 I LowiWifiHal: ivmh: event received NL80211_CMD_NEW_SCAN_RESULTS

01-07 15:18:44.658   988  2739 I LowiWifiHal: ivmh: event received NL80211_CMD_NEW_SCAN_RESULTS, vendor_id = 0x0

01-07 15:18:44.658   988  2739 I LowiWifiHal: ivmh: event ignored!!

01-07 15:18:44.660  1041  1362 W XTCC-5.1.0.7: [WifiScanner] WiFi scan result : [6] AP's

01-07 15:18:44.660  3178  3437 D P2pExtMonWorker: Event [CTRL-EVENT-SCAN-RESULTS ]

01-07 15:18:44.660  3178  3437 D P2pExtMonWorker: Event [WPS-AP-AVAILABLE ]

01-07 15:18:44.660  1794  2506 D LGWifiP2pService: InactiveState{ when=-2ms what=147461 target=com.android.internal.util.StateMachine$SmHandler }

01-07 15:18:44.660  1794  2506 D LGWifiP2pService: P2pEnabledState{ when=-2ms what=147461 target=com.android.internal.util.StateMachine$SmHandler }

01-07 15:18:44.660  1794  2506 D LGWifiP2pService: DefaultState{ when=-2ms what=147461 target=com.android.internal.util.StateMachine$SmHandler }

01-07 15:18:44.660  1041  1362 W XTCC-5.1.0.7: [PosMgr] sending back response for POSITION (a) tx(54019), Number of APs used in this position request (8)

01-07 15:18:44.662  1794  3541 E LocSvc_libulp: E/int ulp_brain_transition_all_providers(), no QUIPC/GNSS transition logic run due to both engines are OFF 

01-07 15:18:44.662  1794  2973 I IzatProviderEngine: LocTech-Label :: OSDC :: Position Report In

01-07 15:18:44.662  1794  2973 I IzatProviderEngine: LocTech-Value :: UTC Time: 1578377924662, Elapsed Real Time Nanos: 241004725102688, Latitude: 37.56421793054611, Longitude: 127.03903127885225, Altitude: 0.0, Speed: 0.0, Bearing: 0.0, Accuracy: 68.81259

01-07 15:18:44.663  1041  1368 W XTCC-5.1.0.7: [FDAL_ZPP_MGR] RequestNewZppFix: Getting ZPP

01-07 15:18:44.663  1794  1917 D LocationManagerService: This location is marked as ready for broadcast

01-07 15:18:44.664  1794  1917 D LocationManagerService: incoming location: Location[network 37.564218,127.039031 acc=69 et=+2d18h56m44s725ms alt=0.0 vel=0.0 bear=0.0 {Bundle[{com.qualcomm.location.nlp:ready=true}]}]

01-07 15:18:44.665  1794  2982 E QMI_FW  : QCCI qmi_cci_xport_recv: txn not found. svc_id: 16

01-07 15:18:44.665  1794  2973 E LocSvc_LBSApiV02: E/virtual int lbs_core::LBSApiV02::injectCoarsePosition(const CoarsePositionInfo&):320]: Error : st = 3, ind.status = -1552449536

01-07 15:18:44.666  1041  1368 W XTCC-5.1.0.7: [FDAL_ZPP_MGR] RequestNewZppFix 37.562943 127.040405 466.737122: ZPP Return Flag 0x11

01-07 15:18:44.666  1041  1368 W XTCC-5.1.0.7: [WifiScanner] WiFi scan result : [6] AP's

01-07 15:18:44.667  1794  1917 D LocationManagerService: incoming location: Location[network 37.564218,127.039031 acc=69 et=+2d18h56m44s725ms alt=0.0 vel=0.0 bear=0.0 {Bundle[{com.qualcomm.location.nlp:ready=true}]}]

01-07 15:18:44.677  1794  2510 D LgWifiFavoriteAp: ConnectedState - msg [3] is not handled

01-07 15:18:44.680  3070  3070 E API     : getOnOffStatus status : 0

01-07 15:18:44.680  3070  3070 I WIFI_MANAGER: Engine OFF >> Do Nothing.... 

01-07 15:18:45.064 18644 19043 D AppChangedDetector: lastUsedAppId com.YourCompany.Rolling

