01-04 14:08:33.839 19813 19813 D LGAodEx : LgeQuickCoverNotificationData: showAll(): Key : -1|android|17040406|null|1000 , GroupKey : -1|android|17040406|null|1000

01-04 14:08:34.011  1907  2361 D InputDispatcher: notifyMotion - action=ACTION_UP(0), id=0, tooltype=1, deviceId=4, source=0x1002, policyFlags=0x0, flags=0x0, metaState=0x0, buttonState=0x0, edgeFlags=0x0, eventTime=111613861135000, downTime=111609931103000, 

01-04 14:08:34.011  1907  2360 D InputTransport: channel '68a48f8 com.YourCompany.Rolling/com.epicgames.ue4.GameActivity (server)' : action=ACTION_UP(0), id=0, tooltype=1, deviceId=4, source=0x1002, flags=0x2, edgeFlags=0x0, metaState=0x0, buttonState=0x0, downTime=111609931103000, eventTime=111613861135000, pointerCount=1

01-04 14:08:34.011 11629 11629 I ViewRootImpl: ViewRoot's Touch Event : ACTION_UP

01-04 14:08:34.453  1907  2964 I sensors_hal_Ctx: flush: handle is 86

01-04 14:08:34.453  1907  2964 I sensors_hal_SAM: flush:sensor() handle:86

01-04 14:08:34.453  1907  2629 I sensors_hal_Ctx: flush: handle is 48

01-04 14:08:34.453  1907  2629 I sensors_hal_SAM: flush:sensor(android.sensor.step_detector) handle:48

01-04 14:08:34.455  1907  2294 I sensors_hal_HealthActivityPattern: processResp: handle:86

01-04 14:08:34.528  1907  2355 V AlarmManager: ELAPSED_WAKEUP set : Alarm{a9ddf63 tag *walarm*:com.google.android.location.ALARM_WAKEUP_LOCATOR type 2 when 157173766 com.google.android.gms} when 157173766

01-04 14:08:34.537  1907  3097 D WifiServiceImplEx: acquireWifiLock pid=3279, uid=10010, packageName=com.google.uid.shared:10010, tag=NlpWifiLock

01-04 14:08:34.537  1907  3097 D WifiService: acquireWifiLockLocked: WifiLock{NlpWifiLock type=2 binder=android.os.BinderProxy@116c99f}

01-04 14:08:34.539  1907  2518 D WifiServiceImplEx: startScan pid=3279, uid=10010, packageName=com.google.uid.shared:10010

01-04 14:08:34.575  1907  2361 D InputDispatcher: notifyMotion - action=ACTION_DOWN(0), id=0, tooltype=1, deviceId=4, source=0x1002, policyFlags=0x0, flags=0x0, metaState=0x0, buttonState=0x0, edgeFlags=0x0, eventTime=111614425132000, downTime=111614425132000, 

01-04 14:08:34.575  1907  2360 D InputTransport: channel '68a48f8 com.YourCompany.Rolling/com.epicgames.ue4.GameActivity (server)' : action=ACTION_DOWN(0), id=0, tooltype=1, deviceId=4, source=0x1002, flags=0x2, edgeFlags=0x0, metaState=0x0, buttonState=0x0, downTime=111614425132000, eventTime=111614425132000, pointerCount=1

01-04 14:08:34.576 11629 11629 I ViewRootImpl: ViewRoot's Touch Event : ACTION_DOWN

01-04 14:08:35.454  1907  2629 I sensors_hal_Ctx: flush: handle is 86

01-04 14:08:35.454  1907  2629 I sensors_hal_SAM: flush:sensor() handle:86

01-04 14:08:35.457  1907  2294 I sensors_hal_HealthActivityPattern: processResp: handle:86

01-04 14:08:35.459  1907  3108 I sensors_hal_Ctx: flush: handle is 48

01-04 14:08:35.459  1907  3108 I sensors_hal_SAM: flush:sensor(android.sensor.step_detector) handle:48

01-04 14:08:35.492  1907  2361 D InputDispatcher: notifyMotion - action=ACTION_UP(0), id=0, tooltype=1, deviceId=4, source=0x1002, policyFlags=0x0, flags=0x0, metaState=0x0, buttonState=0x0, edgeFlags=0x0, eventTime=111615342474000, downTime=111614425132000, 

01-04 14:08:35.493  1907  2360 D InputTransport: channel '68a48f8 com.YourCompany.Rolling/com.epicgames.ue4.GameActivity (server)' : action=ACTION_UP(0), id=0, tooltype=1, deviceId=4, source=0x1002, flags=0x2, edgeFlags=0x0, metaState=0x0, buttonState=0x0, downTime=111614425132000, eventTime=111615342474000, pointerCount=1

01-04 14:08:35.493 11629 11629 I ViewRootImpl: ViewRoot's Touch Event : ACTION_UP

01-04 14:08:35.539  1907  2530 D ConnectivityService: updateCapabilities cap:[ Transports: WIFI Capabilities: INTERNET&NOT_RESTRICTED&TRUSTED&NOT_VPN LinkUpBandwidth>=1048576Kbps LinkDnBandwidth>=1048576Kbps SignalStrength: -55]

01-04 14:08:35.540  1907  2530 D CSLegacyTypeTracker: Adding agent NetworkAgentInfo{ ni{[type: MOBILE[LTE], state: CONNECTED/CONNECTED, reason: connected, extra: ims, roaming: false, failover: false, isAvailable: true, network type: 0]}  network{100}  lp{{InterfaceName: rmnet_data0 LinkAddresses: [2001:2d8:e266:c692:e1e3:7da8:5558:b45e/64,]  Routes: [::/0 -> fe80::51cd:ba1e:2435:3ce3 rmnet_data0,] DnsAddresses: [fd00:e13:501:c::170,fd00:e13:101:c::7,] Domains: null MTU: 1440 TcpBufferSizes: 2097152,4194304,8388608,1048576,3145728,4194304 PcscfAddresses: [2001:2d8:e0:220::50,] }}  nc{[ Transports: CELLULAR Capabilities: MMS&IMS&NOT_RESTRICTED&TRUSTED&NOT_VPN&VALIDATED LinkUpBandwidth>=51200Kbps LinkDnBandwidth>=102400Kbps Specifier: <1>]}  Score{50}  everValidated{true}  lastValidated{true}  created{true} lingering{false} explicitlySelected{false} acceptUnvalidated{false} everCaptivePortalDetected{false} lastCaptivePortalDetected{false} } for legacy network type 11

01-04 14:08:35.540  1907  2530 D ConnectivityService: notifyType CAP_CHANGED for NetworkAgentInfo [WIFI () - 132]

01-04 14:08:35.545  1907  3063 D ConnectivityService: getActiveNetwork nai=NetworkAgentInfo{ ni{[type: WIFI[], state: CONNECTED/CONNECTED, reason: (unspecified), extra: "U+NetEA13", roaming: false, failover: false, isAvailable: true, network type: 1]}  network{132}  lp{{InterfaceName: wlan0 LinkAddresses: [fe80::5e70:a3ff:fe45:d7ff/64,192.168.219.102/24,]  Routes: [fe80::/64 -> :: wlan0,192.168.219.0/24 -> 0.0.0.0 wlan0,0.0.0.0/0 -> 192.168.219.1 wlan0,] DnsAddresses: [1.214.68.2,61.41.153.2,] Domains:  MTU: 0 TcpBufferSizes: 1048576,4194304,8388608,1048576,2097152,4194304 PcscfAddresses: [] }}  nc{[ Transports: WIFI Capabilities: INTERNET&NOT_RESTRICTED&TRUSTED&NOT_VPN&VALIDATED LinkUpBandwidth>=1048576Kbps LinkDnBandwidth>=1048576Kbps SignalStrength: -55]}  Score{60}  everValidated{true}  lastValidated{true}  created{true} lingering{false} explicitlySelected{false} acceptUnvalidated{false} everCaptivePortalDetected{false} lastCaptivePortalDetected{false} }

01-04 14:08:35.545  1907  3067 D ConnectivityService: getActiveNetwork nai=NetworkAgentInfo{ ni{[type: WIFI[], state: CONNECTED/CONNECTED, reason: (unspecified), extra: "U+NetEA13", roaming: false, failover: false, isAvailable: true, network type: 1]}  network{132}  lp{{InterfaceName: wlan0 LinkAddresses: [fe80::5e70:a3ff:fe45:d7ff/64,192.168.219.102/24,]  Routes: [fe80::/64 -> :: wlan0,192.168.219.0/24 -> 0.0.0.0 wlan0,0.0.0.0/0 -> 192.168.219.1 wlan0,] DnsAddresses: [1.214.68.2,61.41.153.2,] Domains:  MTU: 0 TcpBufferSizes: 1048576,4194304,8388608,1048576,2097152,4194304 PcscfAddresses: [] }}  nc{[ Transports: WIFI Capabilities: INTERNET&NOT_RESTRICTED&TRUSTED&NOT_VPN&VALIDATED LinkUpBandwidth>=1048576Kbps LinkDnBandwidth>=1048576Kbps SignalStrength: -55]}  Score{60}  everValidated{true}  lastValidated{true}  created{true} lingering{false} explicitlySelected{false} acceptUnvalidated{false} everCaptivePortalDetected{false} lastCaptivePortalDetected{false} }

01-04 14:08:35.546  1907  3108 D ConnectivityService: getActiveNetwork nai=NetworkAgentInfo{ ni{[type: WIFI[], state: CONNECTED/CONNECTED, reason: (unspecified), extra: "U+NetEA13", roaming: false, failover: false, isAvailable: true, network type: 1]}  network{132}  lp{{InterfaceName: wlan0 LinkAddresses: [fe80::5e70:a3ff:fe45:d7ff/64,192.168.219.102/24,]  Routes: [fe80::/64 -> :: wlan0,192.168.219.0/24 -> 0.0.0.0 wlan0,0.0.0.0/0 -> 192.168.219.1 wlan0,] DnsAddresses: [1.214.68.2,61.41.153.2,] Domains:  MTU: 0 TcpBufferSizes: 1048576,4194304,8388608,1048576,2097152,4194304 PcscfAddresses: [] }}  nc{[ Transports: WIFI Capabilities: INTERNET&NOT_RESTRICTED&TRUSTED&NOT_VPN&VALIDATED LinkUpBandwidth>=1048576Kbps LinkDnBandwidth>=1048576Kbps SignalStrength: -55]}  Score{60}  everValidated{true}  lastValidated{true}  created{true} lingering{false} explicitlySelected{false} acceptUnvalidated{false} everCaptivePortalDetected{false} lastCaptivePortalDetected{false} }

01-04 14:08:35.548  1907  3050 D ConnectivityService: getActiveNetwork nai=NetworkAgentInfo{ ni{[type: WIFI[], state: CONNECTED/CONNECTED, reason: (unspecified), extra: "U+NetEA13", roaming: false, failover: false, isAvailable: true, network type: 1]}  network{132}  lp{{InterfaceName: wlan0 LinkAddresses: [fe80::5e70:a3ff:fe45:d7ff/64,192.168.219.102/24,]  Routes: [fe80::/64 -> :: wlan0,192.168.219.0/24 -> 0.0.0.0 wlan0,0.0.0.0/0 -> 192.168.219.1 wlan0,] DnsAddresses: [1.214.68.2,61.41.153.2,] Domains:  MTU: 0 TcpBufferSizes: 1048576,4194304,8388608,1048576,2097152,4194304 PcscfAddresses: [] }}  nc{[ Transports: WIFI Capabilities: INTERNET&NOT_RESTRICTED&TRUSTED&NOT_VPN&VALIDATED LinkUpBandwidth>=1048576Kbps LinkDnBandwidth>=1048576Kbps SignalStrength: -55]}  Score{60}  everValidated{true}  lastValidated{true}  created{true} lingering{false} explicitlySelected{false} acceptUnvalidated{false} everCaptivePortalDetected{false} lastCaptivePortalDetected{false} }

01-04 14:08:35.555  1907  3141 D ConnectivityService: getActiveNetwork nai=NetworkAgentInfo{ ni{[type: WIFI[], state: CONNECTED/CONNECTED, reason: (unspecified), extra: "U+NetEA13", roaming: false, failover: false, isAvailable: true, network type: 1]}  network{132}  lp{{InterfaceName: wlan0 LinkAddresses: [fe80::5e70:a3ff:fe45:d7ff/64,192.168.219.102/24,]  Routes: [fe80::/64 -> :: wlan0,192.168.219.0/24 -> 0.0.0.0 wlan0,0.0.0.0/0 -> 192.168.219.1 wlan0,] DnsAddresses: [1.214.68.2,61.41.153.2,] Domains:  MTU: 0 TcpBufferSizes: 1048576,4194304,8388608,1048576,2097152,4194304 PcscfAddresses: [] }}  nc{[ Transports: WIFI Capabilities: INTERNET&NOT_RESTRICTED&TRUSTED&NOT_VPN&VALIDATED LinkUpBandwidth>=1048576Kbps LinkDnBandwidth>=1048576Kbps SignalStrength: -55]}  Score{60}  everValidated{true}  lastValidated{true}  created{true} lingering{false} explicitlySelected{false} acceptUnvalidated{false} everCaptivePortalDetected{false} lastCaptivePortalDetected{false} }

01-04 14:08:35.556  1907  1929 D ConnectivityService: getActiveNetwork nai=NetworkAgentInfo{ ni{[type: WIFI[], state: CONNECTED/CONNECTED, reason: (unspecified), extra: "U+NetEA13", roaming: false, failover: false, isAvailable: true, network type: 1]}  network{132}  lp{{InterfaceName: wlan0 LinkAddresses: [fe80::5e70:a3ff:fe45:d7ff/64,192.168.219.102/24,]  Routes: [fe80::/64 -> :: wlan0,192.168.219.0/24 -> 0.0.0.0 wlan0,0.0.0.0/0 -> 192.168.219.1 wlan0,] DnsAddresses: [1.214.68.2,61.41.153.2,] Domains:  MTU: 0 TcpBufferSizes: 1048576,4194304,8388608,1048576,2097152,4194304 PcscfAddresses: [] }}  nc{[ Transports: WIFI Capabilities: INTERNET&NOT_RESTRICTED&TRUSTED&NOT_VPN&VALIDATED LinkUpBandwidth>=1048576Kbps LinkDnBandwidth>=1048576Kbps SignalStrength: -55]}  Score{60}  everValidated{true}  lastValidated{true}  created{true} lingering{false} explicitlySelected{false} acceptUnvalidated{false} everCaptivePortalDetected{false} lastCaptivePortalDetected{false} }

01-04 14:08:35.558  1907  3065 D ConnectivityService: getActiveNetwork nai=NetworkAgentInfo{ ni{[type: WIFI[], state: CONNECTED/CONNECTED, reason: (unspecified), extra: "U+NetEA13", roaming: false, failover: false, isAvailable: true, network type: 1]}  network{132}  lp{{InterfaceName: wlan0 LinkAddresses: [fe80::5e70:a3ff:fe45:d7ff/64,192.168.219.102/24,]  Routes: [fe80::/64 -> :: wlan0,192.168.219.0/24 -> 0.0.0.0 wlan0,0.0.0.0/0 -> 192.168.219.1 wlan0,] DnsAddresses: [1.214.68.2,61.41.153.2,] Domains:  MTU: 0 TcpBufferSizes: 1048576,4194304,8388608,1048576,2097152,4194304 PcscfAddresses: [] }}  nc{[ Transports: WIFI Capabilities: INTERNET&NOT_RESTRICTED&TRUSTED&NOT_VPN&VALIDATED LinkUpBandwidth>=1048576Kbps LinkDnBandwidth>=1048576Kbps SignalStrength: -55]}  Score{60}  everValidated{true}  lastValidated{true}  created{true} lingering{false} explicitlySelected{false} acceptUnvalidated{false} everCaptivePortalDetected{false} lastCaptivePortalDetected{false} }

01-04 14:08:35.559  1907  1928 D ConnectivityService: getActiveNetwork nai=NetworkAgentInfo{ ni{[type: WIFI[], state: CONNECTED/CONNECTED, reason: (unspecified), extra: "U+NetEA13", roaming: false, failover: false, isAvailable: true, network type: 1]}  network{132}  lp{{InterfaceName: wlan0 LinkAddresses: [fe80::5e70:a3ff:fe45:d7ff/64,192.168.219.102/24,]  Routes: [fe80::/64 -> :: wlan0,192.168.219.0/24 -> 0.0.0.0 wlan0,0.0.0.0/0 -> 192.168.219.1 wlan0,] DnsAddresses: [1.214.68.2,61.41.153.2,] Domains:  MTU: 0 TcpBufferSizes: 1048576,4194304,8388608,1048576,2097152,4194304 PcscfAddresses: [] }}  nc{[ Transports: WIFI Capabilities: INTERNET&NOT_RESTRICTED&TRUSTED&NOT_VPN&VALIDATED LinkUpBandwidth>=1048576Kbps LinkDnBandwidth>=1048576Kbps SignalStrength: -55]}  Score{60}  everValidated{true}  lastValidated{true}  created{true} lingering{false} explicitlySelected{false} acceptUnvalidated{false} everCaptivePortalDetected{false} lastCaptivePortalDetected{false} }

01-04 14:08:35.679  1907  2528 V WifiServerServiceExt: checkPollTimer Cnt= 0 rssi =-55 threshold=-100

01-04 14:08:35.829  1907  2361 D InputDispatcher: notifyMotion - action=ACTION_DOWN(0), id=0, tooltype=1, deviceId=4, source=0x1002, policyFlags=0x0, flags=0x0, metaState=0x0, buttonState=0x0, edgeFlags=0x0, eventTime=111615679202000, downTime=111615679202000, 

01-04 14:08:35.829  1907  2360 D InputTransport: channel '68a48f8 com.YourCompany.Rolling/com.epicgames.ue4.GameActivity (server)' : action=ACTION_DOWN(0), id=0, tooltype=1, deviceId=4, source=0x1002, flags=0x2, edgeFlags=0x0, metaState=0x0, buttonState=0x0, downTime=111615679202000, eventTime=111615679202000, pointerCount=1

01-04 14:08:35.830 11629 11629 I ViewRootImpl: ViewRoot's Touch Event : ACTION_DOWN

01-04 14:08:36.462  1907  2629 I sensors_hal_Ctx: flush: handle is 86

01-04 14:08:36.462  1907  2629 I sensors_hal_SAM: flush:sensor() handle:86

01-04 14:08:36.463  1907  2925 I sensors_hal_Ctx: flush: handle is 48

01-04 14:08:36.463  1907  2925 I sensors_hal_SAM: flush:sensor(android.sensor.step_detector) handle:48

01-04 14:08:36.464  1907  2294 I sensors_hal_HealthActivityPattern: processResp: handle:86

01-04 14:08:37.007   937   957 I GBMv2   : GBM state [10]

01-04 14:08:37.107   937   957 I GBMv2   : GBM state [0]

01-04 14:08:37.107   937   957 I GBMv2   : GBM state [1]

01-04 14:08:37.463  1907  3108 I sensors_hal_Ctx: flush: handle is 86

01-04 14:08:37.463  1907  3108 I sensors_hal_SAM: flush:sensor() handle:86

01-04 14:08:37.464  1907  2964 I sensors_hal_Ctx: flush: handle is 48

01-04 14:08:37.464  1907  2964 I sensors_hal_SAM: flush:sensor(android.sensor.step_detector) handle:48

01-04 14:08:37.465  1907  2294 I sensors_hal_HealthActivityPattern: processResp: handle:86

01-04 14:08:37.881  1907  2525 D LgWifiFavoriteAp: ConnectedState - msg [3] is not handled

01-04 14:08:37.881  3029  3029 E API     : getOnOffStatus status : 0

01-04 14:08:37.881  3029  3029 I WIFI_MANAGER: Engine OFF >> Do Nothing.... 

01-04 14:08:37.955  1907  3108 D WifiServiceImplEx: releaseWifiLock pid=3279, uid=10010, packageName=com.google.uid.shared:10010

01-04 14:08:37.957  1907  3108 D WifiService: releaseWifiLockLocked: WifiLock{NlpWifiLock type=2 binder=android.os.BinderProxy@116c99f}

01-04 14:08:38.005  1907  1942 D LocationManagerService: Sending location for screening

01-04 14:08:38.005  1907  3589 V OSNPGlue_jni: Entering  : void onJavaLocationChanged(JNIEnv*, jobject, jboolean, jlong, jboolean, jlong, jboolean, jdouble, jboolean, jdouble, jboolean, jfloat, jboolean, jdouble, jboolean, jfloat, jboolean, jfloat)

01-04 14:08:38.005  1907  3616 E LocSvc_libulp: E/int ulp_brain_transition_all_providers(), no QUIPC/GNSS transition logic run due to both engines are OFF 

01-04 14:08:38.007  1907  2975 E QMI_FW  : QCCI qmi_cci_xport_recv: txn not found. svc_id: 16

01-04 14:08:38.007  1907  2962 E LocSvc_LBSApiV02: E/virtual int lbs_core::LBSApiV02::injectCoarsePosition(const CoarsePositionInfo&):320]: Error : st = 3, ind.status = -1633374208

01-04 14:08:38.007  1907  2962 I IzatProviderEngine: LocTech-Label :: OSDC :: Position Report In

01-04 14:08:38.007  1907  2962 I IzatProviderEngine: LocTech-Value :: UTC Time: 1578114497859, Elapsed Real Time Nanos: 157177254361745, Latitude: 37.5641522, Longitude: 127.0390815, Altitude: 0.0, Speed: 0.0, Bearing: 0.0, Accuracy: 18.388

01-04 14:08:38.008  1907  1942 D LocationManagerService: This location is marked as ready for broadcast

01-04 14:08:38.008  1907  1942 D LocationManagerService: incoming location: Location[network 37.564152,127.039082 acc=18 et=+1d19h39m37s254ms alt=0.0 vel=0.0 bear=0.0 {Bundle[{com.qualcomm.location.nlp:ready=true}]}]

01-04 14:08:38.009  1907  1942 D LocationManagerService: incoming location: Location[network 37.564152,127.039082 acc=18 et=+1d19h39m37s254ms alt=0.0 vel=0.0 bear=0.0 {Bundle[{com.qualcomm.location.nlp:ready=true}]}]

01-04 14:08:38.406  1907  2283 V sensors_hal_Gyro: processReportInd: X: -0.010162 Y: 0.027390 Z: 0.000778 

01-04 14:08:38.406  1907  2351 D sensors_hal_Ctx: poll:polldata:1, sensor:0, type:1, x:-1.656357 y:4.852951 z:8.416397

01-04 14:08:38.406  1907  2351 D sensors_hal_Ctx: poll:polldata:1, sensor:2, type:4, x:-0.010162 y:0.027390 z:0.000778

01-04 14:08:38.406  1907  2351 D sensors_hal_Util: waitForResponse: timeout=0

01-04 14:08:38.407  1907  2283 V sensors_hal_Mag: processReportInd:sensor android.sensor.magnetic_field 

01-04 14:08:38.407  1907  2283 V sensors_hal_Mag: processReportInd: Cal Mag Filter, 6, 1, -27.539062, -16.055298, -26.255798, -226.313782, -141.340637, -207.800293, -28.289223, -17.667580, -25.975037

01-04 14:08:38.408  1907  2351 D sensors_hal_Ctx: poll:polldata:1, sensor:10, type:2, x:-28.289223 y:-17.667580 z:-25.975037

01-04 14:08:38.408  1907  2351 D sensors_hal_Util: waitForResponse: timeout=0

01-04 14:08:38.426  1907  2283 V sensors_hal_Gyro: processReportInd: X: -0.011230 Y: 0.041245 Z: -0.002426 

01-04 14:08:38.426  1907  2351 D sensors_hal_Ctx: poll:polldata:2, sensor:0, type:1, x:-1.682693 y:4.833801 z:8.368515

01-04 14:08:38.426  1907  2351 D sensors_hal_Util: waitForResponse: timeout=0

01-04 14:08:38.427  1907  2283 V sensors_hal_Mag: processReportInd:sensor android.sensor.magnetic_field 

01-04 14:08:38.427  1907  2283 V sensors_hal_Mag: processReportInd: Cal Mag Filter, 7, 1, -28.439331, -17.405701, -27.307129, -224.963379, -141.340637, -207.501221, -28.120422, -17.667580, -25.937653

01-04 14:08:38.427  1907  2351 D sensors_hal_Ctx: poll:polldata:1, sensor:10, type:2, x:-28.120422 y:-17.667580 z:-25.937653

01-04 14:08:38.427  1907  2351 D sensors_hal_Util: waitForResponse: timeout=0

01-04 14:08:38.447  1907  2283 V sensors_hal_Gyro: processReportInd: X: -0.030411 Y: 0.051895 Z: 0.002899 

01-04 14:08:38.447  1907  2351 D sensors_hal_Ctx: poll:polldata:2, sensor:0, type:1, x:-1.709030 y:4.833801 z:8.418793

01-04 14:08:38.447  1907  2351 D sensors_hal_Util: waitForResponse: timeout=0

01-04 14:08:38.448  1907  2283 V sensors_hal_Mag: processReportInd:sensor android.sensor.magnetic_field 

01-04 14:08:38.448  1907  2283 V sensors_hal_Mag: processReportInd: Cal Mag Filter, 0, 1, -29.190063, -17.405701, -25.357056, -225.114441, -140.441895, -206.152344, -28.139305, -17.555237, -25.769043

01-04 14:08:38.448  1907  2351 D sensors_hal_Ctx: poll:polldata:1, sensor:10, type:2, x:-28.139305 y:-17.555237 z:-25.769043

01-04 14:08:38.448  1907  2351 D sensors_hal_Util: waitForResponse: timeout=0

01-04 14:08:38.465  1907  2925 I sensors_hal_Ctx: flush: handle is 86

01-04 14:08:38.465  1907  2925 I sensors_hal_SAM: flush:sensor() handle:86

01-04 14:08:38.465  1907  2925 D sensors_hal_SAM: flush: handle 86 batch_support 1

01-04 14:08:38.465  1907  2925 D sensors_hal_HealthActivityPattern: sendBatchReq: batching: 1, batch_rate=0.199997 (Hz)

01-04 14:08:38.465  1907  3108 I sensors_hal_Ctx: flush: handle is 48

01-04 14:08:38.465  1907  3108 I sensors_hal_SAM: flush:sensor(android.sensor.step_detector) handle:48

01-04 14:08:38.465  1907  3108 D sensors_hal_SAM: flush: handle 48 batch_support 1

01-04 14:08:38.466  1907  3108 D sensors_hal_StepDetector: sendBatchReq: batching: 1, batch_rate=0.016663 (Hz)

01-04 14:08:38.467  1907  2283 V sensors_hal_Gyro: processReportInd: X: -0.046387 Y: 0.050827 Z: 0.008240 

01-04 14:08:38.468  1907  2351 D sensors_hal_Ctx: poll:polldata:2, sensor:0, type:1, x:-1.704239 y:4.855347 z:8.504990

01-04 14:08:38.468  1907  2351 D sensors_hal_Util: waitForResponse: timeout=0

01-04 14:08:38.468  1907  2283 V sensors_hal_Mag: processReportInd:sensor android.sensor.magnetic_field 

01-04 14:08:38.468  1907  2283 V sensors_hal_Mag: processReportInd: Cal Mag Filter, 1, 1, -27.389526, -18.754578, -26.106262, -225.564575, -140.892029, -207.801819, -28.195572, -17.611504, -25.975227

01-04 14:08:38.468  1907  2351 D sensors_hal_Ctx: poll:polldata:1, sensor:10, type:2, x:-28.195572 y:-17.611504 z:-25.975227

01-04 14:08:38.468  1907  2351 D sensors_hal_Util: waitForResponse: timeout=0

01-04 14:08:38.469  1907  2294 I sensors_hal_HealthActivityPattern: processResp: handle:86

01-04 14:08:38.469  1907  2294 D sensors_hal_HealthActivityPattern: processResp: Received SNS_SAM_HEALTH_ACTIVITY_BATCH_RESP_V01

01-04 14:08:38.469  1907  2294 D sensors_hal: flushSendCmplt: handle=86

01-04 14:08:38.469  1907  2303 D sensors_hal_StepDetector: processResp: Received SNS_SAM_PED_BATCH_RESP_V01

01-04 14:08:38.469  1907  2303 D sensors_hal: flushSendCmplt: handle=48

01-04 14:08:38.469  1907  2351 D sensors_hal_Ctx: poll:polldata:2, sensor:0, type:0, x:0.000000 y:0.000000 z:0.000000

01-04 14:08:38.469  1907  2351 D sensors_hal_Util: waitForResponse: timeout=0

01-04 14:08:38.486  1907  2283 V sensors_hal_Gyro: processReportInd: X: -0.047455 Y: 0.054031 Z: 0.010361 

01-04 14:08:38.486  1907  2351 D sensors_hal_Ctx: poll:polldata:2, sensor:0, type:1, x:-1.682693 y:4.884079 z:8.562439

01-04 14:08:38.486  1907  2351 D sensors_hal_Util: waitForResponse: timeout=0

01-04 14:08:38.488  1907  2283 V sensors_hal_Mag: processReportInd:sensor android.sensor.magnetic_field 

01-04 14:08:38.488  1907  2283 V sensors_hal_Mag: processReportInd: Cal Mag Filter, 2, 1, -27.088928, -18.455505, -26.856995, -224.813843, -140.892029, -208.552551, -28.101730, -17.611504, -26.069069

01-04 14:08:38.489  1907  2351 D sensors_hal_Ctx: poll:polldata:1, sensor:10, type:2, x:-28.101730 y:-17.611504 z:-26.069069

01-04 14:08:38.489  1907  2351 D sensors_hal_Util: waitForResponse: timeout=0

01-04 14:08:38.506  1907  2283 V sensors_hal_Gyro: processReportInd: X: -0.035736 Y: 0.064682 Z: 0.003967 

01-04 14:08:38.506  1907  2351 D sensors_hal_Ctx: poll:polldata:2, sensor:0, type:1, x:-1.728180 y:4.838577 z:8.533707

01-04 14:08:38.506  1907  2351 D sensors_hal_Util: waitForResponse: timeout=0

01-04 14:08:38.508  1907  2283 V sensors_hal_Mag: processReportInd:sensor android.sensor.magnetic_field 

01-04 14:08:38.508  1907  2283 V sensors_hal_Mag: processReportInd: Cal Mag Filter, 3, 1, -28.138733, -18.005371, -27.307129, -224.363708, -143.142700, -211.402893, -28.045464, -17.892838, -26.425362

01-04 14:08:38.508  1907  2351 D sensors_hal_Ctx: poll:polldata:1, sensor:10, type:2, x:-28.045464 y:-17.892838 z:-26.425362

01-04 14:08:38.508  1907  2351 D sensors_hal_Util: waitForResponse: timeout=0

01-04 14:08:38.525  1907  2283 V sensors_hal_Gyro: processReportInd: X: -0.019745 Y: 0.058289 Z: -0.002426 

01-04 14:08:38.525  1907  2351 D sensors_hal_Ctx: poll:polldata:2, sensor:0, type:1, x:-1.744949 y:4.795486 z:8.543289

01-04 14:08:38.526  1907  2351 D sensors_hal_Util: waitForResponse: timeout=0

01-04 14:08:38.527  1907  2283 V sensors_hal_Mag: processReportInd:sensor android.sensor.magnetic_field 

01-04 14:08:38.527  1907  2283 V sensors_hal_Mag: processReportInd: Cal Mag Filter, 4, 1, -28.588867, -18.905640, -26.705933, -224.363708, -144.493103, -211.853027, -28.045464, -18.061638, -26.481628

01-04 14:08:38.527  1907  2351 D sensors_hal_Ctx: poll:polldata:1, sensor:10, type:2, x:-28.045464 y:-18.061638 z:-26.481628

01-04 14:08:38.527  1907  2351 D sensors_hal_Util: waitForResponse: timeout=0

01-04 14:08:38.546  1907  2283 V sensors_hal_Gyro: processReportInd: X: -0.010162 Y: 0.048706 Z: -0.001358 

01-04 14:08:38.546  1907  2351 D sensors_hal_Ctx: poll:polldata:2, sensor:0, type:1, x:-1.723389 y:4.826614 z:8.423584

01-04 14:08:38.546  1907  2351 D sensors_hal_Util: waitForResponse: timeout=0

01-04 14:08:38.681  1907  1989 D AutomaticBrightnessControllerEx: [MultiALC] (new) start checking!! mAmbientLuxWhenBarReleased : 230.0 / mBrightnessWhenBarReleased : 139 / mAmbientLux : 333.0 / mScreenBrightness = 163

01-04 14:08:38.681  1907  2528 V WifiServerServiceExt: checkPollTimer Cnt= 0 rssi =-55 threshold=-100

01-04 14:08:38.681  1907  1989 D AutomaticBrightnessControllerEx: [MultiALC] same brightness~~~ : 163

01-04 14:08:39.361  1907  2629 D BluetoothManagerService: isEnabledStandAloneBleMode() : isStandAloneBleMode = false

01-04 14:08:39.467  1907  2925 I sensors_hal_Ctx: flush: handle is 86

01-04 14:08:39.467  1907  2925 I sensors_hal_SAM: flush:sensor() handle:86

01-04 14:08:39.467  1907  3089 I sensors_hal_Ctx: flush: handle is 48

01-04 14:08:39.467  1907  3089 I sensors_hal_SAM: flush:sensor(android.sensor.step_detector) handle:48

01-04 14:08:39.472  1907  2294 I sensors_hal_HealthActivityPattern: processResp: handle:86

01-04 14:08:40.469  1907  1928 I sensors_hal_Ctx: flush: handle is 86

01-04 14:08:40.469  1907  1928 I sensors_hal_SAM: flush:sensor() handle:86

01-04 14:08:40.469  1907  3066 I sensors_hal_Ctx: flush: handle is 48

01-04 14:08:40.469  1907  3066 I sensors_hal_SAM: flush:sensor(android.sensor.step_detector) handle:48

01-04 14:08:40.471  1907  2294 I sensors_hal_HealthActivityPattern: processResp: handle:86

01-04 14:08:41.109   937   957 I GBMv2   : GBM state [10]

01-04 14:08:41.209   937   957 I GBMv2   : GBM state [0]

01-04 14:08:41.209   937   957 I GBMv2   : GBM state [1]

01-04 14:08:41.471  1907  3065 I sensors_hal_Ctx: flush: handle is 86

01-04 14:08:41.471  1907  3065 I sensors_hal_SAM: flush:sensor() handle:86

01-04 14:08:41.472  1907  3067 I sensors_hal_Ctx: flush: handle is 48

01-04 14:08:41.472  1907  3067 I sensors_hal_SAM: flush:sensor(android.sensor.step_detector) handle:48

01-04 14:08:41.473  1907  2294 I sensors_hal_HealthActivityPattern: processResp: handle:86

01-04 14:08:41.550  1907  2530 D ConnectivityService: updateCapabilities cap:[ Transports: WIFI Capabilities: INTERNET&NOT_RESTRICTED&TRUSTED&NOT_VPN LinkUpBandwidth>=1048576Kbps LinkDnBandwidth>=1048576Kbps SignalStrength: -63]

01-04 14:08:41.551  1907  2530 D CSLegacyTypeTracker: Adding agent NetworkAgentInfo{ ni{[type: MOBILE[LTE], state: CONNECTED/CONNECTED, reason: connected, extra: ims, roaming: false, failover: false, isAvailable: true, network type: 0]}  network{100}  lp{{InterfaceName: rmnet_data0 LinkAddresses: [2001:2d8:e266:c692:e1e3:7da8:5558:b45e/64,]  Routes: [::/0 -> fe80::51cd:ba1e:2435:3ce3 rmnet_data0,] DnsAddresses: [fd00:e13:501:c::170,fd00:e13:101:c::7,] Domains: null MTU: 1440 TcpBufferSizes: 2097152,4194304,8388608,1048576,3145728,4194304 PcscfAddresses: [2001:2d8:e0:220::50,] }}  nc{[ Transports: CELLULAR Capabilities: MMS&IMS&NOT_RESTRICTED&TRUSTED&NOT_VPN&VALIDATED LinkUpBandwidth>=51200Kbps LinkDnBandwidth>=102400Kbps Specifier: <1>]}  Score{50}  everValidated{true}  lastValidated{true}  created{true} lingering{false} explicitlySelected{false} acceptUnvalidated{false} everCaptivePortalDetected{false} lastCaptivePortalDetected{false} } for legacy network type 11

01-04 14:08:41.552  1907  2530 D ConnectivityService: notifyType CAP_CHANGED for NetworkAgentInfo [WIFI () - 132]

01-04 14:08:41.561  1907  3063 D ConnectivityService: getActiveNetwork nai=NetworkAgentInfo{ ni{[type: WIFI[], state: CONNECTED/CONNECTED, reason: (unspecified), extra: "U+NetEA13", roaming: false, failover: false, isAvailable: true, network type: 1]}  network{132}  lp{{InterfaceName: wlan0 LinkAddresses: [fe80::5e70:a3ff:fe45:d7ff/64,192.168.219.102/24,]  Routes: [fe80::/64 -> :: wlan0,192.168.219.0/24 -> 0.0.0.0 wlan0,0.0.0.0/0 -> 192.168.219.1 wlan0,] DnsAddresses: [1.214.68.2,61.41.153.2,] Domains:  MTU: 0 TcpBufferSizes: 1048576,4194304,8388608,1048576,2097152,4194304 PcscfAddresses: [] }}  nc{[ Transports: WIFI Capabilities: INTERNET&NOT_RESTRICTED&TRUSTED&NOT_VPN&VALIDATED LinkUpBandwidth>=1048576Kbps LinkDnBandwidth>=1048576Kbps SignalStrength: -63]}  Score{60}  everValidated{true}  lastValidated{true}  created{true} lingering{false} explicitlySelected{false} acceptUnvalidated{false} everCaptivePortalDetected{false} lastCaptivePortalDetected{false} }

01-04 14:08:41.562  1907  2629 D ConnectivityService: getActiveNetwork nai=NetworkAgentInfo{ ni{[type: WIFI[], state: CONNECTED/CONNECTED, reason: (unspecified), extra: "U+NetEA13", roaming: false, failover: false, isAvailable: true, network type: 1]}  network{132}  lp{{InterfaceName: wlan0 LinkAddresses: [fe80::5e70:a3ff:fe45:d7ff/64,192.168.219.102/24,]  Routes: [fe80::/64 -> :: wlan0,192.168.219.0/24 -> 0.0.0.0 wlan0,0.0.0.0/0 -> 192.168.219.1 wlan0,] DnsAddresses: [1.214.68.2,61.41.153.2,] Domains:  MTU: 0 TcpBufferSizes: 1048576,4194304,8388608,1048576,2097152,4194304 PcscfAddresses: [] }}  nc{[ Transports: WIFI Capabilities: INTERNET&NOT_RESTRICTED&TRUSTED&NOT_VPN&VALIDATED LinkUpBandwidth>=1048576Kbps LinkDnBandwidth>=1048576Kbps SignalStrength: -63]}  Score{60}  everValidated{true}  lastValidated{true}  created{true} lingering{false} explicitlySelected{false} acceptUnvalidated{false} everCaptivePortalDetected{false} lastCaptivePortalDetected{false} }

01-04 14:08:41.563  1907  3067 D ConnectivityService: getActiveNetwork nai=NetworkAgentInfo{ ni{[type: WIFI[], state: CONNECTED/CONNECTED, reason: (unspecified), extra: "U+NetEA13", roaming: false, failover: false, isAvailable: true, network type: 1]}  network{132}  lp{{InterfaceName: wlan0 LinkAddresses: [fe80::5e70:a3ff:fe45:d7ff/64,192.168.219.102/24,]  Routes: [fe80::/64 -> :: wlan0,192.168.219.0/24 -> 0.0.0.0 wlan0,0.0.0.0/0 -> 192.168.219.1 wlan0,] DnsAddresses: [1.214.68.2,61.41.153.2,] Domains:  MTU: 0 TcpBufferSizes: 1048576,4194304,8388608,1048576,2097152,4194304 PcscfAddresses: [] }}  nc{[ Transports: WIFI Capabilities: INTERNET&NOT_RESTRICTED&TRUSTED&NOT_VPN&VALIDATED LinkUpBandwidth>=1048576Kbps LinkDnBandwidth>=1048576Kbps SignalStrength: -63]}  Score{60}  everValidated{true}  lastValidated{true}  created{true} lingering{false} explicitlySelected{false} acceptUnvalidated{false} everCaptivePortalDetected{false} lastCaptivePortalDetected{false} }

01-04 14:08:41.565  1907  2629 D ConnectivityService: getActiveNetwork nai=NetworkAgentInfo{ ni{[type: WIFI[], state: CONNECTED/CONNECTED, reason: (unspecified), extra: "U+NetEA13", roaming: false, failover: false, isAvailable: true, network type: 1]}  network{132}  lp{{InterfaceName: wlan0 LinkAddresses: [fe80::5e70:a3ff:fe45:d7ff/64,192.168.219.102/24,]  Routes: [fe80::/64 -> :: wlan0,192.168.219.0/24 -> 0.0.0.0 wlan0,0.0.0.0/0 -> 192.168.219.1 wlan0,] DnsAddresses: [1.214.68.2,61.41.153.2,] Domains:  MTU: 0 TcpBufferSizes: 1048576,4194304,8388608,1048576,2097152,4194304 PcscfAddresses: [] }}  nc{[ Transports: WIFI Capabilities: INTERNET&NOT_RESTRICTED&TRUSTED&NOT_VPN&VALIDATED LinkUpBandwidth>=1048576Kbps LinkDnBandwidth>=1048576Kbps SignalStrength: -63]}  Score{60}  everValidated{true}  lastValidated{true}  created{true} lingering{false} explicitlySelected{false} acceptUnvalidated{false} everCaptivePortalDetected{false} lastCaptivePortalDetected{false} }

01-04 14:08:41.572  1907  3067 D ConnectivityService: getActiveNetwork nai=NetworkAgentInfo{ ni{[type: WIFI[], state: CONNECTED/CONNECTED, reason: (unspecified), extra: "U+NetEA13", roaming: false, failover: false, isAvailable: true, network type: 1]}  network{132}  lp{{InterfaceName: wlan0 LinkAddresses: [fe80::5e70:a3ff:fe45:d7ff/64,192.168.219.102/24,]  Routes: [fe80::/64 -> :: wlan0,192.168.219.0/24 -> 0.0.0.0 wlan0,0.0.0.0/0 -> 192.168.219.1 wlan0,] DnsAddresses: [1.214.68.2,61.41.153.2,] Domains:  MTU: 0 TcpBufferSizes: 1048576,4194304,8388608,1048576,2097152,4194304 PcscfAddresses: [] }}  nc{[ Transports: WIFI Capabilities: INTERNET&NOT_RESTRICTED&TRUSTED&NOT_VPN&VALIDATED LinkUpBandwidth>=1048576Kbps LinkDnBandwidth>=1048576Kbps SignalStrength: -63]}  Score{60}  everValidated{true}  lastValidated{true}  created{true} lingering{false} explicitlySelected{false} acceptUnvalidated{false} everCaptivePortalDetected{false} lastCaptivePortalDetected{false} }

01-04 14:08:41.575  1907  3089 D ConnectivityService: getActiveNetwork nai=NetworkAgentInfo{ ni{[type: WIFI[], state: CONNECTED/CONNECTED, reason: (unspecified), extra: "U+NetEA13", roaming: false, failover: false, isAvailable: true, network type: 1]}  network{132}  lp{{InterfaceName: wlan0 LinkAddresses: [fe80::5e70:a3ff:fe45:d7ff/64,192.168.219.102/24,]  Routes: [fe80::/64 -> :: wlan0,192.168.219.0/24 -> 0.0.0.0 wlan0,0.0.0.0/0 -> 192.168.219.1 wlan0,] DnsAddresses: [1.214.68.2,61.41.153.2,] Domains:  MTU: 0 TcpBufferSizes: 1048576,4194304,8388608,1048576,2097152,4194304 PcscfAddresses: [] }}  nc{[ Transports: WIFI Capabilities: INTERNET&NOT_RESTRICTED&TRUSTED&NOT_VPN&VALIDATED LinkUpBandwidth>=1048576Kbps LinkDnBandwidth>=1048576Kbps SignalStrength: -63]}  Score{60}  everValidated{true}  lastValidated{true}  created{true} lingering{false} explicitlySelected{false} acceptUnvalidated{false} everCaptivePortalDetected{false} lastCaptivePortalDetected{false} }

01-04 14:08:41.584  1907  3063 D ConnectivityService: getActiveNetwork nai=NetworkAgentInfo{ ni{[type: WIFI[], state: CONNECTED/CONNECTED, reason: (unspecified), extra: "U+NetEA13", roaming: false, failover: false, isAvailable: true, network type: 1]}  network{132}  lp{{InterfaceName: wlan0 LinkAddresses: [fe80::5e70:a3ff:fe45:d7ff/64,192.168.219.102/24,]  Routes: [fe80::/64 -> :: wlan0,192.168.219.0/24 -> 0.0.0.0 wlan0,0.0.0.0/0 -> 192.168.219.1 wlan0,] DnsAddresses: [1.214.68.2,61.41.153.2,] Domains:  MTU: 0 TcpBufferSizes: 1048576,4194304,8388608,1048576,2097152,4194304 PcscfAddresses: [] }}  nc{[ Transports: WIFI Capabilities: INTERNET&NOT_RESTRICTED&TRUSTED&NOT_VPN&VALIDATED LinkUpBandwidth>=1048576Kbps LinkDnBandwidth>=1048576Kbps SignalStrength: -63]}  Score{60}  everValidated{true}  lastValidated{true}  created{true} lingering{false} explicitlySelected{false} acceptUnvalidated{false} everCaptivePortalDetected{false} lastCaptivePortalDetected{false} }

01-04 14:08:41.597  1907  2518 D ConnectivityService: getActiveNetwork nai=NetworkAgentInfo{ ni{[type: WIFI[], state: CONNECTED/CONNECTED, reason: (unspecified), extra: "U+NetEA13", roaming: false, failover: false, isAvailable: true, network type: 1]}  network{132}  lp{{InterfaceName: wlan0 LinkAddresses: [fe80::5e70:a3ff:fe45:d7ff/64,192.168.219.102/24,]  Routes: [fe80::/64 -> :: wlan0,192.168.219.0/24 -> 0.0.0.0 wlan0,0.0.0.0/0 -> 192.168.219.1 wlan0,] DnsAddresses: [1.214.68.2,61.41.153.2,] Domains:  MTU: 0 TcpBufferSizes: 1048576,4194304,8388608,1048576,2097152,4194304 PcscfAddresses: [] }}  nc{[ Transports: WIFI Capabilities: INTERNET&NOT_RESTRICTED&TRUSTED&NOT_VPN&VALIDATED LinkUpBandwidth>=1048576Kbps LinkDnBandwidth>=1048576Kbps SignalStrength: -63]}  Score{60}  everValidated{true}  lastValidated{true}  created{true} lingering{false} explicitlySelected{false} acceptUnvalidated{false} everCaptivePortalDetected{false} lastCaptivePortalDetected{false} }

01-04 14:08:41.684  1907  2528 V WifiServerServiceExt: checkPollTimer Cnt= 0 rssi =-63 threshold=-100

01-04 14:08:41.762  1907  2361 D InputDispatcher: notifyMotion - action=ACTION_UP(0), id=0, tooltype=1, deviceId=4, source=0x1002, policyFlags=0x0, flags=0x0, metaState=0x0, buttonState=0x0, edgeFlags=0x0, eventTime=111621611846000, downTime=111615679202000, 

01-04 14:08:41.762  1907  2360 D InputTransport: channel '68a48f8 com.YourCompany.Rolling/com.epicgames.ue4.GameActivity (server)' : action=ACTION_UP(0), id=0, tooltype=1, deviceId=4, source=0x1002, flags=0x2, edgeFlags=0x0, metaState=0x0, buttonState=0x0, downTime=111615679202000, eventTime=111621611846000, pointerCount=1

01-04 14:08:41.763 11629 11629 I ViewRootImpl: ViewRoot's Touch Event : ACTION_UP

01-04 14:08:42.474  1907  3108 I sensors_hal_Ctx: flush: handle is 86

01-04 14:08:42.474  1907  3108 I sensors_hal_SAM: flush:sensor() handle:86

01-04 14:08:42.475  1907  3055 I sensors_hal_Ctx: flush: handle is 48

01-04 14:08:42.475  1907  3055 I sensors_hal_SAM: flush:sensor(android.sensor.step_detector) handle:48

01-04 14:08:42.476  1907  2294 I sensors_hal_HealthActivityPattern: processResp: handle:86

01-04 14:08:42.718  1907  1989 D AutomaticBrightnessControllerEx: [MultiALC] (new) start checking!! mAmbientLuxWhenBarReleased : 230.0 / mBrightnessWhenBarReleased : 139 / mAmbientLux : 341.0 / mScreenBrightness = 163

01-04 14:08:42.718  1907  1989 D AutomaticBrightnessControllerEx: [MultiALC] same brightness~~~ : 163

01-04 14:08:43.476  1907  3097 I sensors_hal_Ctx: flush: handle is 86

01-04 14:08:43.476  1907  3097 I sensors_hal_SAM: flush:sensor() handle:86

01-04 14:08:43.477  1907  2925 I sensors_hal_Ctx: flush: handle is 48

01-04 14:08:43.477  1907  2925 I sensors_hal_SAM: flush:sensor(android.sensor.step_detector) handle:48

01-04 14:08:43.480  1907  2294 I sensors_hal_HealthActivityPattern: processResp: handle:86

01-04 14:08:43.656  1907  2361 D InputDispatcher: notifyMotion - action=ACTION_DOWN(0), id=0, tooltype=1, deviceId=4, source=0x1002, policyFlags=0x0, flags=0x0, metaState=0x0, buttonState=0x0, edgeFlags=0x0, eventTime=111623505800000, downTime=111623505800000, 

01-04 14:08:43.659  1907  2360 D InputTransport: channel '68a48f8 com.YourCompany.Rolling/com.epicgames.ue4.GameActivity (server)' : action=ACTION_DOWN(0), id=0, tooltype=1, deviceId=4, source=0x1002, flags=0x2, edgeFlags=0x0, metaState=0x0, buttonState=0x0, downTime=111623505800000, eventTime=111623505800000, pointerCount=1

01-04 14:08:43.660 11629 11629 I ViewRootImpl: ViewRoot's Touch Event : ACTION_DOWN

01-04 14:08:43.731  1907  2361 D InputDispatcher: notifyMotion - action=ACTION_UP(0), id=0, tooltype=1, deviceId=4, source=0x1002, policyFlags=0x0, flags=0x0, metaState=0x0, buttonState=0x0, edgeFlags=0x0, eventTime=111623580731000, downTime=111623505800000, 

01-04 14:08:43.731  1907  2360 D InputTransport: channel '68a48f8 com.YourCompany.Rolling/com.epicgames.ue4.GameActivity (server)' : action=ACTION_UP(0), id=0, tooltype=1, deviceId=4, source=0x1002, flags=0x2, edgeFlags=0x0, metaState=0x0, buttonState=0x0, downTime=111623505800000, eventTime=111623580731000, pointerCount=1

01-04 14:08:43.732 11629 11629 I ViewRootImpl: ViewRoot's Touch Event : ACTION_UP

01-04 14:08:43.749  1907  2339 D sensors_hal_LGMotionAccel: processInd: LP2: X: -3.179962 Y: 5.720016 Z: 6.969818 SAM TS: 855640084 HAL TS:157182937012716 elapsedRealtimeNano:157182996449243

01-04 14:08:44.068  1907  2339 D sensors_hal_LGMotionAccel: processInd: LP2: X: -1.902924 Y: 4.096817 Z: 8.383087 SAM TS: 855651004 HAL TS:157183270264669 elapsedRealtimeNano:157183315228409

01-04 14:08:44.407  1907  2339 D sensors_hal_LGMotionAccel: processInd: LP2: X: -1.456543 Y: 3.522278 Z: 9.111252 SAM TS: 855661924 HAL TS:157183603516622 elapsedRealtimeNano:157183654600024

01-04 14:08:44.478  1907  3141 I sensors_hal_Ctx: flush: handle is 86

01-04 14:08:44.478  1907  3141 I sensors_hal_SAM: flush:sensor() handle:86

01-04 14:08:44.479  1907  3063 I sensors_hal_Ctx: flush: handle is 48

01-04 14:08:44.479  1907  3063 I sensors_hal_SAM: flush:sensor(android.sensor.step_detector) handle:48

01-04 14:08:44.480  1907  2294 I sensors_hal_HealthActivityPattern: processResp: handle:86

01-04 14:08:44.688  1907  2528 V WifiServerServiceExt: checkPollTimer Cnt= 0 rssi =-56 threshold=-100

01-04 14:08:44.746  1907  2339 D sensors_hal_LGMotionAccel: processInd: LP2: X: -1.670227 Y: 3.802185 Z: 9.064911 SAM TS: 855672844 HAL TS:157183936768575 elapsedRealtimeNano:157183993589607

01-04 14:08:45.085  1907  2339 D sensors_hal_LGMotionAccel: processInd: LP2: X: -1.230377 Y: 4.159363 Z: 9.356995 SAM TS: 855683764 HAL TS:157184270020529 elapsedRealtimeNano:157184332118721

01-04 14:08:45.160  1907  2361 D InputDispatcher: notifyMotion - action=ACTION_DOWN(0), id=0, tooltype=1, deviceId=4, source=0x1002, policyFlags=0x0, flags=0x0, metaState=0x0, buttonState=0x0, edgeFlags=0x0, eventTime=111625010339000, downTime=111625010339000, 

01-04 14:08:45.160  1907  2360 D InputTransport: channel '5594886 NavigationBar (server)' : action=ACTION_DOWN(0), id=0, tooltype=1, deviceId=4, source=0x1002, flags=0x0, edgeFlags=0x0, metaState=0x0, buttonState=0x0, downTime=111625010339000, eventTime=111625010339000, pointerCount=1

01-04 14:08:45.161  2592  2592 I ViewRootImpl: ViewRoot's Touch Event : ACTION_DOWN

01-04 14:08:45.206  1907  3050 D PhoneWindowManagerEx: interceptKeyTq keycode=187 down=true interactive=true policyFlags=2b000002 injected=true keyguardActive=false sDisplayState=2

01-04 14:08:45.211  1907  3050 D PhoneWindowManagerSKT:  mEmergencyLauncher Not null

01-04 14:08:45.211  1907  3050 D WindowManager: interceptKeyTq keycode=187 interactive=true keyguardActive=false policyFlags=2b000002

01-04 14:08:45.215  1907  2360 D PhoneWindowManagerEx: interceptKeyTi keyCode=187 down=true repeatCount=0 keyguardOn=false mHomePressed=false canceled=false

01-04 14:08:45.217  1907  2360 D WindowManager: interceptKeyTi keyCode=187 down=true repeatCount=0 keyguardOn=false mHomePressed=false canceled=false

01-04 14:08:45.241  1907  3616 E LocSvc_libulp: E/int ulp_brain_transition_all_providers(), no QUIPC/GNSS transition logic run due to both engines are OFF 

01-04 14:08:45.241  1907  2962 I IzatProviderEngine: LocTech-Label :: OSDC :: Position Report In

01-04 14:08:45.241  1907  2962 I IzatProviderEngine: LocTech-Value :: UTC Time: 1578114497859, Elapsed Real Time Nanos: 157184488210336, Latitude: 37.5641522, Longitude: 127.0390815, Altitude: 0.0, Speed: 0.0, Bearing: 0.0, Accuracy: 18.388

01-04 14:08:45.242  1907  1942 D LocationManagerService: This location is marked as ready for broadcast

01-04 14:08:45.242  1907  2962 E LocSvc_LBSApiV02: E/virtual int lbs_core::LBSApiV02::injectCoarsePosition(const CoarsePositionInfo&):320]: Error : st = 3, ind.status = -1633374208

01-04 14:08:45.243  1907  2975 E QMI_FW  : QCCI qmi_cci_xport_recv: txn not found. svc_id: 16

01-04 14:08:45.243  1907  1942 D LocationManagerService: incoming location: Location[network 37.564152,127.039082 acc=18 et=+1d19h39m44s488ms alt=0.0 vel=0.0 bear=0.0 {Bundle[{com.qualcomm.location.nlp:ready=true}]}]

01-04 14:08:45.246  1907  1942 D LocationManagerService: incoming location: Location[network 37.564152,127.039082 acc=18 et=+1d19h39m44s488ms alt=0.0 vel=0.0 bear=0.0 {Bundle[{com.qualcomm.location.nlp:ready=true}]}]

01-04 14:08:45.268  1907  2361 D InputDispatcher: notifyMotion - action=ACTION_UP(0), id=0, tooltype=1, deviceId=4, source=0x1002, policyFlags=0x0, flags=0x0, metaState=0x0, buttonState=0x0, edgeFlags=0x0, eventTime=111625118550000, downTime=111625010339000, 

01-04 14:08:45.268  1907  2360 D InputTransport: channel '5594886 NavigationBar (server)' : action=ACTION_UP(0), id=0, tooltype=1, deviceId=4, source=0x1002, flags=0x0, edgeFlags=0x0, metaState=0x0, buttonState=0x0, downTime=111625010339000, eventTime=111625118550000, pointerCount=1

01-04 14:08:45.269  2592  2592 I ViewRootImpl: ViewRoot's Touch Event : ACTION_UP

01-04 14:08:45.274  1907  3065 D PhoneWindowManagerEx: interceptKeyTq keycode=187 down=false interactive=true policyFlags=2b000002 injected=true keyguardActive=false sDisplayState=2

01-04 14:08:45.275  1907  3065 D PhoneWindowManagerSKT:  mEmergencyLauncher Not null

01-04 14:08:45.275  1907  3065 D WindowManager: interceptKeyTq keycode=187 interactive=true keyguardActive=false policyFlags=2b000002

01-04 14:08:45.275  1907  2360 D PhoneWindowManagerEx: interceptKeyTi keyCode=187 down=false repeatCount=0 keyguardOn=false mHomePressed=false canceled=false

01-04 14:08:45.276  1907  2360 D WindowManager: interceptKeyTi keyCode=187 down=false repeatCount=0 keyguardOn=false mHomePressed=false canceled=false

01-04 14:08:45.277  1907  2536 V SoundPool: play sampleID=1, leftVolume=1.000000, rightVolume=1.000000, priority=0, loop=0, rate=1.000000

01-04 14:08:45.277  1907  2536 V SoundPool: Allocated recycled channel for same sampleID

01-04 14:08:45.277  1907  2536 V SoundPool: play channel 0x7f65ef5620 state = 0

01-04 14:08:45.277  1907  2536 V SoundPool: SoundChannel::play 0x7f65ef5620: sampleID=1, channelID=607, leftVolume=1.000000, rightVolume=1.000000, priority=0, loop=0, rate=1.000000

01-04 14:08:45.277  1907  2536 D AudioSystem: getIoDescriptor: ioHandle = 2, index = 0, mIoDescriptors = 0x7f6e93c150

01-04 14:08:45.277  1907  2536 V AudioSystem: getFrameCount() output 2, frameCount 960

01-04 14:08:45.278  1907  2536 D AudioSystem: getIoDescriptor: ioHandle = 2, index = 0, mIoDescriptors = 0x7f6e93c150

01-04 14:08:45.278  1907  2536 V AudioSystem: getSamplingRate() output 2, sampling rate 48000

01-04 14:08:45.278  1907  2536 V SoundPool: reusing track 0x7f69878680 for sample 1

01-04 14:08:45.278  1907  2536 V AudioTrack: setLoop_l 0 0 0

01-04 14:08:45.278  1907  2536 D AudioTrack: start(): 0x7f69878680

01-04 14:08:45.292  1907  2536 V SoundPool: delete oldTrack 0x0

01-04 14:08:45.294  1907  1929 I ActivityManager: START u0 {act=com.android.systemui.recents.SHOW_RECENTS flg=0x10804000 cmp=com.android.systemui/.recents.RecentsActivity} from uid 10061 on display 0

01-04 14:08:45.318  1907  1929 D ActivityManager: setTaskToReturnTo : TaskRecord{17f77b #8242 A=com.campmobile.launcher U=0 sz=1} / mTaskToReturnTo = 1

01-04 14:08:45.319  1907  1929 W WindowManager: pwm.setNavigationBar() called. show=true

01-04 14:08:45.319  1907  1929 W WindowManager: pwm.setStatusBar() called. show=true

01-04 14:08:45.320  1907  1929 D InputDispatcher: Focus left window: Window{68a48f8 u0 com.YourCompany.Rolling/com.epicgames.ue4.GameActivity}

01-04 14:08:45.364 11629 11629 I SensorManager: removeAllSensors() [Sensor: LGE Accelerometer] by com.epicgames.ue4.GameActivity.onPause():1494

01-04 14:08:45.365  2983 19487 D LGImageQualityEnhancementService: activityResuming: com.android.systemui/com.android.systemui.recents.RecentsActivity

01-04 14:08:45.365  2983 19487 D LGImageQualityEnhancementService: handleCallbackActivity(), isEnhanced: false

01-04 14:08:45.365  1907  3141 D sensors_hal_SMGR: batch:sensor(android.sensor.accelerometer) sample_rate=50.000000Hz report_rate_f=0.000000Hz curr sample rate:50.000000 cur rpt rate:0 max:200.000000 min:1.000000

01-04 14:08:45.365  1907  1929 D ActivityManager: setTaskToReturnTo : TaskRecord{e589c60 #8245 A=com.android.systemui U=0 sz=1} / mTaskToReturnTo = 1

01-04 14:08:45.366 11629 11629 I SensorManager: removeAllSensors() [Sensor: LGE Magnetometer] by com.epicgames.ue4.GameActivity.onPause():1494

01-04 14:08:45.366  1907  3066 D sensors_hal_SMGR: enable:sensor(android.sensor.magnetic_field) Deactivating sensor handle=10

01-04 14:08:45.366  1907  3066 D sensors_hal_Util: waitForResponse: timeout=1000

01-04 14:08:45.368  1907  3066 D sensors_hal_SMGR: SMGRReportDelete: Rcvd success response from request

01-04 14:08:45.369 11629 11629 I SensorManager: removeAllSensors() [Sensor: LGE Gyroscope] by com.epicgames.ue4.GameActivity.onPause():1494

01-04 14:08:45.370  1907  3063 D sensors_hal_SMGR: enable:sensor(android.sensor.gyroscope) Deactivating sensor handle=2

01-04 14:08:45.370  1907  3063 D sensors_hal_Util: waitForResponse: timeout=1000

01-04 14:08:45.373  1907  3063 D sensors_hal_SMGR: SMGRReportDelete: Rcvd success response from request

01-04 14:08:45.386  1907  2351 D sensors_hal_Ctx: poll:polldata:1, sensor:0, type:1, x:-0.531082 y:3.864151 z:9.350143

01-04 14:08:45.386  1907  2351 D sensors_hal_Util: waitForResponse: timeout=0

01-04 14:08:45.407  1907  2339 D sensors_hal_LGMotionAccel: processInd: LP2: X: -0.518127 Y: 3.871475 Z: 9.216064 SAM TS: 855694684 HAL TS:157184603272482 elapsedRealtimeNano:157184654442419

01-04 14:08:45.407  1907  2351 D sensors_hal_Ctx: poll:polldata:1, sensor:0, type:1, x:-0.540665 y:3.988647 z:9.572800

01-04 14:08:45.407  1907  2351 D sensors_hal_Ctx: poll:polldata:1, sensor:51, type:499898101, x:-0.518127 y:3.871475 z:9.216064

01-04 14:08:45.407  1907  2351 D sensors_hal_Util: waitForResponse: timeout=0

01-04 14:08:45.427  1907  2351 D sensors_hal_Ctx: poll:polldata:1, sensor:0, type:1, x:-0.535873 y:4.230453 z:9.228027

01-04 14:08:45.427  1907  2351 D sensors_hal_Util: waitForResponse: timeout=0

01-04 14:08:45.439  1907  1944 I ActivityManager: Start proc 11956:com.android.mms/u0a44 for broadcast com.android.mms/.msgposter.OtherNotiReceiver

01-04 14:08:45.446  1907  2351 D sensors_hal_Ctx: poll:polldata:1, sensor:0, type:1, x:-0.622055 y:4.378891 z:8.473862

01-04 14:08:45.446  1907  2351 D sensors_hal_Util: waitForResponse: timeout=0

01-04 14:08:45.460  1907  2283 D sensors_hal_SMGR: processBufferingInd:report(on_change_sensor) eventtype 0

01-04 14:08:45.460  1907  2351 D sensors_hal_Ctx: poll:polldata:1, sensor:1, type:5, x:216.000000 y:0.000000 z:0.000000

01-04 14:08:45.460  1907  2351 D sensors_hal_Util: waitForResponse: timeout=0

01-04 14:08:45.464  1907  2351 D sensors_hal_Ctx: poll:polldata:1, sensor:0, type:1, x:-0.837540 y:4.469879 z:7.906433

01-04 14:08:45.464  1907  2351 D sensors_hal_Util: waitForResponse: timeout=0

01-04 14:08:45.481  1907  3108 I sensors_hal_Ctx: flush: handle is 86

01-04 14:08:45.483  1907  3108 I sensors_hal_SAM: flush:sensor() handle:86

01-04 14:08:45.483  1907  3108 D sensors_hal_SAM: flush: handle 86 batch_support 1

01-04 14:08:45.483  1907  3108 D sensors_hal_HealthActivityPattern: sendBatchReq: batching: 1, batch_rate=0.199997 (Hz)

01-04 14:08:45.484  1907  2518 I sensors_hal_Ctx: flush: handle is 48

01-04 14:08:45.484  1907  2518 I sensors_hal_SAM: flush:sensor(android.sensor.step_detector) handle:48

