01-25 15:07:30.084  1745  3085 D ConnectivityService: getActiveNetwork nai=NetworkAgentInfo{ ni{[type: WIFI[], state: CONNECTED/CONNECTED, reason: (unspecified), extra: "U+NetEA13", roaming: false, failover: false, isAvailable: true, network type: 1]}  network{104}  lp{{InterfaceName: wlan0 LinkAddresses: [fe80::5e70:a3ff:fe45:d7ff/64,192.168.219.102/24,]  Routes: [fe80::/64 -> :: wlan0,192.168.219.0/24 -> 0.0.0.0 wlan0,0.0.0.0/0 -> 192.168.219.1 wlan0,] DnsAddresses: [1.214.68.2,61.41.153.2,] Domains:  MTU: 0 TcpBufferSizes: 1048576,4194304,8388608,1048576,2097152,4194304 PcscfAddresses: [] }}  nc{[ Transports: WIFI Capabilities: INTERNET&NOT_RESTRICTED&TRUSTED&NOT_VPN&VALIDATED LinkUpBandwidth>=1048576Kbps LinkDnBandwidth>=1048576Kbps SignalStrength: -66]}  Score{60}  everValidated{true}  lastValidated{true}  created{true} lingering{false} explicitlySelected{false} acceptUnvalidated{false} everCaptivePortalDetected{false} lastCaptivePortalDetected{false} }

01-25 15:07:30.087  1745  3143 D ConnectivityService: getActiveNetwork nai=NetworkAgentInfo{ ni{[type: WIFI[], state: CONNECTED/CONNECTED, reason: (unspecified), extra: "U+NetEA13", roaming: false, failover: false, isAvailable: true, network type: 1]}  network{104}  lp{{InterfaceName: wlan0 LinkAddresses: [fe80::5e70:a3ff:fe45:d7ff/64,192.168.219.102/24,]  Routes: [fe80::/64 -> :: wlan0,192.168.219.0/24 -> 0.0.0.0 wlan0,0.0.0.0/0 -> 192.168.219.1 wlan0,] DnsAddresses: [1.214.68.2,61.41.153.2,] Domains:  MTU: 0 TcpBufferSizes: 1048576,4194304,8388608,1048576,2097152,4194304 PcscfAddresses: [] }}  nc{[ Transports: WIFI Capabilities: INTERNET&NOT_RESTRICTED&TRUSTED&NOT_VPN&VALIDATED LinkUpBandwidth>=1048576Kbps LinkDnBandwidth>=1048576Kbps SignalStrength: -66]}  Score{60}  everValidated{true}  lastValidated{true}  created{true} lingering{false} explicitlySelected{false} acceptUnvalidated{false} everCaptivePortalDetected{false} lastCaptivePortalDetected{false} }

01-25 15:07:30.088  2575  3450 I NetworkController: [SignalController.java:129:isDirty()]Change in state from: connected=true,enabled=true,level=1,inetCondition=1,iconGroup=IconGroup(SECURITY AP Wi-Fi Icons),activityIn=true,activityOut=true,rssi=-72,,ssid="U+NetEA13",ktGigaWiFi=false,attWifiCall=false

01-25 15:07:30.088  2575  3450 I NetworkController: 	to: connected=true,enabled=true,level=2,inetCondition=1,iconGroup=IconGroup(SECURITY AP Wi-Fi Icons),activityIn=true,activityOut=true,rssi=-66,,ssid="U+NetEA13",ktGigaWiFi=false,attWifiCall=false

01-25 15:07:30.092  2575  2575 D SignalClusterView: [SignalClusterView.java:799:apply()]mMobileDescription =     .

01-25 15:07:30.092  2575  2575 D SignalClusterView: [SignalClusterView.java:799:apply()]mMobileDescription =     .

01-25 15:07:30.092  2575  2575 D SignalClusterView: [SignalClusterView.java:799:apply()]mMobileDescription =     .

01-25 15:07:30.105 24008 24098 D libc    : getaddrinfo called from pid =24008

01-25 15:07:30.135  1745  1912 D ConnectivityService: getActiveNetwork nai=NetworkAgentInfo{ ni{[type: WIFI[], state: CONNECTED/CONNECTED, reason: (unspecified), extra: "U+NetEA13", roaming: false, failover: false, isAvailable: true, network type: 1]}  network{104}  lp{{InterfaceName: wlan0 LinkAddresses: [fe80::5e70:a3ff:fe45:d7ff/64,192.168.219.102/24,]  Routes: [fe80::/64 -> :: wlan0,192.168.219.0/24 -> 0.0.0.0 wlan0,0.0.0.0/0 -> 192.168.219.1 wlan0,] DnsAddresses: [1.214.68.2,61.41.153.2,] Domains:  MTU: 0 TcpBufferSizes: 1048576,4194304,8388608,1048576,2097152,4194304 PcscfAddresses: [] }}  nc{[ Transports: WIFI Capabilities: INTERNET&NOT_RESTRICTED&TRUSTED&NOT_VPN&VALIDATED LinkUpBandwidth>=1048576Kbps LinkDnBandwidth>=1048576Kbps SignalStrength: -66]}  Score{60}  everValidated{true}  lastValidated{true}  created{true} lingering{false} explicitlySelected{false} acceptUnvalidated{false} everCaptivePortalDetected{false} lastCaptivePortalDetected{false} }

01-25 15:07:30.155 24008 24008 V ViewRootImpl: Contents drawing finished : PopupWindow:e49b409

01-25 15:07:30.164 24008 24026 D UE4     : Unregistering volume receiver

01-25 15:07:30.164 24008 24026 D UE4     : Unregistering battery receiver

01-25 15:07:30.165 24008 24026 D UE4     : Unregistering headset receiver

01-25 15:07:30.171 24008 24083 W art     : Native thread exiting without having called DetachCurrentThread (maybe it's going to use a pthread_key_create destructor?): Thread[35,tid=24083,Native,Thread*=0xc935b400,peer=0x12cc3100,"RTHeartBeat 1"]

01-25 15:07:30.171 24008 24083 D UE4     : *** JavaEnvDestructor: 24083

01-25 15:07:30.176 16645 16992 D AppChangedDetector: lastUsedAppId com.YourCompany.Rolling

01-25 15:07:30.178 24008 24082 D UE4     : AndroidEGL::ResetDisplay()

01-25 15:07:30.179 24008 24082 W art     : Native thread exiting without having called DetachCurrentThread (maybe it's going to use a pthread_key_create destructor?): Thread[33,tid=24082,Native,Thread*=0xc8d38000,peer=0x12cb9100,"RenderThread 1"]

01-25 15:07:30.179 24008 24082 D UE4     : *** JavaEnvDestructor: 24082

01-25 15:07:30.180 24008 24026 D UE4     : [2020.01.25-06.07.30:180][  0]LogTemp: Android pause audio

01-25 15:07:30.181 24008 24026 D UE4     : Execution has been paused...

01-25 15:07:30.181 24008 24026 D UE4     : LogAndroidEvents: Display: DequeueAppEvent : 7, 0

01-25 15:07:30.181 24008 24026 D UE4     : [2020.01.25-06.07.30:181][  0]LogAndroidEvents: Display: DequeueAppEvent : 7, 0

01-25 15:07:30.183 24008 24032 D UE4     : LogStats: Warning: MetaData mismatch. Did you assign a stat to two groups? New //STATGROUP_Threads//FUdpMessageBeacon///Thread_5e24_0///####STATCAT_Advanced#### old //STATGROUP_Threads//FUdpMessageBeacon///Thread_5e01_0///####STATCAT_Advanced####

01-25 15:07:30.183  1745  1912 I sensors_hal_Ctx: flush: handle is 86

01-25 15:07:30.183  1745  1912 I sensors_hal_SAM: flush:sensor() handle:86

01-25 15:07:30.183 24008 24026 D UE4     : [2020.01.25-06.07.30:183][  0]LogStats: Warning: MetaData mismatch. Did you assign a stat to two groups? New //STATGROUP_Threads//FUdpMessageBeacon///Thread_5e24_0///####STATCAT_Advanced#### old //STATGROUP_Threads//FUdpMessageBeacon///Thread_5e01_0///####STATCAT_Advanced####

01-25 15:07:30.183  1745  2892 I sensors_hal_Ctx: flush: handle is 48

01-25 15:07:30.183  1745  2892 I sensors_hal_SAM: flush:sensor(android.sensor.step_detector) handle:48

01-25 15:07:30.183 24008 24026 D UE4     : [2020.01.25-06.07.30:183][  0]LogTemp: Android resume audio

01-25 15:07:30.185 24008 24026 D UE4     : Registering volume receiver

01-25 15:07:30.187 24008 24032 D UE4     : LogStats: Warning: MetaData mismatch. Did you assign a stat to two groups? New //STATGROUP_Threads//FUdpMessageProcessor.Sender///Thread_5e25_0///####STATCAT_Advanced#### old //STATGROUP_Threads//FUdpMessageProcessor.Sender///Thread_5e02_0///####STATCAT_Advanced####

01-25 15:07:30.187 24008 24032 D UE4     : LogStats: Warning: MetaData mismatch. Did you assign a stat to two groups? New //STATGROUP_Threads//FUdpMessageProcessor///Thread_5e23_0///####STATCAT_Advanced#### old //STATGROUP_Threads//FUdpMessageProcessor///Thread_5e00_0///####STATCAT_Advanced####

01-25 15:07:30.187 24008 24032 D UE4     : LogStats: Warning: MetaData mismatch. Did you assign a stat to two groups? New //STATGROUP_Threads//UdpMessageMulticastReceiver///Thread_5e26_0///####STATCAT_Advanced#### old //STATGROUP_Threads//UdpMessageMulticastReceiver///Thread_5e03_0///####STATCAT_Advanced####

01-25 15:07:30.187 24008 24032 D UE4     : LogStats: Warning: MetaData mismatch. Did you assign a stat to two groups? New //STATGROUP_Threads//FTcpMessageTransport///Thread_5e4e_0///####STATCAT_Advanced#### old //STATGROUP_Threads//FTcpMessageTransport///Thread_5dfe_0///####STATCAT_Advanced####

01-25 15:07:30.187 24008 24032 D UE4     : LogStats: Warning: MetaData mismatch. Did you assign a stat to two groups? New //STATGROUP_Threads//FTcpListener///Thread_5e4f_0///####STATCAT_Advanced#### old //STATGROUP_Threads//FTcpListener///Thread_5dff_0///####STATCAT_Advanced####

01-25 15:07:30.188 24008 24026 D UE4     : startVolumeReceiver: 15

01-25 15:07:30.188 24008 24026 D UE4     : nativeVolumeEvent(15)

01-25 15:07:30.188 24008 24026 D UE4     : Registering battery receiver

01-25 15:07:30.190 24008 24026 D UE4     : Registering headset receiver

01-25 15:07:30.191 24008 24026 D UE4     : startHeadsetReceiver: 0

01-25 15:07:30.191 24008 24026 D UE4     : nativeHeadsetEvent(0)

01-25 15:07:30.192  1745  2283 I sensors_hal_HealthActivityPattern: processResp: handle:86

01-25 15:07:30.192 24008 24026 D UE4     : [2020.01.25-06.07.30:192][  0]LogStats: Warning: MetaData mismatch. Did you assign a stat to two groups? New //STATGROUP_Threads//FUdpMessageProcessor.Sender///Thread_5e25_0///####STATCAT_Advanced#### old //STATGROUP_Threads//FUdpMessageProcessor.Sender///Thread_5e02_0///####STATCAT_Advanced####

01-25 15:07:30.192 24008 24026 D UE4     : [2020.01.25-06.07.30:192][  0]LogStats: Warning: MetaData mismatch. Did you assign a stat to two groups? New //STATGROUP_Threads//FUdpMessageProcessor///Thread_5e23_0///####STATCAT_Advanced#### old //STATGROUP_Threads//FUdpMessageProcessor///Thread_5e00_0///####STATCAT_Advanced####

01-25 15:07:30.192 24008 24026 D UE4     : [2020.01.25-06.07.30:192][  0]LogStats: Warning: MetaData mismatch. Did you assign a stat to two groups? New //STATGROUP_Threads//UdpMessageMulticastReceiver///Thread_5e26_0///####STATCAT_Advanced#### old //STATGROUP_Threads//UdpMessageMulticastReceiver///Thread_5e03_0///####STATCAT_Advanced####

01-25 15:07:30.192 24008 24026 D UE4     : [2020.01.25-06.07.30:192][  0]LogStats: Warning: MetaData mismatch. Did you assign a stat to two groups? New //STATGROUP_Threads//FTcpMessageTransport///Thread_5e4e_0///####STATCAT_Advanced#### old //STATGROUP_Threads//FTcpMessageTransport///Thread_5dfe_0///####STATCAT_Advanced####

01-25 15:07:30.193 24008 24026 D UE4     : [2020.01.25-06.07.30:193][  0]LogStats: Warning: MetaData mismatch. Did you assign a stat to two groups? New //STATGROUP_Threads//FTcpListener///Thread_5e4f_0///####STATCAT_Advanced#### old //STATGROUP_Threads//FTcpListener///Thread_5dff_0///####STATCAT_Advanced####

01-25 15:07:30.193 24008 24026 D UE4     : [2020.01.25-06.07.30:193][  0]LogUdpMessaging: Initializing bridge on interface 0.0.0.0:0 to multicast group 230.0.0.1:6666.

01-25 15:07:30.200 24008 24026 D UE4     : [2020.01.25-06.07.30:200][  0]LogTcpMessaging: Initializing TcpMessaging bridge, listening on 127.0.0.1:6666

01-25 15:07:30.202 24008 24026 D UE4     : Execution has been resumed!

01-25 15:07:30.203 24008 24026 D UE4     : LogAndroidEvents: Display: DequeueAppEvent : 11, 0

01-25 15:07:30.203 24008 24026 D UE4     : [2020.01.25-06.07.30:203][  0]LogAndroidEvents: Display: DequeueAppEvent : 11, 0

01-25 15:07:30.203 24008 24008 D UE4     : headsetReceiver::onReceive

01-25 15:07:30.203 24008 24008 D UE4     : nativeHeadsetEvent(0)

01-25 15:07:30.224 24008 24032 D UE4     : LogStats: Warning: MetaData mismatch. Did you assign a stat to two groups? New //STATGROUP_Threads//FUdpMessageBeacon///Thread_5e74_0///####STATCAT_Advanced#### old //STATGROUP_Threads//FUdpMessageBeacon///Thread_5e01_0///####STATCAT_Advanced####

01-25 15:07:30.224 24008 24032 D UE4     : LogStats: Warning: MetaData mismatch. Did you assign a stat to two groups? New //STATGROUP_Threads//FUdpMessageProcessor.Sender///Thread_5e75_0///####STATCAT_Advanced#### old //STATGROUP_Threads//FUdpMessageProcessor.Sender///Thread_5e02_0///####STATCAT_Advanced####

01-25 15:07:30.224 24008 24032 D UE4     : LogStats: Warning: MetaData mismatch. Did you assign a stat to two groups? New //STATGROUP_Threads//FUdpMessageProcessor///Thread_5e73_0///####STATCAT_Advanced#### old //STATGROUP_Threads//FUdpMessageProcessor///Thread_5e00_0///####STATCAT_Advanced####

01-25 15:07:30.224 24008 24032 D UE4     : LogStats: Warning: MetaData mismatch. Did you assign a stat to two groups? New //STATGROUP_Threads//UdpMessageMulticastReceiver///Thread_5e76_0///####STATCAT_Advanced#### old //STATGROUP_Threads//UdpMessageMulticastReceiver///Thread_5e03_0///####STATCAT_Advanced####

01-25 15:07:30.224 24008 24032 D UE4     : LogStats: Warning: MetaData mismatch. Did you assign a stat to two groups? New //STATGROUP_Threads//FTcpMessageTransport///Thread_5e77_0///####STATCAT_Advanced#### old //STATGROUP_Threads//FTcpMessageTransport///Thread_5dfe_0///####STATCAT_Advanced####

01-25 15:07:30.224 24008 24032 D UE4     : LogStats: Warning: MetaData mismatch. Did you assign a stat to two groups? New //STATGROUP_Threads//FTcpListener///Thread_5e78_0///####STATCAT_Advanced#### old //STATGROUP_Threads//FTcpListener///Thread_5dff_0///####STATCAT_Advanced####

01-25 15:07:30.227 24008 24026 D UE4     : [2020.01.25-06.07.30:227][  0]LogStats: Warning: MetaData mismatch. Did you assign a stat to two groups? New //STATGROUP_Threads//FUdpMessageBeacon///Thread_5e74_0///####STATCAT_Advanced#### old //STATGROUP_Threads//FUdpMessageBeacon///Thread_5e01_0///####STATCAT_Advanced####

01-25 15:07:30.227 24008 24026 D UE4     : [2020.01.25-06.07.30:227][  0]LogStats: Warning: MetaData mismatch. Did you assign a stat to two groups? New //STATGROUP_Threads//FUdpMessageProcessor.Sender///Thread_5e75_0///####STATCAT_Advanced#### old //STATGROUP_Threads//FUdpMessageProcessor.Sender///Thread_5e02_0///####STATCAT_Advanced####

01-25 15:07:30.227 24008 24026 D UE4     : [2020.01.25-06.07.30:227][  0]LogStats: Warning: MetaData mismatch. Did you assign a stat to two groups? New //STATGROUP_Threads//FUdpMessageProcessor///Thread_5e73_0///####STATCAT_Advanced#### old //STATGROUP_Threads//FUdpMessageProcessor///Thread_5e00_0///####STATCAT_Advanced####

01-25 15:07:30.227 24008 24026 D UE4     : [2020.01.25-06.07.30:227][  0]LogStats: Warning: MetaData mismatch. Did you assign a stat to two groups? New //STATGROUP_Threads//UdpMessageMulticastReceiver///Thread_5e76_0///####STATCAT_Advanced#### old //STATGROUP_Threads//UdpMessageMulticastReceiver///Thread_5e03_0///####STATCAT_Advanced####

01-25 15:07:30.227 24008 24026 D UE4     : [2020.01.25-06.07.30:227][  0]LogStats: Warning: MetaData mismatch. Did you assign a stat to two groups? New //STATGROUP_Threads//FTcpMessageTransport///Thread_5e77_0///####STATCAT_Advanced#### old //STATGROUP_Threads//FTcpMessageTransport///Thread_5dfe_0///####STATCAT_Advanced####

01-25 15:07:30.228 24008 24026 D UE4     : [2020.01.25-06.07.30:228][  0]LogStats: Warning: MetaData mismatch. Did you assign a stat to two groups? New //STATGROUP_Threads//FTcpListener///Thread_5e78_0///####STATCAT_Advanced#### old //STATGROUP_Threads//FTcpListener///Thread_5dff_0///####STATCAT_Advanced####

01-25 15:07:30.238   916  1928 V AudioFlinger_Threads: thread 0xeff40000 type 0 TID 1928 going to sleep

01-25 15:07:30.239   916  1930 V AudioFlinger_Threads: thread 0xefd80000 type 0 TID 1930 going to sleep

01-25 15:07:30.239 24008 24026 D UE4     : [2020.01.25-06.07.30:239][  0]LogContentStreaming: Texture pool size now 1000 MB

01-25 15:07:30.241   916  1921 V AudioFlinger_Threads: thread 0xf0640000 type 0 TID 1921 going to sleep

01-25 15:07:30.241   916  1926 V AudioFlinger_Threads: thread 0xf0240000 type 0 TID 1926 going to sleep

01-25 15:07:30.242 24008 24103 D libc    : getaddrinfo called from pid =24008

01-25 15:07:30.548  1745  1745 I AutomaticBrightnessControllerEx: [LANDSCAPE] unregister proximity

01-25 15:07:30.549  1745  1745 I SensorManager: removeAllSensors() [Sensor: LGE Proximity] by com.android.server.display.AutomaticBrightnessControllerEx.setProximitySensorEnabled():1064

01-25 15:07:30.549  1745  1745 D sensors_hal_Thresh: enable: handle=53

01-25 15:07:30.549  1745  1745 D sensors_hal_Thresh: enable: Disabling sensor handle=53

01-25 15:07:30.549  1745  1745 I sensors_hal_SAM: sendCancel:sensor(android.sensor.proximity) Sending cancel to svc no:21

01-25 15:07:30.550  1745  2335 D sensors_hal_Thresh: processResp: Received SNS_SAM_SENSOR_THRESH_DISABLE/CANCEL_RESP_V01

01-25 15:07:30.562  1745  2270 V sensors_hal_Mag: processReportInd:sensor android.sensor.magnetic_field 

01-25 15:07:30.562  1745  2270 V sensors_hal_Mag: processReportInd: Cal Mag Filter, 0, 1, -39.648438, -28.179932, -11.482239, -291.389465, -224.543762, -80.757141, -36.423683, -28.067970, -10.094643

01-25 15:07:30.562  1745  2340 D sensors_hal_Ctx: poll:polldata:1, sensor:10, type:2, x:-36.423683 y:-28.067970 z:-10.094643

01-25 15:07:30.562  1745  2340 D sensors_hal_Util: waitForResponse: timeout=0

01-25 15:07:30.568  1745  2270 V sensors_hal_Gyro: processReportInd: X: 1.397980 Y: -0.297348 Z: 0.973007 

01-25 15:07:30.568  1745  2340 D sensors_hal_Ctx: poll:polldata:2, sensor:0, type:1, x:7.118393 y:7.041245 z:4.003891

01-25 15:07:30.568  1745  2340 D sensors_hal_Util: waitForResponse: timeout=0

01-25 15:07:30.580  1745  2270 V sensors_hal_Mag: processReportInd:sensor android.sensor.magnetic_field 

01-25 15:07:30.581  1745  2270 V sensors_hal_Mag: processReportInd: Cal Mag Filter, 1, 1, -37.399292, -26.829529, -11.032104, -291.990662, -223.492432, -81.207275, -36.498833, -27.936554, -10.150909

01-25 15:07:30.581  1745  2340 D sensors_hal_Ctx: poll:polldata:1, sensor:10, type:2, x:-36.498833 y:-27.936554 z:-10.150909

01-25 15:07:30.581  1745  2340 D sensors_hal_Util: waitForResponse: timeout=0

01-25 15:07:30.590  1745  2270 V sensors_hal_Gyro: processReportInd: X: 0.503159 Y: -0.840622 Z: 0.358353 

01-25 15:07:30.590  1745  2340 D sensors_hal_Ctx: poll:polldata:2, sensor:0, type:1, x:4.654755 y:4.908020 z:5.303940

01-25 15:07:30.590  1745  2340 D sensors_hal_Util: waitForResponse: timeout=0

01-25 15:07:30.601  1745  2270 V sensors_hal_Mag: processReportInd:sensor android.sensor.magnetic_field 

01-25 15:07:30.601  1745  2270 V sensors_hal_Mag: processReportInd: Cal Mag Filter, 2, 1, -36.949158, -26.679993, -9.681702, -291.841125, -223.342896, -81.356812, -36.480141, -27.917862, -10.169601

01-25 15:07:30.601  1745  2340 D sensors_hal_Ctx: poll:polldata:1, sensor:10, type:2, x:-36.480141 y:-27.917862 z:-10.169601

01-25 15:07:30.601  1745  2340 D sensors_hal_Util: waitForResponse: timeout=0

01-25 15:07:30.608  1745  2270 V sensors_hal_Gyro: processReportInd: X: -0.256378 Y: -1.183640 Z: 0.014282 

01-25 15:07:30.608  1745  2340 D sensors_hal_Ctx: poll:polldata:2, sensor:0, type:1, x:2.124084 y:5.401215 z:7.099594

01-25 15:07:30.608  1745  2340 D sensors_hal_Util: waitForResponse: timeout=0

01-25 15:07:30.608  1745  2328 D sensors_hal_LGMotionAccel: processInd: LP2: X: 3.502274 Y: 5.808990 Z: 7.457321 SAM TS: 3263981755 HAL TS:99612121449283 elapsedRealtimeNano:99612173484305

01-25 15:07:30.608  1745  2340 D sensors_hal_Ctx: poll:polldata:1, sensor:51, type:499898101, x:3.502274 y:5.808990 z:7.457321

01-25 15:07:30.608  1745  2340 D sensors_hal_Util: waitForResponse: timeout=0

01-25 15:07:30.620  1745  2270 V sensors_hal_Mag: processReportInd:sensor android.sensor.magnetic_field 

01-25 15:07:30.621  1745  2270 V sensors_hal_Mag: processReportInd: Cal Mag Filter, 3, 1, -37.399292, -27.880859, -8.781433, -293.942261, -223.342896, -81.056213, -36.742783, -27.917862, -10.132027

01-25 15:07:30.621  1745  2340 D sensors_hal_Ctx: poll:polldata:1, sensor:10, type:2, x:-36.742783 y:-27.917862 z:-10.132027

01-25 15:07:30.621  1745  2340 D sensors_hal_Util: waitForResponse: timeout=0

01-25 15:07:30.628  1745  2270 V sensors_hal_Gyro: processReportInd: X: -0.533340 Y: -0.785233 Z: -0.250977 

01-25 15:07:30.628  1745  2340 D sensors_hal_Ctx: poll:polldata:2, sensor:0, type:1, x:3.668350 y:7.026886 z:8.095581

01-25 15:07:30.628  1745  2340 D sensors_hal_Util: waitForResponse: timeout=0

01-25 15:07:30.640  1745  2270 V sensors_hal_Mag: processReportInd:sensor android.sensor.magnetic_field 

01-25 15:07:30.640  1745  2270 V sensors_hal_Mag: processReportInd: Cal Mag Filter, 4, 1, -37.849426, -26.530457, -8.781433, -297.392273, -220.492554, -80.755615, -37.174034, -27.561569, -10.094452

01-25 15:07:30.640  1745  2340 D sensors_hal_Ctx: poll:polldata:1, sensor:10, type:2, x:-37.174034 y:-27.561569 z:-10.094452

01-25 15:07:30.640  1745  2340 D sensors_hal_Util: waitForResponse: timeout=0

01-25 15:07:30.648  1745  2270 V sensors_hal_Gyro: processReportInd: X: -0.517365 Y: 0.087219 Z: -0.862442 

01-25 15:07:30.648  1745  2340 D sensors_hal_Ctx: poll:polldata:2, sensor:0, type:1, x:2.353928 y:6.454666 z:8.921570

01-25 15:07:30.648  1745  2340 D sensors_hal_Util: waitForResponse: timeout=0

01-25 15:07:30.660  1745  2270 V sensors_hal_Mag: processReportInd:sensor android.sensor.magnetic_field 

01-25 15:07:30.660  1745  2270 V sensors_hal_Mag: processReportInd: Cal Mag Filter, 5, 1, -37.849426, -29.679871, -11.782837, -300.842285, -220.791626, -83.456421, -37.605286, -27.598953, -10.432053

01-25 15:07:30.661  1745  2340 D sensors_hal_Ctx: poll:polldata:1, sensor:10, type:2, x:-37.605286 y:-27.598953 z:-10.432053

01-25 15:07:30.661  1745  2340 D sensors_hal_Util: waitForResponse: timeout=0

01-25 15:07:30.670  1745  2340 D sensors_hal_Ctx: poll:polldata:1, sensor:0, type:1, x:0.038742 y:4.354950 z:8.739609

01-25 15:07:30.670  1745  2340 D sensors_hal_Util: waitForResponse: timeout=0

01-25 15:07:30.670  1745  2270 V sensors_hal_Gyro: processReportInd: X: -0.123215 Y: 1.051285 Z: -1.168167 

01-25 15:07:30.670  1745  2328 D sensors_hal_LGMotionAccel: processInd: LP2: X: 1.993530 Y: 5.863998 Z: 8.446472 SAM TS: 3263983939 HAL TS:99612188099673 elapsedRealtimeNano:99612235791493

01-25 15:07:30.671  1745  2340 D sensors_hal_Ctx: poll:polldata:1, sensor:2, type:4, x:-0.123215 y:1.051285 z:-1.168167

01-25 15:07:30.671  1745  2340 D sensors_hal_Util: waitForResponse: timeout=0

01-25 15:07:30.671  1745  2340 D sensors_hal_Ctx: poll:polldata:1, sensor:51, type:499898101, x:1.993530 y:5.863998 z:8.446472

01-25 15:07:30.671  1745  2340 D sensors_hal_Util: waitForResponse: timeout=0

01-25 15:07:30.678 16645 16992 D AppChangedDetector: lastUsedAppId com.YourCompany.Rolling

01-25 15:07:30.680  1745  2270 V sensors_hal_Mag: processReportInd:sensor android.sensor.magnetic_field 

01-25 15:07:30.680  1745  2270 V sensors_hal_Mag: processReportInd: Cal Mag Filter, 6, 1, -35.748291, -29.679871, -14.332581, -299.942017, -223.040771, -86.906433, -37.492752, -27.880096, -10.863304

01-25 15:07:30.680  1745  2340 D sensors_hal_Ctx: poll:polldata:1, sensor:10, type:2, x:-37.492752 y:-27.880096 z:-10.863304

01-25 15:07:30.680  1745  2340 D sensors_hal_Util: waitForResponse: timeout=0

01-25 15:07:30.688  1745  2270 V sensors_hal_Gyro: processReportInd: X: 0.155884 Y: 2.120804 Z: -1.037140 

01-25 15:07:30.688  1745  2340 D sensors_hal_Ctx: poll:polldata:2, sensor:0, type:1, x:-0.260544 y:3.710922 z:5.981491

01-25 15:07:30.688  1745  2340 D sensors_hal_Util: waitForResponse: timeout=0

01-25 15:07:30.701  1745  2270 V sensors_hal_Mag: processReportInd:sensor android.sensor.magnetic_field 

01-25 15:07:30.702  1745  2270 V sensors_hal_Mag: processReportInd: Cal Mag Filter, 7, 1, -36.048889, -30.430603, -15.832520, -298.892212, -225.891113, -91.706848, -37.361526, -28.236389, -11.463356

01-25 15:07:30.702  1745  2340 D sensors_hal_Ctx: poll:polldata:1, sensor:10, type:2, x:-37.361526 y:-28.236389 z:-11.463356

01-25 15:07:30.702  1745  2340 D sensors_hal_Util: waitForResponse: timeout=0

01-25 15:07:30.708  1745  2270 V sensors_hal_Gyro: processReportInd: X: -0.258514 Y: 3.547195 Z: -0.865631 

01-25 15:07:30.708  1745  2340 D sensors_hal_Ctx: poll:polldata:2, sensor:0, type:1, x:-0.337158 y:4.074829 z:5.701370

01-25 15:07:30.708  1745  2340 D sensors_hal_Util: waitForResponse: timeout=0

01-25 15:07:30.720  1745  2270 V sensors_hal_Mag: processReportInd:sensor android.sensor.magnetic_field 

01-25 15:07:30.720  1745  2270 V sensors_hal_Mag: processReportInd: Cal Mag Filter, 0, 1, -30.499268, -29.679871, -19.581604, -289.743042, -227.391052, -99.806213, -36.217880, -28.423882, -12.475777

01-25 15:07:30.721  1745  2340 D sensors_hal_Ctx: poll:polldata:1, sensor:10, type:2, x:-36.217880 y:-28.423882 z:-12.475777

01-25 15:07:30.721  1745  2340 D sensors_hal_Util: waitForResponse: timeout=0

01-25 15:07:30.730  1745  2270 V sensors_hal_Gyro: processReportInd: X: -0.860382 Y: 5.683060 Z: -0.835800 

01-25 15:07:30.730  1745  2340 D sensors_hal_Ctx: poll:polldata:2, sensor:0, type:1, x:-2.298004 y:4.781128 z:10.264725

01-25 15:07:30.730  1745  2340 D sensors_hal_Util: waitForResponse: timeout=0

01-25 15:07:30.742  1745  2270 V sensors_hal_Mag: processReportInd:sensor android.sensor.magnetic_field 

01-25 15:07:30.742  1745  2270 V sensors_hal_Mag: processReportInd: Cal Mag Filter, 1, 1, -28.549194, -29.830933, -20.782471, -280.892944, -230.392456, -109.556580, -35.111618, -28.799057, -13.694572

01-25 15:07:30.742  1745  2340 D sensors_hal_Ctx: poll:polldata:1, sensor:10, type:2, x:-35.111618 y:-28.799057 z:-13.694572

01-25 15:07:30.742  1745  2340 D sensors_hal_Util: waitForResponse: timeout=0

01-25 15:07:30.748  1745  2340 D sensors_hal_Ctx: poll:polldata:1, sensor:0, type:1, x:-6.128723 y:4.268768 z:11.562378

01-25 15:07:30.748  1745  2340 D sensors_hal_Util: waitForResponse: timeout=0

01-25 15:07:30.748  1745  2270 V sensors_hal_Gyro: processReportInd: X: -0.565308 Y: 4.408997 Z: -0.706909 

01-25 15:07:30.748  1745  2340 D sensors_hal_Ctx: poll:polldata:1, sensor:2, type:4, x:-0.565308 y:4.408997 z:-0.706909

01-25 15:07:30.748  1745  2340 D sensors_hal_Util: waitForResponse: timeout=0

01-25 15:07:30.749  1745  2328 D sensors_hal_LGMotionAccel: processInd: LP2: X: -1.441498 Y: 4.187195 Z: 7.692352 SAM TS: 3263986123 HAL TS:99612254750064 elapsedRealtimeNano:99612313984409

01-25 15:07:30.749  1745  2340 D sensors_hal_Ctx: poll:polldata:1, sensor:51, type:499898101, x:-1.441498 y:4.187195 z:7.692352

01-25 15:07:30.749  1745  2340 D sensors_hal_Util: waitForResponse: timeout=0

01-25 15:07:30.755  1745  2270 D sensors_hal_SMGR: processBufferingInd:report(on_change_sensor) eventtype 0

01-25 15:07:30.755  1745  2340 D sensors_hal_Ctx: poll:polldata:1, sensor:1, type:5, x:135.000000 y:0.000000 z:0.000000

01-25 15:07:30.755  1745  2340 D sensors_hal_Util: waitForResponse: timeout=0

01-25 15:07:30.760  1745  2270 V sensors_hal_Mag: processReportInd:sensor android.sensor.magnetic_field 

01-25 15:07:30.760  1745  2270 V sensors_hal_Mag: processReportInd: Cal Mag Filter, 2, 1, -28.099060, -30.729675, -20.932007, -272.042847, -234.442139, -120.806885, -34.005356, -29.305267, -15.100861

01-25 15:07:30.761  1745  2340 D sensors_hal_Ctx: poll:polldata:1, sensor:10, type:2, x:-34.005356 y:-29.305267 z:-15.100861

01-25 15:07:30.761  1745  2340 D sensors_hal_Util: waitForResponse: timeout=0

01-25 15:07:30.768  1745  2270 V sensors_hal_Gyro: processReportInd: X: -0.200989 Y: 0.203339 Z: -0.178543 

01-25 15:07:30.768  1745  2340 D sensors_hal_Ctx: poll:polldata:2, sensor:0, type:1, x:-7.517365 y:3.895264 z:9.192123

01-25 15:07:30.768  1745  2340 D sensors_hal_Util: waitForResponse: timeout=0

01-25 15:07:30.780  1745  2270 V sensors_hal_Mag: processReportInd:sensor android.sensor.magnetic_field 

01-25 15:07:30.781  1745  2270 V sensors_hal_Mag: processReportInd: Cal Mag Filter, 3, 1, -30.499268, -30.130005, -21.382141, -265.142822, -236.691284, -133.407593, -33.142853, -29.586411, -16.675949

01-25 15:07:30.781  1745  2340 D sensors_hal_Ctx: poll:polldata:1, sensor:10, type:2, x:-33.142853 y:-29.586411 z:-16.675949

01-25 15:07:30.782  1745  2340 D sensors_hal_Util: waitForResponse: timeout=0

01-25 15:07:30.787  1745  2270 V sensors_hal_Gyro: processReportInd: X: -0.032669 Y: -0.568985 Z: 0.410553 

01-25 15:07:30.788  1745  2340 D sensors_hal_Ctx: poll:polldata:2, sensor:0, type:1, x:-5.925217 y:4.589584 z:10.216843

01-25 15:07:30.788  1745  2340 D sensors_hal_Util: waitForResponse: timeout=0

01-25 15:07:30.800  1745  2270 V sensors_hal_Mag: processReportInd:sensor android.sensor.magnetic_field 

01-25 15:07:30.800  1745  2270 V sensors_hal_Mag: processReportInd: Cal Mag Filter, 4, 1, -29.598999, -29.229736, -21.531677, -256.892395, -239.390564, -146.157837, -32.111549, -29.923820, -18.269730

01-25 15:07:30.800  1745  2340 D sensors_hal_Ctx: poll:polldata:1, sensor:10, type:2, x:-32.111549 y:-29.923820 z:-18.269730

01-25 15:07:30.801  1745  2340 D sensors_hal_Util: waitForResponse: timeout=0

01-25 15:07:30.807  1745  2270 V sensors_hal_Gyro: processReportInd: X: 0.235779 Y: 1.125854 Z: 0.427597 

01-25 15:07:30.807  1745  2328 D sensors_hal_LGMotionAccel: processInd: LP2: X: -6.027756 Y: 4.130615 Z: 10.134460 SAM TS: 3263988307 HAL TS:99612321400454 elapsedRealtimeNano:99612372708211

01-25 15:07:30.807  1745  2340 D sensors_hal_Ctx: poll:polldata:3, sensor:0, type:1, x:-3.966766 y:3.682190 z:9.982208

01-25 15:07:30.808  1745  2340 D sensors_hal_Util: waitForResponse: timeout=0

01-25 15:07:30.808  1745  1745 I AutomaticBrightnessControllerEx: [LANDSCAPE] register proximity sensor

01-25 15:07:30.808  1745  1745 I SensorManager: registerListenerImpl() [Sensor: LGE Proximity, Rate: 250000, SensorEventListener: com.android.server.display.AutomaticBrightnessControllerEx$5@dd7fed1] by com.android.server.display.AutomaticBrightnessControllerEx.setProximitySensorEnabled():1057

01-25 15:07:30.809  1745  1745 D sensors_hal_SAM: batch:sensor(android.sensor.proximity) sample_rate=40.000000Hz report_rate_f=0.000000Hz curr sample rate:40.000000 cur rpt rate:40 max:40.000000 min:0.015259

01-25 15:07:30.809  1745  1745 I sensors_hal_SAM: batch: current sample rate, report rate & buffering are equal to requested (40.000000,1.500000,0)

01-25 15:07:30.809  1745  1745 D sensors_hal_Thresh: enable: handle=53

01-25 15:07:30.809  1745  1745 I sensors_hal_SAM: sendEnableReq:sensor(android.sensor.proximity) Sending enable to svc no:21

01-25 15:07:30.809  1745  1745 D sensors_hal_Util: waitForResponse: timeout=1000

01-25 15:07:30.812  1745  2335 D sensors_hal_Thresh: processResp: Received SNS_SAM_SENSOR_THRESH_ENABLE_RESP_V01

01-25 15:07:30.812  1745  1745 D sensors_hal_Thresh: enable: Received response: 0

01-25 15:07:30.812   595   810 I Sensors : sns_pwr.c(294):acquiring wakelock

01-25 15:07:30.813  1745  2335 D sensors_hal_Util: SAMSensor_sensor1_cb: acquired wakelock sensor_ind

01-25 15:07:30.813  1745  2335 D sensors_hal_Thresh: processInd: SNS_SAM_SENSOR_THRESH_REPORT_IND_V01

01-25 15:07:30.813  1745  2335 I sensors_hal_Thresh: processInd : proximity state changed - FAR

01-25 15:07:30.813  1745  2335 I sensors_hal_Thresh: processInd : Data[0]: 0 pdata: 50

01-25 15:07:30.813  1745  2340 D sensors_hal_Ctx: poll:polldata:1, sensor:53, type:8, x:5.000000 y:0.000000 z:-0.000000

01-25 15:07:30.813  1745  2340 D sensors_hal_Util: waitForResponse: timeout=0

01-25 15:07:30.813  1745  1745 I AutomaticBrightnessControllerEx: [LANDSCAPE] proximity is Far

01-25 15:07:30.821  1745  2270 V sensors_hal_Mag: processReportInd:sensor android.sensor.magnetic_field 

01-25 15:07:30.821  1745  2270 V sensors_hal_Mag: processReportInd: Cal Mag Filter, 5, 1, -26.748657, -29.080200, -21.382141, -245.791626, -238.790894, -155.757141, -30.723953, -29.848862, -19.469643

01-25 15:07:30.821  1745  2340 D sensors_hal_Ctx: poll:polldata:1, sensor:10, type:2, x:-30.723953 y:-29.848862 z:-19.469643

01-25 15:07:30.822  1745  2340 D sensors_hal_Util: waitForResponse: timeout=0

01-25 15:07:30.828  1745  2270 V sensors_hal_Gyro: processReportInd: X: 0.477585 Y: 1.446503 Z: 0.022797 

01-25 15:07:30.828  1745  2340 D sensors_hal_Ctx: poll:polldata:2, sensor:0, type:1, x:-3.854233 y:2.951950 z:8.311050

01-25 15:07:30.829  1745  2340 D sensors_hal_Util: waitForResponse: timeout=0

01-25 15:07:30.840  1745  2270 V sensors_hal_Mag: processReportInd:sensor android.sensor.magnetic_field 

01-25 15:07:30.840  1745  2270 V sensors_hal_Mag: processReportInd: Cal Mag Filter, 6, 1, -27.348328, -30.430603, -21.682739, -237.391663, -239.541626, -163.107300, -29.673958, -29.942703, -20.388412

01-25 15:07:30.840  1745  2340 D sensors_hal_Ctx: poll:polldata:1, sensor:10, type:2, x:-29.673958 y:-29.942703 z:-20.388412

01-25 15:07:30.840  1745  2340 D sensors_hal_Util: waitForResponse: timeout=0

01-25 15:07:30.847  1745  2270 V sensors_hal_Gyro: processReportInd: X: 0.704498 Y: 0.640091 Z: -0.152969 

01-25 15:07:30.847  1745  2340 D sensors_hal_Ctx: poll:polldata:2, sensor:0, type:1, x:-4.819092 y:4.036530 z:7.331818

01-25 15:07:30.847  1745  2340 D sensors_hal_Util: waitForResponse: timeout=0

01-25 15:07:30.863  1745  2270 V sensors_hal_Mag: processReportInd:sensor android.sensor.magnetic_field 

01-25 15:07:30.863  1745  2270 V sensors_hal_Mag: processReportInd: Cal Mag Filter, 7, 1, -27.049255, -30.729675, -20.932007, -228.392029, -239.840698, -168.206787, -28.549004, -29.980087, -21.025848

01-25 15:07:30.863  1745  2340 D sensors_hal_Ctx: poll:polldata:1, sensor:10, type:2, x:-28.549004 y:-29.980087 z:-21.025848

01-25 15:07:30.863  1745  2340 D sensors_hal_Util: waitForResponse: timeout=0

01-25 15:07:30.867  1745  2328 D sensors_hal_LGMotionAccel: processInd: LP2: X: -4.609756 Y: 3.815643 Z: 7.736801 SAM TS: 3263990491 HAL TS:99612388050845 elapsedRealtimeNano:99612432778784

01-25 15:07:30.868  1745  2340 D sensors_hal_Ctx: poll:polldata:1, sensor:51, type:499898101, x:-4.609756 y:3.815643 z:7.736801

01-25 15:07:30.868  1745  2270 V sensors_hal_Gyro: processReportInd: X: 0.692780 Y: 0.444077 Z: -0.040054 

01-25 15:07:30.868  1745  2340 D sensors_hal_Ctx: poll:polldata:2, sensor:0, type:1, x:-5.281174 y:4.438751 z:6.979874

01-25 15:07:30.868  1745  2340 D sensors_hal_Util: waitForResponse: timeout=0

01-25 15:07:30.881  1745  2270 V sensors_hal_Mag: processReportInd:sensor android.sensor.magnetic_field 

01-25 15:07:30.881  1745  2270 V sensors_hal_Mag: processReportInd: Cal Mag Filter, 0, 1, -26.748657, -31.179810, -21.682739, -224.641418, -241.340637, -170.307922, -28.080177, -30.167580, -21.288490

01-25 15:07:30.881  1745  2340 D sensors_hal_Ctx: poll:polldata:1, sensor:10, type:2, x:-28.080177 y:-30.167580 z:-21.288490

01-25 15:07:30.881  1745  2340 D sensors_hal_Util: waitForResponse: timeout=0

01-25 15:07:30.887  1745  2270 V sensors_hal_Gyro: processReportInd: X: 0.431778 Y: 0.660324 Z: 0.047302 

01-25 15:07:30.887  1745  2340 D sensors_hal_Ctx: poll:polldata:2, sensor:0, type:1, x:-5.333847 y:3.938370 z:6.369354

01-25 15:07:30.887  1745  2340 D sensors_hal_Util: waitForResponse: timeout=0

01-25 15:07:30.900  1745  2270 V sensors_hal_Mag: processReportInd:sensor android.sensor.magnetic_field 

01-25 15:07:30.900  1745  2270 V sensors_hal_Mag: processReportInd: Cal Mag Filter, 1, 1, -27.798462, -30.729675, -23.182678, -223.890686, -242.239380, -172.708130, -27.986336, -30.279922, -21.588516

01-25 15:07:30.900  1745  2340 D sensors_hal_Ctx: poll:polldata:1, sensor:10, type:2, x:-27.986336 y:-30.279922 z:-21.588516

01-25 15:07:30.900  1745  2340 D sensors_hal_Util: waitForResponse: timeout=0

01-25 15:07:30.907  1745  2270 V sensors_hal_Gyro: processReportInd: X: 0.326324 Y: -0.158859 Z: 0.676865 

01-25 15:07:30.907  1745  2340 D sensors_hal_Ctx: poll:polldata:2, sensor:0, type:1, x:-5.288361 y:5.207291 z:6.762009

01-25 15:07:30.907  1745  2340 D sensors_hal_Util: waitForResponse: timeout=0

01-25 15:07:30.920  1745  2270 V sensors_hal_Mag: processReportInd:sensor android.sensor.magnetic_field 

01-25 15:07:30.920  1745  2270 V sensors_hal_Mag: processReportInd: Cal Mag Filter, 2, 1, -28.549194, -27.430725, -20.031738, -224.340820, -238.940430, -171.807861, -28.042603, -29.867554, -21.475983

01-25 15:07:30.920  1745  2340 D sensors_hal_Ctx: poll:polldata:1, sensor:10, type:2, x:-28.042603 y:-29.867554 z:-21.475983

01-25 15:07:30.920  1745  2340 D sensors_hal_Util: waitForResponse: timeout=0

01-25 15:07:30.927  1745  2270 V sensors_hal_Gyro: processReportInd: X: 0.801437 Y: -1.541565 Z: 1.915771 

01-25 15:07:30.927  1745  2340 D sensors_hal_Ctx: poll:polldata:2, sensor:0, type:1, x:0.330826 y:8.219193 z:8.239227

01-25 15:07:30.927  1745  2340 D sensors_hal_Util: waitForResponse: timeout=0

01-25 15:07:30.940  1745  2270 V sensors_hal_Mag: processReportInd:sensor android.sensor.magnetic_field 

01-25 15:07:30.940  1745  2270 V sensors_hal_Mag: processReportInd: Cal Mag Filter, 3, 1, -30.348206, -30.580139, -18.232727, -224.189758, -239.390564, -168.658447, -28.023720, -29.923820, -21.082306

01-25 15:07:30.940  1745  2340 D sensors_hal_Ctx: poll:polldata:1, sensor:10, type:2, x:-28.023720 y:-29.923820 z:-21.082306

01-25 15:07:30.940  1745  2340 D sensors_hal_Util: waitForResponse: timeout=0

01-25 15:07:30.947  1745  2328 D sensors_hal_LGMotionAccel: processInd: LP2: X: -2.919739 Y: 5.798080 Z: 7.122742 SAM TS: 3263992675 HAL TS:99612454701236 elapsedRealtimeNano:99612512642847

01-25 15:07:30.947  1745  2340 D sensors_hal_Ctx: poll:polldata:1, sensor:51, type:499898101, x:-2.919739 y:5.798080 z:7.122742

01-25 15:07:30.947  1745  2340 D sensors_hal_Util: waitForResponse: timeout=0

01-25 15:07:30.948  1745  2270 V sensors_hal_Gyro: processReportInd: X: 1.305298 Y: -1.257141 Z: 1.467300 

01-25 15:07:30.948  1745  2340 D sensors_hal_Ctx: poll:polldata:2, sensor:0, type:1, x:1.647644 y:6.054840 z:7.185776

01-25 15:07:30.948  1745  2340 D sensors_hal_Util: waitForResponse: timeout=0

01-25 15:07:30.948  1745  1745 I AutomaticBrightnessControllerEx: [LANDSCAPE] unregister proximity

01-25 15:07:30.948  1745  1745 I SensorManager: removeAllSensors() [Sensor: LGE Proximity] by com.android.server.display.AutomaticBrightnessControllerEx.setProximitySensorEnabled():1064

01-25 15:07:30.948  1745  1745 D sensors_hal_Thresh: enable: handle=53

01-25 15:07:30.948  1745  1745 D sensors_hal_Thresh: enable: Disabling sensor handle=53

01-25 15:07:30.948  1745  1745 I sensors_hal_SAM: sendCancel:sensor(android.sensor.proximity) Sending cancel to svc no:21

01-25 15:07:30.949  1745  2335 D sensors_hal_Thresh: processResp: Received SNS_SAM_SENSOR_THRESH_DISABLE/CANCEL_RESP_V01

01-25 15:07:30.961  1745  2270 V sensors_hal_Mag: processReportInd:sensor android.sensor.magnetic_field 

01-25 15:07:30.961  1745  2270 V sensors_hal_Mag: processReportInd: Cal Mag Filter, 4, 1, -31.848145, -30.130005, -15.382385, -226.438904, -240.290833, -162.509155, -28.304863, -30.036354, -20.313644

01-25 15:07:30.961  1745  2340 D sensors_hal_Ctx: poll:polldata:1, sensor:10, type:2, x:-28.304863 y:-30.036354 z:-20.313644

01-25 15:07:30.961  1745  2340 D sensors_hal_Util: waitForResponse: timeout=0

01-25 15:07:30.967  1745  2270 V sensors_hal_Gyro: processReportInd: X: 1.139114 Y: -1.447830 Z: 0.372208 

01-25 15:07:30.967  1745  2340 D sensors_hal_Ctx: poll:polldata:2, sensor:0, type:1, x:-2.060974 y:5.135468 z:6.644684

01-25 15:07:30.967  1745  2340 D sensors_hal_Util: waitForResponse: timeout=0

01-25 15:07:30.980  1745  2270 V sensors_hal_Mag: processReportInd:sensor android.sensor.magnetic_field 

01-25 15:07:30.980  1745  2270 V sensors_hal_Mag: processReportInd: Cal Mag Filter, 5, 1, -31.698608, -29.229736, -14.932251, -231.388855, -240.440369, -156.059265, -28.923607, -30.055046, -19.507408

01-25 15:07:30.980  1745  2340 D sensors_hal_Ctx: poll:polldata:1, sensor:10, type:2, x:-28.923607 y:-30.055046 z:-19.507408

01-25 15:07:30.980  1745  2340 D sensors_hal_Util: waitForResponse: timeout=0

01-25 15:07:30.987  1745  2270 V sensors_hal_Gyro: processReportInd: X: 0.985718 Y: -1.935715 Z: 0.027054 

01-25 15:07:30.987  1745  2340 D sensors_hal_Ctx: poll:polldata:2, sensor:0, type:1, x:-3.559753 y:5.925552 z:7.178589

01-25 15:07:30.987  1745  2340 D sensors_hal_Util: waitForResponse: timeout=0

01-25 15:07:31.000  1745  2270 V sensors_hal_Mag: processReportInd:sensor android.sensor.magnetic_field 

01-25 15:07:31.000  1745  2270 V sensors_hal_Mag: processReportInd: Cal Mag Filter, 6, 1, -34.999084, -30.130005, -14.332581, -239.039612, -240.139771, -148.709106, -29.879951, -30.017471, -18.588638

01-25 15:07:31.000  1745  2340 D sensors_hal_Ctx: poll:polldata:1, sensor:10, type:2, x:-29.879951 y:-30.017471 z:-18.588638

01-25 15:07:31.000  1745  2340 D sensors_hal_Util: waitForResponse: timeout=0

01-25 15:07:31.007  1745  2340 D sensors_hal_Ctx: poll:polldata:1, sensor:0, type:1, x:-2.005905 y:7.168137 z:7.180984

01-25 15:07:31.007  1745  2270 V sensors_hal_Gyro: processReportInd: X: 0.779053 Y: -2.237183 Z: 0.171936 

01-25 15:07:31.007  1745  2328 D sensors_hal_LGMotionAccel: processInd: LP2: X: -1.783493 Y: 5.988373 Z: 7.022812 SAM TS: 3263994859 HAL TS:99612521351626 elapsedRealtimeNano:99612572170867

01-25 15:07:31.007  1745  2340 D sensors_hal_Ctx: poll:polldata:2, sensor:2, type:4, x:0.779053 y:-2.237183 z:0.171936

01-25 15:07:31.008  1745  2340 D sensors_hal_Util: waitForResponse: timeout=0

01-25 15:07:31.020  1745  2270 V sensors_hal_Mag: processReportInd:sensor android.sensor.magnetic_field 

01-25 15:07:31.020  1745  2270 V sensors_hal_Mag: processReportInd: Cal Mag Filter, 7, 1, -32.748413, -30.279541, -11.181641, -244.738770, -239.689636, -138.958740, -30.592346, -29.961205, -17.369843

01-25 15:07:31.020  1745  2340 D sensors_hal_Ctx: poll:polldata:1, sensor:10, type:2, x:-30.592346 y:-29.961205 z:-17.369843

01-25 15:07:31.020  1745  2340 D sensors_hal_Util: waitForResponse: timeout=0

01-25 15:07:31.028  1745  2270 V sensors_hal_Gyro: processReportInd: X: 0.259216 Y: -1.986847 Z: 0.269943 

01-25 15:07:31.028  1745  2340 D sensors_hal_Ctx: poll:polldata:2, sensor:0, type:1, x:0.242249 y:8.583115 z:6.455551

01-25 15:07:31.028  1745  2340 D sensors_hal_Util: waitForResponse: timeout=0

01-25 15:07:31.040  1745  2270 V sensors_hal_Mag: processReportInd:sensor android.sensor.magnetic_field 

01-25 15:07:31.040  1745  2270 V sensors_hal_Mag: processReportInd: Cal Mag Filter, 0, 1, -31.999207, -28.179932, -9.681702, -249.989319, -236.689758, -126.957703, -31.248665, -29.586220, -15.869713

01-25 15:07:31.040  1745  2340 D sensors_hal_Ctx: poll:polldata:1, sensor:10, type:2, x:-31.248665 y:-29.586220 z:-15.869713

01-25 15:07:31.040  1745  2340 D sensors_hal_Util: waitForResponse: timeout=0

01-25 15:07:31.046  1745  2270 V sensors_hal_Gyro: processReportInd: X: -0.338409 Y: -0.987625 Z: 0.271011 

01-25 15:07:31.047  1745  2340 D sensors_hal_Ctx: poll:polldata:2, sensor:0, type:1, x:0.007614 y:7.893585 z:4.506668

01-25 15:07:31.047  1745  2340 D sensors_hal_Util: waitForResponse: timeout=0

01-25 15:07:31.060  1745  2270 V sensors_hal_Mag: processReportInd:sensor android.sensor.magnetic_field 

01-25 15:07:31.060  1745  2270 V sensors_hal_Mag: processReportInd: Cal Mag Filter, 1, 1, -33.648682, -29.080200, -11.782837, -255.839539, -235.040283, -115.557861, -31.979942, -29.380035, -14.444733

01-25 15:07:31.060  1745  2340 D sensors_hal_Ctx: poll:polldata:1, sensor:10, type:2, x:-31.979942 y:-29.380035 z:-14.444733

01-25 15:07:31.060  1745  2340 D sensors_hal_Util: waitForResponse: timeout=0

01-25 15:07:31.067  1745  2270 V sensors_hal_Gyro: processReportInd: X: -0.991409 Y: -0.447540 Z: 0.383926 

01-25 15:07:31.067  1745  2340 D sensors_hal_Ctx: poll:polldata:2, sensor:0, type:1, x:-1.390594 y:6.447495 z:4.844254

01-25 15:07:31.067  1745  2328 D sensors_hal_LGMotionAccel: processInd: LP2: X: -0.541885 Y: 7.561234 Z: 5.399521 SAM TS: 3263997043 HAL TS:99612588002017 elapsedRealtimeNano:99612632232378

01-25 15:07:31.067  1745  2340 D sensors_hal_Util: waitForResponse: timeout=0

01-25 15:07:31.068  1745  2340 D sensors_hal_Ctx: poll:polldata:1, sensor:51, type:499898101, x:-0.541885 y:7.561234 z:5.399521

01-25 15:07:31.068  1745  2340 D sensors_hal_Util: waitForResponse: timeout=0

01-25 15:07:31.080  1745  2270 V sensors_hal_Mag: processReportInd:sensor android.sensor.magnetic_field 

01-25 15:07:31.080  1745  2270 V sensors_hal_Mag: processReportInd: Cal Mag Filter, 2, 1, -35.148621, -28.480530, -10.432434, -262.438965, -236.090088, -105.958557, -32.804871, -29.511261, -13.244820

01-25 15:07:31.080  1745  2340 D sensors_hal_Ctx: poll:polldata:1, sensor:10, type:2, x:-32.804871 y:-29.511261 z:-13.244820

01-25 15:07:31.080  1745  2340 D sensors_hal_Util: waitForResponse: timeout=0

01-25 15:07:31.087  1745  2270 V sensors_hal_Gyro: processReportInd: X: -1.589020 Y: -0.943954 Z: 0.518143 

01-25 15:07:31.087  1745  2340 D sensors_hal_Ctx: poll:polldata:2, sensor:0, type:1, x:-2.714600 y:5.698105 z:7.779541

01-25 15:07:31.087  1745  2340 D sensors_hal_Util: waitForResponse: timeout=0

01-25 15:07:31.100  1745  2270 V sensors_hal_Mag: processReportInd:sensor android.sensor.magnetic_field 

01-25 15:07:31.100  1745  2270 V sensors_hal_Mag: processReportInd: Cal Mag Filter, 3, 1, -35.298157, -27.279663, -11.782837, -267.388916, -232.789612, -99.508667, -33.423615, -29.098701, -12.438583

01-25 15:07:31.100  1745  2340 D sensors_hal_Ctx: poll:polldata:1, sensor:10, type:2, x:-33.423615 y:-29.098701 z:-12.438583

01-25 15:07:31.101  1745  2340 D sensors_hal_Util: waitForResponse: timeout=0

01-25 15:07:31.107  1745  2270 V sensors_hal_Gyro: processReportInd: X: -1.353607 Y: -1.097351 Z: 0.520279 

01-25 15:07:31.107  1745  2340 D sensors_hal_Ctx: poll:polldata:2, sensor:0, type:1, x:-0.957245 y:4.606354 z:13.537598

01-25 15:07:31.107  1745  2340 D sensors_hal_Util: waitForResponse: timeout=0

01-25 15:07:31.120  1745  2270 V sensors_hal_Mag: processReportInd:sensor android.sensor.magnetic_field 

01-25 15:07:31.120  1745  2270 V sensors_hal_Mag: processReportInd: Cal Mag Filter, 4, 1, -37.248230, -27.430725, -12.982178, -272.789001, -230.090332, -97.108459, -34.098625, -28.761292, -12.138557

01-25 15:07:31.120  1745  2340 D sensors_hal_Ctx: poll:polldata:1, sensor:10, type:2, x:-34.098625 y:-28.761292 z:-12.138557

01-25 15:07:31.120  1745  2340 D sensors_hal_Util: waitForResponse: timeout=0

01-25 15:07:31.126  1745  2270 V sensors_hal_Gyro: processReportInd: X: -0.184998 Y: -0.326111 Z: 0.565018 

01-25 15:07:31.126  1745  2340 D sensors_hal_Ctx: poll:polldata:2, sensor:0, type:1, x:0.175201 y:4.254395 z:13.245499

01-25 15:07:31.127  1745  2340 D sensors_hal_Util: waitForResponse: timeout=0

01-25 15:07:31.140  1745  2270 V sensors_hal_Mag: processReportInd:sensor android.sensor.magnetic_field 

01-25 15:07:31.140  1745  2270 V sensors_hal_Mag: processReportInd: Cal Mag Filter, 5, 1, -36.949158, -27.130127, -12.231445, -278.039551, -227.990723, -94.407654, -34.754944, -28.498840, -11.800957

01-25 15:07:31.140  1745  2340 D sensors_hal_Ctx: poll:polldata:1, sensor:10, type:2, x:-34.754944 y:-28.498840 z:-11.800957

01-25 15:07:31.140  1745  2340 D sensors_hal_Util: waitForResponse: timeout=0

01-25 15:07:31.148  1745  2270 V sensors_hal_Gyro: processReportInd: X: 0.771606 Y: 0.416382 Z: 0.531998 

01-25 15:07:31.148  1745  2328 D sensors_hal_LGMotionAccel: processInd: LP2: X: -1.021423 Y: 5.043732 Z: 11.321625 SAM TS: 3263999227 HAL TS:99612654652408 elapsedRealtimeNano:99612713014149

01-25 15:07:31.148  1745  2340 D sensors_hal_Ctx: poll:polldata:3, sensor:0, type:1, x:0.115356 y:6.531281 z:9.788269

01-25 15:07:31.148  1745  2340 D sensors_hal_Util: waitForResponse: timeout=0

01-25 15:07:31.154  1745  2270 D sensors_hal_SMGR: processBufferingInd:report(on_change_sensor) eventtype 0

01-25 15:07:31.155  1745  2340 D sensors_hal_Ctx: poll:polldata:1, sensor:1, type:5, x:59.000000 y:0.000000 z:0.000000

01-25 15:07:31.155  1745  2340 D sensors_hal_Util: waitForResponse: timeout=0

01-25 15:07:31.156 24008 24152 D libc    : getaddrinfo called from pid =24008

01-25 15:07:31.156   911  2009 D BandwidthController: [LG DATA] No such appUid: 10337

01-25 15:07:31.156   911  2009 D DnsProxyListener: App 10337 tries DNS query. Accept family:2 protocol:0

01-25 15:07:31.160  1745  2270 V sensors_hal_Mag: processReportInd:sensor android.sensor.magnetic_field 

01-25 15:07:31.160  1745  2270 V sensors_hal_Mag: processReportInd: Cal Mag Filter, 6, 1, -38.299561, -28.179932, -11.181641, -281.340027, -226.040649, -91.256714, -35.167503, -28.255081, -11.407089

01-25 15:07:31.160  1745  2340 D sensors_hal_Ctx: poll:polldata:1, sensor:10, type:2, x:-35.167503 y:-28.255081 z:-11.407089

01-25 15:07:31.160   911 24190 D libc    : getaddrinfo called from pid =911

01-25 15:07:31.160  1745  2340 D sensors_hal_Util: waitForResponse: timeout=0

01-25 15:07:31.168  1745  2270 V sensors_hal_Gyro: processReportInd: X: 0.922867 Y: 0.071243 Z: 0.522400 

01-25 15:07:31.168  1745  2340 D sensors_hal_Ctx: poll:polldata:2, sensor:0, type:1, x:-0.286880 y:6.303833 z:7.046921

01-25 15:07:31.168  1745  2340 D sensors_hal_Util: waitForResponse: timeout=0

01-25 15:07:31.180  1745  2270 V sensors_hal_Mag: processReportInd:sensor android.sensor.magnetic_field 

01-25 15:07:31.180  1745  2270 V sensors_hal_Mag: processReportInd: Cal Mag Filter, 7, 1, -39.949036, -28.329468, -12.532043, -288.540649, -224.090576, -92.607117, -36.067581, -28.011322, -11.575890

01-25 15:07:31.180  1745  2340 D sensors_hal_Ctx: poll:polldata:1, sensor:10, type:2, x:-36.067581 y:-28.011322 z:-11.575890

01-25 15:07:31.180  1745  2340 D sensors_hal_Util: waitForResponse: timeout=0

01-25 15:07:31.181 16645 16992 D AppChangedDetector: lastUsedAppId com.YourCompany.Rolling

01-25 15:07:31.184  1745  2624 I sensors_hal_Ctx: flush: handle is 86

01-25 15:07:31.184  1745  2624 I sensors_hal_SAM: flush:sensor() handle:86

01-25 15:07:31.184  1745  2624 D sensors_hal_SAM: flush: handle 86 batch_support 1

01-25 15:07:31.184  1745  2624 D sensors_hal_HealthActivityPattern: sendBatchReq: batching: 1, batch_rate=0.199997 (Hz)

01-25 15:07:31.185  1745  1913 I sensors_hal_Ctx: flush: handle is 48

01-25 15:07:31.185  1745  1913 I sensors_hal_SAM: flush:sensor(android.sensor.step_detector) handle:48

01-25 15:07:31.185  1745  1913 D sensors_hal_SAM: flush: handle 48 batch_support 1

01-25 15:07:31.185  1745  1913 D sensors_hal_StepDetector: sendBatchReq: batching: 1, batch_rate=0.016663 (Hz)

01-25 15:07:31.186  1745  2283 I sensors_hal_HealthActivityPattern: processResp: handle:86

