--------- beginning of main

01-07 15:18:32.114  1794  2344 D InputDispatcher: notifyMotion - action=ACTION_DOWN(0), id=0, tooltype=1, deviceId=4, source=0x1002, policyFlags=0x0, flags=0x0, metaState=0x0, buttonState=0x0, edgeFlags=0x0, eventTime=139483397519000, downTime=139483397519000, 

01-07 15:18:32.114  1794  2343 D InputTransport: channel '8d91837 com.campmobile.launcher/com.campmobile.launcher.Launcher (server)' : action=ACTION_DOWN(0), id=0, tooltype=1, deviceId=4, source=0x1002, flags=0x2, edgeFlags=0x0, metaState=0x0, buttonState=0x0, downTime=139483397519000, eventTime=139483397519000, pointerCount=1

01-07 15:18:32.114  1794  2343 D InputTransport: channel '48e3a2b com.android.systemui.ImageWallpaper (server)' : action=ACTION_DOWN(0), id=0, tooltype=1, deviceId=4, source=0x1002, flags=0x3, edgeFlags=0x0, metaState=0x0, buttonState=0x0, downTime=139483397519000, eventTime=139483397519000, pointerCount=1

--------- beginning of system

01-07 15:18:32.115  6066  6066 I ViewRootImpl: ViewRoot's Touch Event : ACTION_DOWN

01-07 15:18:32.179  1794  2344 D InputDispatcher: notifyMotion - action=ACTION_UP(0), id=0, tooltype=1, deviceId=4, source=0x1002, policyFlags=0x0, flags=0x0, metaState=0x0, buttonState=0x0, edgeFlags=0x0, eventTime=139483463586000, downTime=139483397519000, 

01-07 15:18:32.179  1794  2343 D InputTransport: channel '8d91837 com.campmobile.launcher/com.campmobile.launcher.Launcher (server)' : action=ACTION_UP(0), id=0, tooltype=1, deviceId=4, source=0x1002, flags=0x2, edgeFlags=0x0, metaState=0x0, buttonState=0x0, downTime=139483397519000, eventTime=139483463586000, pointerCount=1

01-07 15:18:32.179  1794  2343 D InputTransport: channel '48e3a2b com.android.systemui.ImageWallpaper (server)' : action=ACTION_UP(0), id=0, tooltype=1, deviceId=4, source=0x1002, flags=0x3, edgeFlags=0x0, metaState=0x0, buttonState=0x0, downTime=139483397519000, eventTime=139483463586000, pointerCount=1

01-07 15:18:32.182  6066  6066 I ViewRootImpl: ViewRoot's Touch Event : ACTION_UP

01-07 15:18:32.210 24449 24449 W art     : 7f96600000-7f9660b000 r-xp 00000000 fd:00 6512                           /system/lib64/libnbaio.so

01-07 15:18:32.210 24449 24449 W art     : 7f9660b000-7f9661b000 ---p 00000000 00:00 0 

01-07 15:18:32.210 24449 24449 W art     : 7f9661b000-7f9661d000 r--p 0000b000 fd:00 6512                           /system/lib64/libnbaio.so

01-07 15:18:32.210 24449 24449 W art     : 7f9661d000-7f9661e000 rw-p 0000d000 fd:00 6512                           /system/lib64/libnbaio.so

01-07 15:18:32.210 24449 24449 W art     : 7f9661e000-7f96638000 r-xp 00000000 fd:00 6524                           /system/lib64/libpcre.so

01-07 15:18:32.210 24449 24449 W art     : 7f96638000-7f96647000 ---p 00000000 00:00 0 

01-07 15:18:32.210 24449 24449 W art     : 7f96647000-7f96648000 r--p 00019000 fd:00 6524                           /system/lib64/libpcre.so

01-07 15:18:32.210 24449 24449 W art     : 7f96648000-7f96649000 rw-p 0001a000 fd:00 6524                           /system/lib64/libpcre.so

01-07 15:18:32.210 24449 24449 W art     : 7f96649000-7f9664d000 r-xp 00000000 fd:00 6672                           /system/lib64/libwpa_client.so

01-07 15:18:32.210 24449 24449 W art     : 7f9664d000-7f9665c000 ---p 00000000 00:00 0 

01-07 15:18:32.210 24449 24449 W art     : 7f9665c000-7f9665d000 r--p 00003000 fd:00 6672                           /system/lib64/libwpa_client.so

01-07 15:18:32.210 24449 24449 W art     : 7f9665d000-7f9665e000 rw-p 00004000 fd:00 6672                           /system/lib64/libwpa_client.so

01-07 15:18:32.210 24449 24449 W art     : 7f9665e000-7f96662000 r-xp 00000000 fd:00 6643                           /system/lib64/libvolumevibratorcallback.so

01-07 15:18:32.210 24449 24449 W art     : 7f96662000-7f96672000 ---p 00000000 00:00 0 

01-07 15:18:32.210 24449 24449 W art     : 7f96672000-7f96673000 r--p 00004000 fd:00 6643                           /system/lib64/libvolumevibratorcallback.so

01-07 15:18:32.210 24449 24449 W art     : 7f96673000-7f96674000 rw-p 00005000 fd:00 6643                           /system/lib64/libvolumevibratorcallback.so

01-07 15:18:32.210 24449 24449 W art     : 7f96674000-7f96675000 rw-p 00000000 00:00 0                              [anon:linker_alloc_vector]

01-07 15:18:32.210 24449 24449 W art     : 7f96675000-7f96676000 rw-p 00000000 00:00 0                              [anon:linker_alloc_64]

01-07 15:18:32.210 24449 24449 W art     : 7f96676000-7f9667a000 r--p 00000000 00:00 0                              [anon:linker_alloc]

01-07 15:18:32.210 24449 24449 W art     : 7f9667a000-7f96748000 r-xp 00000000 fd:00 6275                           /system/lib64/libGLES_trace.so

01-07 15:18:32.210 24449 24449 W art     : 7f96748000-7f96758000 ---p 00000000 00:00 0 

01-07 15:18:32.210 24449 24449 W art     : 7f96758000-7f96759000 r--p 000d1000 fd:00 6275                           /system/lib64/libGLES_trace.so

01-07 15:18:32.210 24449 24449 W art     : 7f96759000-7f9675b000 rw-p 000d2000 fd:00 6275                           /system/lib64/libGLES_trace.so

01-07 15:18:32.210 24449 24449 W art     : 7f9675b000-7f96762000 r-xp 00000000 fd:00 6566                           /system/lib64/libsnappy.so

01-07 15:18:32.210 24449 24449 W art     : 7f96762000-7f96771000 ---p 00000000 00:00 0 

01-07 15:18:32.210 24449 24449 W art     : 7f96771000-7f96772000 r--p 00006000 fd:00 6566                           /system/lib64/libsnappy.so

01-07 15:18:32.210 24449 24449 W art     : 7f96772000-7f96773000 rw-p 00007000 fd:00 6566                           /system/lib64/libsnappy.so

01-07 15:18:32.210 24449 24449 W art     : 7f96773000-7f96774000 r--p 00000000 00:00 0                              [anon:linker_alloc]

01-07 15:18:32.210 24449 24449 W art     : 7f96774000-7f967e2000 r-xp 00000000 fd:00 6410                           /system/lib64/libft2.so

01-07 15:18:32.210 24449 24449 W art     : 7f967e2000-7f967f1000 ---p 00000000 00:00 0 

01-07 15:18:32.210 24449 24449 W art     : 7f967f1000-7f967f4000 r--p 0006f000 fd:00 6410                           /system/lib64/libft2.so

01-07 15:18:32.210 24449 24449 W art     : 7f967f4000-7f967f5000 rw-p 00072000 fd:00 6410                           /system/lib64/libft2.so

01-07 15:18:32.210 24449 24449 W art     : 7f967f5000-7f96827000 r-xp 00000000 fd:00 6529                           /system/lib64/libpng.so

01-07 15:18:32.210 24449 24449 W art     : 7f96827000-7f96836000 ---p 00000000 00:00 0 

01-07 15:18:32.210 24449 24449 W art     : 7f96836000-7f96837000 r--p 00031000 fd:00 6529                           /system/lib64/libpng.so

01-07 15:18:32.210 24449 24449 W art     : 7f96837000-7f96838000 rw-p 00032000 fd:00 6529                           /system/lib64/libpng.so

01-07 15:18:32.210 24449 24449 W art     : 7f96838000-7f96839000 r-xp 00000000 fd:00 6625                           /system/lib64/libsync.so

01-07 15:18:32.210 24449 24449 W art     : 7f96839000-7f96848000 ---p 00000000 00:00 0 

01-07 15:18:32.210 24449 24449 W art     : 7f96848000-7f96849000 r--p 00000000 fd:00 6625                           /system/lib64/libsync.so

01-07 15:18:32.210 24449 24449 W art     : 7f96849000-7f9684a000 rw-p 00001000 fd:00 6625                           /system/lib64/libsync.so

01-07 15:18:32.210 24449 24449 W art     : 7f9684a000-7f9684d000 r-xp 00000000 fd:00 6620                           /system/lib64/libstdc++.so

01-07 15:18:32.210 24449 24449 W art     : 7f9684d000-7f9685c000 ---p 00000000 00:00 0 

01-07 15:18:32.210 24449 24449 W art     : 7f9685c000-7f9685d000 r--p 00002000 fd:00 6620                           /system/lib64/libstdc++.so

01-07 15:18:32.210 24449 24449 W art     : 7f9685d000-7f9685e000 rw-p 00003000 fd:00 6620                           /system/lib64/libstdc++.so

01-07 15:18:32.210 24449 24449 W art     : 7f9685e000-7f9685f000 r--p 00000000 00:00 0                              [anon:linker_alloc]

01-07 15:18:32.210 24449 24449 W art     : 7f9685f000-7f9687a000 r-xp 00000000 fd:00 6636                           /system/lib64/libunwind.so

01-07 15:18:32.210 24449 24449 W art     : 7f9687a000-7f96889000 ---p 00000000 00:00 0 

01-07 15:18:32.210 24449 24449 W art     : 7f96889000-7f9688a000 r--p 0001a000 fd:00 6636                           /system/lib64/libunwind.so

01-07 15:18:32.210 24449 24449 W art     : 7f9688a000-7f9688b000 rw-p 0001b000 fd:00 6636                           /system/lib64/libunwind.so

01-07 15:18:32.210 24449 24449 W art     : 7f9688b000-7f968f4000 rw-p 00000000 00:00 0 

01-07 15:18:32.210 24449 24449 W art     : 7f968f4000-7f968fd000 r-xp 00000000 fd:00 6325                           /system/lib64/libbase.so

01-07 15:18:32.210 24449 24449 W art     : 7f968fd000-7f9690c000 ---p 00000000 00:00 0 

01-07 15:18:32.210 24449 24449 W art     : 7f9690c000-7f9690d000 r--p 00008000 fd:00 6325                           /system/lib64/libbase.so

01-07 15:18:32.210 24449 24449 W art     : 7f9690d000-7f9690e000 rw-p 00009000 fd:00 6325                           /system/lib64/libbase.so

01-07 15:18:32.210 24449 24449 W art     : 7f9690e000-7f96912000 r-xp 00000000 fd:00 6389                           /system/lib64/libeffects.so

01-07 15:18:32.210 24449 24449 W art     : 7f96912000-7f96921000 ---p 00000000 00:00 0 

01-07 15:18:32.210 24449 24449 W art     : 7f96921000-7f96922000 r--p 00003000 fd:00 6389                           /system/lib64/libeffects.so

01-07 15:18:32.210 24449 24449 W art     : 7f96922000-7f96923000 rw-p 00004000 fd:00 6389                           /system/lib64/libeffects.so

01-07 15:18:32.210 24449 24449 W art     : 7f96923000-7f96924000 r--p 00000000 00:00 0                              [anon:linker_alloc]

01-07 15:18:32.210 24449 24449 W art     : 7f96924000-7f96926000 r-xp 00000000 fd:00 6587                           /system/lib64/libstagefright_http_support.so

01-07 15:18:32.210 24449 24449 W art     : 7f96926000-7f96935000 ---p 00000000 00:00 0 

01-07 15:18:32.210 24449 24449 W art     : 7f96935000-7f96936000 r--p 00001000 fd:00 6587                           /system/lib64/libsta

01-07 15:18:32.210 24449 24449 W art     : gefright_http_support.so

01-07 15:18:32.210 24449 24449 W art     : 7f96936000-7f96937000 rw-p 00002000 fd:00 6587                           /system/lib64/libstagefright_http_support.so

01-07 15:18:32.210 24449 24449 W art     : 7f96937000-7f96955000 r-xp 00000000 fd:00 6586                           /system/lib64/libstagefright_foundation.so

01-07 15:18:32.210 24449 24449 W art     : 7f96955000-7f96965000 ---p 00000000 00:00 0 

01-07 15:18:32.210 24449 24449 W art     : 7f96965000-7f96968000 r--p 0001f000 fd:00 6586                           /system/lib64/libstagefright_foundation.so

01-07 15:18:32.210 24449 24449 W art     : 7f96968000-7f96969000 rw-p 00022000 fd:00 6586                           /system/lib64/libstagefright_foundation.so

01-07 15:18:32.210 24449 24449 W art     : 7f96969000-7f9696a000 rw-p 00000000 00:00 0                              [anon:linker_alloc]

01-07 15:18:32.210 24449 24449 W art     : 7f9696a000-7f96b42000 r-xp 00000000 fd:00 6581                           /system/lib64/libstagefright.so

01-07 15:18:32.210 24449 24449 W art     : 7f96b42000-7f96b51000 ---p 00000000 00:00 0 

01-07 15:18:32.210 24449 24449 W art     : 7f96b51000-7f96b69000 r--p 001d8000 fd:00 6581                           /system/lib64/libstagefright.so

01-07 15:18:32.210 24449 24449 W art     : 7f96b69000-7f96b6a000 rw-p 001f0000 fd:00 6581                           /system/lib64/libstagefright.so

01-07 15:18:32.210 24449 24449 W art     : 7f96b6a000-7f96b6b000 rw-p 00000000 00:00 0 

01-07 15:18:32.210 24449 24449 W art     : 7f96b6b000-7f96b6d000 r-xp 00000000 fd:00 6547                           /system/lib64/libregionalization.so

01-07 15:18:32.210 24449 24449 W art     : 7f96b6d000-7f96b7c000 ---p 00000000 00:00 0 

01-07 15:18:32.210 24449 24449 W art     : 7f96b7c000-7f96b7d000 r--p 00001000 fd:00 6547                           /system/lib64/libregionalization.so

01-07 15:18:32.210 24449 24449 W art     : 7f96b7d000-7f96b7e000 rw-p 00002000 fd:00 6547                           /system/lib64/libregionalization.so

01-07 15:18:32.210 24449 24449 W art     : 7f96b7e000-7f96c16000 r-xp 00000000 fd:00 6423                           /system/lib64/libhwui.so

01-07 15:18:32.210 24449 24449 W art     : 7f96c16000-7f96c25000 ---p 00000000 00:00 0 

01-07 15:18:32.210 24449 24449 W art     : 7f96c25000-7f96c2b000 r--p 0009e000 fd:00 6423                           /system/lib64/libhwui.so

01-07 15:18:32.211 24449 24449 W art     : 7f96c2b000-7f96c2c000 rw-p 000a4000 fd:00 6423                           /system/lib64/libhwui.so

01-07 15:18:32.211 24449 24449 W art     : 7f96c2c000-7f96c2e000 r-xp 00000000 fd:00 6544                           /system/lib64/libradio_metadata.so

01-07 15:18:32.211 24449 24449 W art     : 7f96c2e000-7f96c3d000 ---p 00000000 00:00 0 

01-07 15:18:32.211 24449 24449 W art     : 7f96c3d000-7f96c3e000 r--p 00001000 fd:00 6544                           /system/lib64/libradio_metadat

01-07 15:18:32.211 24449 24449 W art     : a.so

01-07 15:18:32.211 24449 24449 W art     : 7f96c3e000-7f96c3f000 rw-p 00002000 fd:00 6544                           /system/lib64/libradio_metadata.so

01-07 15:18:32.211 24449 24449 W art     : 7f96c3f000-7f96c42000 r-xp 00000000 fd:00 6510                           /system/lib64/libnativebridge.so

01-07 15:18:32.211 24449 24449 W art     : 7f96c42000-7f96c51000 ---p 00000000 00:00 

01-07 15:18:32.211 24449 24449 W art     : 0 

01-07 15:18:32.211 24449 24449 W art     : 7f96c51000-7f96c52000 r--p 00002000 fd:00 6510                           /system/lib64/libnativebridge.so

01-07 15:18:32.211 24449 24449 W art     : 7f96c52000-7f96c53000 rw-p 00003000 fd:00 6510                           /system/lib64/libnativebridge.so

01-07 15:18:32.211 24449 24449 W art     : 7f96c53000-7f96c55000 r-xp 00000000 fd:00 65

01-07 15:18:32.211 24449 24449 W art     : 33                           /system/lib64/libprocessgroup.so

01-07 15:18:32.211 24449 24449 W art     : 7f96c55000-7f96c64000 ---p 00000000 00:00 0 

01-07 15:18:32.211 24449 24449 W art     : 7f96c64000-7f96c65000 r--p 00001000 fd:00 6533                           /system/lib64/libprocessgroup.so

01-07 15:18:32.211 24449 24449 W art     : 7f96c65000-7f96c66000 rw-p 00002000 fd:00 6533                           /system/lib64/libprocessgroup.so

01-07 15:18:32.211 24449 24449 W art     : 7f96c66000-7f96c7c000 r-xp 00000000 fd:00 6501                           /system/lib64/libminikin.so

01-07 15:18:32.211 24449 24449 W art     : 7f96c7c000-7f96c8c000 ---p 00000000 00:00 0 

01-07 15:18:32.211 24449 24449 W art     : 7f96c8c000-7f96c8d000 r--p 00016000 fd:00 6501                           /system/lib64/libminikin.so

01-07 15:18:32.211 24449 24449 W art     : 7f96c8d00

01-07 15:18:32.211 24449 24449 W art     : 0-7f96c8e000 rw-p 00017000 fd:00 6501                           /system/lib64/libminikin.so

01-07 15:18:32.211 24449 24449 W art     : 7f96c8e000-7f96c8f000 r--p 00000000 00:00 0                              [anon:linker_alloc]

01-07 15:18:32.211 24449 24449 W art     : 7f96c8f000-7f96c99000 r-xp 00000000 fd:00 6573                           /system/lib64/libsoundtrigger.so

01-07 15:18:32.211 24449 24449 W art     : 7f96c99000-7f96ca8000 ---p 00000000 00:00 0 

01-07 15:18:32.211 24449 24449 W art     : 7f96ca8000-7f96cac000 r--p 0000d000 fd:00 6573                           /system/lib64/libsoundtrigger.so

01-07 15:18:32.211 24449 24449 W art     : 7f96cac000-7f96cad000 rw-p 00011000 fd:00 6573                           /system/lib64/libsoundtrigger.so

01-07 15:18:32.211 24449 24449 W art     : 7f96cad000-7f96cb7000 r-xp 00000000 fd:00 6543                           /system/lib64/libradio.so

01-07 15:18:32.211 24449 24449 W art     : 7f96cb7000-7f96cc6000 ---p 00000000 00:00 0 

01-07 15:18:32.211 24449 24449 W art     : 7f96cc6000-7f96cca000 r--p 0000d000 fd:00 6543                           /system/lib64/libradio.so

01-07 15:18:32.211 24449 24449 W art     : 7f96cca000-7f96ccb000 rw-p 00011000 fd:00 6543                           /system/lib64/libradio.so

01-07 15:18:32.211 24449 24449 W art     : 7f96ccb000-7f96ccd000 r-xp 00000000 fd:00 6513                           /system/lib64/libnetd_client.so

01-07 15:18:32.211 24449 24449 W art     : 7f96ccd000-7f96cdc000 ---p 00000000 00:00 0 

01-07 15:18:32.211 24449 24449 W art     : 7f96cdc000-7f96cdd000 r--p 00001000 fd:00 6513                           /system/lib64/libnetd_client.so

01-07 15:18:32.211 24449 24449 W art     : 7f96cdd000-7f96cde000 rw-p 00002000 fd:00 6513                           /system/lib64/libnetd_client.so

01-07 15:18:32.211 24449 24449 W art     : 7f96cde000-7f96cf0000 r-xp 00000000 fd:00 6427                           /system/lib64/libimg_utils.so

01-07 15:18:32.211 24449 24449 W art     : 7f96cf0000-7f96cff000 ---p 00000000 00:00 0 

01-07 15:18:32.211 24449 24449 W art     : 7f96cff000-7f96d02000 r--p 00012000 fd:00 6427                           /system/lib64/libimg_utils.so

01-07 15:18:32.211 24449 24449 W art     : 7f96d02000-7f96d03000 rw-p 00015000 fd:00 6427                           /system/lib64/libimg_utils.so

01-07 15:18:32.211 24449 24449 W art     : 7f96d03000-7f97127000 r-xp 00000000 fd:00 6525                           /system/lib64/libpdfium.so

01-07 15:18:32.211 24449 24449 W art     : 7f97127000-7f97136000 ---p 00000000 00:00 0 

01-07 15:18:32.211 24449 24449 W art     : 7f97136000-7f97147000 r--p 00428000 fd:00 6525                           /system/lib64/libpdfium.so

01-07 15:18:32.211 24449 24449 W art     : 7f97147000-7f9714c000 rw-p 00439000 fd:00 6525                           /system/lib64/libpdfium.so

01-07 15:18:32.211 24449 24449 W art     : 7f9714c000-7f9714d000 rw-p 00000000 00:00 0 

01-07 15:18:32.211 24449 24449 W art     : 7f9714d000-7f97158000 r-xp 00000000 fd:00 6323                           /system/lib64/libaudioutils.so

01-07 15:18:32.211 24449 24449 W art     : 7f97158000-7f97167000 ---p 00000000 00:00 0 

01-07 15:18:32.211 24449 24449 W art     : 7f97167000-7f97168000 r--p 0000a000 fd:00 6323                           /system/lib64/libaudioutils.so

01-07 15:18:32.211 24449 24449 W art     : 7f97168000-7f97169000 rw-p 0000b000 fd:00 6323                           /system/lib64/libaudioutils.so

01-07 15:18:32.211 24449 24449 W art     : 7f97169000-7f97184000 r-xp 00000000 fd:00 6674                           /system/lib64/libz.so

01-07 15:18:32.211 24449 24449 W art     : 7f97184000-7f97193000 ---p 00000000 00:00 0 

01-07 15:18:32.211 24449 24449 W art     : 7f97193000-7f97194000 r--p 0001a000 fd:00 6674                           /system/lib64/libz.so

01-07 15:18:32.211 24449 24449 W art     : 7f97194000-7f97195000 rw-p 0001b000 fd:00 6674                           /system/lib64/libz.so

01-07 15:18:32.211 24449 24449 W art     : 7f97195000-7f971e4000 r-xp 00000000 fd:00 6419                           /system/lib64/libharfbuzz_ng.so

01-07 15:18:32.211 24449 24449 W art     : 7f971e4000-7f971f4000 ---p 00000000 00:00 0 

01-07 15:18:32.211 24449 24449 W art     : 7f971f4000-7f971f5000 r--p 0004f000 fd:00 6419                           /system/lib64/libharfbuzz_ng.so

01-07 15:18:32.211 24449 24449 W art     : 7f971f5000-7f971f6000 rw-p 00050000 fd:00 6419                           /system/lib64/libharfbuzz_ng.so

01-07 15:18:32.211 24449 24449 W art     : 7f971f6000-7f971f7000 r--p 00000000 00:00 0                              [anon:linker_alloc]

01-07 15:18:32.211 24449 24449 W art     : 7f971f7000-7f971fb000 r-xp 00000000 fd:00 6637                           /system/lib64/libusbhost.so

01-07 15:18:32.211 24449 24449 W art     : 7f971fb000-7f9720a000 ---p 00000000 00:00 0 

01-07 15:18:32.211 24449 24449 W art     : 7f9720a000-7f9720b000 r--p 00003000 fd:00 6637                           /system/lib64/libusbhost.so

01-07 15:18:32.211 24449 24449 W art     : 7f9720b000-7f9720c000 rw-p 00004000 fd:00 6637                           /system/lib64/libusbhost.so

01-07 15:18:32.211 24449 24449 W art     : 7f9720c000-7f97245000 r-xp 00000000 fd:00 6437                           /system/lib64/libjpeg.so

01-07 15:18:32.211 24449 24449 W art     : 7f97245000-7f97254000 ---p 00000000 00:00 0 

01-07 15:18:32.211 24449 24449 W art     : 7f97254000-7f97256000 r--p 00038000 fd:00 6437                           /system/lib64/libjpeg.so

01-07 15:18:32.211 24449 24449 W art     : 7f97256000-7f97257000 rw-p 0003a000 fd:00 6437                           /system/lib64/libjpeg.so

01-07 15:18:32.211 24449 24449 W art     : 7f97257000-7f97258000 rw-p 00000000 00:00 0                              [anon:linker_alloc]

01-07 15:18:32.211 24449 24449 W art     : 7f97258000-7f97337000 r-xp 00000000 fd:00 6493                           /system/lib64/libmedia.so

01-07 15:18:32.211 24449 24449 W art     : 7f97337000-7f97347000 ---p 00000000 00:00 0 

01-07 15:18:32.211 24449 24449 W art     : 7f97347000-7f9737f000 r--p 000ee000 fd:00 6493                           /system/lib64/libmedia.so

01-07 15:18:32.211 24449 24449 W art     : 7f9737f000-7f97380000 rw-p 00126000 fd:00 6493                           /system/lib64/libmedia.so

01-07 15:18:32.211 24449 24449 W art     : 7f97380000-7f9759c000 r-xp 00000000 fd:00 6424                           /system/lib64/libicui18n.so

01-07 15:18:32.211 24449 24449 W art     : 7f9759c000-7f975ac000 ---p 00000000 00:00 0 

01-07 15:18:32.211 24449 24449 W art     : 7f975ac000-7f975c0000 r--p 00226000 fd:00 6424                           /system/lib64/libicui18n.so

01-07 15:18:32.211 24449 24449 W art     : 7f975c0000-7f975c1000 rw-p 0023a000 fd:00 6424                           /system/lib64/libicui18n.so

01-07 15:18:32.211 24449 24449 W art     : 7f975c1000-7f97744000 r-xp 00000000 fd:00 6425                           /system/lib64/libicuuc.so

01-07 15:18:32.211 24449 24449 W art     : 7f97744000-7f97754000 ---p 00000000 00:00 0 

01-07 15:18:32.211 24449 24449 W art     : 7f97754000-7f97766000 r--p 0018c000 fd:00 6425                           /system/lib64/libicuuc.so

01-07 15:18:32.211 24449 24449 W art     : 7f97766000-7f97767000 rw-p 0019e000 fd:00 6425                           /system/lib64/libicuuc.so

01-07 15:18:32.211 24449 24449 W art     : 7f97767000-7f9776b000 rw-p 00000000 00:00 0 

01-07 15:18:32.211 24449 24449 W art     : 7f9776b000-7f977a5000 r-xp 00000000 fd:00 6579                           /system/lib64/libssl.so

01-07 15:18:32.211 24449 24449 W art     : 7f977a5000-7f977b5000 ---p 00000000 00:00 0 

01-07 15:18:32.211 24449 24449 W art     : 7f977b5000-7f977b7000 r--p 0003a000 fd:00 6579                           /system/lib64/libssl.so

01-07 15:18:32.211 24449 24449 W art     : 7f977b7000-7f977b8000 rw-p 0003c000 fd:00 6579                           /system/lib64/libssl.so

01-07 15:18:32.211 24449 24449 W art     : 7f977b8000-7f978ba000 r-xp 00000000 fd:00 6352                           /system/lib64/libcrypto.so

01-07 15:18:32.211 24449 24449 W art     : 7f978ba000-7f978c9000 ---p 00000000 00:00 0 

01-07 15:18:32.211 24449 24449 W art     : 7f978c9000-7f978dd000 r--p 00101000 fd:00 6352                           /system/lib64/libcrypto.so

01-07 15:18:32.211 24449 24449 W art     : 7f978dd000-7f978de000 rw-p 00115000 fd:00 6352                           /system/lib64/libcrypto.so

01-07 15:18:32.211 24449 24449 W art     : 7f978de000-7f9796a000 r-xp 00000000 fd:00 6571                           /system/lib64/libsonivox.so

01-07 15:18:32.211 24449 24449 W art     : 7f9796a000-7f9797a000 ---p 00000000 00:00 0 

01-07 15:18:32.211 24449 24449 W art     : 7f9797a000-7f9797b000 r--p 0008c000 fd:00 6571                           /system/lib64/libsonivox.so

01-07 15:18:32.211 24449 24449 W art     : 7f9797b000-7f9797c000 rw-p 0008d000 fd:00 6571                           /system/lib64/libsonivox.so

01-07 15:18:32.211 24449 24449 W art     : 7f9797c000-7f9797d000 rw-p 00000000 00:00 0 

01-07 15:18:32.211 24449 24449 W art     : 7f9797d000-7f9797e000 r--p 00000000 00:00 0                              [anon:linker_alloc]

01-07 15:18:32.211 24449 24449 W art     : 7f9797e000-7f97993000 r-xp 00000000 fd:00 6557                           /system/lib64/libselinux.so

01-07 15:18:32.211 24449 24449 W art     : 7f97993000-7f979a3000 ---p 00000000 00:00 0 

01-07 15:18:32.211 24449 24449 W art     : 7f979a3000-7f979a4000 r--p 00015000 fd:00 6557                           /system/lib64/libselinux.so

01-07 15:18:32.211 24449 24449 W art     : 7f979a4000-7f979a5000 rw-p 00016000 fd:00 6557                           /system/lib64/libselinux.so

01-07 15:18:32.211 24449 24449 W art     : 7f979a5000-7f979a6000 rw-p 00000000 00:00 0 

01-07 15:18:32.211 24449 24449 W art     : 7f979a6000-7f979af000 r-xp 00000000 fd:00 6418                           /system/lib64/libhardware_legacy.so

01-07 15:18:32.211 24449 24449 W art     : 7f979af000-7f979be000 ---p 00000000 00:00 0 

01-07 15:18:32.211 24449 24449 W art     : 7f979be000-7f979c0000 r--p 00008000 fd:00 6418                           /system/lib64/libhardware_legacy.so

01-07 15:18:32.211 24449 24449 W art     : 7f979c0000-7f979c1000 rw-p 0000a000 fd:00 6418                           /system/lib64/libhardware_legacy.so

01-07 15:18:32.211 24449 24449 W art     : 7f979c1000-7f979c2000 rw-p 00000000 00:00 0 

01-07 15:18:32.211 24449 24449 W art     : 7f979c2000-7f979c4000 r-xp 00000000 fd:00 6417                           /system/lib64/libhardware.so

01-07 15:18:32.211 24449 24449 W art     : 7f979c4000-7f979d3000 ---p 00000000 00:00 0 

01-07 15:18:32.211 24449 24449 W art     : 7f979d3000-7f979d4000 r--p 00001000 fd:00 6417                           /system/lib64/libhardware.so

01-07 15:18:32.211 24449 24449 W art     : 7f979d4000-7f979d5000 rw-p 00002000 fd:00 6417                           /system/lib64/libhardware.so

01-07 15:18:32.211 24449 24449 W art     : 7f979d5000-7f979d8000 r-xp 00000000 fd:00 6273                           /system/lib64/libETC1.so

01-07 15:18:32.211 24449 24449 W art     : 7f979d8000-7f979e8000 ---p 00000000 00:00 0 

01-07 15:18:32.211 24449 24449 W art     : 7f979e8000-7f979e9000 r--p 00003000 fd:00 6273                           /system/lib64/libETC1.so

01-07 15:18:32.211 24449 24449 W art     : 7f979e9000-7f979ea000 rw-p 00004000 fd:00 6273                           /system/lib64/libETC1.so

01-07 15:18:32.211 24449 24449 W art     : 7f979ea000-7f979fa000 r-xp 00000000 fd:00 6277                           /system/lib64/libGLESv2.so

01-07 15:18:32.211 24449 24449 W art     : 7f979fa000-7f97a09000 ---p 00000000 00:00 0 

01-07 15:18:32.211 24449 24449 W art     : 7f97a09000-7f97a0a000 r--p 0000f000 fd:00 6277                           /system/lib64/libGLESv2.so

01-07 15:18:32.211 24449 24449 W art     : 7f97a0a000-7f97a0b000 rw-p 00010000 fd:00 6277                           /system/lib64/libGLESv2.so

01-07 15:18:32.212 24449 24449 W art     : 7f97a0b000-7f97a14000 r-xp 00000000 fd:00 6276                           /system/lib64/libGLESv1_CM.so

01-07 15:18:32.212 24449 24449 W art     : 7f97a14000-7f97a23000 ---p 00000000 00:00 0 

01-07 15:18:32.212 24449 24449 W art     : 7f97a23000-7f97a24000 r--p 00008000 fd:00 6276                           /system/lib64/libGLESv1_CM.so

01-07 15:18:32.212 24449 24449 W art     : 7f97a24000-7f97a25000 rw-p 00009000 fd:00 6276                           /system/lib64/libGLESv1_CM.so

01-07 15:18:32.212 24449 24449 W art     : 7f97a25000-7f97ae8000 r-xp 00000000 fd:00 6272                           /system/lib64/libEGL.so

01-07 15:18:32.212 24449 24449 W art     : 7f97ae8000-7f97af7000 ---p 00000000 00:00 0 

01-07 15:18:32.212 24449 24449 W art     : 7f97af7000-7f97afb000 r--p 000cb000 fd:00 6272                           /system/lib64/libEGL.so

01-07 15:18:32.212 24449 24449 W art     : 7f97afb000-7f97b07000 rw-p 000cf000 fd:00 6272                           /system/lib64/libEGL.so

01-07 15:18:32.212 24449 24449 W art     : 7f97b07000-7f97b0d000 rw-p 00000000 00:00 0 

01-07 15:18:32.212 24449 24449 W art     : 7f97b0d000-7f97bf8000 r-xp 00000000 fd:00 6577                           /system/lib64/libsqlite.so

01-07 15:18:32.212 24449 24449 W art     : 7f97bf8000-7f97c07000 ---p 00000000 00:00 0 

01-07 15:18:32.212 24449 24449 W art     : 7f97c07000-7f97c0a000 r--p 000ee000 fd:00 6577                           /system/lib64/libsqlite.so

01-07 15:18:32.212 24449 24449 W art     : 7f97c0a000-7f97c0c000 rw-p 000f1000 fd:00 6577                           /system/lib64/libsqlite.so

01-07 15:18:32.212 24449 24449 W art     : 7f97c0c000-7f97c0d000 rw-p 00000000 00:00 0 

01-07 15:18:32.212 24449 24449 W art     : 7f97c0d000-7f97c0e000 r--p 00000000 00:00 0                              [anon:linker_alloc]

01-07 15:18:32.212 24449 24449 W art     : 7f97c0e000-7f980b4000 r-xp 00000000 fd:00 6561                           /system/lib64/libskia.so

01-07 15:18:32.212 24449 24449 W art     : 7f980b4000-7f980c3000 ---p 00000000 00:00 0 

01-07 15:18:32.212 24449 24449 W art     : 7f980c3000-7f980f4000 r--p 004a6000 fd:00 6561                           /system/lib64/libskia.so

01-07 15:18:32.212 24449 24449 W art     : 7f980f4000-7f980f6000 rw-p 004d7000 fd:00 6561                           /system/lib64/libskia.so

01-07 15:18:32.212 24449 24449 W art     : 7f980f6000-7f980ff000 rw-p 00000000 00:00 0 

01-07 15:18:32.212 24449 24449 W art     : 7f980ff000-7f98107000 r-xp 00000000 fd:00 6342                           /system/lib64/libcamera_metadata.so

01-07 15:18:32.212 24449 24449 W art     : 7f98107000-7f98116000 ---p 00000000 00:00 0 

01-07 15:18:32.212 24449 24449 W art     : 7f98116000-7f98117000 r--p 00008000 fd:00 6342                           /system/lib64/libcamera_metadata.so

01-07 15:18:32.212 24449 24449 W art     : 7f98117000-7f98119000 rw-p 00009000 fd:00 6342                           /system/lib64/libcamera_metadata.so

01-07 15:18:32.212 24449 24449 W art     : 7f98119000-7f9814d000 r-xp 00000000 fd:00 6341                           /system/lib64/libcamera_client.so

01-07 15:18:32.212 24449 24449 W art     : 7f9814d000-7f9815c000 ---p 00000000 00:00 0 

01-07 15:18:32.212 24449 24449 W art     : 7f9815c000-7f98167000 r--p 00040000 fd:00 6341                           /system/lib64/libcamera_client.so

01-07 15:18:32.212 24449 24449 W art     : 7f98167000-7f98168000 rw-p 0004b000 fd:00 6341                           /system/lib64/libcamera_client.so

01-07 15:18:32.212 24449 24449 W art     : 7f98168000-7f981bf000 r-xp 00000000 fd:00 6429                           /system/lib64/libinputflinger.so

01-07 15:18:32.212 24449 24449 W art     : 7f981bf000-7f981ce000 ---p 00000000 00:00 0 

01-07 15:18:32.212 24449 24449 W art     : 7f981ce000-7f981d2000 r--p 0005a000 fd:00 6429                           /system/lib64/libinputflinger.so

01-07 15:18:32.212 24449 24449 W art     : 7f981d2000-7f981d3000 rw-p 0005e000 fd:00 6429                           /system/lib64/libinputflinger.so

01-07 15:18:32.212 24449 24449 W art     : 7f981d3000-7f981d4000 rw-p 00000000 00:00 0                              [anon:linker_alloc]

01-07 15:18:32.212 24449 24449 W art     : 7f981d4000-7f981f9000 r-xp 00000000 fd:00 6428                           /system/lib64/libinput.so

01-07 15:18:32.212 24449 24449 W art     : 7f981f9000-7f98208000 ---p 00000000 00:00 0 

01-07 15:18:32.212 24449 24449 W art     : 7f98208000-7f9820e000 r--p 0002a000 fd:00 6428                           /system/lib64/libinput.so

01-07 15:18:32.212 24449 24449 W art     : 7f9820e000-7f9820f000 rw-p 00030000 fd:00 6428                           /system/lib64/libinput.so

01-07 15:18:32.212 24449 24449 W art     : 7f9820f000-7f98277000 r-xp 00000000 fd:00 6416                           /system/lib64/libgui.so

01-07 15:18:32.212 24449 24449 W art     : 7f98277000-7f98286000 ---p 00000000 00:00 0 

01-07 15:18:32.212 24449 24449 W art     : 7f98286000-7f9829c000 r--p 0006a000 fd:00 6416                           /system/lib64/libgui.so

01-07 15:18:32.212 24449 24449 W art     : 7f9829c000-7f9829d000 rw-p 00080000 fd:00 6416                           /system/lib64/libgui.so

01-07 15:18:32.212 24449 24449 W art     : 7f9829d000-7f982ad000 r-xp 00000000 fd:00 6633                           /system/lib64/libui.so

01-07 15:18:32.212 24449 24449 W art     : 7f982ad000-7f982ae000 r--p 00010000 fd:00 6633                           /system/lib64/libui.so

01-07 15:18:32.212 24449 24449 W art     : 7f982ae000-7f982af000 rw-p 00011000 fd:00 6633                           /system/lib64/libui.so

01-07 15:18:32.212 24449 24449 W art     : 7f982af000-7f982b9000 r-xp 00000000 fd:00 6516                           /system/lib64/libnetutils.so

01-07 15:18:32.212 24449 24449 W art     : 7f982b9000-7f982c9000 ---p 00000000 00:00 0 

01-07 15:18:32.212 24449 24449 W art     : 7f982c9000-7f982ca000 r--p 0000a000 fd:00 6516                           /system/lib64/libnetutils.so

01-07 15:18:32.212 24449 24449 W art     : 7f982ca000-7f982cb000 rw-p 0000b000 fd:00 6516                           /system/lib64/libnetutils.so

01-07 15:18:32.212 24449 24449 W art     : 7f982cb000-7f982cc000 r--p 00000000 00:00 0                              [anon:linker_alloc]

01-07 15:18:32.212 24449 24449 W art     : 7f982cc000-7f982d4000 r-xp 00000000 fd:00 6511                           /system/lib64/libnativehelper.so

01-07 15:18:32.212 24449 24449 W art     : 7f982d4000-7f982e3000 ---p 00000000 00:00 0 

01-07 15:18:32.212 24449 24449 W art     : 7f982e3000-7f982e4000 r--p 00007000 fd:00 6511                           /system/lib64/libnativehelper.so

01-07 15:18:32.212 24449 24449 W art     : 7f982e4000-7f982e5000 rw-p 00008000 fd:00 6511                           /system/lib64/libnativehelper.so

01-07 15:18:32.212 24449 24449 W art     : 7f982e5000-7f98306000 r-xp 00000000 fd:00 6392                           /system/lib64/libexpat.so

01-07 15:18:32.212 24449 24449 W art     : 7f98306000-7f98316000 ---p 00000000 00:00 0 

01-07 15:18:32.212 24449 24449 W art     : 7f98316000-7f98319000 r--p 00021000 fd:00 6392                           /system/lib64/libexpat.so

01-07 15:18:32.212 24449 24449 W art     : 7f98319000-7f9831a000 rw-p 00024000 fd:00 6392                           /system/lib64/libexpat.so

01-07 15:18:32.212 24449 24449 W art     : 7f9831a000-7f98355000 r-xp 00000000 fd:00 6310                           /system/lib64/libandroidfw.so

01-07 15:18:32.212 24449 24449 W art     : 7f98355000-7f98364000 ---p 00000000 00:00 0 

01-07 15:18:32.212 24449 24449 W art     : 7f98364000-7f98366000 r--p 0003b000 fd:00 6310                           /system/lib64/libandroidfw.so

01-07 15:18:32.212 24449 24449 W art     : 7f98366000-7f98367000 rw-p 0003d000 fd:00 6310                           /system/lib64/libandroidfw.so

01-07 15:18:32.212 24449 24449 W art     : 7f98367000-7f98368000 r-xp 00000000 fd:00 6500                           /system/lib64/libmemtrack.so

01-07 15:18:32.212 24449 24449 W art     : 7f98368000-7f98378000 ---p 00000000 00:00 0 

01-07 15:18:32.212 24449 24449 W art     : 7f98378000-7f98379000 r--p 00001000 fd:00 6500                           /system/lib64/libmemtrack.so

01-07 15:18:32.212 24449 24449 W art     : 7f98379000-7f9837a000 rw-p 00002000 fd:00 6500                           /system/lib64/libmemtrack.so

01-07 15:18:32.212 24449 24449 W art     : 7f9837a000-7f98385000 r-xp 00000000 fd:00 6324                           /system/lib64/libbacktrace.so

01-07 15:18:32.212 24449 24449 W art     : 7f98385000-7f98394000 ---p 00000000 00:00 0 

01-07 15:18:32.212 24449 24449 W art     : 7f98394000-7f98396000 r--p 0000a000 fd:00 6324                           /system/lib64/libbacktrace.so

01-07 15:18:32.212 24449 24449 W art     : 7f98396000-7f98397000 rw-p 0000c000 fd:00 6324                           /system/lib64/libbacktrace.so

01-07 15:18:32.212 24449 24449 W art     : 7f98397000-7f983cf000 r-xp 00000000 fd:00 6491                           /system/lib64/libm.so

01-07 15:18:32.212 24449 24449 W art     : 7f983cf000-7f983df000 ---p 00000000 00:00 0 

01-07 15:18:32.212 24449 24449 W art     : 7f983df000-7f983e0000 r--p 00038000 fd:00 6491                           /system/lib64/libm.so

01-07 15:18:32.212 24449 24449 W art     : 7f983e0000-7f983e1000 rw-p 00039000 fd:00 6491                           /system/lib64/libm.so

01-07 15:18:32.212 24449 24449 W art     : 7f983e1000-7f984a3000 r-xp 00000000 fd:00 6339                           /system/lib64/libc.so

01-07 15:18:32.212 24449 24449 W art     : 7f984a3000-7f984b3000 ---p 00000000 00:00 0 

01-07 15:18:32.212 24449 24449 W art     : 7f984b3000-7f984b9000 r--p 000c2000 fd:00 6339                           /system/lib64/libc.so

01-07 15:18:32.212 24449 24449 W art     : 7f984b9000-7f984bc000 rw-p 000c8000 fd:00 6339                           /system/lib64/libc.so

01-07 15:18:32.212 24449 24449 W art     : 7f984bc000-7f984ca000 rw-p 00000000 00:00 0 

01-07 15:18:32.212 24449 24449 W art     : 7f984ca000-7f985a1000 r-xp 00000000 fd:00 6337                           /system/lib64/libc++.so

01-07 15:18:32.212 24449 24449 W art     : 7f985a1000-7f985b0000 ---p 00000000 00:00 0 

01-07 15:18:32.212 24449 24449 W art     : 7f985b0000-7f985b7000 r--p 000df000 fd:00 6337                           /system/lib64/libc++.so

01-07 15:18:32.212 24449 24449 W art     : 7f985b7000-7f985b8000 rw-p 000e6000 fd:00 6337                           /system/lib64/libc++.so

01-07 15:18:32.212 24449 24449 W art     : 7f985b8000-7f985bb000 rw-p 00000000 00:00 0 

01-07 15:18:32.212 24449 24449 W art     : 7f985bb000-7f985f7000 r-xp 00000000 fd:00 6671                           /system/lib64/libwilhelm.so

01-07 15:18:32.212 24449 24449 W art     : 7f985f7000-7f98606000 ---p 00000000 00:00 0 

01-07 15:18:32.212 24449 24449 W art     : 7f98606000-7f9860b000 r--p 00040000 fd:00 6671                           /system/lib64/libwilhelm.so

01-07 15:18:32.212 24449 24449 W art     : 7f9860b000-7f9860c000 rw-p 00045000 fd:00 6671                           /system/lib64/libwilhelm.so

01-07 15:18:32.212 24449 24449 W art     : 7f9860c000-7f98778000 r-xp 00000000 fd:00 6308        

01-07 15:18:32.212 24449 24449 W art     :                    /system/lib64/libandroid_runtime.so

01-07 15:18:32.212 24449 24449 W art     : 7f98778000-7f98788000 ---p 00000000 00:00 0 

01-07 15:18:32.212 24449 24449 W art     : 7f98788000-7f98793000 r--p 0017a000 fd:00 6308                           /system/lib64/libandroid_runtime.so

01-07 15:18:32.212 24449 24449 W art     : 7f98793000-7f987a2000 rw-p 00185000 fd:00 6308                           /system/lib64/libandroid_runt

01-07 15:18:32.212 24449 24449 W art     : ime.so

01-07 15:18:32.212 24449 24449 W art     : 7f987a2000-7f987a4000 rw-p 00000000 00:00 0 

01-07 15:18:32.212 24449 24449 W art     : 7f987a4000-7f987db000 r-xp 00000000 fd:00 6329                           /system/lib64/libbinder.so

01-07 15:18:32.212 24449 24449 W art     : 7f987db000-7f987ea000 ---p 00000000 00:00 0 

01-07 15:18:32.212 24449 24449 W art     : 7f987ea000-7f987f5000 r--p 00043000 fd:00 6329                    

01-07 15:18:32.212 24449 24449 W art     :        /system/lib64/libbinder.so

01-07 15:18:32.212 24449 24449 W art     : 7f987f5000-7f987f6000 rw-p 0004e000 fd:00 6329                           /system/lib64/libbinder.so

01-07 15:18:32.212 24449 24449 W art     : 7f987f6000-7f987ff000 r-xp 00000000 fd:00 6489                           /system/lib64/liblog.so

01-07 15:18:32.212 24449 24449 W art     : 7f987ff000-7f9880f000 ---p 00000000 00:00 0 

01-07 15:18:32.212 24449 24449 W art     : 7f9880f000-7f98810000 r--p 00009000 fd:00 6489                           /system/lib64/liblog.so

01-07 15:18:32.212 24449 24449 W art     : 7f98810000-7f98811000 rw-p 0000a000 fd:00 6489                           /system/lib64/liblog.so

01-07 15:18:32.212 24449 24449 W art     : 7f98811000-7f98834000 r-xp 00000000 fd:00 6640                           /system/lib64/libutils.so

01-07 15:18:32.212 24449 24449 W art     : 7f98834000-7f98844000 ---p 00000000 00:00 0 

01-07 15:18:32.212 24449 24449 W art     : 7f98844000-7f98846000 r--p 00023000 fd:00 6640                           /system/lib64/libutils.so

01-07 15:18:32.212 24449 24449 W art     : 7f98846000-7f98847000 rw-p 00025000 fd:00 6640                           /system/lib64/libutils.so

01-07 15:18:32.212 24449 24449 W art     : 7f98847000-7f9885c000 r-xp 00000000 fd:00 6355                           /system/lib64/libcutils.so

01-07 15:18:32.212 24449 24449 W art     : 7f9885c000-7f9886c000 ---p 00000000 00:00 0 

01-07 15:18:32.212 24449 24449 W art     : 7f9886c000-7f9886e000 r--p 00015000 fd:00 6355                           /system/lib64/libcutils.so

01-07 15:18:32.212 24449 24449 W art     : 7f9886e000-7f9886f000 rw-p 00017000 fd:00 6355                           /system/lib64/libcutils.so

01-07 15:18:32.212 24449 24449 W art     : 7f9886f000-7f98871000 r-xp 00000000 fd:00 8639                           /system/vendor/lib64/libNimsWrap.so

01-07 15:18:32.212 24449 24449 W art     : 7f98871000-7f98880000 ---p 00000000 00:00 0 

01-07 15:18:32.213 24449 24449 W art     : 7f98880000-7f98881000 r--p 00001000 fd:00 8639                           /system/vendor/lib64/libNimsWrap.so

01-07 15:18:32.213 24449 24449 W art     : 7f98881000-7f98882000 rw-p 00002000 fd:00 8639                           /system/vendor/lib64/libNimsWrap.so

01-07 15:18:32.213 24449 24449 W art     : 7f98882000-7f98883000 r-xp 00000000 fd:00 6560                           /system/lib64/libsigchain.so

01-07 15:18:32.213 24449 24449 W art     : 7f98883000-7f98892000 ---p 00000000 00:00 0 

01-07 15:18:32.213 24449 24449 W art     : 7f98892000-7f98893000 r--p 00000000 fd:00 6560                           /system/lib64/libsigchain.so

01-07 15:18:32.213 24449 24449 W art     : 7f98893000-7f98894000 rw-p 00001000 fd:00 6560                           /system/lib64/libsigchain.so

01-07 15:18:32.213 24449 24449 W art     : 7f98894000-7f98897000 r--p 00000000 00:00 0                              [anon:linker_alloc]

01-07 15:18:32.213 24449 24449 W art     : 7f98897000-7f988bb000 r--s 00000000 00:0d 15693                          /dev/__properties__

01-07 15:18:32.213 24449 24449 W art     : 7f988bb000-7f988ec000 r-xp 00000000 fd:00 692                            /system/bin/linker64

01-07 15:18:32.213 24449 24449 W art     : 7f988ec000-7f988ed000 rw-p 00000000 00:00 0                              [anon:linker_alloc_vector]

01-07 15:18:32.213 24449 24449 W art     : 7f988ed000-7f988ee000 rw-p 00000000 00:00 0                              [anon:linker_alloc_16]

01-07 15:18:32.213 24449 24449 W art     : 7f988ee000-7f988f0000 r--p 00000000 00:00 0                              [anon:linker_alloc]

01-07 15:18:32.213 24449 24449 W art     : 7f988f0000-7f988f1000 rw-p 00000000 00:00 0                              [anon:linker_alloc_64]

01-07 15:18:32.213 24449 24449 W art     : 7f988f1000-7f988f2000 rw-p 00000000 00:00 0                              [anon:linker_alloc_vector]

01-07 15:18:32.213 24449 24449 W art     : 7f988f2000-7f988f3000 rw-p 00000000 00:00 0                              [anon:linker_alloc]

01-07 15:18:32.213 24449 24449 W art     : 7f988f3000-7f988f4000 r--p 00000000 00:00 0                              [anon:linker_alloc]

01-07 15:18:32.213 24449 24449 W art     : 7f988f4000-7f988f5000 r--p 00000000 00:00 0 

01-07 15:18:32.213 24449 24449 W art     : 7f988f5000-7f988f6000 ---p 00000000 00:00 0 

01-07 15:18:32.213 24449 24449 W art     : 7f988f6000-7f988fa000 rw-p 00000000 00:00 0                              [anon:thread signal stack]

01-07 15:18:32.213 24449 24449 W art     : 7f988fa000-7f988fb000 r--p 00000000 00:00 0                              [vvar]

01-07 15:18:32.213 24449 24449 W art     : 7f988fb000-7f988fc000 r-xp 00000000 00:00 0                              [vdso]

01-07 15:18:32.213 24449 24449 W art     : 7f988fc000-7f988fd000 r--p 00031000 fd:00 692                            /system/bin/linker64

01-07 15:18:32.213 24449 24449 W art     : 7f988fd000-7f988ff000 rw-p 00032000 fd:00 692                            /system/bin/linker64

01-07 15:18:32.213 24449 24449 W art     : 7f988ff000-7f98903000 rw-p 00000000 00:00 0 

01-07 15:18:32.213 24449 24449 W art     : 7fef321000-7fef342000 rw-p 00000000 00:00 0                              [stack]

01-07 15:18:32.213  1041  1362 W XTCC-5.1.0.7: [PosMgr] Position request

01-07 15:18:32.219  6066  6066 I Cauly   : Cauly 3.4.21 started.

01-07 15:18:32.220  1041  1362 W XTCC-5.1.0.7: [WifiScanner] WiFi scan result : [7] AP's

01-07 15:18:32.221  1041  1362 W XTCC-5.1.0.7: [PosMgr] sending back response for POSITION (a) tx(54014), Number of APs used in this position request (8)

01-07 15:18:32.222  1794  3541 E LocSvc_libulp: E/int ulp_brain_transition_all_providers(), no QUIPC/GNSS transition logic run due to both engines are OFF 

01-07 15:18:32.223  1794  2982 E QMI_FW  : QCCI qmi_cci_xport_recv: txn not found. svc_id: 16

01-07 15:18:32.223  1794  2973 E LocSvc_LBSApiV02: E/virtual int lbs_core::LBSApiV02::injectCoarsePosition(const CoarsePositionInfo&):320]: Error : st = 3, ind.status = -1552449536

01-07 15:18:32.224  1794  2973 I IzatProviderEngine: LocTech-Label :: OSDC :: Position Report In

01-07 15:18:32.224  1794  2973 I IzatProviderEngine: LocTech-Value :: UTC Time: 1578377912222, Elapsed Real Time Nanos: 240992286707120, Latitude: 37.56421793054611, Longitude: 127.03903127885225, Altitude: 0.0, Speed: 0.0, Bearing: 0.0, Accuracy: 68.81359

01-07 15:18:32.226  1041  1368 W XTCC-5.1.0.7: [FDAL_ZPP_MGR] RequestNewZppFix: Getting ZPP

01-07 15:18:32.227  1794  1917 D LocationManagerService: This location is marked as ready for broadcast

01-07 15:18:32.228  6066 24453 D libc    : getaddrinfo called from pid =6066

01-07 15:18:32.228  1794  1917 D LocationManagerService: incoming location: Location[network 37.564218,127.039031 acc=69 et=+2d18h56m32s286ms alt=0.0 vel=0.0 bear=0.0 {Bundle[{com.qualcomm.location.nlp:ready=true}]}]

01-07 15:18:32.228  1041  1368 W XTCC-5.1.0.7: [FDAL_ZPP_MGR] RequestNewZppFix 37.562943 127.040405 466.737122: ZPP Return Flag 0x11

01-07 15:18:32.229  1041  1368 W XTCC-5.1.0.7: [WifiScanner] WiFi scan result : [7] AP's

01-07 15:18:32.229  6066 24453 D libc    : getaddrinfo called from pid =6066

01-07 15:18:32.229   909  2010 D BandwidthController: [LG DATA] No such appUid: 10173

01-07 15:18:32.229   909  2010 D DnsProxyListener: App 10173 tries DNS query. Accept family:0 protocol:0

01-07 15:18:32.232   909 24454 D libc    : getaddrinfo called from pid =909

01-07 15:18:32.234  1794  1917 D LocationManagerService: incoming location: Location[network 37.564218,127.039031 acc=69 et=+2d18h56m32s286ms alt=0.0 vel=0.0 bear=0.0 {Bundle[{com.qualcomm.location.nlp:ready=true}]}]

01-07 15:18:32.237 24449 24449 D ICU     : No timezone override file found: /data/misc/zoneinfo/current/icu/icu_tzdata.dat

01-07 15:18:32.258  6066 24453 D libc    : getaddrinfo called from pid =6066

01-07 15:18:32.262 24449 24449 I Radio-JNI: register_android_hardware_Radio DONE

01-07 15:18:32.271 24460 24460 E asset   : setgid: Operation not permitted

01-07 15:18:32.274 24461 24461 E asset   : setgid: Operation not permitted

01-07 15:18:32.310 24449 24449 D AndroidRuntime: Calling main entry com.android.commands.am.Am

01-07 15:18:32.313  1794  2499 I ActivityManager: START u0 {flg=0x10000000 cmp=com.YourCompany.Rolling/com.epicgames.ue4.SplashActivity} from uid 2000 on display 0

01-07 15:18:32.330  1794  2499 D ActivityManager: setTaskToReturnTo : TaskRecord{c741456 #8684 A=com.YourCompany.Rolling U=0 sz=0} / mTaskToReturnTo = 0

01-07 15:18:32.331  1794  2499 D AppWindowTokenEx: AppWindowTokenEx init.. 

01-07 15:18:32.332  3017  6512 D LGImageQualityEnhancementService: activityStarting: com.YourCompany.Rolling/com.epicgames.ue4.SplashActivity

01-07 15:18:32.332  3017  6512 D LGImageQualityEnhancementService: handleCallbackActivity(), isEnhanced: false

01-07 15:18:32.339  1794  2499 W WindowManager: pwm.setNavigationBar() called. show=true

01-07 15:18:32.339  1794  2499 W WindowManager: pwm.setStatusBar() called. show=true

01-07 15:18:32.339  1794  2499 D InputDispatcher: Focus left window: Window{8d91837 u0 com.campmobile.launcher/com.campmobile.launcher.Launcher}

01-07 15:18:32.340 24449 24449 D AndroidRuntime: Shutting down VM

01-07 15:18:32.377  6066 24465 D libc    : getaddrinfo called from pid =6066

01-07 15:18:32.377  6066 24465 D libc    : getaddrinfo called from pid =6066

01-07 15:18:32.377   909  2010 D BandwidthController: [LG DATA] No such appUid: 10173

01-07 15:18:32.377   909  2010 D DnsProxyListener: App 10173 tries DNS query. Accept family:0 protocol:0

01-07 15:18:32.379  6066 24378 E FA      : Missing google_app_id. Firebase Analytics disabled. See https://goo.gl/NAOOOI

01-07 15:18:32.380   909 24467 D libc    : getaddrinfo called from pid =909

01-07 15:18:32.385 24468 24468 I art     : Late-enabling -Xcheck:jni

01-07 15:18:32.393  2571  2571 I NetworkController: [SignalController.java:129:isDirty()]Change in state from: connected=true,enabled=true,level=2,inetCondition=1,iconGroup=IconGroup(SECURITY AP Wi-Fi Icons),activityIn=true,activityOut=false,rssi=-64,,ssid="U+NetEA13",ktGigaWiFi=false,attWifiCall=false

01-07 15:18:32.393  2571  2571 I NetworkController: 	to: connected=true,enabled=true,level=2,inetCondition=1,iconGroup=IconGroup(SECURITY AP Wi-Fi Icons),activityIn=true,activityOut=true,rssi=-64,,ssid="U+NetEA13",ktGigaWiFi=false,attWifiCall=false

