01-14 12:40:51.220 29312 29331 D UE4     : [2020.01.14-03.40.51:220][896]LogAndroidEvents: Display: DequeueAppEvent : 10, 0

01-14 12:40:51.244   921  1832 E voice   : voice_is_in_call_rec_stream: input stream is NULL

01-14 12:40:51.244   921  1832 V feature_audio_alice_friends: lge_alice_friends_get_acdb_id : snd_device (93), curr_acdb_id (4)

01-14 12:40:51.244   921  1832 V msm8974_platform: platform_send_audio_calibration: sending audio calibration for snd_device(93) acdb_id(4)

01-14 12:40:51.244   921  1832 D ACDB-LOADER: ACDB -> send_audio_cal, acdb_id = 4, path = 1, app id = 0x11130, sample rate = 8000

01-14 12:40:51.244   921  1832 D ACDB-LOADER: ACDB -> send_asm_topology

01-14 12:40:51.244   921  1832 D ACDB-LOADER: ACDB -> ACDB_CMD_GET_AUDPROC_STREAM_TOPOLOGY_ID

01-14 12:40:51.244   921  1832 D ACDB-LOADER: ACDB -> send_adm_topology

01-14 12:40:51.244   921  1832 D ACDB-LOADER: ACDB -> ACDB_CMD_GET_AUDPROC_COMMON_TOPOLOGY_ID

01-14 12:40:51.244   921  1832 D ACDB-LOADER: ACDB -> send_audtable

01-14 12:40:51.244   921  1832 D ACDB-LOADER: ACDB -> ACDB_CMD_GET_AUDPROC_COMMON_TABLE_SIZE

01-14 12:40:51.244   921  1832 D         : Failed to fetch the lookup information of the device 00000004 

01-14 12:40:51.244   921  1832 E ACDB-LOADER: Error: ACDB_CMD_GET_AUDPROC_COMMON_TABLE_SIZE Returned = -19

01-14 12:40:51.244   921  1832 D ACDB-LOADER: ACDB -> ACDB_CMD_GET_AUDPROC_COMMON_TABLE

01-14 12:40:51.244   921  1832 D         : Failed to fetch the lookup information of the device 00000004 

01-14 12:40:51.244   921  1832 E ACDB-LOADER: Error: ACDB audproc returned = -19

01-14 12:40:51.244   921  1832 D ACDB-LOADER: ACDB -> AUDIO_SET_AUDPROC_CAL

01-14 12:40:51.244   921  1832 D ACDB-LOADER: ACDB -> send_audvoltable

01-14 12:40:51.244   921  1832 D ACDB-LOADER: ACDB -> ACDB_CMD_GET_AUDPROC_GAIN_DEP_STEP_TABLE, vol index 0

01-14 12:40:51.244   921  1832 D         : Failed to fetch the lookup information of the device 00000004 

01-14 12:40:51.244   921  1832 E ACDB-LOADER: Error: ACDB AudProc vol returned = -19

01-14 12:40:51.244   921  1832 D ACDB-LOADER: ACDB -> AUDIO_SET_VOL_CAL cal type = 12

01-14 12:40:51.244   921  1832 D ACDB-LOADER: ACDB -> send_audstrmtable

01-14 12:40:51.244   921  1832 D ACDB-LOADER: ACDB -> ACDB_CMD_GET_AUDPROC_STREAM_TABLE_V2

01-14 12:40:51.244   921  1832 D ACDB-LOADER: ACDB -> audstrm_cal->cal_type.cal_data.cal_size = 536

01-14 12:40:51.244   921  1832 D ACDB-LOADER: ACDB -> send_afe_topology

01-14 12:40:51.244   921  1832 D ACDB-LOADER: ACDB -> ACDB_CMD_GET_AFE_TOPOLOGY_ID

01-14 12:40:51.244   921  1832 D ACDB-LOADER: ACDB -> GET_AFE_TOPOLOGY_ID for adcd_id 4, Topology Id 112fb

01-14 12:40:51.244   921  1832 D ACDB-LOADER: ACDB -> send_afe_cal

01-14 12:40:51.244   921  1832 D ACDB-LOADER: ACDB -> ACDB_CMD_GET_AFE_COMMON_TABLE

01-14 12:40:51.244   921  1832 D         : Failed to fetch the lookup information of the device 00000004 

01-14 12:40:51.244   921  1832 E ACDB-LOADER: Error: ACDB AFE returned = -19

01-14 12:40:51.244   921  1832 D ACDB-LOADER: ACDB -> AUDIO_SET_AFE_CAL

01-14 12:40:51.244   921  1832 D ACDB-LOADER: ACDB -> send_hw_delay : acdb_id = 4 path = 1

01-14 12:40:51.244   921  1832 D ACDB-LOADER: ACDB -> ACDB_AVSYNC_INFO: ACDB_CMD_GET_DEVICE_PROPERTY

01-14 12:40:51.245   921  1832 I audio_hw_primary: select_devices Selected apptype: 69937

01-14 12:40:51.245   921  1832 V audio_hw_primary: enable_audio_route: enter: usecase(1)

01-14 12:40:51.245   921  1832 D soundtrigger: audio_extn_sound_trigger_update_stream_status: uc_id 1 of type 0 for Event 3, with Raise=0

01-14 12:40:51.245   921  1832 I audio_hw_utils: audio_extn_utils_send_app_type_cfg PLAYBACK app_type 69937, acdb_dev_id 101, sample_rate 48000

01-14 12:40:51.245   921  1832 V feature_audio_alice_friends: lge_alice_friends_get_acdb_id : snd_device (34), curr_acdb_id (101)

01-14 12:40:51.245   921  1832 V msm8974_platform: platform_send_audio_calibration: sending audio calibration for snd_device(2) acdb_id(101)

01-14 12:40:51.245   921  1832 D ACDB-LOADER: ACDB -> send_audio_cal, acdb_id = 101, path = 0, app id = 0x11131, sample rate = 48000

01-14 12:40:51.245   921  1832 D ACDB-LOADER: ACDB -> send_asm_topology

01-14 12:40:51.245   921  1832 D ACDB-LOADER: ACDB -> ACDB_CMD_GET_AUDPROC_STREAM_TOPOLOGY_ID

01-14 12:40:51.245   921  1832 D ACDB-LOADER: ACDB -> send_adm_topology

01-14 12:40:51.245   921  1832 D ACDB-LOADER: ACDB -> ACDB_CMD_GET_AUDPROC_COMMON_TOPOLOGY_ID

01-14 12:40:51.245   921  1832 D ACDB-LOADER: ACDB -> send_audtable

01-14 12:40:51.245   921  1832 D ACDB-LOADER: ACDB -> ACDB_CMD_GET_AUDPROC_COMMON_TABLE_SIZE

01-14 12:40:51.245   921  1832 D ACDB-LOADER: ACDB -> ACDB_CMD_GET_AUDPROC_COMMON_TABLE

01-14 12:40:51.245   921  1832 D ACDB-LOADER: ACDB -> AUDIO_SET_AUDPROC_CAL

01-14 12:40:51.245   921  1832 D ACDB-LOADER: ACDB -> send_audvoltable

01-14 12:40:51.245   921  1832 D ACDB-LOADER: ACDB -> ACDB_CMD_GET_AUDPROC_GAIN_DEP_STEP_TABLE, vol index 0

01-14 12:40:51.245   921  1832 D         : Failed to fetch the lookup information of the device 00000065 

01-14 12:40:51.245   921  1832 E ACDB-LOADER: Error: ACDB AudProc vol returned = -19

01-14 12:40:51.245   921  1832 D ACDB-LOADER: ACDB -> AUDIO_SET_VOL_CAL cal type = 12

01-14 12:40:51.245   921  1832 D ACDB-LOADER: ACDB -> send_audstrmtable

01-14 12:40:51.245   921  1832 D ACDB-LOADER: ACDB -> ACDB_CMD_GET_AUDPROC_STREAM_TABLE_V2

01-14 12:40:51.245   921  1832 D ACDB-LOADER: ACDB -> audstrm_cal->cal_type.cal_data.cal_size = 348

01-14 12:40:51.245   921  1832 D ACDB-LOADER: ACDB -> send_afe_topology

01-14 12:40:51.245   921  1832 D ACDB-LOADER: ACDB -> ACDB_CMD_GET_AFE_TOPOLOGY_ID

01-14 12:40:51.245   921  1832 D ACDB-LOADER: ACDB -> GET_AFE_TOPOLOGY_ID for adcd_id 101, Topology Id 1025d

01-14 12:40:51.245   921  1832 D ACDB-LOADER: ACDB -> send_afe_cal

01-14 12:40:51.245   921  1832 D ACDB-LOADER: ACDB -> ACDB_CMD_GET_AFE_COMMON_TABLE

01-14 12:40:51.245   921  1832 D ACDB-LOADER: ACDB -> AUDIO_SET_AFE_CAL

01-14 12:40:51.245   921  1832 D ACDB-LOADER: ACDB -> send_hw_delay : acdb_id = 101 path = 0

01-14 12:40:51.245   921  1832 D ACDB-LOADER: ACDB -> ACDB_AVSYNC_INFO: ACDB_CMD_GET_DEVICE_PROPERTY

01-14 12:40:51.245   921  1832 V msm8974_platform_lge: LGE_platform_add_backend_name: enter: 2

01-14 12:40:51.245   921  1832 D audio_hw_primary: enable_audio_route: apply mixer and update path: low-latency-playback

01-14 12:40:51.246   921  1832 V audio_hw_primary: enable_audio_route: exit

01-14 12:40:51.246   921  1832 D audio_hw_primary: select_devices: done

01-14 12:40:51.246   921  1832 V audio_hw_primary: start_output_stream: Opening PCM device card_id(0) device_id(15) format(0)

01-14 12:40:51.247   921  1832 V msm8974_platform: platform_set_channel_map channel_count:2

01-14 12:40:51.247   921  1832 D msm8974_platform: platform_set_channel_map mixer_ctl_name:Playback Channel Map15

01-14 12:40:51.247   921  1832 D msm8974_platform: platform_set_channel_map: set mapping(1 2 0 0 0 0 0 0) for channel:2

01-14 12:40:51.247   921  1832 V audio_hw_primary: start_output_stream: pcm_prepare

01-14 12:40:51.252 29312 29332 D UE4     : Case APP_CMD_PAUSE

01-14 12:40:51.252 29312 29332 D UE4     : LogAndroidEvents: EnqueueAppEvent : 6, 0, tid = 29332

01-14 12:40:51.253 29312 29312 I SensorManager: removeAllSensors() [Sensor: LGE Accelerometer] by com.epicgames.ue4.GameActivity.onPause():1494

01-14 12:40:51.253  1844  2890 D sensors_hal_SMGR: batch:sensor(android.sensor.accelerometer) sample_rate=50.000000Hz report_rate_f=0.000000Hz curr sample rate:50.000000 cur rpt rate:0 max:200.000000 min:1.000000

01-14 12:40:51.253  1037  1340 W XTCC-5.1.0.7: [PosMgr] handleScanResult empty scan result

01-14 12:40:51.253 29312 29312 I SensorManager: removeAllSensors() [Sensor: LGE Magnetometer] by com.epicgames.ue4.GameActivity.onPause():1494

01-14 12:40:51.253  1037  1340 W XTCC-5.1.0.7: [PosMgr] sending back response for POSITION (c, error) tx(33147)

01-14 12:40:51.253  1037  1340 E XTCC-5.1.0.7: [PosMgr] handleScanResult failed: 8

01-14 12:40:51.254  1844  3145 D sensors_hal_SMGR: enable:sensor(android.sensor.magnetic_field) Deactivating sensor handle=10

01-14 12:40:51.254  1844  3145 D sensors_hal_Util: waitForResponse: timeout=1000

01-14 12:40:51.254  1844  3562 E LocSvc_libulp: E/int ulp_brain_transition_all_providers(), no QUIPC/GNSS transition logic run due to both engines are OFF 

01-14 12:40:51.254  1844  2956 I IzatProviderEngine: LocTech-Label :: OSDC :: Position Report In

01-14 12:40:51.254  1844  2956 I IzatProviderEngine: LocTech-Value :: UTC Time: 1578973222302, Elapsed Real Time Nanos: 240292556277640, Latitude: 37.5641671, Longitude: 127.0390479, Altitude: 0.0, Speed: 0.0, Bearing: 0.0, Accuracy: 19.037

01-14 12:40:51.255  1037  1346 W XTCC-5.1.0.7: [FDAL_ZPP_MGR] RequestNewZppFix: Getting ZPP

01-14 12:40:51.257  1844  3145 D sensors_hal_SMGR: SMGRReportDelete: Rcvd success response from request

01-14 12:40:51.257  1844  2973 E QMI_FW  : QCCI qmi_cci_xport_recv: txn not found. svc_id: 16

01-14 12:40:51.259  1844  3094 D ActivityManager: setTaskToReturnTo : TaskRecord{10651a5 #9055 A=com.android.systemui U=0 sz=1} / mTaskToReturnTo = 1

01-14 12:40:51.259  2996  9385 D LGImageQualityEnhancementService: activityResuming: com.android.systemui/com.android.systemui.recents.RecentsActivity

01-14 12:40:51.260  2996  9385 D LGImageQualityEnhancementService: handleCallbackActivity(), isEnhanced: false

01-14 12:40:51.260  1037  1346 W XTCC-5.1.0.7: [FDAL_ZPP_MGR] RequestNewZppFix 37.563629 127.039032 466.737122: ZPP Return Flag 0x11

01-14 12:40:51.263  1844  2956 E LocSvc_LBSApiV02: E/virtual int lbs_core::LBSApiV02::injectCoarsePosition(const CoarsePositionInfo&):320]: Error : st = 3, ind.status = -1292886016

01-14 12:40:51.265  1844  1872 D LocationManagerService: This location is marked as ready for broadcast

01-14 12:40:51.265 29312 29312 I SensorManager: removeAllSensors() [Sensor: LGE Gyroscope] by com.epicgames.ue4.GameActivity.onPause():1494

01-14 12:40:51.265  1844  1872 D LocationManagerService: incoming location: Location[network 37.564167,127.039048 acc=19 et=+2d18h44m52s556ms alt=0.0 vel=0.0 bear=0.0 {Bundle[{com.qualcomm.location.nlp:ready=true}]}]

01-14 12:40:51.265  1844  3099 D sensors_hal_SMGR: enable:sensor(android.sensor.gyroscope) Deactivating sensor handle=2

01-14 12:40:51.266  1844  3099 D sensors_hal_Util: waitForResponse: timeout=1000

01-14 12:40:51.266  1844  2265 V sensors_hal_Gyro: processReportInd: X: 0.129639 Y: -0.086334 Z: -0.109665 

01-14 12:40:51.266  1844  2335 D sensors_hal_Ctx: poll:polldata:2, sensor:0, type:1, x:-0.464050 y:3.727676 z:9.115509

01-14 12:40:51.266  1844  2335 D sensors_hal_Util: waitForResponse: timeout=0

01-14 12:40:51.269  1844  1872 D LocationManagerService: incoming location: Location[network 37.564167,127.039048 acc=19 et=+2d18h44m52s556ms alt=0.0 vel=0.0 bear=0.0 {Bundle[{com.qualcomm.location.nlp:ready=true}]}]

01-14 12:40:51.269  1844  3099 D sensors_hal_SMGR: SMGRReportDelete: Rcvd success response from request

01-14 12:40:51.270 29312 29312 D UE4     : ==============> GameActive.onPause complete!

01-14 12:40:51.272  1844  1857 I ActivityManager: Start proc 29651:com.lge.email/u0a32 for broadcast com.lge.email/.receiver.PackageChangeReceiver

01-14 12:40:51.273  1844  1857 I ActivityManager: Killing 28981:com.lge.ims.rcsstarter/u0a187 (adj 15): empty #22

01-14 12:40:51.278  2571  2571 I AbsQuickSettingsHandlerBase: [AbsQuickSettingsHandlerBase.java:115:onReceive()]Got action android.intent.action.CLOSE_SYSTEM_DIALOGS for DATA

01-14 12:40:51.278  2571  2571 I DataHandler: [DataHandler.java:150:handle()]onReceive = android.intent.action.CLOSE_SYSTEM_DIALOGS

01-14 12:40:51.278 29312 29331 D UE4     : [2020.01.14-03.40.51:278][896]LogAndroid: Case APP_CMD_PAUSE

01-14 12:40:51.279 29312 29331 D UE4     : [2020.01.14-03.40.51:279][896]LogPackageName: SearchForPackageOnDisk took   0.056s, but failed to resolve 16.umap.

01-14 12:40:51.279 29312 29331 D UE4     : [2020.01.14-03.40.51:279][896]LogNet: Browse: /Game/Game/Level/0

01-14 12:40:51.279 29312 29331 D UE4     : LogNet: Warning: Travel Failure: [InvalidURL]: Invalid URL: /Game/Game/Level/0

01-14 12:40:51.279 29312 29331 D UE4     : [2020.01.14-03.40.51:279][896]LogNet: Warning: Travel Failure: [InvalidURL]: Invalid URL: /Game/Game/Level/0

01-14 12:40:51.279 29312 29331 D UE4     : [2020.01.14-03.40.51:279][896]LogNet: TravelFailure: InvalidURL, Reason for Failure: 'Invalid URL: /Game/Game/Level/0'

01-14 12:40:51.279 29312 29331 D UE4     : LogNet: Warning: Travel Failure: [ClientTravelFailure]: Invalid URL: /Game/Game/Level/0

01-14 12:40:51.279 29312 29331 D UE4     : [2020.01.14-03.40.51:279][896]LogNet: Warning: Travel Failure: [ClientTravelFailure]: Invalid URL: /Game/Game/Level/0

01-14 12:40:51.279 29312 29331 D UE4     : [2020.01.14-03.40.51:279][896]LogNet: TravelFailure: ClientTravelFailure, Reason for Failure: 'Invalid URL: /Game/Game/Level/0'

01-14 12:40:51.284 29312 29331 D UE4     : LogAndroidEvents: Display: DequeueAppEvent : 6, 0

01-14 12:40:51.285 29312 29331 D UE4     : [2020.01.14-03.40.51:285][897]LogAndroidEvents: Display: DequeueAppEvent : 6, 0

01-14 12:40:51.287  1844  2335 D sensors_hal_Ctx: poll:polldata:1, sensor:0, type:1, x:-0.499954 y:3.754013 z:9.548859

01-14 12:40:51.287  1844  2335 D sensors_hal_Util: waitForResponse: timeout=0

01-14 12:40:51.287  1844  2323 D sensors_hal_LGMotionAccel: processInd: LP2: X: -0.435867 Y: 3.791153 Z: 9.133636 SAM TS: 3578406671 HAL TS:240292537359335 elapsedRealtimeNano:240292588902588

01-14 12:40:51.287  1844  2335 D sensors_hal_Ctx: poll:polldata:1, sensor:51, type:499898101, x:-0.435867 y:3.791153 z:9.133636

01-14 12:40:51.287  1844  2335 D sensors_hal_Util: waitForResponse: timeout=0

01-14 12:40:51.289  1844  2265 D sensors_hal_SMGR: processBufferingInd:report(on_change_sensor) eventtype 0

01-14 12:40:51.291  1844  2335 D sensors_hal_Ctx: poll:polldata:1, sensor:1, type:5, x:207.000000 y:0.000000 z:0.000000

01-14 12:40:51.291  1844  2335 D sensors_hal_Util: waitForResponse: timeout=0

01-14 12:40:51.292  2571  2571 I MSimUtils: [MSimUtils.java:147:getDefaultDataPhoneId()]getDefaultDataPhoneId : 0

01-14 12:40:51.292  2571  2571 I AbsQuickSettingsHandlerBase: [AbsQuickSettingsHandlerBase.java:115:onReceive()]Got action android.intent.action.CLOSE_SYSTEM_DIALOGS for LOCATION

01-14 12:40:51.292  2571  2571 I AbsQuickSettingsHandlerBase: [AbsQuickSettingsHandlerBase.java:115:onReceive()]Got action android.intent.action.CLOSE_SYSTEM_DIALOGS for SYNC

01-14 12:40:51.305  1844  2335 D sensors_hal_Ctx: poll:polldata:1, sensor:0, type:1, x:-0.578964 y:3.825836 z:9.515335

01-14 12:40:51.305  1844  2335 D sensors_hal_Util: waitForResponse: timeout=0

01-14 12:40:51.311  1844  3065 D ActivityManager: cleanUpApplicationRecord -- 28981

01-14 12:40:51.316   921  1832 D audio_hw_primary: start_output_stream: exit

01-14 12:40:51.317 29312 29428 W art     : Native thread exiting without having called DetachCurrentThread (maybe it's going to use a pthread_key_create destructor?): Thread[40,tid=29428,Native,Thread*=0xc803dd00,peer=0x12cf8160,"UdpMess-eceiver"]

01-14 12:40:51.317 29312 29428 D UE4     : *** JavaEnvDestructor: 29428

01-14 12:40:51.318  2571  2571 D RecentsActivity: [RecentsActivity.java:602:onStart()]onStart()

01-14 12:40:51.325  1844  2335 D sensors_hal_Ctx: poll:polldata:1, sensor:0, type:1, x:-0.725006 y:3.885696 z:8.991013

01-14 12:40:51.325  1844  2335 D sensors_hal_Util: waitForResponse: timeout=0

01-14 12:40:51.332  2950 24752 D BluetoothAdapter: STATE_ON

01-14 12:40:51.334  2571  2571 D SystemServicesProxy: [SystemServicesProxy.java:279:getRecentTasks()]RecentApps has 2 item(s).

01-14 12:40:51.334  4869 11829 D BtGatt.GattService: stopScan() - queue size =2

01-14 12:40:51.335  4869  4986 I bt_btif : BTA_DmBleScanFilterSetup: 1

01-14 12:40:51.336  4869  5289 D BtGatt.GattService: unregisterClient() - clientIf=6

01-14 12:40:51.338  2571  2571 D Utils   : [Utils.java:150:isInstalledPackage()]com.lge.lmk : package is not Installed.

01-14 12:40:51.338  2571  2571 D RecentsActivity: [RecentsActivity.java:1010:onResume()]onResume()

01-14 12:40:51.343  2571  2571 D RecentsActivity: [RecentsActivity.java:638:onPause()]onPause()

01-14 12:40:51.343  2571  2571 D RecentsActivity: [RecentsActivity.java:651:onPause()]onPause(), mIsNeedupdateRecentsTasks = false

01-14 12:40:51.344  2571  2571 D RecentsActivity: [RecentsActivity.java:1010:onResume()]onResume()

01-14 12:40:51.344  4869  4986 I bt_btif : HAL bt_gatt_callbacks->client->scan_filter_param_cb

01-14 12:40:51.344  4869  4986 D BtGatt.GattService: onScanFilterParamsConfigured() - clientIf=6, status=0, action=1, availableSpace=31

01-14 12:40:51.344  4869  4986 D BtGatt.ScanManager: callback done for clientIf - 6 status - 0

01-14 12:40:51.345  4869  5053 D BtGatt.ScanManager: configureRegularScanParams() - queue=1

01-14 12:40:51.345  4869  5053 D BtGatt.ScanManager: configureRegularScanParams() - ScanSetting Scan mode=0 mLastConfiguredScanSetting=1

01-14 12:40:51.345  4869  5053 D BtGatt.ScanManager: configureRegularScanParams() : Before convert - scanWindow = 500, scanInterval = 5000

01-14 12:40:51.345  4869  5053 D BtGatt.ScanManager: configureRegularScanParams() : After convert - scanWindow = 800, scanInterval = 8000

01-14 12:40:51.345  4869  5053 D BtGatt.ScanManager: configureRegularScanParams - scanInterval = 8000configureRegularScanParams - scanWindow = 800

01-14 12:40:51.346  1844  2335 D sensors_hal_Ctx: poll:polldata:1, sensor:0, type:1, x:-0.660370 y:4.026947 z:8.469070

01-14 12:40:51.347  1844  2335 D sensors_hal_Util: waitForResponse: timeout=0

01-14 12:40:51.348  4869  4986 I bt_btif : BTA_DmBleObserve:start = 0 

01-14 12:40:51.348  4869  4986 E bt_btif : no av control block available at state:3

01-14 12:40:51.348  4869  4986 I bt_btif : BTA_DmBleObserve:start = 1 

01-14 12:40:51.348  4869  4986 I bt_btif : HAL bt_gatt_callbacks->client->scan_parameter_setup_completed_cb

01-14 12:40:51.348  4869  4986 D BtGatt.GattService: onScanParamSetupCompleted : 0

01-14 12:40:51.366  1844  2335 D sensors_hal_Ctx: poll:polldata:1, sensor:0, type:1, x:-0.681915 y:4.014984 z:8.244019

01-14 12:40:51.366  1844  2335 D sensors_hal_Util: waitForResponse: timeout=0

01-14 12:40:51.367  1844  2323 D sensors_hal_LGMotionAccel: processInd: LP2: X: -0.649338 Y: 3.908157 Z: 8.995636 SAM TS: 3578408855 HAL TS:240292604009726 elapsedRealtimeNano:240292668727432

01-14 12:40:51.367  1844  2335 D sensors_hal_Ctx: poll:polldata:1, sensor:51, type:499898101, x:-0.649338 y:3.908157 z:8.995636

01-14 12:40:51.367  1844  2335 D sensors_hal_Util: waitForResponse: timeout=0

01-14 12:40:51.367 11532 11731 D libc    : getaddrinfo called from pid =11532

01-14 12:40:51.375  1844  3094 W WindowManager: pwm.setNavigationBar() called. show=true

01-14 12:40:51.375  1844  1875 D PhoneWindowManagerEx: [PWM]1.notifyNavigationBarColor => mLastColorNavigationB ar=0x0

01-14 12:40:51.375  1844  3094 W WindowManager: pwm.setStatusBar() called. show=true

01-14 12:40:51.375  1844  1875 I SystemUI[Framework]: PhoneWindowManager.updateSystemUiVisibilityLw() :visibility=0x700, pkg=com.android.systemui

01-14 12:40:51.376  1844  3094 D InputDispatcher: Focus entered window: Window{a59867c u0 com.android.systemui/com.android.systemui.recents.RecentsActivity}

01-14 12:40:51.378  1844  1875 W WindowManager: Call!!!getLGSystemUiVisibility. =0x0

01-14 12:40:51.378  1844  1875 D StatusBarManagerServiceEx: setLGSystemUiVisibility(0x0)

01-14 12:40:51.378  1844  1875 D StatusBarManagerServiceEx: manageNaviBtnDisableList userId=0 what=0x0 pkg=Window{a59867c u0 com.android.systemui/com.android.systemui.recents.RecentsActivity}

01-14 12:40:51.378  1844  1875 I SystemUI[Framework]: ==>disabledNaviBtn() what=0x0, token=android.os.Binder@29b1e19,  pkg=Window{a59867c u0 com.android.systemui/com.android.systemui.recents.RecentsActivity}

01-14 12:40:51.378  1844  1875 I SystemUI[Framework]: disableNaviBtn: mDisabledNaviBtn=0x0,  mDisableRecords.size=0

01-14 12:40:51.387  1844  2335 D sensors_hal_Ctx: poll:polldata:1, sensor:0, type:1, x:-0.703461 y:4.060471 z:8.789886

01-14 12:40:51.387  1844  2335 D sensors_hal_Util: waitForResponse: timeout=0

01-14 12:40:51.392  1844  6688 V SoundPool: process 0x7f8f87c808 channel 895 event BUFFER_END

01-14 12:40:51.392  1844  2896 V SoundPool: awake

01-14 12:40:51.392  1844  2896 V SoundPool: Getting channel from stop list

01-14 12:40:51.392  1844  2896 V SoundPool: stop

01-14 12:40:51.392  1844  2896 D AudioTrack: stop(): 0x7f8f02d600

01-14 12:40:51.392   921 18239 V AudioFlinger_Tracks: stop(4097), calling pid 1844

01-14 12:40:51.392   921 18239 V AudioFlinger_Tracks: not stopping/stopped => stopping/stopped (4097) on thread 0xf0440000

01-14 12:40:51.394  1844  2896 V SoundPool: done_l(895)

01-14 12:40:51.394  1844  2896 V SoundPool: move to front

01-14 12:40:51.413  1844  2335 D sensors_hal_Ctx: poll:polldata:1, sensor:0, type:1, x:-0.557419 y:4.247223 z:9.122681

01-14 12:40:51.413  1844  2335 D sensors_hal_Util: waitForResponse: timeout=0

01-14 12:40:51.419   921  1832 V audio_hw_primary: out_get_latency: Latency 8

01-14 12:40:51.419   921  1832 V AudioFlinger_Tracks: presentationComplete() mPresentationCompleteFrames 0 framesWritten 4800

01-14 12:40:51.419   921  1832 V AudioFlinger_Tracks: presentationComplete() reset: mPresentationCompleteFrames 5184 audioHalFrames 384

01-14 12:40:51.427  1844  2335 D sensors_hal_Ctx: poll:polldata:1, sensor:0, type:1, x:-0.485596 y:4.390869 z:8.402039

01-14 12:40:51.427  1844  2335 D sensors_hal_Util: waitForResponse: timeout=0

01-14 12:40:51.427  1844  2323 D sensors_hal_LGMotionAccel: processInd: LP2: X: -0.625565 Y: 4.146851 Z: 8.687927 SAM TS: 3578411039 HAL TS:240292670660116 elapsedRealtimeNano:240292728847692

01-14 12:40:51.427  1844  2335 D sensors_hal_Ctx: poll:polldata:1, sensor:51, type:499898101, x:-0.625565 y:4.146851 z:8.687927

01-14 12:40:51.427  1844  2335 D sensors_hal_Util: waitForResponse: timeout=0

01-14 12:40:51.439   921  1832 V audio_hw_primary: out_get_latency: Latency 8

01-14 12:40:51.439   921  1832 V AudioFlinger_Tracks: presentationComplete() mPresentationCompleteFrames 5184 framesWritten 5760

01-14 12:40:51.441  2571  2571 I NavigationThemeResource: [NavigationThemeResource.java:154:notifyNavigationBarColor()]notify navigation bar color(0x0)

01-14 12:40:51.442  2571  2571 D NavigationThemeResource: [NavigationThemeResource.java:161:onThemeChanged()]onThemeChanged, mIsLightBackground : false

01-14 12:40:51.442  2571  2571 D PhoneStatusBar: setSystemUiVisibility vis=700 mask=ffffffff oldVal=4000 newVal=700 diff=4700

01-14 12:40:51.442   921  1832 V AudioFlinger_Threads: removeTracks_l removing track on session 23

01-14 12:40:51.447  1844  2335 D sensors_hal_Ctx: poll:polldata:1, sensor:0, type:1, x:-0.686707 y:4.453110 z:7.822632

01-14 12:40:51.447  1844  2335 D sensors_hal_Util: waitForResponse: timeout=0

01-14 12:40:51.453   921  1832 V AudioPolicyService: AudioCommandThread() adding stop output 2

01-14 12:40:51.453   921  1832 V AudioPolicyService: inserting command: 6 at index 0, num commands 0

01-14 12:40:51.456   921  1803 V AudioPolicyService: AudioCommandThread() processing stop output 2

01-14 12:40:51.456   921  1803 V APM::AudioPolicyManager: stopOutput() output 2, stream 1, session 23

01-14 12:40:51.456   921  1803 V APM::AudioPolicyManager: setBeaconMute(1) mBeaconMuteRefCount=0 mBeaconPlayingRefCount=0

01-14 12:40:51.456   921  1803 V APM::AudioOutputDescriptor: changeRefCount() stream 1, count 0

01-14 12:40:51.456   921  1803 V APM::AudioPolicyManager: getNewOutputDevice() selected device 0

01-14 12:40:51.456   921  1803 V APM::AudioPolicyManager: setOutputDevice() device 0000 delayMs 96

01-14 12:40:51.456   921  1803 V APM::AudioPolicyManager: setOutputDevice() prevDevice 0x0002

01-14 12:40:51.456   921  1803 V APM::AudioPolicyEngine: getDeviceForStrategy() remove speaker device. strategy 9 ringermode 0

01-14 12:40:51.456   921  1803 V APM::AudioPolicyEngine: getDeviceForStrategy() add headphone device. strategy 9 ringermode 0

01-14 12:40:51.456   921  1803 V APM::AudioPolicyManager: setOutputDevice() setting same device 0x0000 or null device

01-14 12:40:51.456   921  1803 V AudioPolicyService: -AudioCommandThread 6

01-14 12:40:51.456   921  1803 V AudioPolicyService: AudioCommandThread() going to sleep

01-14 12:40:51.461  1844  1875 I SystemUI[Framework]: PhoneWindowManager.updateSystemUiVisibilityLw() :visibility=0x8700, pkg=com.android.systemui

01-14 12:40:51.462  1844  1875 W WindowManager: Call!!!getLGSystemUiVisibility. =0x0

01-14 12:40:51.462  1844  1875 D StatusBarManagerServiceEx: setLGSystemUiVisibility(0x0)

01-14 12:40:51.462  1844  1875 D StatusBarManagerServiceEx: manageNaviBtnDisableList userId=0 what=0x0 pkg=Window{a59867c u0 com.android.systemui/com.android.systemui.recents.RecentsActivity}

01-14 12:40:51.462  1844  1875 I SystemUI[Framework]: ==>disabledNaviBtn() what=0x0, token=android.os.Binder@29b1e19,  pkg=Window{a59867c u0 com.android.systemui/com.android.systemui.recents.RecentsActivity}

01-14 12:40:51.462  1844  1875 I SystemUI[Framework]: disableNaviBtn: mDisabledNaviBtn=0x0,  mDisableRecords.size=0

01-14 12:40:51.466  1844  1901 I ActivityManager: Displayed com.android.systemui/.recents.RecentsActivity: +210ms

01-14 12:40:51.468  1844  2335 D sensors_hal_Ctx: poll:polldata:1, sensor:0, type:1, x:-0.741776 y:4.393265 z:8.222473

01-14 12:40:51.468  1844  2335 D sensors_hal_Util: waitForResponse: timeout=0

01-14 12:40:51.473 29651 29651 D LGEmail : Account & Sync SingRunningTask mLogTaskName  :ReconcileAccountsSync (at SingleRunningTask.java <init> 11)[v:null]

01-14 12:40:51.475 20118 20118 I a       : InputType.TYPE_NULL is specified

01-14 12:40:51.477  1844  1853 I art     : Background partial concurrent mark sweep GC freed 693285(28MB) AllocSpace objects, 13(260KB) LOS objects, 27% free, 84MB/116MB, paused 5.330ms total 241.736ms

01-14 12:40:51.485  1844  2335 D sensors_hal_Ctx: poll:polldata:1, sensor:0, type:1, x:-0.495163 y:4.381287 z:8.959885

01-14 12:40:51.485  1844  2335 D sensors_hal_Util: waitForResponse: timeout=0

01-14 12:40:51.486  1844  2323 D sensors_hal_LGMotionAccel: processInd: LP2: X: -0.623856 Y: 4.407791 Z: 8.309982 SAM TS: 3578413223 HAL TS:240292737310507 elapsedRealtimeNano:240292787441598

01-14 12:40:51.486  1844  2335 D sensors_hal_Ctx: poll:polldata:1, sensor:51, type:499898101, x:-0.623856 y:4.407791 z:8.309982

01-14 12:40:51.486  1844  2335 D sensors_hal_Util: waitForResponse: timeout=0

01-14 12:40:51.489  2571  2571 D PhoneStatusBar: setSystemUiVisibility vis=8700 mask=ffffffff oldVal=4700 newVal=8700 diff=c000

01-14 12:40:51.493  2571  2571 D PhoneStatusBar: [PhoneStatusBar.java:3102:setSystemUiVisibility()]StatusBarMode is changed (MODE_OPAQUE -> MODE_TRANSPARENT)

01-14 12:40:51.493  2571  2571 D PhoneStatusBar: [PhoneStatusBar.java:3108:setSystemUiVisibility()]NavigationBarMode is changed (MODE_OPAQUE -> MODE_TRANSPARENT)

01-14 12:40:51.502  2571  2571 D NavigationThemeResource: [NavigationThemeResource.java:147:applyMode()]Bar mode is changed (0 -> 4)

01-14 12:40:51.502 29651 29651 D EmailContent: init for com.lge.email.provider (at EmailContent.java init 194)[v:null]

01-14 12:40:51.503  2571  2571 I NavigationThemeResource: [NavigationThemeResource.java:207:updateSetAndViews()]NavigationKey Color is changed(BLACK -> WHITE_WITH_SHADOW)

01-14 12:40:51.503  2571  2571 I NavigationThemeResource:  BarMode=4, Theme=WHITE, LightBackground=false (Transparent)

01-14 12:40:51.503  2571  2571 I NavigationThemeResource: , Keyguard show=false, IME shown=false, Bar vertical=false, Panel expanded=false

01-14 12:40:51.507  1844  2335 D sensors_hal_Ctx: poll:polldata:1, sensor:0, type:1, x:-0.358704 y:4.431564 z:9.242401

01-14 12:40:51.507  1844  2335 D sensors_hal_Util: waitForResponse: timeout=0

01-14 12:40:51.514  2571  2571 D BarTransitions: draw background and invalidate : color = efdbdcdf

01-14 12:40:51.518 29312 29426 W art     : Native thread exiting without having called DetachCurrentThread (maybe it's going to use a pthread_key_create destructor?): Thread[38,tid=29426,Native,Thread*=0xc803c900,peer=0x12cee160,"FUdpMes-eBeacon"]

01-14 12:40:51.519  2571  2571 D RecentsActivity: [RecentsActivity.java:212:onReceive()]mServiceBroadcastReceiver received: action_start_enter_animation

01-14 12:40:51.519 29312 29426 D UE4     : *** JavaEnvDestructor: 29426

01-14 12:40:51.520 29312 29427 W art     : Native thread exiting without having called DetachCurrentThread (maybe it's going to use a pthread_key_create destructor?): Thread[39,tid=29427,Native,Thread*=0xc6317d00,peer=0x12cf3160,"FUdpMes-.Sender"]

01-14 12:40:51.520 29312 29427 D UE4     : *** JavaEnvDestructor: 29427

01-14 12:40:51.528  1844  2335 D sensors_hal_Ctx: poll:polldata:1, sensor:0, type:1, x:-0.334763 y:4.529724 z:8.825806

01-14 12:40:51.528  1844  2335 D sensors_hal_Util: waitForResponse: timeout=0

01-14 12:40:51.529  2571  2571 D RecentsView: [RecentsView.java:283:startEnterRecentsAnimation()]startEnterRecentsAnimation(com.android.systemui.recents.views.ViewAnimation$TaskViewEnterContext@9fbfffa), stackCount: 1

01-14 12:40:51.531 29312 29425 W art     : Native thread exiting without having called DetachCurrentThread (maybe it's going to use a pthread_key_create destructor?): Thread[37,tid=29425,Native,Thread*=0xc6316900,peer=0x12ce9160,"FUdpMes-ocessor"]

01-14 12:40:51.531 29312 29425 D UE4     : *** JavaEnvDestructor: 29425

01-14 12:40:51.545 29651 29651 D LGEmail : [Secret] anonymous class instance (dummy) (at SecretFilterFactory.java newInstance 18)[v:null]

01-14 12:40:51.547  1844  2335 D sensors_hal_Ctx: poll:polldata:1, sensor:0, type:1, x:-0.428131 y:4.584793 z:8.524139

01-14 12:40:51.547  1844  2335 D sensors_hal_Util: waitForResponse: timeout=0

01-14 12:40:51.548 29651 29651 D FipsModeAdapter: isCcMode returns false.

01-14 12:40:51.550 29651 29651 I LGEmail : [lifecycle]--onCreate() (at EmailMainApp.java onCreate 111)[v:null]

01-14 12:40:51.558 29651 29651 I         : [LGEmail_Log_Test] EmailLog(ShardPref) = false / isUserMode = true / persist.service.email.enable = 

01-14 12:40:51.559  4692  5030 D AppChangedDetector: lastUsedAppId com.YourCompany.Rolling

01-14 12:40:51.567  1844  2335 D sensors_hal_Ctx: poll:polldata:1, sensor:0, type:1, x:-0.557419 y:4.517761 z:8.526535

01-14 12:40:51.567  1844  2335 D sensors_hal_Util: waitForResponse: timeout=0

01-14 12:40:51.567  1844  2323 D sensors_hal_LGMotionAccel: processInd: LP2: X: -0.384125 Y: 4.509354 Z: 8.856903 SAM TS: 3578415407 HAL TS:240292803960898 elapsedRealtimeNano:240292869044359

01-14 12:40:51.567  1844  2335 D sensors_hal_Ctx: poll:polldata:1, sensor:51, type:499898101, x:-0.384125 y:4.509354 z:8.856903

01-14 12:40:51.567  1844  2335 D sensors_hal_Util: waitForResponse: timeout=0

01-14 12:40:51.587  1844  2335 D sensors_hal_Ctx: poll:polldata:1, sensor:0, type:1, x:-0.550232 y:4.460297 z:8.770737

01-14 12:40:51.587  1844  2335 D sensors_hal_Util: waitForResponse: timeout=0

01-14 12:40:51.593  1844  3124 I ActivityManager: Killing 28996:com.skt.skaf.Z00000TAPI/u0a74 (adj 15): empty #22

01-14 12:40:51.593  1844  2265 D sensors_hal_SMGR: processBufferingInd:report(on_change_sensor) eventtype 0

01-14 12:40:51.594  1844  2335 D sensors_hal_Ctx: poll:polldata:1, sensor:1, type:5, x:200.000000 y:0.000000 z:0.000000

01-14 12:40:51.594  1844  2335 D sensors_hal_Util: waitForResponse: timeout=0

01-14 12:40:51.605  1844  2893 D ActivityManager: cleanUpApplicationRecord -- 28996

01-14 12:40:51.607  1844  2335 D sensors_hal_Ctx: poll:polldata:1, sensor:0, type:1, x:-0.351517 y:4.455505 z:8.995789

01-14 12:40:51.607  1844  2335 D sensors_hal_Util: waitForResponse: timeout=0

01-14 12:40:51.628  1844  2323 D sensors_hal_LGMotionAccel: processInd: LP2: X: -0.443222 Y: 4.492447 Z: 8.794220 SAM TS: 3578417591 HAL TS:240292870611288 elapsedRealtimeNano:240292929790817

01-14 12:40:51.628  1844  2335 D sensors_hal_Ctx: poll:polldata:2, sensor:51, type:499898101, x:-0.443222 y:4.492447 z:8.794220

01-14 12:40:51.628  1844  2335 D sensors_hal_Util: waitForResponse: timeout=0

01-14 12:40:51.633  2571  2571 D KeyguardModel: mReceiver, received action: lge.intent.action.UNREAD_EMAILS, sendingUserId:0

01-14 12:40:51.635  2571  2571 W Bundle  : Key number expected String but value was a java.lang.Integer.  The default value <null> was returned.

01-14 12:40:51.636 29312 29429 W art     : Native thread exiting without having called DetachCurrentThread (maybe it's going to use a pthread_key_create destructor?): Thread[41,tid=29429,Native,Thread*=0xc6319100,peer=0x12cfd160,"FTcpMes-ansport"]

01-14 12:40:51.636 29312 29429 D UE4     : *** JavaEnvDestructor: 29429

01-14 12:40:51.642  2571  2571 W Bundle  : Attempt to cast generated internal exception:

01-14 12:40:51.642  2571  2571 W Bundle  : java.lang.ClassCastException: java.lang.Integer cannot be cast to java.lang.String

01-14 12:40:51.642  2571  2571 W Bundle  : 	at android.os.BaseBundle.getString(BaseBundle.java:923)

01-14 12:40:51.642  2571  2571 W Bundle  : 	at android.content.Intent.getStringExtra(Intent.java:5349)

01-14 12:40:51.642  2571  2571 W Bundle  : 	at com.lge.lockscreen.model.KeyguardModel.getNotification(KeyguardModel.java:2874)

01-14 12:40:51.642  2571  2571 W Bundle  : 	at com.lge.lockscreen.model.KeyguardModel.-wrap1(KeyguardModel.java)

01-14 12:40:51.642  2571  2571 W Bundle  : 	at com.lge.lockscreen.model.KeyguardModel$4.onReceive(KeyguardModel.java:815)

01-14 12:40:51.642  2571  2571 W Bundle  : 	at android.app.LoadedApk$ReceiverDispatcher$Args.run(LoadedApk.java:923)

01-14 12:40:51.642  2571  2571 W Bundle  : 	at android.os.Handler.handleCallback(Handler.java:739)

01-14 12:40:51.642  2571  2571 W Bundle  : 	at android.os.Handler.dispatchMessage(Handler.java:95)

01-14 12:40:51.642  2571  2571 W Bundle  : 	at android.os.Looper.loop(Looper.java:148)

01-14 12:40:51.642  2571  2571 W Bundle  : 	at android.app.ActivityThread.main(ActivityThread.java:5551)

01-14 12:40:51.642  2571  2571 W Bundle  : 	at java.lang.reflect.Method.invoke(Native Method)

01-14 12:40:51.642  2571  2571 W Bundle  : 	at com.android.internal.os.ZygoteInit$MethodAndArgsCaller.run(ZygoteInit.java:730)

01-14 12:40:51.642  2571  2571 W Bundle  : 	at com.android.internal.os.ZygoteInit.main(ZygoteInit.java:620)

01-14 12:40:51.647  2571  2571 D KeyguardModel: putNotificationIntoList Number: 0 Id: 2 UserId: 0

01-14 12:40:51.648  1844  2335 D sensors_hal_Ctx: poll:polldata:1, sensor:0, type:1, x:-0.334763 y:4.663803 z:8.595963

01-14 12:40:51.648  1844  2335 D sensors_hal_Util: waitForResponse: timeout=0

01-14 12:40:51.656 12794 12794 I Finsky  : [1] rbl.a(7): PackageMonitor received: android.intent.action.PACKAGE_CHANGED

01-14 12:40:51.661 12794 12794 I Finsky  : [1] rco.d(11): Invalidating cached PackageState for com.google.android.instantapps.supervisor

01-14 12:40:51.663   935   985 I GBMv2   : GBM state [10]

01-14 12:40:51.667  1844  2335 D sensors_hal_Ctx: poll:polldata:1, sensor:0, type:1, x:-0.478409 y:4.623108 z:8.145859

01-14 12:40:51.667  1844  2335 D sensors_hal_Util: waitForResponse: timeout=0

01-14 12:40:51.669  1844  2889 I sensors_hal_Ctx: flush: handle is 86

01-14 12:40:51.669  1844  2889 I sensors_hal_SAM: flush:sensor() handle:86

01-14 12:40:51.669  1844  2889 D sensors_hal_SAM: flush: handle 86 batch_support 1

01-14 12:40:51.669  1844  2889 D sensors_hal_HealthActivityPattern: sendBatchReq: batching: 1, batch_rate=0.199997 (Hz)

01-14 12:40:51.669  1844  3109 I sensors_hal_Ctx: flush: handle is 48

01-14 12:40:51.669  1844  3109 I sensors_hal_SAM: flush:sensor(android.sensor.step_detector) handle:48

01-14 12:40:51.669  1844  3109 D sensors_hal_SAM: flush: handle 48 batch_support 1

01-14 12:40:51.669  1844  3109 D sensors_hal_StepDetector: sendBatchReq: batching: 1, batch_rate=0.016663 (Hz)

01-14 12:40:51.672  1844  2278 I sensors_hal_HealthActivityPattern: processResp: handle:86

01-14 12:40:51.672  1844  2278 E sensors_hal_HealthActivityPattern: processResp: Msg 33; Result: 1, Error: 6

01-14 12:40:51.673  1844  2287 D sensors_hal_StepDetector: processInd: SNS_SAM_PED_BATCH_IND_V01

01-14 12:40:51.673  1844  2335 D sensors_hal_Ctx: poll:polldata:1, sensor:48, type:18, x:1.000000 y:0.000000 z:-0.000000

01-14 12:40:51.673  1844  2335 D sensors_hal_Util: waitForResponse: timeout=0

01-14 12:40:51.673  1844  2287 D sensors_hal_StepDetector: processResp: Received SNS_SAM_PED_BATCH_RESP_V01

01-14 12:40:51.673  1844  2287 D sensors_hal: flushSendCmplt: handle=48

01-14 12:40:51.673  1844  2335 D sensors_hal_Ctx: poll:polldata:1, sensor:0, type:0, x:0.000000 y:0.000000 z:0.000000

01-14 12:40:51.673  1844  2335 D sensors_hal_Util: waitForResponse: timeout=0

01-14 12:40:51.675  8685  8685 I BIO PLATFORM SDSERVICE 2: StepDetector::[onSensorChanged] Handler Current: 2020-01-14T12:40:51.674+09:00 / Fire: 2020-01-14T12:40:53.674+09:00

01-14 12:40:51.675  8685  8685 I BIO PLATFORM SDSERVICE 2: StepDetector::[onSensorChanged] STEP: 1578973250426

01-14 12:40:51.687  1844  2335 D sensors_hal_Ctx: poll:polldata:1, sensor:0, type:1, x:-0.478409 y:4.659012 z:8.045303

01-14 12:40:51.687  1844  2335 D sensors_hal_Util: waitForResponse: timeout=0

01-14 12:40:51.688  1844  2323 D sensors_hal_LGMotionAccel: processInd: LP2: X: -0.377319 Y: 4.639740 Z: 8.401520 SAM TS: 3578419775 HAL TS:240292937261679 elapsedRealtimeNano:240292989640400

01-14 12:40:51.688  1844  2335 D sensors_hal_Ctx: poll:polldata:1, sensor:51, type:499898101, x:-0.377319 y:4.639740 z:8.401520

01-14 12:40:51.688  1844  2335 D sensors_hal_Util: waitForResponse: timeout=0

01-14 12:40:51.705  2950  4558 I Icing   : IndexChimeraService.getServiceInterface callingPackage=com.google.android.gms componentName=AppsCorpus serviceId=36

01-14 12:40:51.710  1844  2335 D sensors_hal_Ctx: poll:polldata:1, sensor:0, type:1, x:-0.428131 y:4.627899 z:8.397247

01-14 12:40:51.710  1844  2335 D sensors_hal_Util: waitForResponse: timeout=0

01-14 12:40:51.711  2571  2571 I Timeline: Timeline: Activity_idle id: android.os.BinderProxy@f843ca time:154885817

01-14 12:40:51.718  1844  2516 D ConnectivityService: updateCapabilities cap:[ Transports: WIFI Capabilities: INTERNET&NOT_RESTRICTED&TRUSTED&NOT_VPN LinkUpBandwidth>=1048576Kbps LinkDnBandwidth>=1048576Kbps SignalStrength: -75]

01-14 12:40:51.719  1844  2516 D CSLegacyTypeTracker: Adding agent NetworkAgentInfo{ ni{[type: MOBILE[LTE], state: CONNECTED/CONNECTED, reason: (unspecified), extra: ims, roaming: false, failover: false, isAvailable: true, network type: 0]}  network{100}  lp{{InterfaceName: rmnet_data0 LinkAddresses: [2001:2d8:ea3d:7823:3728:f667:eb35:50b/64,]  Routes: [::/0 -> fe80::116c:3159:9b54:acb8 rmnet_data0,] DnsAddresses: [fd00:e13:501:c::170,fd00:e13:101:c::7,] Domains: null MTU: 1440 TcpBufferSizes: 2097152,4194304,8388608,1048576,3145728,4194304 PcscfAddresses: [fd00:e15:501:2::150,] }}  nc{[ Transports: CELLULAR Capabilities: MMS&IMS&NOT_RESTRICTED&TRUSTED&NOT_VPN&VALIDATED LinkUpBandwidth>=51200Kbps LinkDnBandwidth>=102400Kbps Specifier: <1>]}  Score{50}  everValidated{true}  lastValidated{true}  created{true} lingering{false} explicitlySelected{false} acceptUnvalidated{false} everCaptivePortalDetected{false} lastCaptivePortalDetected{false} } for legacy network type 11

01-14 12:40:51.719  1844  2516 D ConnectivityService: notifyType CAP_CHANGED for NetworkAgentInfo [WIFI () - 323]

01-14 12:40:51.726  3208  4569 I LGIMS_J : [Apn$ImsNetworkCallback::onCapabilitiesChanged:985] ImsNetworkCallback :: onCapabilitiesChanged=323

01-14 12:40:51.727  3208  3208 D LGIMS_J : [Apn::handleMessage:322] Apn :: apn=INTERNET, msg=3008, proc=null

01-14 12:40:51.727  3208  3208 D LGIMS_J : [Apn$Handle_EVENT_UPDATE_APN_STRING_SUBTYPE::procMsg:788] 

01-14 12:40:51.727  3208  3208 D LGIMS_J : [Apn::updateApnStringAndSubType:408] 

01-14 12:40:51.728  1844  2335 D sensors_hal_Ctx: poll:polldata:1, sensor:0, type:1, x:-0.322784 y:4.611130 z:8.629486

01-14 12:40:51.728  1844  2335 D sensors_hal_Util: waitForResponse: timeout=0

01-14 12:40:51.728  1844  3083 D ConnectivityService: getActiveNetwork nai=NetworkAgentInfo{ ni{[type: WIFI[], state: CONNECTED/CONNECTED, reason: (unspecified), extra: "U+NetEA13", roaming: false, failover: false, isAvailable: true, network type: 1]}  network{323}  lp{{InterfaceName: wlan0 LinkAddresses: [fe80::5e70:a3ff:fe45:d7ff/64,192.168.219.102/24,]  Routes: [fe80::/64 -> :: wlan0,192.168.219.0/24 -> 0.0.0.0 wlan0,0.0.0.0/0 -> 192.168.219.1 wlan0,] DnsAddresses: [1.214.68.2,61.41.153.2,] Domains:  MTU: 0 TcpBufferSizes: 1048576,4194304,8388608,1048576,2097152,4194304 PcscfAddresses: [] }}  nc{[ Transports: WIFI Capabilities: INTERNET&NOT_RESTRICTED&TRUSTED&NOT_VPN&VALIDATED LinkUpBandwidth>=1048576Kbps LinkDnBandwidth>=1048576Kbps SignalStrength: -75]}  Score{60}  everValidated{true}  lastValidated{true}  created{true} lingering{false} explicitlySelected{false} acceptUnvalidated{false} everCaptivePortalDetected{false} lastCaptivePortalDetected{false} }

01-14 12:40:51.728  3208  3208 D LGIMS_J : [Apn::updateApnStringAndSubType:420] netInfo is null. Retry with network type

01-14 12:40:51.730  3208  3208 W LGIMS_J : [Apn::updateApnStringAndSubType:438] Apn string = lte.sktelecom.com, Network subtype = 0

01-14 12:40:51.730  3208  3208 E LGIMS_J : [Apn::handleMessage:317] Apn :: no proc - apn=INTERNET, msg=3006, proc=NETWORK_CAPABILITIES_CHANGED

01-14 12:40:51.731  1844  3109 D ConnectivityService: getActiveNetwork nai=NetworkAgentInfo{ ni{[type: WIFI[], state: CONNECTED/CONNECTED, reason: (unspecified), extra: "U+NetEA13", roaming: false, failover: false, isAvailable: true, network type: 1]}  network{323}  lp{{InterfaceName: wlan0 LinkAddresses: [fe80::5e70:a3ff:fe45:d7ff/64,192.168.219.102/24,]  Routes: [fe80::/64 -> :: wlan0,192.168.219.0/24 -> 0.0.0.0 wlan0,0.0.0.0/0 -> 192.168.219.1 wlan0,] DnsAddresses: [1.214.68.2,61.41.153.2,] Domains:  MTU: 0 TcpBufferSizes: 1048576,4194304,8388608,1048576,2097152,4194304 PcscfAddresses: [] }}  nc{[ Transports: WIFI Capabilities: INTERNET&NOT_RESTRICTED&TRUSTED&NOT_VPN&VALIDATED LinkUpBandwidth>=1048576Kbps LinkDnBandwidth>=1048576Kbps SignalStrength: -75]}  Score{60}  everValidated{true}  lastValidated{true}  created{true} lingering{false} explicitlySelected{false} acceptUnvalidated{false} everCaptivePortalDetected{false} lastCaptivePortalDetected{false} }

01-14 12:40:51.731  2571  3471 I NetworkController: [NetworkControllerImpl.java:635:onReceive()]onReceive: intent=Intent { act=android.net.wifi.RSSI_CHANGED flg=0x4000010 (has extras) }

01-14 12:40:51.734  1844  1858 D ConnectivityService: getActiveNetwork nai=NetworkAgentInfo{ ni{[type: WIFI[], state: CONNECTED/CONNECTED, reason: (unspecified), extra: "U+NetEA13", roaming: false, failover: false, isAvailable: true, network type: 1]}  network{323}  lp{{InterfaceName: wlan0 LinkAddresses: [fe80::5e70:a3ff:fe45:d7ff/64,192.168.219.102/24,]  Routes: [fe80::/64 -> :: wlan0,192.168.219.0/24 -> 0.0.0.0 wlan0,0.0.0.0/0 -> 192.168.219.1 wlan0,] DnsAddresses: [1.214.68.2,61.41.153.2,] Domains:  MTU: 0 TcpBufferSizes: 1048576,4194304,8388608,1048576,2097152,4194304 PcscfAddresses: [] }}  nc{[ Transports: WIFI Capabilities: INTERNET&NOT_RESTRICTED&TRUSTED&NOT_VPN&VALIDATED LinkUpBandwidth>=1048576Kbps LinkDnBandwidth>=1048576Kbps SignalStrength: -75]}  Score{60}  everValidated{true}  lastValidated{true}  created{true} lingering{false} explicitlySelected{false} acceptUnvalidated{false} everCaptivePortalDetected{false} lastCaptivePortalDetected{false} }

01-14 12:40:51.737  1844  2893 D ConnectivityService: getActiveNetwork nai=NetworkAgentInfo{ ni{[type: WIFI[], state: CONNECTED/CONNECTED, reason: (unspecified), extra: "U+NetEA13", roaming: false, failover: false, isAvailable: true, network type: 1]}  network{323}  lp{{InterfaceName: wlan0 LinkAddresses: [fe80::5e70:a3ff:fe45:d7ff/64,192.168.219.102/24,]  Routes: [fe80::/64 -> :: wlan0,192.168.219.0/24 -> 0.0.0.0 wlan0,0.0.0.0/0 -> 192.168.219.1 wlan0,] DnsAddresses: [1.214.68.2,61.41.153.2,] Domains:  MTU: 0 TcpBufferSizes: 1048576,4194304,8388608,1048576,2097152,4194304 PcscfAddresses: [] }}  nc{[ Transports: WIFI Capabilities: INTERNET&NOT_RESTRICTED&TRUSTED&NOT_VPN&VALIDATED LinkUpBandwidth>=1048576Kbps LinkDnBandwidth>=1048576Kbps SignalStrength: -75]}  Score{60}  everValidated{true}  lastValidated{true}  created{true} lingering{false} explicitlySelected{false} acceptUnvalidated{false} everCaptivePortalDetected{false} lastCaptivePortalDetected{false} }

01-14 12:40:51.740  1844  2889 D ConnectivityService: getActiveNetwork nai=NetworkAgentInfo{ ni{[type: WIFI[], state: CONNECTED/CONNECTED, reason: (unspecified), extra: "U+NetEA13", roaming: false, failover: false, isAvailable: true, network type: 1]}  network{323}  lp{{InterfaceName: wlan0 LinkAddresses: [fe80::5e70:a3ff:fe45:d7ff/64,192.168.219.102/24,]  Routes: [fe80::/64 -> :: wlan0,192.168.219.0/24 -> 0.0.0.0 wlan0,0.0.0.0/0 -> 192.168.219.1 wlan0,] DnsAddresses: [1.214.68.2,61.41.153.2,] Domains:  MTU: 0 TcpBufferSizes: 1048576,4194304,8388608,1048576,2097152,4194304 PcscfAddresses: [] }}  nc{[ Transports: WIFI Capabilities: INTERNET&NOT_RESTRICTED&TRUSTED&NOT_VPN&VALIDATED LinkUpBandwidth>=1048576Kbps LinkDnBandwidth>=1048576Kbps SignalStrength: -75]}  Score{60}  everValidated{true}  lastValidated{true}  created{true} lingering{false} explicitlySelected{false} acceptUnvalidated{false} everCaptivePortalDetected{false} lastCaptivePortalDetected{false} }

01-14 12:40:51.741  8685  8685 I HealthEventReceiverService: [onChange] URI : content://com.lge.lifetracker.HealthDataProvider/temp_activity

01-14 12:40:51.741  8685 29678 I BIO PLATFORM SDSERVICE 2: StepDetectorIntentService::[TEMP : STEP DETECTOR] 2020-01-14T12:40:51.715+09:00 / 2020-01-14T12:40:50.426+09:00, Event TS:1578973250426

01-14 12:40:51.742 12794 12794 I Finsky  : [1] qrs.c(2): Frosting ID looked up on UI thread. Caller should move to a background thread.

01-14 12:40:51.746  1844  2893 D ConnectivityService: getActiveNetwork nai=NetworkAgentInfo{ ni{[type: WIFI[], state: CONNECTED/CONNECTED, reason: (unspecified), extra: "U+NetEA13", roaming: false, failover: false, isAvailable: true, network type: 1]}  network{323}  lp{{InterfaceName: wlan0 LinkAddresses: [fe80::5e70:a3ff:fe45:d7ff/64,192.168.219.102/24,]  Routes: [fe80::/64 -> :: wlan0,192.168.219.0/24 -> 0.0.0.0 wlan0,0.0.0.0/0 -> 192.168.219.1 wlan0,] DnsAddresses: [1.214.68.2,61.41.153.2,] Domains:  MTU: 0 TcpBufferSizes: 1048576,4194304,8388608,1048576,2097152,4194304 PcscfAddresses: [] }}  nc{[ Transports: WIFI Capabilities: INTERNET&NOT_RESTRICTED&TRUSTED&NOT_VPN&VALIDATED LinkUpBandwidth>=1048576Kbps LinkDnBandwidth>=1048576Kbps SignalStrength: -75]}  Score{60}  everValidated{true}  lastValidated{true}  created{true} lingering{false} explicitlySelected{false} acceptUnvalidated{false} everCaptivePortalDetected{false} lastCaptivePortalDetected{false} }

01-14 12:40:51.747  2571  3471 I WifiSignalController: [WifiSignalController.java:322:updateLevel()]mWifiConnected = true, mWifiLevel = 1

01-14 12:40:51.747  1844  3101 D ConnectivityService: getActiveNetwork nai=NetworkAgentInfo{ ni{[type: WIFI[], state: CONNECTED/CONNECTED, reason: (unspecified), extra: "U+NetEA13", roaming: false, failover: false, isAvailable: true, network type: 1]}  network{323}  lp{{InterfaceName: wlan0 LinkAddresses: [fe80::5e70:a3ff:fe45:d7ff/64,192.168.219.102/24,]  Routes: [fe80::/64 -> :: wlan0,192.168.219.0/24 -> 0.0.0.0 wlan0,0.0.0.0/0 -> 192.168.219.1 wlan0,] DnsAddresses: [1.214.68.2,61.41.153.2,] Domains:  MTU: 0 TcpBufferSizes: 1048576,4194304,8388608,1048576,2097152,4194304 PcscfAddresses: [] }}  nc{[ Transports: WIFI Capabilities: INTERNET&NOT_RESTRICTED&TRUSTED&NOT_VPN&VALIDATED LinkUpBandwidth>=1048576Kbps LinkDnBandwidth>=1048576Kbps SignalStrength: -75]}  Score{60}  everValidated{true}  lastValidated{true}  created{true} lingering{false} explicitlySelected{false} acceptUnvalidated{false} everCaptivePortalDetected{false} lastCaptivePortalDetected{false} }

01-14 12:40:51.747  1844  2335 D sensors_hal_Ctx: poll:polldata:1, sensor:0, type:1, x:-0.406586 y:4.594376 z:8.660614

01-14 12:40:51.747  1844  2335 D sensors_hal_Util: waitForResponse: timeout=0

01-14 12:40:51.748  2571  3471 I NetworkController: [SignalController.java:129:isDirty()]Change in state from: connected=true,enabled=true,level=2,inetCondition=1,iconGroup=IconGroup(SECURITY AP Wi-Fi Icons),activityIn=true,activityOut=true,rssi=-61,,ssid="U+NetEA13",ktGigaWiFi=false,attWifiCall=false

01-14 12:40:51.748  2571  3471 I NetworkController: 	to: connected=true,enabled=true,level=1,inetCondition=1,iconGroup=IconGroup(SECURITY AP Wi-Fi Icons),activityIn=true,activityOut=true,rssi=-75,,ssid="U+NetEA13",ktGigaWiFi=false,attWifiCall=false

01-14 12:40:51.752  2571  2571 D SignalClusterView: [SignalClusterView.java:799:apply()]mMobileDescription =   .

01-14 12:40:51.752  2571  2571 D SignalClusterView: [SignalClusterView.java:799:apply()]mMobileDescription =   .

01-14 12:40:51.752  2571  2571 D SignalClusterView: [SignalClusterView.java:799:apply()]mMobileDescription =   .

01-14 12:40:51.764   935   985 I GBMv2   : GBM state [0]

01-14 12:40:51.764   935   985 I GBMv2   : GBM state [1]

01-14 12:40:51.778  1844  1857 I ActivityManager: Start proc 29680:com.google.android.googlequicksearchbox:search/u0a84 for broadcast com.google.android.googlequicksearchbox/com.google.android.apps.gsa.googlequicksearchbox.GelStubAppWatcher

01-14 12:40:51.798 12794 29679 I Finsky  : [12497] qro.run(-1): Wrote row to frosting DB: 8454

