01-25 15:07:42.749 16645 16992 D AppChangedDetector: lastUsedAppId com.YourCompany.Rolling

01-25 15:07:43.204  1745  3082 I sensors_hal_Ctx: flush: handle is 86

01-25 15:07:43.204  1745  3082 I sensors_hal_SAM: flush:sensor() handle:86

01-25 15:07:43.205  1745  3047 I sensors_hal_Ctx: flush: handle is 48

01-25 15:07:43.205  1745  3047 I sensors_hal_SAM: flush:sensor(android.sensor.step_detector) handle:48

01-25 15:07:43.206  1745  2283 I sensors_hal_HealthActivityPattern: processResp: handle:86

01-25 15:07:43.227  1068  1349 W XTCC-5.1.0.7: [PosMgr] Position request

01-25 15:07:43.230  1066  2714 I LowiWifiHal: ivmh: event received NL80211_CMD_TRIGGER_SCAN

01-25 15:07:43.230  1066  2714 I LowiWifiHal: ivmh: event received NL80211_CMD_TRIGGER_SCAN, vendor_id = 0x0

01-25 15:07:43.230  1066  2714 I LowiWifiHal: ivmh: event ignored!!

01-25 15:07:43.230  2716  2716 I wpa_supplicant: wlan0: CTRL-EVENT-SCAN-STARTED 

01-25 15:07:43.252 16645 16992 D AppChangedDetector: lastUsedAppId com.YourCompany.Rolling

01-25 15:07:43.603   952   988 I GBMv2   : GBM state [10]

01-25 15:07:43.703   952   988 I GBMv2   : GBM state [0]

01-25 15:07:43.703   952   988 I GBMv2   : GBM state [1]

01-25 15:07:43.755 16645 16992 D AppChangedDetector: lastUsedAppId com.YourCompany.Rolling

01-25 15:07:44.020  1066  2714 I LowiWifiHal: ivmh: event received NL80211_CMD_NEW_SCAN_RESULTS

01-25 15:07:44.020  1066  2714 I LowiWifiHal: ivmh: event received NL80211_CMD_NEW_SCAN_RESULTS, vendor_id = 0x0

01-25 15:07:44.020  1066  2714 I LowiWifiHal: ivmh: event ignored!!

01-25 15:07:44.021  1745  2512 D LGWifiP2pService: InactiveState{ when=0 what=147461 target=com.android.internal.util.StateMachine$SmHandler }

01-25 15:07:44.021  1745  2512 D LGWifiP2pService: P2pEnabledState{ when=0 what=147461 target=com.android.internal.util.StateMachine$SmHandler }

01-25 15:07:44.021  1745  2512 D LGWifiP2pService: DefaultState{ when=0 what=147461 target=com.android.internal.util.StateMachine$SmHandler }

01-25 15:07:44.023  1068  1349 W XTCC-5.1.0.7: [WifiScanner] WiFi scan result : [6] AP's

01-25 15:07:44.023  3159  3391 D P2pExtMonWorker: Event [CTRL-EVENT-SCAN-RESULTS ]

01-25 15:07:44.023  3159  3391 D P2pExtMonWorker: Event [WPS-AP-AVAILABLE ]

01-25 15:07:44.023  1068  1349 W XTCC-5.1.0.7: [PosMgr] sending back response for POSITION (a) tx(29180), Number of APs used in this position request (8)

01-25 15:07:44.026  1745  3649 E LocSvc_libulp: E/int ulp_brain_transition_all_providers(), no QUIPC/GNSS transition logic run due to both engines are OFF 

01-25 15:07:44.028  1745  2992 E QMI_FW  : QCCI qmi_cci_xport_recv: txn not found. svc_id: 16

01-25 15:07:44.029  1068  1355 W XTCC-5.1.0.7: [WifiScanner] WiFi scan result : [6] AP's

01-25 15:07:44.029  1745  2980 E LocSvc_LBSApiV02: E/virtual int lbs_core::LBSApiV02::injectCoarsePosition(const CoarsePositionInfo&):320]: Error : st = 3, ind.status = -1334472704

01-25 15:07:44.029  1745  2980 I IzatProviderEngine: LocTech-Label :: OSDC :: Position Report In

01-25 15:07:44.029  1745  2980 I IzatProviderEngine: LocTech-Value :: UTC Time: 1579932464025, Elapsed Real Time Nanos: 99625594334352, Latitude: 37.56418967099772, Longitude: 127.03908077478359, Altitude: 0.0, Speed: 0.0, Bearing: 0.0, Accuracy: 69.66346

01-25 15:07:44.029  1068  1355 W XTCC-5.1.0.7: [FDAL_ZPP_MGR] RequestNewZppFix: Getting ZPP

01-25 15:07:44.031  1745  1935 D LocationManagerService: This location is marked as ready for broadcast

01-25 15:07:44.031  1745  1935 D LocationManagerService: incoming location: Location[network 37.564190,127.039081 acc=70 et=+1d3h40m25s594ms alt=0.0 vel=0.0 bear=0.0 {Bundle[{com.qualcomm.location.nlp:ready=true}]}]

01-25 15:07:44.033  1745  1935 D LocationManagerService: incoming location: Location[network 37.564190,127.039081 acc=70 et=+1d3h40m25s594ms alt=0.0 vel=0.0 bear=0.0 {Bundle[{com.qualcomm.location.nlp:ready=true}]}]

01-25 15:07:44.036  1068  1355 W XTCC-5.1.0.7: [FDAL_ZPP_MGR] RequestNewZppFix 37.563629 127.039032 466.737122: ZPP Return Flag 0x11

01-25 15:07:44.042  1745  2516 D LgWifiFavoriteAp: ConnectedState - msg [3] is not handled

01-25 15:07:44.043  3061  3061 E API     : getOnOffStatus status : 0

01-25 15:07:44.043  3061  3061 I WIFI_MANAGER: Engine OFF >> Do Nothing.... 

01-25 15:07:44.205  1745  3045 I sensors_hal_Ctx: flush: handle is 86

01-25 15:07:44.206  1745  3045 I sensors_hal_SAM: flush:sensor() handle:86

01-25 15:07:44.207  1745  2892 I sensors_hal_Ctx: flush: handle is 48

01-25 15:07:44.207  1745  2892 I sensors_hal_SAM: flush:sensor(android.sensor.step_detector) handle:48

01-25 15:07:44.207  1745  2283 I sensors_hal_HealthActivityPattern: processResp: handle:86

01-25 15:07:44.258 16645 16992 D AppChangedDetector: lastUsedAppId com.YourCompany.Rolling

01-25 15:07:44.271  1745  2350 D InputDispatcher: notifyMotion - action=ACTION_UP(0), id=0, tooltype=1, deviceId=4, source=0x1002, policyFlags=0x0, flags=0x0, metaState=0x0, buttonState=0x0, edgeFlags=0x0, eventTime=81548366101000, downTime=81544262638000, 

01-25 15:07:44.271  1745  2349 D InputTransport: channel 'f2edab0 com.YourCompany.Rolling/com.epicgames.ue4.GameActivity (server)' : action=ACTION_UP(0), id=0, tooltype=1, deviceId=4, source=0x1002, flags=0x2, edgeFlags=0x0, metaState=0x0, buttonState=0x0, downTime=81544262638000, eventTime=81548366101000, pointerCount=1

01-25 15:07:44.271 24008 24008 I ViewRootImpl: ViewRoot's Touch Event : ACTION_UP

01-25 15:07:44.338  1745  2350 D InputDispatcher: notifyMotion - action=ACTION_DOWN(0), id=0, tooltype=1, deviceId=4, source=0x1002, policyFlags=0x0, flags=0x0, metaState=0x0, buttonState=0x0, edgeFlags=0x0, eventTime=81548433600000, downTime=81548433600000, 

01-25 15:07:44.339  1745  2349 D InputTransport: channel 'f2edab0 com.YourCompany.Rolling/com.epicgames.ue4.GameActivity (server)' : action=ACTION_DOWN(0), id=0, tooltype=1, deviceId=4, source=0x1002, flags=0x2, edgeFlags=0x0, metaState=0x0, buttonState=0x0, downTime=81548433600000, eventTime=81548433600000, pointerCount=1

01-25 15:07:44.339 24008 24008 I ViewRootImpl: ViewRoot's Touch Event : ACTION_DOWN

01-25 15:07:44.456  1745  2350 D InputDispatcher: notifyMotion - action=ACTION_UP(0), id=0, tooltype=1, deviceId=4, source=0x1002, policyFlags=0x0, flags=0x0, metaState=0x0, buttonState=0x0, edgeFlags=0x0, eventTime=81548551076000, downTime=81548433600000, 

01-25 15:07:44.456  1745  2349 D InputTransport: channel 'f2edab0 com.YourCompany.Rolling/com.epicgames.ue4.GameActivity (server)' : action=ACTION_UP(0), id=0, tooltype=1, deviceId=4, source=0x1002, flags=0x2, edgeFlags=0x0, metaState=0x0, buttonState=0x0, downTime=81548433600000, eventTime=81548551076000, pointerCount=1

01-25 15:07:44.456 24008 24008 I ViewRootImpl: ViewRoot's Touch Event : ACTION_UP

01-25 15:07:44.532  1745  2350 D InputDispatcher: notifyMotion - action=ACTION_DOWN(0), id=0, tooltype=1, deviceId=4, source=0x1002, policyFlags=0x0, flags=0x0, metaState=0x0, buttonState=0x0, edgeFlags=0x0, eventTime=81548626913000, downTime=81548626913000, 

01-25 15:07:44.532  1745  2349 D InputTransport: channel 'f2edab0 com.YourCompany.Rolling/com.epicgames.ue4.GameActivity (server)' : action=ACTION_DOWN(0), id=0, tooltype=1, deviceId=4, source=0x1002, flags=0x2, edgeFlags=0x0, metaState=0x0, buttonState=0x0, downTime=81548626913000, eventTime=81548626913000, pointerCount=1

01-25 15:07:44.533 24008 24008 I ViewRootImpl: ViewRoot's Touch Event : ACTION_DOWN

01-25 15:07:44.649  1745  2350 D InputDispatcher: notifyMotion - action=ACTION_UP(0), id=0, tooltype=1, deviceId=4, source=0x1002, policyFlags=0x0, flags=0x0, metaState=0x0, buttonState=0x0, edgeFlags=0x0, eventTime=81548744508000, downTime=81548626913000, 

01-25 15:07:44.649  1745  2349 D InputTransport: channel 'f2edab0 com.YourCompany.Rolling/com.epicgames.ue4.GameActivity (server)' : action=ACTION_UP(0), id=0, tooltype=1, deviceId=4, source=0x1002, flags=0x2, edgeFlags=0x0, metaState=0x0, buttonState=0x0, downTime=81548626913000, eventTime=81548744508000, pointerCount=1

01-25 15:07:44.650 24008 24008 I ViewRootImpl: ViewRoot's Touch Event : ACTION_UP

01-25 15:07:44.765 16645 16992 D AppChangedDetector: lastUsedAppId com.YourCompany.Rolling

01-25 15:07:44.827  1745  2519 V WifiServerServiceExt: checkPollTimer Cnt= 0 rssi =-69 threshold=-100

01-25 15:07:44.853  1745  2350 D InputDispatcher: notifyMotion - action=ACTION_DOWN(0), id=0, tooltype=1, deviceId=4, source=0x1002, policyFlags=0x0, flags=0x0, metaState=0x0, buttonState=0x0, edgeFlags=0x0, eventTime=81548946845000, downTime=81548946845000, 

01-25 15:07:44.854  1745  2349 D InputTransport: channel 'f2edab0 com.YourCompany.Rolling/com.epicgames.ue4.GameActivity (server)' : action=ACTION_DOWN(0), id=0, tooltype=1, deviceId=4, source=0x1002, flags=0x2, edgeFlags=0x0, metaState=0x0, buttonState=0x0, downTime=81548946845000, eventTime=81548946845000, pointerCount=1

01-25 15:07:44.854 24008 24008 I ViewRootImpl: ViewRoot's Touch Event : ACTION_DOWN

01-25 15:07:45.112  1745  2350 D InputDispatcher: notifyMotion - action=ACTION_UP(0), id=0, tooltype=1, deviceId=4, source=0x1002, policyFlags=0x0, flags=0x0, metaState=0x0, buttonState=0x0, edgeFlags=0x0, eventTime=81549206966000, downTime=81548946845000, 

01-25 15:07:45.112  1745  2349 D InputTransport: channel 'f2edab0 com.YourCompany.Rolling/com.epicgames.ue4.GameActivity (server)' : action=ACTION_UP(0), id=0, tooltype=1, deviceId=4, source=0x1002, flags=0x2, edgeFlags=0x0, metaState=0x0, buttonState=0x0, downTime=81548946845000, eventTime=81549206966000, pointerCount=1

01-25 15:07:45.113 24008 24008 I ViewRootImpl: ViewRoot's Touch Event : ACTION_UP

01-25 15:07:45.208  1745  3142 I sensors_hal_Ctx: flush: handle is 86

01-25 15:07:45.208  1745  3142 I sensors_hal_SAM: flush:sensor() handle:86

01-25 15:07:45.209  1745  1912 I sensors_hal_Ctx: flush: handle is 48

01-25 15:07:45.209  1745  1912 I sensors_hal_SAM: flush:sensor(android.sensor.step_detector) handle:48

01-25 15:07:45.211  1745  2283 I sensors_hal_HealthActivityPattern: processResp: handle:86

01-25 15:07:45.270 16645 16992 D AppChangedDetector: lastUsedAppId com.YourCompany.Rolling

01-25 15:07:45.358  1745  2521 D ConnectivityService: updateCapabilities cap:[ Transports: WIFI Capabilities: INTERNET&NOT_RESTRICTED&TRUSTED&NOT_VPN LinkUpBandwidth>=1048576Kbps LinkDnBandwidth>=1048576Kbps SignalStrength: -81]

01-25 15:07:45.359  1745  2521 D CSLegacyTypeTracker: Adding agent NetworkAgentInfo{ ni{[type: MOBILE[LTE], state: CONNECTED/CONNECTED, reason: connected, extra: ims, roaming: false, failover: false, isAvailable: true, network type: 0]}  network{100}  lp{{InterfaceName: rmnet_data0 LinkAddresses: [2001:2d8:e86e:a59:50b4:d7b7:5be9:3899/64,]  Routes: [::/0 -> fe80::94d1:b9f5:3203:5209 rmnet_data0,] DnsAddresses: [fd00:e13:501:c::170,fd00:e13:101:c::7,] Domains: null MTU: 1440 TcpBufferSizes: 2097152,4194304,8388608,1048576,3145728,4194304 PcscfAddresses: [2001:2d8:e0:220::50,] }}  nc{[ Transports: CELLULAR Capabilities: MMS&IMS&NOT_RESTRICTED&TRUSTED&NOT_VPN&VALIDATED LinkUpBandwidth>=51200Kbps LinkDnBandwidth>=102400Kbps Specifier: <1>]}  Score{50}  everValidated{true}  lastValidated{true}  created{true} lingering{false} explicitlySelected{false} acceptUnvalidated{false} everCaptivePortalDetected{false} lastCaptivePortalDetected{false} } for legacy network type 11

01-25 15:07:45.360  1745  2521 D ConnectivityService: notifyType CAP_CHANGED for NetworkAgentInfo [WIFI () - 104]

01-25 15:07:45.361  2575  3450 I NetworkController: [NetworkControllerImpl.java:635:onReceive()]onReceive: intent=Intent { act=android.net.wifi.RSSI_CHANGED flg=0x4000010 (has extras) }

01-25 15:07:45.362  2575  3450 I WifiSignalController: [WifiSignalController.java:322:updateLevel()]mWifiConnected = true, mWifiLevel = 1

01-25 15:07:45.362  2575  3450 I NetworkController: [SignalController.java:129:isDirty()]Change in state from: connected=true,enabled=true,level=2,inetCondition=1,iconGroup=IconGroup(SECURITY AP Wi-Fi Icons),activityIn=true,activityOut=true,rssi=-68,,ssid="U+NetEA13",ktGigaWiFi=false,attWifiCall=false

01-25 15:07:45.362  2575  3450 I NetworkController: 	to: connected=true,enabled=true,level=1,inetCondition=1,iconGroup=IconGroup(SECURITY AP Wi-Fi Icons),activityIn=true,activityOut=true,rssi=-81,,ssid="U+NetEA13",ktGigaWiFi=false,attWifiCall=false

01-25 15:07:45.368  1745  3037 D ConnectivityService: getActiveNetwork nai=NetworkAgentInfo{ ni{[type: WIFI[], state: CONNECTED/CONNECTED, reason: (unspecified), extra: "U+NetEA13", roaming: false, failover: false, isAvailable: true, network type: 1]}  network{104}  lp{{InterfaceName: wlan0 LinkAddresses: [fe80::5e70:a3ff:fe45:d7ff/64,192.168.219.102/24,]  Routes: [fe80::/64 -> :: wlan0,192.168.219.0/24 -> 0.0.0.0 wlan0,0.0.0.0/0 -> 192.168.219.1 wlan0,] DnsAddresses: [1.214.68.2,61.41.153.2,] Domains:  MTU: 0 TcpBufferSizes: 1048576,4194304,8388608,1048576,2097152,4194304 PcscfAddresses: [] }}  nc{[ Transports: WIFI Capabilities: INTERNET&NOT_RESTRICTED&TRUSTED&NOT_VPN&VALIDATED LinkUpBandwidth>=1048576Kbps LinkDnBandwidth>=1048576Kbps SignalStrength: -81]}  Score{60}  everValidated{true}  lastValidated{true}  created{true} lingering{false} explicitlySelected{false} acceptUnvalidated{false} everCaptivePortalDetected{false} lastCaptivePortalDetected{false} }

01-25 15:07:45.368  3214  4533 I LGIMS_J : [Apn$ImsNetworkCallback::onCapabilitiesChanged:985] ImsNetworkCallback :: onCapabilitiesChanged=104

01-25 15:07:45.369  3214  3214 D LGIMS_J : [Apn::handleMessage:322] Apn :: apn=INTERNET, msg=3008, proc=null

01-25 15:07:45.369  3214  3214 D LGIMS_J : [Apn$Handle_EVENT_UPDATE_APN_STRING_SUBTYPE::procMsg:788] 

01-25 15:07:45.370  3214  3214 D LGIMS_J : [Apn::updateApnStringAndSubType:408] 

01-25 15:07:45.370  1745  3132 D ConnectivityService: getActiveNetwork nai=NetworkAgentInfo{ ni{[type: WIFI[], state: CONNECTED/CONNECTED, reason: (unspecified), extra: "U+NetEA13", roaming: false, failover: false, isAvailable: true, network type: 1]}  network{104}  lp{{InterfaceName: wlan0 LinkAddresses: [fe80::5e70:a3ff:fe45:d7ff/64,192.168.219.102/24,]  Routes: [fe80::/64 -> :: wlan0,192.168.219.0/24 -> 0.0.0.0 wlan0,0.0.0.0/0 -> 192.168.219.1 wlan0,] DnsAddresses: [1.214.68.2,61.41.153.2,] Domains:  MTU: 0 TcpBufferSizes: 1048576,4194304,8388608,1048576,2097152,4194304 PcscfAddresses: [] }}  nc{[ Transports: WIFI Capabilities: INTERNET&NOT_RESTRICTED&TRUSTED&NOT_VPN&VALIDATED LinkUpBandwidth>=1048576Kbps LinkDnBandwidth>=1048576Kbps SignalStrength: -81]}  Score{60}  everValidated{true}  lastValidated{true}  created{true} lingering{false} explicitlySelected{false} acceptUnvalidated{false} everCaptivePortalDetected{false} lastCaptivePortalDetected{false} }

01-25 15:07:45.371  3214  3214 D LGIMS_J : [Apn::updateApnStringAndSubType:420] netInfo is null. Retry with network type

01-25 15:07:45.373  1745  2350 D InputDispatcher: notifyMotion - action=ACTION_DOWN(0), id=0, tooltype=1, deviceId=4, source=0x1002, policyFlags=0x0, flags=0x0, metaState=0x0, buttonState=0x0, edgeFlags=0x0, eventTime=81549468297000, downTime=81549468297000, 

01-25 15:07:45.373  1745  2349 D InputTransport: channel 'f2edab0 com.YourCompany.Rolling/com.epicgames.ue4.GameActivity (server)' : action=ACTION_DOWN(0), id=0, tooltype=1, deviceId=4, source=0x1002, flags=0x2, edgeFlags=0x0, metaState=0x0, buttonState=0x0, downTime=81549468297000, eventTime=81549468297000, pointerCount=1

01-25 15:07:45.374 24008 24008 I ViewRootImpl: ViewRoot's Touch Event : ACTION_DOWN

01-25 15:07:45.376  3214  3214 W LGIMS_J : [Apn::updateApnStringAndSubType:438] Apn string = lte.sktelecom.com, Network subtype = 0

01-25 15:07:45.376  3214  3214 E LGIMS_J : [Apn::handleMessage:317] Apn :: no proc - apn=INTERNET, msg=3006, proc=NETWORK_CAPABILITIES_CHANGED

01-25 15:07:45.378  1745  3083 D ConnectivityService: getActiveNetwork nai=NetworkAgentInfo{ ni{[type: WIFI[], state: CONNECTED/CONNECTED, reason: (unspecified), extra: "U+NetEA13", roaming: false, failover: false, isAvailable: true, network type: 1]}  network{104}  lp{{InterfaceName: wlan0 LinkAddresses: [fe80::5e70:a3ff:fe45:d7ff/64,192.168.219.102/24,]  Routes: [fe80::/64 -> :: wlan0,192.168.219.0/24 -> 0.0.0.0 wlan0,0.0.0.0/0 -> 192.168.219.1 wlan0,] DnsAddresses: [1.214.68.2,61.41.153.2,] Domains:  MTU: 0 TcpBufferSizes: 1048576,4194304,8388608,1048576,2097152,4194304 PcscfAddresses: [] }}  nc{[ Transports: WIFI Capabilities: INTERNET&NOT_RESTRICTED&TRUSTED&NOT_VPN&VALIDATED LinkUpBandwidth>=1048576Kbps LinkDnBandwidth>=1048576Kbps SignalStrength: -81]}  Score{60}  everValidated{true}  lastValidated{true}  created{true} lingering{false} explicitlySelected{false} acceptUnvalidated{false} everCaptivePortalDetected{false} lastCaptivePortalDetected{false} }

01-25 15:07:45.390  1745  3085 D ConnectivityService: getActiveNetwork nai=NetworkAgentInfo{ ni{[type: WIFI[], state: CONNECTED/CONNECTED, reason: (unspecified), extra: "U+NetEA13", roaming: false, failover: false, isAvailable: true, network type: 1]}  network{104}  lp{{InterfaceName: wlan0 LinkAddresses: [fe80::5e70:a3ff:fe45:d7ff/64,192.168.219.102/24,]  Routes: [fe80::/64 -> :: wlan0,192.168.219.0/24 -> 0.0.0.0 wlan0,0.0.0.0/0 -> 192.168.219.1 wlan0,] DnsAddresses: [1.214.68.2,61.41.153.2,] Domains:  MTU: 0 TcpBufferSizes: 1048576,4194304,8388608,1048576,2097152,4194304 PcscfAddresses: [] }}  nc{[ Transports: WIFI Capabilities: INTERNET&NOT_RESTRICTED&TRUSTED&NOT_VPN&VALIDATED LinkUpBandwidth>=1048576Kbps LinkDnBandwidth>=1048576Kbps SignalStrength: -81]}  Score{60}  everValidated{true}  lastValidated{true}  created{true} lingering{false} explicitlySelected{false} acceptUnvalidated{false} everCaptivePortalDetected{false} lastCaptivePortalDetected{false} }

01-25 15:07:45.393  1745  3045 D ConnectivityService: getActiveNetwork nai=NetworkAgentInfo{ ni{[type: WIFI[], state: CONNECTED/CONNECTED, reason: (unspecified), extra: "U+NetEA13", roaming: false, failover: false, isAvailable: true, network type: 1]}  network{104}  lp{{InterfaceName: wlan0 LinkAddresses: [fe80::5e70:a3ff:fe45:d7ff/64,192.168.219.102/24,]  Routes: [fe80::/64 -> :: wlan0,192.168.219.0/24 -> 0.0.0.0 wlan0,0.0.0.0/0 -> 192.168.219.1 wlan0,] DnsAddresses: [1.214.68.2,61.41.153.2,] Domains:  MTU: 0 TcpBufferSizes: 1048576,4194304,8388608,1048576,2097152,4194304 PcscfAddresses: [] }}  nc{[ Transports: WIFI Capabilities: INTERNET&NOT_RESTRICTED&TRUSTED&NOT_VPN&VALIDATED LinkUpBandwidth>=1048576Kbps LinkDnBandwidth>=1048576Kbps SignalStrength: -81]}  Score{60}  everValidated{true}  lastValidated{true}  created{true} lingering{false} explicitlySelected{false} acceptUnvalidated{false} everCaptivePortalDetected{false} lastCaptivePortalDetected{false} }

01-25 15:07:45.393  2575  2575 D SignalClusterView: [SignalClusterView.java:799:apply()]mMobileDescription =   .

01-25 15:07:45.395  2575  2575 D SignalClusterView: [SignalClusterView.java:799:apply()]mMobileDescription =   .

01-25 15:07:45.395  2575  2575 D SignalClusterView: [SignalClusterView.java:799:apply()]mMobileDescription =   .

01-25 15:07:45.401  1745  3115 D ConnectivityService: getActiveNetwork nai=NetworkAgentInfo{ ni{[type: WIFI[], state: CONNECTED/CONNECTED, reason: (unspecified), extra: "U+NetEA13", roaming: false, failover: false, isAvailable: true, network type: 1]}  network{104}  lp{{InterfaceName: wlan0 LinkAddresses: [fe80::5e70:a3ff:fe45:d7ff/64,192.168.219.102/24,]  Routes: [fe80::/64 -> :: wlan0,192.168.219.0/24 -> 0.0.0.0 wlan0,0.0.0.0/0 -> 192.168.219.1 wlan0,] DnsAddresses: [1.214.68.2,61.41.153.2,] Domains:  MTU: 0 TcpBufferSizes: 1048576,4194304,8388608,1048576,2097152,4194304 PcscfAddresses: [] }}  nc{[ Transports: WIFI Capabilities: INTERNET&NOT_RESTRICTED&TRUSTED&NOT_VPN&VALIDATED LinkUpBandwidth>=1048576Kbps LinkDnBandwidth>=1048576Kbps SignalStrength: -81]}  Score{60}  everValidated{true}  lastValidated{true}  created{true} lingering{false} explicitlySelected{false} acceptUnvalidated{false} everCaptivePortalDetected{false} lastCaptivePortalDetected{false} }

01-25 15:07:45.403  1745  1913 D ConnectivityService: getActiveNetwork nai=NetworkAgentInfo{ ni{[type: WIFI[], state: CONNECTED/CONNECTED, reason: (unspecified), extra: "U+NetEA13", roaming: false, failover: false, isAvailable: true, network type: 1]}  network{104}  lp{{InterfaceName: wlan0 LinkAddresses: [fe80::5e70:a3ff:fe45:d7ff/64,192.168.219.102/24,]  Routes: [fe80::/64 -> :: wlan0,192.168.219.0/24 -> 0.0.0.0 wlan0,0.0.0.0/0 -> 192.168.219.1 wlan0,] DnsAddresses: [1.214.68.2,61.41.153.2,] Domains:  MTU: 0 TcpBufferSizes: 1048576,4194304,8388608,1048576,2097152,4194304 PcscfAddresses: [] }}  nc{[ Transports: WIFI Capabilities: INTERNET&NOT_RESTRICTED&TRUSTED&NOT_VPN&VALIDATED LinkUpBandwidth>=1048576Kbps LinkDnBandwidth>=1048576Kbps SignalStrength: -81]}  Score{60}  everValidated{true}  lastValidated{true}  created{true} lingering{false} explicitlySelected{false} acceptUnvalidated{false} everCaptivePortalDetected{false} lastCaptivePortalDetected{false} }

01-25 15:07:45.405  1745  3143 D ConnectivityService: getActiveNetwork nai=NetworkAgentInfo{ ni{[type: WIFI[], state: CONNECTED/CONNECTED, reason: (unspecified), extra: "U+NetEA13", roaming: false, failover: false, isAvailable: true, network type: 1]}  network{104}  lp{{InterfaceName: wlan0 LinkAddresses: [fe80::5e70:a3ff:fe45:d7ff/64,192.168.219.102/24,]  Routes: [fe80::/64 -> :: wlan0,192.168.219.0/24 -> 0.0.0.0 wlan0,0.0.0.0/0 -> 192.168.219.1 wlan0,] DnsAddresses: [1.214.68.2,61.41.153.2,] Domains:  MTU: 0 TcpBufferSizes: 1048576,4194304,8388608,1048576,2097152,4194304 PcscfAddresses: [] }}  nc{[ Transports: WIFI Capabilities: INTERNET&NOT_RESTRICTED&TRUSTED&NOT_VPN&VALIDATED LinkUpBandwidth>=1048576Kbps LinkDnBandwidth>=1048576Kbps SignalStrength: -81]}  Score{60}  everValidated{true}  lastValidated{true}  created{true} lingering{false} explicitlySelected{false} acceptUnvalidated{false} everCaptivePortalDetected{false} lastCaptivePortalDetected{false} }

01-25 15:07:45.456  1745  2350 D InputDispatcher: notifyMotion - action=ACTION_UP(0), id=0, tooltype=1, deviceId=4, source=0x1002, policyFlags=0x0, flags=0x0, metaState=0x0, buttonState=0x0, edgeFlags=0x0, eventTime=81549551420000, downTime=81549468297000, 

01-25 15:07:45.456  1745  2349 D InputTransport: channel 'f2edab0 com.YourCompany.Rolling/com.epicgames.ue4.GameActivity (server)' : action=ACTION_UP(0), id=0, tooltype=1, deviceId=4, source=0x1002, flags=0x2, edgeFlags=0x0, metaState=0x0, buttonState=0x0, downTime=81549468297000, eventTime=81549551420000, pointerCount=1

01-25 15:07:45.456 24008 24008 I ViewRootImpl: ViewRoot's Touch Event : ACTION_UP

01-25 15:07:45.532  1745  2350 D InputDispatcher: notifyMotion - action=ACTION_DOWN(0), id=0, tooltype=1, deviceId=4, source=0x1002, policyFlags=0x0, flags=0x0, metaState=0x0, buttonState=0x0, edgeFlags=0x0, eventTime=81549627402000, downTime=81549627402000, 

01-25 15:07:45.532  1745  2349 D InputTransport: channel 'f2edab0 com.YourCompany.Rolling/com.epicgames.ue4.GameActivity (server)' : action=ACTION_DOWN(0), id=0, tooltype=1, deviceId=4, source=0x1002, flags=0x2, edgeFlags=0x0, metaState=0x0, buttonState=0x0, downTime=81549627402000, eventTime=81549627402000, pointerCount=1

01-25 15:07:45.533 24008 24008 I ViewRootImpl: ViewRoot's Touch Event : ACTION_DOWN

01-25 15:07:45.641  1745  2350 D InputDispatcher: notifyMotion - action=ACTION_UP(0), id=0, tooltype=1, deviceId=4, source=0x1002, policyFlags=0x0, flags=0x0, metaState=0x0, buttonState=0x0, edgeFlags=0x0, eventTime=81549736513000, downTime=81549627402000, 

01-25 15:07:45.641  1745  2349 D InputTransport: channel 'f2edab0 com.YourCompany.Rolling/com.epicgames.ue4.GameActivity (server)' : action=ACTION_UP(0), id=0, tooltype=1, deviceId=4, source=0x1002, flags=0x2, edgeFlags=0x0, metaState=0x0, buttonState=0x0, downTime=81549627402000, eventTime=81549736513000, pointerCount=1

01-25 15:07:45.641 24008 24008 I ViewRootImpl: ViewRoot's Touch Event : ACTION_UP

01-25 15:07:45.723  1745  2328 D sensors_hal_LGMotionAccel: processInd: LP2: X: -1.763947 Y: 5.981750 Z: 7.800751 SAM TS: 3264476986 HAL TS:99627234637739 elapsedRealtimeNano:99627288539091

01-25 15:07:45.775 16645 16992 D AppChangedDetector: lastUsedAppId com.YourCompany.Rolling

01-25 15:07:45.952  1745  2350 D InputDispatcher: notifyMotion - action=ACTION_DOWN(0), id=0, tooltype=1, deviceId=4, source=0x1002, policyFlags=0x0, flags=0x0, metaState=0x0, buttonState=0x0, edgeFlags=0x0, eventTime=81550047747000, downTime=81550047747000, 

01-25 15:07:45.953  1745  2349 D InputTransport: channel 'f2edab0 com.YourCompany.Rolling/com.epicgames.ue4.GameActivity (server)' : action=ACTION_DOWN(0), id=0, tooltype=1, deviceId=4, source=0x1002, flags=0x2, edgeFlags=0x0, metaState=0x0, buttonState=0x0, downTime=81550047747000, eventTime=81550047747000, pointerCount=1

01-25 15:07:45.953 24008 24008 I ViewRootImpl: ViewRoot's Touch Event : ACTION_DOWN

01-25 15:07:46.026  1068  1349 W XTCC-5.1.0.7: [PosMgr] Position request

01-25 15:07:46.032  1068  1349 W XTCC-5.1.0.7: [WifiScanner] WiFi scan result : [6] AP's

01-25 15:07:46.032  1068  1349 W XTCC-5.1.0.7: [PosMgr] sending back response for POSITION (a) tx(29181), Number of APs used in this position request (8)

01-25 15:07:46.033  1745  3649 E LocSvc_libulp: E/int ulp_brain_transition_all_providers(), no QUIPC/GNSS transition logic run due to both engines are OFF 

01-25 15:07:46.033  1745  2980 I IzatProviderEngine: LocTech-Label :: OSDC :: Position Report In

01-25 15:07:46.033  1068  1355 W XTCC-5.1.0.7: [WifiScanner] WiFi scan result : [6] AP's

01-25 15:07:46.033  1745  2980 I IzatProviderEngine: LocTech-Value :: UTC Time: 1579932466033, Elapsed Real Time Nanos: 99627598328726, Latitude: 37.56418967099772, Longitude: 127.03908077478359, Altitude: 0.0, Speed: 0.0, Bearing: 0.0, Accuracy: 69.660324

01-25 15:07:46.033  1068  1355 W XTCC-5.1.0.7: [FDAL_ZPP_MGR] RequestNewZppFix: Getting ZPP

01-25 15:07:46.034  1745  1935 D LocationManagerService: This location is marked as ready for broadcast

01-25 15:07:46.034  1745  1935 D LocationManagerService: incoming location: Location[network 37.564190,127.039081 acc=70 et=+1d3h40m27s598ms alt=0.0 vel=0.0 bear=0.0 {Bundle[{com.qualcomm.location.nlp:ready=true}]}]

01-25 15:07:46.035  1745  2980 E LocSvc_LBSApiV02: E/virtual int lbs_core::LBSApiV02::injectCoarsePosition(const CoarsePositionInfo&):320]: Error : st = 3, ind.status = -1334472704

01-25 15:07:46.035  1745  2992 E QMI_FW  : QCCI qmi_cci_xport_recv: txn not found. svc_id: 16

01-25 15:07:46.036  1068  1355 W XTCC-5.1.0.7: [FDAL_ZPP_MGR] RequestNewZppFix 37.563629 127.039032 466.737122: ZPP Return Flag 0x11

01-25 15:07:46.037  1745  1935 D LocationManagerService: incoming location: Location[network 37.564190,127.039081 acc=70 et=+1d3h40m27s598ms alt=0.0 vel=0.0 bear=0.0 {Bundle[{com.qualcomm.location.nlp:ready=true}]}]

01-25 15:07:46.062  1745  2328 D sensors_hal_LGMotionAccel: processInd: LP2: X: -2.103088 Y: 5.208557 Z: 9.321075 SAM TS: 3264487906 HAL TS:99627567889692 elapsedRealtimeNano:99627627468153

01-25 15:07:46.210  1745  3045 I sensors_hal_Ctx: flush: handle is 86

01-25 15:07:46.210  1745  3045 I sensors_hal_SAM: flush:sensor() handle:86

01-25 15:07:46.210  1745  2496 I sensors_hal_Ctx: flush: handle is 48

01-25 15:07:46.210  1745  2496 I sensors_hal_SAM: flush:sensor(android.sensor.step_detector) handle:48

01-25 15:07:46.211  1745  2283 I sensors_hal_HealthActivityPattern: processResp: handle:86

01-25 15:07:46.278 16645 16992 D AppChangedDetector: lastUsedAppId com.YourCompany.Rolling

01-25 15:07:46.380  1745  2328 D sensors_hal_LGMotionAccel: processInd: LP2: X: -1.656387 Y: 5.167053 Z: 8.867538 SAM TS: 3264498826 HAL TS:99627901141645 elapsedRealtimeNano:99627945316278

01-25 15:07:46.574  1745  2350 D InputDispatcher: notifyMotion - action=ACTION_UP(0), id=0, tooltype=1, deviceId=4, source=0x1002, policyFlags=0x0, flags=0x0, metaState=0x0, buttonState=0x0, edgeFlags=0x0, eventTime=81550669770000, downTime=81550047747000, 

01-25 15:07:46.575  1745  2349 D InputTransport: channel 'f2edab0 com.YourCompany.Rolling/com.epicgames.ue4.GameActivity (server)' : action=ACTION_UP(0), id=0, tooltype=1, deviceId=4, source=0x1002, flags=0x2, edgeFlags=0x0, metaState=0x0, buttonState=0x0, downTime=81550047747000, eventTime=81550669770000, pointerCount=1

01-25 15:07:46.575 24008 24008 I ViewRootImpl: ViewRoot's Touch Event : ACTION_UP

01-25 15:07:46.594  1745  1969 D AutomaticBrightnessControllerEx: [MultiALC] (new) start checking!! mAmbientLuxWhenBarReleased : 0.0 / mBrightnessWhenBarReleased : 10 / mAmbientLux : 243.0 / mScreenBrightness = 136

01-25 15:07:46.594  1745  1969 D AutomaticBrightnessControllerEx: [MultiALC] same brightness~~~ : 136

01-25 15:07:46.721  1745  2328 D sensors_hal_LGMotionAccel: processInd: LP2: X: -2.973465 Y: 6.385406 Z: 6.465424 SAM TS: 3264509746 HAL TS:99628234393598 elapsedRealtimeNano:99628285947945

01-25 15:07:46.735  1745  2350 D InputDispatcher: notifyMotion - action=ACTION_DOWN(0), id=0, tooltype=1, deviceId=4, source=0x1002, policyFlags=0x0, flags=0x0, metaState=0x0, buttonState=0x0, edgeFlags=0x0, eventTime=81550829770000, downTime=81550829770000, 

01-25 15:07:46.735  1745  2349 D InputTransport: channel 'f2edab0 com.YourCompany.Rolling/com.epicgames.ue4.GameActivity (server)' : action=ACTION_DOWN(0), id=0, tooltype=1, deviceId=4, source=0x1002, flags=0x2, edgeFlags=0x0, metaState=0x0, buttonState=0x0, downTime=81550829770000, eventTime=81550829770000, pointerCount=1

01-25 15:07:46.736 24008 24008 I ViewRootImpl: ViewRoot's Touch Event : ACTION_DOWN

01-25 15:07:46.781 16645 16992 D AppChangedDetector: lastUsedAppId com.YourCompany.Rolling

01-25 15:07:46.810  1745  2350 D InputDispatcher: notifyMotion - action=ACTION_UP(0), id=0, tooltype=1, deviceId=4, source=0x1002, policyFlags=0x0, flags=0x0, metaState=0x0, buttonState=0x0, edgeFlags=0x0, eventTime=81550904935000, downTime=81550829770000, 

01-25 15:07:46.810  1745  2349 D InputTransport: channel 'f2edab0 com.YourCompany.Rolling/com.epicgames.ue4.GameActivity (server)' : action=ACTION_UP(0), id=0, tooltype=1, deviceId=4, source=0x1002, flags=0x2, edgeFlags=0x0, metaState=0x0, buttonState=0x0, downTime=81550829770000, eventTime=81550904935000, pointerCount=1

01-25 15:07:46.810 24008 24008 I ViewRootImpl: ViewRoot's Touch Event : ACTION_UP

01-25 15:07:46.894  1745  2350 D InputDispatcher: notifyMotion - action=ACTION_DOWN(0), id=0, tooltype=1, deviceId=4, source=0x1002, policyFlags=0x0, flags=0x0, metaState=0x0, buttonState=0x0, edgeFlags=0x0, eventTime=81550989453000, downTime=81550989453000, 

01-25 15:07:46.895  1745  2349 D InputTransport: channel 'f2edab0 com.YourCompany.Rolling/com.epicgames.ue4.GameActivity (server)' : action=ACTION_DOWN(0), id=0, tooltype=1, deviceId=4, source=0x1002, flags=0x2, edgeFlags=0x0, metaState=0x0, buttonState=0x0, downTime=81550989453000, eventTime=81550989453000, pointerCount=1

01-25 15:07:46.895 24008 24008 I ViewRootImpl: ViewRoot's Touch Event : ACTION_DOWN

01-25 15:07:47.019  1745  2350 D InputDispatcher: notifyMotion - action=ACTION_UP(0), id=0, tooltype=1, deviceId=4, source=0x1002, policyFlags=0x0, flags=0x0, metaState=0x0, buttonState=0x0, edgeFlags=0x0, eventTime=81551114416000, downTime=81550989453000, 

01-25 15:07:47.019  1745  2349 D InputTransport: channel 'f2edab0 com.YourCompany.Rolling/com.epicgames.ue4.GameActivity (server)' : action=ACTION_UP(0), id=0, tooltype=1, deviceId=4, source=0x1002, flags=0x2, edgeFlags=0x0, metaState=0x0, buttonState=0x0, downTime=81550989453000, eventTime=81551114416000, pointerCount=1

01-25 15:07:47.020 24008 24008 I ViewRootImpl: ViewRoot's Touch Event : ACTION_UP

01-25 15:07:47.058  1745  2328 D sensors_hal_LGMotionAccel: processInd: LP2: X: -2.872406 Y: 6.656357 Z: 6.070129 SAM TS: 3264520666 HAL TS:99628567645552 elapsedRealtimeNano:99628623660809

01-25 15:07:47.096  1745  2350 D InputDispatcher: notifyMotion - action=ACTION_DOWN(0), id=0, tooltype=1, deviceId=4, source=0x1002, policyFlags=0x0, flags=0x0, metaState=0x0, buttonState=0x0, edgeFlags=0x0, eventTime=81551191122000, downTime=81551191122000, 

01-25 15:07:47.096  1745  2349 D InputTransport: channel 'f2edab0 com.YourCompany.Rolling/com.epicgames.ue4.GameActivity (server)' : action=ACTION_DOWN(0), id=0, tooltype=1, deviceId=4, source=0x1002, flags=0x2, edgeFlags=0x0, metaState=0x0, buttonState=0x0, downTime=81551191122000, eventTime=81551191122000, pointerCount=1

01-25 15:07:47.097 24008 24008 I ViewRootImpl: ViewRoot's Touch Event : ACTION_DOWN

01-25 15:07:47.211  1745  1912 I sensors_hal_Ctx: flush: handle is 86

01-25 15:07:47.211  1745  1912 I sensors_hal_SAM: flush:sensor() handle:86

01-25 15:07:47.212  1745  3132 I sensors_hal_Ctx: flush: handle is 48

01-25 15:07:47.212  1745  3132 I sensors_hal_SAM: flush:sensor(android.sensor.step_detector) handle:48

01-25 15:07:47.212  1745  2350 D InputDispatcher: notifyMotion - action=ACTION_UP(0), id=0, tooltype=1, deviceId=4, source=0x1002, policyFlags=0x0, flags=0x0, metaState=0x0, buttonState=0x0, edgeFlags=0x0, eventTime=81551307735000, downTime=81551191122000, 

01-25 15:07:47.212  1745  2349 D InputTransport: channel 'f2edab0 com.YourCompany.Rolling/com.epicgames.ue4.GameActivity (server)' : action=ACTION_UP(0), id=0, tooltype=1, deviceId=4, source=0x1002, flags=0x2, edgeFlags=0x0, metaState=0x0, buttonState=0x0, downTime=81551191122000, eventTime=81551307735000, pointerCount=1

01-25 15:07:47.213 24008 24008 I ViewRootImpl: ViewRoot's Touch Event : ACTION_UP

01-25 15:07:47.214  1745  2283 I sensors_hal_HealthActivityPattern: processResp: handle:86

01-25 15:07:47.281  1745  2350 D InputDispatcher: notifyMotion - action=ACTION_DOWN(0), id=0, tooltype=1, deviceId=4, source=0x1002, policyFlags=0x0, flags=0x0, metaState=0x0, buttonState=0x0, edgeFlags=0x0, eventTime=81551376059000, downTime=81551376059000, 

01-25 15:07:47.281  1745  2349 D InputTransport: channel 'f2edab0 com.YourCompany.Rolling/com.epicgames.ue4.GameActivity (server)' : action=ACTION_DOWN(0), id=0, tooltype=1, deviceId=4, source=0x1002, flags=0x2, edgeFlags=0x0, metaState=0x0, buttonState=0x0, downTime=81551376059000, eventTime=81551376059000, pointerCount=1

01-25 15:07:47.282 24008 24008 I ViewRootImpl: ViewRoot's Touch Event : ACTION_DOWN

01-25 15:07:47.284 16645 16992 D AppChangedDetector: lastUsedAppId com.YourCompany.Rolling

01-25 15:07:47.356  1745  2521 D ConnectivityService: updateCapabilities cap:[ Transports: WIFI Capabilities: INTERNET&NOT_RESTRICTED&TRUSTED&NOT_VPN LinkUpBandwidth>=1048576Kbps LinkDnBandwidth>=1048576Kbps SignalStrength: -69]

01-25 15:07:47.357  1745  2521 D CSLegacyTypeTracker: Adding agent NetworkAgentInfo{ ni{[type: MOBILE[LTE], state: CONNECTED/CONNECTED, reason: connected, extra: ims, roaming: false, failover: false, isAvailable: true, network type: 0]}  network{100}  lp{{InterfaceName: rmnet_data0 LinkAddresses: [2001:2d8:e86e:a59:50b4:d7b7:5be9:3899/64,]  Routes: [::/0 -> fe80::94d1:b9f5:3203:5209 rmnet_data0,] DnsAddresses: [fd00:e13:501:c::170,fd00:e13:101:c::7,] Domains: null MTU: 1440 TcpBufferSizes: 2097152,4194304,8388608,1048576,3145728,4194304 PcscfAddresses: [2001:2d8:e0:220::50,] }}  nc{[ Transports: CELLULAR Capabilities: MMS&IMS&NOT_RESTRICTED&TRUSTED&NOT_VPN&VALIDATED LinkUpBandwidth>=51200Kbps LinkDnBandwidth>=102400Kbps Specifier: <1>]}  Score{50}  everValidated{true}  lastValidated{true}  created{true} lingering{false} explicitlySelected{false} acceptUnvalidated{false} everCaptivePortalDetected{false} lastCaptivePortalDetected{false} } for legacy network type 11

01-25 15:07:47.357  1745  2521 D ConnectivityService: notifyType CAP_CHANGED for NetworkAgentInfo [WIFI () - 104]

01-25 15:07:47.358  3214  4533 I LGIMS_J : [Apn$ImsNetworkCallback::onCapabilitiesChanged:985] ImsNetworkCallback :: onCapabilitiesChanged=104

01-25 15:07:47.360  1745  3037 D ConnectivityService: getActiveNetwork nai=NetworkAgentInfo{ ni{[type: WIFI[], state: CONNECTED/CONNECTED, reason: (unspecified), extra: "U+NetEA13", roaming: false, failover: false, isAvailable: true, network type: 1]}  network{104}  lp{{InterfaceName: wlan0 LinkAddresses: [fe80::5e70:a3ff:fe45:d7ff/64,192.168.219.102/24,]  Routes: [fe80::/64 -> :: wlan0,192.168.219.0/24 -> 0.0.0.0 wlan0,0.0.0.0/0 -> 192.168.219.1 wlan0,] DnsAddresses: [1.214.68.2,61.41.153.2,] Domains:  MTU: 0 TcpBufferSizes: 1048576,4194304,8388608,1048576,2097152,4194304 PcscfAddresses: [] }}  nc{[ Transports: WIFI Capabilities: INTERNET&NOT_RESTRICTED&TRUSTED&NOT_VPN&VALIDATED LinkUpBandwidth>=1048576Kbps LinkDnBandwidth>=1048576Kbps SignalStrength: -69]}  Score{60}  everValidated{true}  lastValidated{true}  created{true} lingering{false} explicitlySelected{false} acceptUnvalidated{false} everCaptivePortalDetected{false} lastCaptivePortalDetected{false} }

01-25 15:07:47.360  3214  3214 D LGIMS_J : [Apn::handleMessage:322] Apn :: apn=INTERNET, msg=3008, proc=null

01-25 15:07:47.360  3214  3214 D LGIMS_J : [Apn$Handle_EVENT_UPDATE_APN_STRING_SUBTYPE::procMsg:788] 

01-25 15:07:47.361  3214  3214 D LGIMS_J : [Apn::updateApnStringAndSubType:408] 

01-25 15:07:47.362  3214  3214 D LGIMS_J : [Apn::updateApnStringAndSubType:420] netInfo is null. Retry with network type

01-25 15:07:47.362  1745  3142 D ConnectivityService: getActiveNetwork nai=NetworkAgentInfo{ ni{[type: WIFI[], state: CONNECTED/CONNECTED, reason: (unspecified), extra: "U+NetEA13", roaming: false, failover: false, isAvailable: true, network type: 1]}  network{104}  lp{{InterfaceName: wlan0 LinkAddresses: [fe80::5e70:a3ff:fe45:d7ff/64,192.168.219.102/24,]  Routes: [fe80::/64 -> :: wlan0,192.168.219.0/24 -> 0.0.0.0 wlan0,0.0.0.0/0 -> 192.168.219.1 wlan0,] DnsAddresses: [1.214.68.2,61.41.153.2,] Domains:  MTU: 0 TcpBufferSizes: 1048576,4194304,8388608,1048576,2097152,4194304 PcscfAddresses: [] }}  nc{[ Transports: WIFI Capabilities: INTERNET&NOT_RESTRICTED&TRUSTED&NOT_VPN&VALIDATED LinkUpBandwidth>=1048576Kbps LinkDnBandwidth>=1048576Kbps SignalStrength: -69]}  Score{60}  everValidated{true}  lastValidated{true}  created{true} lingering{false} explicitlySelected{false} acceptUnvalidated{false} everCaptivePortalDetected{false} lastCaptivePortalDetected{false} }

01-25 15:07:47.362  3214  3214 W LGIMS_J : [Apn::updateApnStringAndSubType:438] Apn string = lte.sktelecom.com, Network subtype = 0

01-25 15:07:47.362  3214  3214 E LGIMS_J : [Apn::handleMessage:317] Apn :: no proc - apn=INTERNET, msg=3006, proc=NETWORK_CAPABILITIES_CHANGED

01-25 15:07:47.364  1745  3045 D ConnectivityService: getActiveNetwork nai=NetworkAgentInfo{ ni{[type: WIFI[], state: CONNECTED/CONNECTED, reason: (unspecified), extra: "U+NetEA13", roaming: false, failover: false, isAvailable: true, network type: 1]}  network{104}  lp{{InterfaceName: wlan0 LinkAddresses: [fe80::5e70:a3ff:fe45:d7ff/64,192.168.219.102/24,]  Routes: [fe80::/64 -> :: wlan0,192.168.219.0/24 -> 0.0.0.0 wlan0,0.0.0.0/0 -> 192.168.219.1 wlan0,] DnsAddresses: [1.214.68.2,61.41.153.2,] Domains:  MTU: 0 TcpBufferSizes: 1048576,4194304,8388608,1048576,2097152,4194304 PcscfAddresses: [] }}  nc{[ Transports: WIFI Capabilities: INTERNET&NOT_RESTRICTED&TRUSTED&NOT_VPN&VALIDATED LinkUpBandwidth>=1048576Kbps LinkDnBandwidth>=1048576Kbps SignalStrength: -69]}  Score{60}  everValidated{true}  lastValidated{true}  created{true} lingering{false} explicitlySelected{false} acceptUnvalidated{false} everCaptivePortalDetected{false} lastCaptivePortalDetected{false} }

01-25 15:07:47.365  2575  3450 I NetworkController: [NetworkControllerImpl.java:635:onReceive()]onReceive: intent=Intent { act=android.net.wifi.RSSI_CHANGED flg=0x4000010 (has extras) }

01-25 15:07:47.366  2575  3450 I WifiSignalController: [WifiSignalController.java:322:updateLevel()]mWifiConnected = true, mWifiLevel = 2

01-25 15:07:47.366  2575  3450 I NetworkController: [SignalController.java:129:isDirty()]Change in state from: connected=true,enabled=true,level=1,inetCondition=1,iconGroup=IconGroup(SECURITY AP Wi-Fi Icons),activityIn=true,activityOut=true,rssi=-81,,ssid="U+NetEA13",ktGigaWiFi=false,attWifiCall=false

01-25 15:07:47.366  2575  3450 I NetworkController: 	to: connected=true,enabled=true,level=2,inetCondition=1,iconGroup=IconGroup(SECURITY AP Wi-Fi Icons),activityIn=true,activityOut=true,rssi=-69,,ssid="U+NetEA13",ktGigaWiFi=false,attWifiCall=false

01-25 15:07:47.373  2575  2575 D SignalClusterView: [SignalClusterView.java:799:apply()]mMobileDescription =   .

01-25 15:07:47.375  2575  2575 D SignalClusterView: [SignalClusterView.java:799:apply()]mMobileDescription =   .

01-25 15:07:47.376  2575  2575 D SignalClusterView: [SignalClusterView.java:799:apply()]mMobileDescription =   .

01-25 15:07:47.381  1745  3047 D ConnectivityService: getActiveNetwork nai=NetworkAgentInfo{ ni{[type: WIFI[], state: CONNECTED/CONNECTED, reason: (unspecified), extra: "U+NetEA13", roaming: false, failover: false, isAvailable: true, network type: 1]}  network{104}  lp{{InterfaceName: wlan0 LinkAddresses: [fe80::5e70:a3ff:fe45:d7ff/64,192.168.219.102/24,]  Routes: [fe80::/64 -> :: wlan0,192.168.219.0/24 -> 0.0.0.0 wlan0,0.0.0.0/0 -> 192.168.219.1 wlan0,] DnsAddresses: [1.214.68.2,61.41.153.2,] Domains:  MTU: 0 TcpBufferSizes: 1048576,4194304,8388608,1048576,2097152,4194304 PcscfAddresses: [] }}  nc{[ Transports: WIFI Capabilities: INTERNET&NOT_RESTRICTED&TRUSTED&NOT_VPN&VALIDATED LinkUpBandwidth>=1048576Kbps LinkDnBandwidth>=1048576Kbps SignalStrength: -69]}  Score{60}  everValidated{true}  lastValidated{true}  created{true} lingering{false} explicitlySelected{false} acceptUnvalidated{false} everCaptivePortalDetected{false} lastCaptivePortalDetected{false} }

01-25 15:07:47.381  1745  2350 D InputDispatcher: notifyMotion - action=ACTION_UP(0), id=0, tooltype=1, deviceId=4, source=0x1002, policyFlags=0x0, flags=0x0, metaState=0x0, buttonState=0x0, edgeFlags=0x0, eventTime=81551476631000, downTime=81551376059000, 

01-25 15:07:47.385  1745  2349 D InputTransport: channel 'f2edab0 com.YourCompany.Rolling/com.epicgames.ue4.GameActivity (server)' : action=ACTION_UP(0), id=0, tooltype=1, deviceId=4, source=0x1002, flags=0x2, edgeFlags=0x0, metaState=0x0, buttonState=0x0, downTime=81551376059000, eventTime=81551476631000, pointerCount=1

01-25 15:07:47.385 24008 24008 I ViewRootImpl: ViewRoot's Touch Event : ACTION_UP

01-25 15:07:47.386  1745  3115 D ConnectivityService: getActiveNetwork nai=NetworkAgentInfo{ ni{[type: WIFI[], state: CONNECTED/CONNECTED, reason: (unspecified), extra: "U+NetEA13", roaming: false, failover: false, isAvailable: true, network type: 1]}  network{104}  lp{{InterfaceName: wlan0 LinkAddresses: [fe80::5e70:a3ff:fe45:d7ff/64,192.168.219.102/24,]  Routes: [fe80::/64 -> :: wlan0,192.168.219.0/24 -> 0.0.0.0 wlan0,0.0.0.0/0 -> 192.168.219.1 wlan0,] DnsAddresses: [1.214.68.2,61.41.153.2,] Domains:  MTU: 0 TcpBufferSizes: 1048576,4194304,8388608,1048576,2097152,4194304 PcscfAddresses: [] }}  nc{[ Transports: WIFI Capabilities: INTERNET&NOT_RESTRICTED&TRUSTED&NOT_VPN&VALIDATED LinkUpBandwidth>=1048576Kbps LinkDnBandwidth>=1048576Kbps SignalStrength: -69]}  Score{60}  everValidated{true}  lastValidated{true}  created{true} lingering{false} explicitlySelected{false} acceptUnvalidated{false} everCaptivePortalDetected{false} lastCaptivePortalDetected{false} }

01-25 15:07:47.388  1745  2624 D ConnectivityService: getActiveNetwork nai=NetworkAgentInfo{ ni{[type: WIFI[], state: CONNECTED/CONNECTED, reason: (unspecified), extra: "U+NetEA13", roaming: false, failover: false, isAvailable: true, network type: 1]}  network{104}  lp{{InterfaceName: wlan0 LinkAddresses: [fe80::5e70:a3ff:fe45:d7ff/64,192.168.219.102/24,]  Routes: [fe80::/64 -> :: wlan0,192.168.219.0/24 -> 0.0.0.0 wlan0,0.0.0.0/0 -> 192.168.219.1 wlan0,] DnsAddresses: [1.214.68.2,61.41.153.2,] Domains:  MTU: 0 TcpBufferSizes: 1048576,4194304,8388608,1048576,2097152,4194304 PcscfAddresses: [] }}  nc{[ Transports: WIFI Capabilities: INTERNET&NOT_RESTRICTED&TRUSTED&NOT_VPN&VALIDATED LinkUpBandwidth>=1048576Kbps LinkDnBandwidth>=1048576Kbps SignalStrength: -69]}  Score{60}  everValidated{true}  lastValidated{true}  created{true} lingering{false} explicitlySelected{false} acceptUnvalidated{false} everCaptivePortalDetected{false} lastCaptivePortalDetected{false} }

01-25 15:07:47.393  1745  3085 D ConnectivityService: getActiveNetwork nai=NetworkAgentInfo{ ni{[type: WIFI[], state: CONNECTED/CONNECTED, reason: (unspecified), extra: "U+NetEA13", roaming: false, failover: false, isAvailable: true, network type: 1]}  network{104}  lp{{InterfaceName: wlan0 LinkAddresses: [fe80::5e70:a3ff:fe45:d7ff/64,192.168.219.102/24,]  Routes: [fe80::/64 -> :: wlan0,192.168.219.0/24 -> 0.0.0.0 wlan0,0.0.0.0/0 -> 192.168.219.1 wlan0,] DnsAddresses: [1.214.68.2,61.41.153.2,] Domains:  MTU: 0 TcpBufferSizes: 1048576,4194304,8388608,1048576,2097152,4194304 PcscfAddresses: [] }}  nc{[ Transports: WIFI Capabilities: INTERNET&NOT_RESTRICTED&TRUSTED&NOT_VPN&VALIDATED LinkUpBandwidth>=1048576Kbps LinkDnBandwidth>=1048576Kbps SignalStrength: -69]}  Score{60}  everValidated{true}  lastValidated{true}  created{true} lingering{false} explicitlySelected{false} acceptUnvalidated{false} everCaptivePortalDetected{false} lastCaptivePortalDetected{false} }

01-25 15:07:47.395  1745  3082 D ConnectivityService: getActiveNetwork nai=NetworkAgentInfo{ ni{[type: WIFI[], state: CONNECTED/CONNECTED, reason: (unspecified), extra: "U+NetEA13", roaming: false, failover: false, isAvailable: true, network type: 1]}  network{104}  lp{{InterfaceName: wlan0 LinkAddresses: [fe80::5e70:a3ff:fe45:d7ff/64,192.168.219.102/24,]  Routes: [fe80::/64 -> :: wlan0,192.168.219.0/24 -> 0.0.0.0 wlan0,0.0.0.0/0 -> 192.168.219.1 wlan0,] DnsAddresses: [1.214.68.2,61.41.153.2,] Domains:  MTU: 0 TcpBufferSizes: 1048576,4194304,8388608,1048576,2097152,4194304 PcscfAddresses: [] }}  nc{[ Transports: WIFI Capabilities: INTERNET&NOT_RESTRICTED&TRUSTED&NOT_VPN&VALIDATED LinkUpBandwidth>=1048576Kbps LinkDnBandwidth>=1048576Kbps SignalStrength: -69]}  Score{60}  everValidated{true}  lastValidated{true}  created{true} lingering{false} explicitlySelected{false} acceptUnvalidated{false} everCaptivePortalDetected{false} lastCaptivePortalDetected{false} }

01-25 15:07:47.397  1745  2328 D sensors_hal_LGMotionAccel: processInd: LP2: X: -2.888290 Y: 6.558044 Z: 7.630661 SAM TS: 3264531586 HAL TS:99628900897505 elapsedRealtimeNano:99628961967997

01-25 15:07:47.524  1745  2350 D InputDispatcher: notifyMotion - action=ACTION_DOWN(0), id=0, tooltype=1, deviceId=4, source=0x1002, policyFlags=0x0, flags=0x0, metaState=0x0, buttonState=0x0, edgeFlags=0x0, eventTime=81551619606000, downTime=81551619606000, 

01-25 15:07:47.524  1745  2349 D InputTransport: channel 'f2edab0 com.YourCompany.Rolling/com.epicgames.ue4.GameActivity (server)' : action=ACTION_DOWN(0), id=0, tooltype=1, deviceId=4, source=0x1002, flags=0x2, edgeFlags=0x0, metaState=0x0, buttonState=0x0, downTime=81551619606000, eventTime=81551619606000, pointerCount=1

01-25 15:07:47.525 24008 24008 I ViewRootImpl: ViewRoot's Touch Event : ACTION_DOWN

01-25 15:07:47.705   952   988 I GBMv2   : GBM state [10]

01-25 15:07:47.716  1745  2328 D sensors_hal_LGMotionAccel: processInd: LP2: X: -1.972946 Y: 5.449066 Z: 8.084671 SAM TS: 3264542506 HAL TS:99629234149458 elapsedRealtimeNano:99629281519038

01-25 15:07:47.787 16645 16992 D AppChangedDetector: lastUsedAppId com.YourCompany.Rolling

01-25 15:07:47.806   952   988 I GBMv2   : GBM state [0]

01-25 15:07:47.806   952   988 I GBMv2   : GBM state [1]

01-25 15:07:47.831  1745  2519 V WifiServerServiceExt: checkPollTimer Cnt= 0 rssi =-69 threshold=-100

01-25 15:07:48.034  1068  1349 W XTCC-5.1.0.7: [PosMgr] Position request

01-25 15:07:48.037  1066  2714 I LowiWifiHal: ivmh: event received NL80211_CMD_TRIGGER_SCAN

01-25 15:07:48.037  2716  2716 I wpa_supplicant: wlan0: CTRL-EVENT-SCAN-STARTED 

01-25 15:07:48.037  1066  2714 I LowiWifiHal: ivmh: event received NL80211_CMD_TRIGGER_SCAN, vendor_id = 0x0

01-25 15:07:48.037  1066  2714 I LowiWifiHal: ivmh: event ignored!!

01-25 15:07:48.055  1745  2328 D sensors_hal_LGMotionAccel: processInd: LP2: X: -2.146851 Y: 5.416428 Z: 8.075378 SAM TS: 3264553426 HAL TS:99629567401411 elapsedRealtimeNano:99629620311486

01-25 15:07:48.076 24008 24026 D UE4     : LogUMG: Display: Widget Class GameClear_C - Loaded Fast Template.

01-25 15:07:48.077 24008 24026 D UE4     : [2020.01.25-06.07.48:077][ 57]LogUMG: Display: Widget Class GameClear_C - Loaded Fast Template.

01-25 15:07:48.078 24008 24026 D UE4     : LogScript: Warning: Accessed None trying to read property CallFunc_Create_ReturnValue

01-25 15:07:48.078 24008 24026 D UE4     : 	31_C /Game/Game/Level/31.31:PersistentLevel.31_C_2

01-25 15:07:48.078 24008 24026 D UE4     : 	Function /Game/Game/Level/31.31_C:ExecuteUbergraph_31:0328

01-25 15:07:48.078 24008 24026 D UE4     : [2020.01.25-06.07.48:078][ 57]LogScript: Warning: Accessed None trying to read property CallFunc_Create_ReturnValue

01-25 15:07:48.078 24008 24026 D UE4     : 	31_C /Game/Game/Level/31.31:PersistentLevel.31_C_2

01-25 15:07:48.078 24008 24026 D UE4     : 	Function /Game/Game/Level/31.31_C:ExecuteUbergraph_31:0328

01-25 15:07:48.079 24008 24026 D UE4     : LogScript: Warning: Script call stack:

01-25 15:07:48.079 24008 24026 D UE4     : 	Function /Game/Game/Level/31.31_C:BndEvt__TriggerBox_1_K2Node_ActorBoundEvent_0_ActorBeginOverlapSignature__DelegateSignature

01-25 15:07:48.079 24008 24026 D UE4     : 	Function /Game/Game/Level/31.31_C:ExecuteUbergraph_31

01-25 15:07:48.079 24008 24026 D UE4     : [2020.01.25-06.07.48:079][ 57]LogScript: Warning: Script call stack:

01-25 15:07:48.079 24008 24026 D UE4     : 	Function /Game/Game/Level/31.31_C:BndEvt__TriggerBox_1_K2Node_ActorBoundEvent_0_ActorBeginOverlapSignature__DelegateSignature

