01-07 15:18:45.406  2571  2942 D 1       : [MobileSignalController.java:1235:onSignalStrengthsChanged()]onSignalStrengthsChanged signalStrength=SignalStrength: 99 0 -120 -160 -120 -1 -1 24 -93 -11 42 2147483647 2147483647 gsm|lte 14 0 2147483647 2147483647 level=4

01-07 15:18:45.406  3186  3186 D Telephony: PhoneInterfaceManager: [PhoneIntfMgr] mSigLevel = 4

01-07 15:18:45.406  2571  2942 D MobileSignalController: [MobileSignalController.java:864:updateTelephony()]updateTelephonySignalStrength: hasService=true ss=SignalStrength: 99 0 -120 -160 -120 -1 -1 24 -93 -11 42 2147483647 2147483647 gsm|lte 14 0 2147483647 2147483647

01-07 15:18:45.406  2571  2942 I NetworkController: [NetworkControllerImpl.java:635:onReceive()]onReceive: intent=Intent { act=android.intent.action.SIG_STR flg=0x20000010 (has extras) }

01-07 15:18:45.413  1794  2513 V WifiServerServiceExt: checkPollTimer Cnt= 0 rssi =-63 threshold=-100

01-07 15:18:45.567 18644 19043 D AppChangedDetector: lastUsedAppId com.YourCompany.Rolling

01-07 15:18:45.578  1794  2888 I sensors_hal_Ctx: flush: handle is 86

01-07 15:18:45.579  1794  2888 I sensors_hal_SAM: flush:sensor() handle:86

01-07 15:18:45.579  1794  3098 I sensors_hal_Ctx: flush: handle is 48

01-07 15:18:45.579  1794  3098 I sensors_hal_SAM: flush:sensor(android.sensor.step_detector) handle:48

01-07 15:18:45.581  1794  2278 I sensors_hal_HealthActivityPattern: processResp: handle:86

01-07 15:18:45.792  5039  5045 E ANDR-PERF-MPCTL: invalid request, no optimizations performed

01-07 15:18:46.070 18644 19043 D AppChangedDetector: lastUsedAppId com.YourCompany.Rolling

01-07 15:18:46.383  1794  1943 D AutomaticBrightnessControllerEx: [MultiALC] (new) start checking!! mAmbientLuxWhenBarReleased : 0.0 / mBrightnessWhenBarReleased : 10 / mAmbientLux : 260.0 / mScreenBrightness = 136

01-07 15:18:46.383  1794  1943 D AutomaticBrightnessControllerEx: [MultiALC] same brightness~~~ : 136

01-07 15:18:46.573 18644 19043 D AppChangedDetector: lastUsedAppId com.YourCompany.Rolling

01-07 15:18:46.580  1794  1906 I sensors_hal_Ctx: flush: handle is 86

01-07 15:18:46.580  1794  1906 I sensors_hal_SAM: flush:sensor() handle:86

01-07 15:18:46.580  1794  2989 I sensors_hal_Ctx: flush: handle is 48

01-07 15:18:46.580  1794  2989 I sensors_hal_SAM: flush:sensor(android.sensor.step_detector) handle:48

01-07 15:18:46.582  1794  2278 I sensors_hal_HealthActivityPattern: processResp: handle:86

01-07 15:18:46.663  1041  1362 W XTCC-5.1.0.7: [PosMgr] Position request

01-07 15:18:46.668  1041  1362 W XTCC-5.1.0.7: [WifiScanner] WiFi scan result : [6] AP's

01-07 15:18:46.668  1041  1362 W XTCC-5.1.0.7: [PosMgr] sending back response for POSITION (a) tx(54020), Number of APs used in this position request (8)

01-07 15:18:46.670  1794  2973 E IzatSvc_QNP: E/Exiting with error virtual void izat_manager::QNP::reportLocation(const izat_manager::LocationReport*, const izat_manager::ILocationProvider*) line 367 "1"

01-07 15:18:46.670  1794  3541 E LocSvc_libulp: E/int ulp_brain_transition_all_providers(), no QUIPC/GNSS transition logic run due to both engines are OFF 

01-07 15:18:46.670  1794  2973 I IzatProviderEngine: LocTech-Label :: OSDC :: Position Report In

01-07 15:18:46.670  1794  2973 I IzatProviderEngine: LocTech-Value :: UTC Time: 1578377926669, Elapsed Real Time Nanos: 241006732936646, Latitude: 37.56421793054611, Longitude: 127.03903127885225, Altitude: 0.0, Speed: 0.0, Bearing: 0.0, Accuracy: 68.81275

01-07 15:18:46.670  1041  1368 W XTCC-5.1.0.7: [WifiScanner] WiFi scan result : [6] AP's

01-07 15:18:46.671  1794  1917 D LocationManagerService: This location is marked as ready for broadcast

01-07 15:18:46.671  1794  1917 D LocationManagerService: incoming location: Location[network 37.564218,127.039031 acc=69 et=+2d18h56m46s732ms alt=0.0 vel=0.0 bear=0.0 {Bundle[{com.qualcomm.location.nlp:ready=true}]}]

01-07 15:18:46.672  1041  1368 W XTCC-5.1.0.7: [FDAL_ZPP_MGR] RequestNewZppFix: Getting ZPP

01-07 15:18:46.672  1794  2982 E QMI_FW  : QCCI qmi_cci_xport_recv: txn not found. svc_id: 16

01-07 15:18:46.672  1794  2973 E LocSvc_LBSApiV02: E/virtual int lbs_core::LBSApiV02::injectCoarsePosition(const CoarsePositionInfo&):320]: Error : st = 3, ind.status = -1552449536

01-07 15:18:46.674  1041  1368 W XTCC-5.1.0.7: [FDAL_ZPP_MGR] RequestNewZppFix 37.562943 127.040405 466.737122: ZPP Return Flag 0x11

01-07 15:18:46.674  1794  1917 D LocationManagerService: incoming location: Location[network 37.564218,127.039031 acc=69 et=+2d18h56m46s732ms alt=0.0 vel=0.0 bear=0.0 {Bundle[{com.qualcomm.location.nlp:ready=true}]}]

01-07 15:18:47.076  1794  2344 D InputDispatcher: notifyMotion - action=ACTION_UP(0), id=0, tooltype=1, deviceId=4, source=0x1002, policyFlags=0x0, flags=0x0, metaState=0x0, buttonState=0x0, edgeFlags=0x0, eventTime=139498360668000, downTime=139495183905000, 

01-07 15:18:47.076  1794  2343 D InputTransport: channel 'b744e78 com.YourCompany.Rolling/com.epicgames.ue4.GameActivity (server)' : action=ACTION_UP(0), id=0, tooltype=1, deviceId=4, source=0x1002, flags=0x2, edgeFlags=0x0, metaState=0x0, buttonState=0x0, downTime=139495183905000, eventTime=139498360668000, pointerCount=1

01-07 15:18:47.077 18644 19043 D AppChangedDetector: lastUsedAppId com.YourCompany.Rolling

01-07 15:18:47.077 24468 24468 I ViewRootImpl: ViewRoot's Touch Event : ACTION_UP

01-07 15:18:47.464  1794  2344 D InputDispatcher: notifyMotion - action=ACTION_DOWN(0), id=0, tooltype=1, deviceId=4, source=0x1002, policyFlags=0x0, flags=0x0, metaState=0x0, buttonState=0x0, edgeFlags=0x0, eventTime=139498748142000, downTime=139498748142000, 

01-07 15:18:47.464  1794  2343 D InputTransport: channel 'b744e78 com.YourCompany.Rolling/com.epicgames.ue4.GameActivity (server)' : action=ACTION_DOWN(0), id=0, tooltype=1, deviceId=4, source=0x1002, flags=0x2, edgeFlags=0x0, metaState=0x0, buttonState=0x0, downTime=139498748142000, eventTime=139498748142000, pointerCount=1

01-07 15:18:47.465 24468 24468 I ViewRootImpl: ViewRoot's Touch Event : ACTION_DOWN

01-07 15:18:47.579 18644 19043 D AppChangedDetector: lastUsedAppId com.YourCompany.Rolling

01-07 15:18:47.581  1794  1906 I sensors_hal_Ctx: flush: handle is 86

01-07 15:18:47.581  1794  1906 I sensors_hal_SAM: flush:sensor() handle:86

01-07 15:18:47.582  1794  2989 I sensors_hal_Ctx: flush: handle is 48

01-07 15:18:47.582  1794  2989 I sensors_hal_SAM: flush:sensor(android.sensor.step_detector) handle:48

01-07 15:18:47.583  1794  2278 I sensors_hal_HealthActivityPattern: processResp: handle:86

01-07 15:18:48.081 18644 19043 D AppChangedDetector: lastUsedAppId com.YourCompany.Rolling

01-07 15:18:48.416  1794  2513 V WifiServerServiceExt: checkPollTimer Cnt= 0 rssi =-60 threshold=-100

01-07 15:18:48.582  1794  2621 I sensors_hal_Ctx: flush: handle is 86

01-07 15:18:48.582  1794  2621 I sensors_hal_SAM: flush:sensor() handle:86

01-07 15:18:48.583  1794  2990 I sensors_hal_Ctx: flush: handle is 48

01-07 15:18:48.583  1794  2990 I sensors_hal_SAM: flush:sensor(android.sensor.step_detector) handle:48

01-07 15:18:48.583 18644 19043 D AppChangedDetector: lastUsedAppId com.YourCompany.Rolling

01-07 15:18:48.584  1794  2278 I sensors_hal_HealthActivityPattern: processResp: handle:86

01-07 15:18:48.670  1041  1362 W XTCC-5.1.0.7: [PosMgr] Position request

01-07 15:18:48.681   988  2739 I LowiWifiHal: ivmh: event received NL80211_CMD_TRIGGER_SCAN

01-07 15:18:48.681  2742  2742 I wpa_supplicant: wlan0: CTRL-EVENT-SCAN-STARTED 

01-07 15:18:48.681   988  2739 I LowiWifiHal: ivmh: event received NL80211_CMD_TRIGGER_SCAN, vendor_id = 0x0

01-07 15:18:48.681   988  2739 I LowiWifiHal: ivmh: event ignored!!

01-07 15:18:49.085 18644 19043 D AppChangedDetector: lastUsedAppId com.YourCompany.Rolling

01-07 15:18:49.462   988  2739 I LowiWifiHal: ivmh: event received NL80211_CMD_NEW_SCAN_RESULTS

01-07 15:18:49.462   988  2739 I LowiWifiHal: ivmh: event received NL80211_CMD_NEW_SCAN_RESULTS, vendor_id = 0x0

01-07 15:18:49.462   988  2739 I LowiWifiHal: ivmh: event ignored!!

01-07 15:18:49.463  3178  3437 D P2pExtMonWorker: Event [CTRL-EVENT-SCAN-RESULTS ]

01-07 15:18:49.463  3178  3437 D P2pExtMonWorker: Event [WPS-AP-AVAILABLE ]

01-07 15:18:49.464  1794  2506 D LGWifiP2pService: InactiveState{ when=-1ms what=147461 target=com.android.internal.util.StateMachine$SmHandler }

01-07 15:18:49.465  1794  2506 D LGWifiP2pService: P2pEnabledState{ when=-1ms what=147461 target=com.android.internal.util.StateMachine$SmHandler }

01-07 15:18:49.465  1794  2506 D LGWifiP2pService: DefaultState{ when=-1ms what=147461 target=com.android.internal.util.StateMachine$SmHandler }

01-07 15:18:49.465  1041  1362 W XTCC-5.1.0.7: [WifiScanner] WiFi scan result : [8] AP's

01-07 15:18:49.465  1041  1362 W XTCC-5.1.0.7: [PosMgr] sending back response for POSITION (a) tx(54021), Number of APs used in this position request (8)

01-07 15:18:49.467  1041  1368 W XTCC-5.1.0.7: [WifiScanner] WiFi scan result : [8] AP's

01-07 15:18:49.467  1794  3541 E LocSvc_libulp: E/int ulp_brain_transition_all_providers(), no QUIPC/GNSS transition logic run due to both engines are OFF 

01-07 15:18:49.470  1794  2982 E QMI_FW  : QCCI qmi_cci_xport_recv: txn not found. svc_id: 16

01-07 15:18:49.470  1794  2973 E LocSvc_LBSApiV02: E/virtual int lbs_core::LBSApiV02::injectCoarsePosition(const CoarsePositionInfo&):320]: Error : st = 3, ind.status = -1552449536

01-07 15:18:49.470  1794  2973 I IzatProviderEngine: LocTech-Label :: OSDC :: Position Report In

01-07 15:18:49.470  1794  2973 I IzatProviderEngine: LocTech-Value :: UTC Time: 1578377929466, Elapsed Real Time Nanos: 241009533349197, Latitude: 37.56421793054611, Longitude: 127.03903127885225, Altitude: 0.0, Speed: 0.0, Bearing: 0.0, Accuracy: 68.82209

01-07 15:18:49.471  1041  1368 W XTCC-5.1.0.7: [FDAL_ZPP_MGR] RequestNewZppFix: Getting ZPP

01-07 15:18:49.476  1794  2510 D LgWifiFavoriteAp: ConnectedState - msg [3] is not handled

01-07 15:18:49.476  1041  1368 W XTCC-5.1.0.7: [FDAL_ZPP_MGR] RequestNewZppFix 37.562943 127.040405 466.737122: ZPP Return Flag 0x11

01-07 15:18:49.477  3070  3070 E API     : getOnOffStatus status : 0

01-07 15:18:49.477  3070  3070 I WIFI_MANAGER: Engine OFF >> Do Nothing.... 

01-07 15:18:49.480  1794  1917 D LocationManagerService: This location is marked as ready for broadcast

01-07 15:18:49.481  1794  1917 D LocationManagerService: incoming location: Location[network 37.564218,127.039031 acc=69 et=+2d18h56m49s533ms alt=0.0 vel=0.0 bear=0.0 {Bundle[{com.qualcomm.location.nlp:ready=true}]}]

01-07 15:18:49.483  1794  1917 D LocationManagerService: incoming location: Location[network 37.564218,127.039031 acc=69 et=+2d18h56m49s533ms alt=0.0 vel=0.0 bear=0.0 {Bundle[{com.qualcomm.location.nlp:ready=true}]}]

01-07 15:18:49.509  1794  2264 V sensors_hal_Gyro: processReportInd: X: -0.021851 Y: 0.059494 Z: -0.013809 

01-07 15:18:49.509  1794  2334 D sensors_hal_Ctx: poll:polldata:2, sensor:0, type:1, x:-1.565384 y:4.060471 z:8.854538

01-07 15:18:49.509  1794  2334 D sensors_hal_Util: waitForResponse: timeout=0

01-07 15:18:49.512  1794  3163 D WifiServiceImplEx: acquireWifiLock pid=3327, uid=10010, packageName=com.google.uid.shared:10010, tag=NlpWifiLock

01-07 15:18:49.512  1794  3163 D WifiService: acquireWifiLockLocked: WifiLock{NlpWifiLock type=2 binder=android.os.BinderProxy@260a1b5}

01-07 15:18:49.517  1794  2264 V sensors_hal_Mag: processReportInd:sensor android.sensor.magnetic_field 

01-07 15:18:49.517  1794  2264 V sensors_hal_Mag: processReportInd: Cal Mag Filter, 1, 1, -30.212402, -4.251099, -30.622864, -249.801636, -25.006104, -239.584351, -31.225204, -3.125763, -29.948044

01-07 15:18:49.517  1794  2334 D sensors_hal_Ctx: poll:polldata:1, sensor:10, type:2, x:-31.225204 y:-3.125763 z:-29.948044

01-07 15:18:49.517  1794  2334 D sensors_hal_Util: waitForResponse: timeout=0

01-07 15:18:49.528  1794  2334 D sensors_hal_Ctx: poll:polldata:1, sensor:0, type:1, x:-1.649170 y:3.998215 z:9.067627

01-07 15:18:49.528  1794  2334 D sensors_hal_Util: waitForResponse: timeout=0

01-07 15:18:49.529  1794  2264 V sensors_hal_Gyro: processReportInd: X: -0.025055 Y: 0.016876 Z: -0.005280 

01-07 15:18:49.529  1794  2334 D sensors_hal_Ctx: poll:polldata:1, sensor:2, type:4, x:-0.025055 y:0.016876 z:-0.005280

01-07 15:18:49.529  1794  2334 D sensors_hal_Util: waitForResponse: timeout=0

01-07 15:18:49.537  1794  2264 V sensors_hal_Mag: processReportInd:sensor android.sensor.magnetic_field 

01-07 15:18:49.537  1794  2264 V sensors_hal_Mag: processReportInd: Cal Mag Filter, 2, 1, -33.363342, -3.800964, -29.573059, -251.452637, -25.456238, -239.434814, -31.431580, -3.182030, -29.929352

01-07 15:18:49.537  1794  2334 D sensors_hal_Ctx: poll:polldata:1, sensor:10, type:2, x:-31.431580 y:-3.182030 z:-29.929352

01-07 15:18:49.537  1794  2334 D sensors_hal_Util: waitForResponse: timeout=0

01-07 15:18:49.548  1794  2264 V sensors_hal_Gyro: processReportInd: X: 0.002655 Y: -0.016144 Z: 0.016022 

01-07 15:18:49.548  1794  2334 D sensors_hal_Ctx: poll:polldata:2, sensor:0, type:1, x:-1.620438 y:3.938370 z:8.988617

01-07 15:18:49.548  1794  2334 D sensors_hal_Util: waitForResponse: timeout=0

01-07 15:18:49.557  1794  2264 V sensors_hal_Mag: processReportInd:sensor android.sensor.magnetic_field 

01-07 15:18:49.557  1794  2264 V sensors_hal_Mag: processReportInd: Cal Mag Filter, 3, 1, -31.562805, -5.000305, -31.373596, -250.102234, -26.956177, -239.735413, -31.262779, -3.369522, -29.966927

01-07 15:18:49.557  1794  2334 D sensors_hal_Ctx: poll:polldata:1, sensor:10, type:2, x:-31.262779 y:-3.369522 z:-29.966927

01-07 15:18:49.557  1794  2334 D sensors_hal_Util: waitForResponse: timeout=0

01-07 15:18:49.568  1794  2264 V sensors_hal_Gyro: processReportInd: X: 0.019699 Y: 0.009430 Z: 0.018158 

01-07 15:18:49.568  1794  2334 D sensors_hal_Ctx: poll:polldata:1, sensor:0, type:1, x:-1.369049 y:4.029343 z:8.847351

01-07 15:18:49.568  1794  2334 D sensors_hal_Ctx: poll:polldata:1, sensor:2, type:4, x:0.019699 y:0.009430 z:0.018158

01-07 15:18:49.568  1794  2334 D sensors_hal_Util: waitForResponse: timeout=0

01-07 15:18:49.578  1794  2264 V sensors_hal_Mag: processReportInd:sensor android.sensor.magnetic_field 

01-07 15:18:49.578  1794  2264 V sensors_hal_Mag: processReportInd: Cal Mag Filter, 4, 1, -30.963135, -1.850891, -30.923462, -249.201965, -26.356506, -240.335083, -31.150246, -3.294563, -30.041885

01-07 15:18:49.578  1794  2334 D sensors_hal_Ctx: poll:polldata:1, sensor:10, type:2, x:-31.150246 y:-3.294563 z:-30.041885

01-07 15:18:49.578  1794  2334 D sensors_hal_Util: waitForResponse: timeout=0

01-07 15:18:49.584  1794  2989 I sensors_hal_Ctx: flush: handle is 86

01-07 15:18:49.584  1794  2989 I sensors_hal_SAM: flush:sensor() handle:86

01-07 15:18:49.584  1794  2989 D sensors_hal_SAM: flush: handle 86 batch_support 1

01-07 15:18:49.584  1794  2989 D sensors_hal_HealthActivityPattern: sendBatchReq: batching: 1, batch_rate=0.199997 (Hz)

01-07 15:18:49.584  1794  1906 I sensors_hal_Ctx: flush: handle is 48

01-07 15:18:49.584  1794  1906 I sensors_hal_SAM: flush:sensor(android.sensor.step_detector) handle:48

01-07 15:18:49.584  1794  1906 D sensors_hal_SAM: flush: handle 48 batch_support 1

01-07 15:18:49.584  1794  1906 D sensors_hal_StepDetector: sendBatchReq: batching: 1, batch_rate=0.016663 (Hz)

01-07 15:18:49.586  1794  2278 I sensors_hal_HealthActivityPattern: processResp: handle:86

01-07 15:18:49.586  1794  2278 D sensors_hal_HealthActivityPattern: processResp: Received SNS_SAM_HEALTH_ACTIVITY_BATCH_RESP_V01

01-07 15:18:49.586  1794  2278 D sensors_hal: flushSendCmplt: handle=86

01-07 15:18:49.586  1794  2334 D sensors_hal_Ctx: poll:polldata:1, sensor:0, type:0, x:0.000000 y:0.000000 z:0.000000

01-07 15:18:49.586  1794  2334 D sensors_hal_Util: waitForResponse: timeout=0

01-07 15:18:49.586  1794  2286 D sensors_hal_StepDetector: processResp: Received SNS_SAM_PED_BATCH_RESP_V01

01-07 15:18:49.586  1794  2286 D sensors_hal: flushSendCmplt: handle=48

01-07 15:18:49.586  1794  2334 D sensors_hal_Ctx: poll:polldata:1, sensor:0, type:0, x:0.000000 y:0.000000 z:135756507167456231424.000000

01-07 15:18:49.586  1794  2334 D sensors_hal_Util: waitForResponse: timeout=0

01-07 15:18:49.587 18644 19043 D AppChangedDetector: lastUsedAppId com.YourCompany.Rolling

01-07 15:18:49.588  1794  2264 V sensors_hal_Gyro: processReportInd: X: 0.014374 Y: 0.037125 Z: -0.007416 

01-07 15:18:49.588  1794  2334 D sensors_hal_Ctx: poll:polldata:2, sensor:0, type:1, x:-1.383423 y:4.077225 z:8.797073

01-07 15:18:49.588  1794  2334 D sensors_hal_Util: waitForResponse: timeout=0

01-07 15:18:49.596  3327  3327 I GeofencerStateMachine: sendNewTransitions called.

01-07 15:18:49.597  1794  2264 V sensors_hal_Mag: processReportInd:sensor android.sensor.magnetic_field 

01-07 15:18:49.597  1794  2264 V sensors_hal_Mag: processReportInd: Cal Mag Filter, 5, 1, -31.712341, -4.101562, -30.923462, -250.251770, -27.407837, -242.285156, -31.281471, -3.425980, -30.285645

01-07 15:18:49.597  1794  2334 D sensors_hal_Ctx: poll:polldata:1, sensor:10, type:2, x:-31.281471 y:-3.425980 z:-30.285645

01-07 15:18:49.597  1794  2334 D sensors_hal_Util: waitForResponse: timeout=0

01-07 15:18:49.598  1794  2888 D WifiServiceImplEx: releaseWifiLock pid=3327, uid=10010, packageName=com.google.uid.shared:10010

01-07 15:18:49.599  1794  2888 D WifiService: releaseWifiLockLocked: WifiLock{NlpWifiLock type=2 binder=android.os.BinderProxy@260a1b5}

01-07 15:18:49.604  1794  1917 D LocationManagerService: Sending location for screening

01-07 15:18:49.605  1794  3530 V OSNPGlue_jni: Entering  : void onJavaLocationChanged(JNIEnv*, jobject, jboolean, jlong, jboolean, jlong, jboolean, jdouble, jboolean, jdouble, jboolean, jfloat, jboolean, jdouble, jboolean, jfloat, jboolean, jfloat)

01-07 15:18:49.605  1794  3541 E LocSvc_libulp: E/int ulp_brain_transition_all_providers(), no QUIPC/GNSS transition logic run due to both engines are OFF 

01-07 15:18:49.608  1794  2334 D sensors_hal_Ctx: poll:polldata:1, sensor:0, type:1, x:-1.455246 y:4.055679 z:8.933548

01-07 15:18:49.608  1794  2334 D sensors_hal_Util: waitForResponse: timeout=0

01-07 15:18:49.608  1794  2264 V sensors_hal_Gyro: processReportInd: X: -0.008011 Y: 0.053101 Z: -0.026581 

01-07 15:18:49.609  1794  2334 D sensors_hal_Ctx: poll:polldata:1, sensor:2, type:4, x:-0.008011 y:0.053101 z:-0.026581

01-07 15:18:49.609  1794  2334 D sensors_hal_Util: waitForResponse: timeout=0

01-07 15:18:49.613  1794  2973 E LocSvc_LBSApiV02: E/virtual int lbs_core::LBSApiV02::injectCoarsePosition(const CoarsePositionInfo&):320]: Error : st = 3, ind.status = -1552449536

01-07 15:18:49.613  1794  2982 E QMI_FW  : QCCI qmi_cci_xport_recv: txn not found. svc_id: 16

01-07 15:18:49.613  1794  2973 I IzatProviderEngine: LocTech-Label :: OSDC :: Position Report In

01-07 15:18:49.613  1794  2973 I IzatProviderEngine: LocTech-Value :: UTC Time: 1578377929462, Elapsed Real Time Nanos: 241009675921019, Latitude: 37.5641695, Longitude: 127.0390541, Altitude: 0.0, Speed: 0.0, Bearing: 0.0, Accuracy: 18.634

01-07 15:18:49.615  1794  1917 D LocationManagerService: This location is marked as ready for broadcast

01-07 15:18:49.617  1794  2264 V sensors_hal_Mag: processReportInd:sensor android.sensor.magnetic_field 

01-07 15:18:49.617  1794  2264 V sensors_hal_Mag: processReportInd: Cal Mag Filter, 6, 1, -31.863403, -3.201294, -30.323792, -250.552368, -28.457642, -243.336487, -31.319046, -3.557205, -30.417061

01-07 15:18:49.617  1794  2334 D sensors_hal_Ctx: poll:polldata:1, sensor:10, type:2, x:-31.319046 y:-3.557205 z:-30.417061

01-07 15:18:49.617  1794  2334 D sensors_hal_Util: waitForResponse: timeout=0

01-07 15:18:49.625  1794  1917 D LocationManagerService: incoming location: Location[network 37.564170,127.039054 acc=19 et=+2d18h56m49s675ms alt=0.0 vel=0.0 bear=0.0 {Bundle[{com.qualcomm.location.nlp:ready=true}]}]

01-07 15:18:49.628  1794  2264 V sensors_hal_Gyro: processReportInd: X: -0.012268 Y: 0.082932 Z: -0.029785 

01-07 15:18:49.628  1794  2334 D sensors_hal_Ctx: poll:polldata:2, sensor:0, type:1, x:-1.539047 y:4.034134 z:9.022125

01-07 15:18:49.628  1794  2334 D sensors_hal_Util: waitForResponse: timeout=0

01-07 15:18:49.629  1794  1917 D LocationManagerService: incoming location: Location[network 37.564170,127.039054 acc=19 et=+2d18h56m49s675ms alt=0.0 vel=0.0 bear=0.0 {Bundle[{com.qualcomm.location.nlp:ready=true}]}]

01-07 15:18:49.637  1794  2264 V sensors_hal_Mag: processReportInd:sensor android.sensor.magnetic_field 

01-07 15:18:49.637  1794  2264 V sensors_hal_Mag: processReportInd: Cal Mag Filter, 7, 1, -31.562805, -3.800964, -31.072998, -251.452637, -29.208374, -245.436096, -31.431580, -3.651047, -30.679512

01-07 15:18:49.637  1794  2334 D sensors_hal_Ctx: poll:polldata:1, sensor:10, type:2, x:-31.431580 y:-3.651047 z:-30.679512

01-07 15:18:49.637  1794  2334 D sensors_hal_Util: waitForResponse: timeout=0

01-07 15:18:49.648  1794  2264 V sensors_hal_Gyro: processReportInd: X: -0.003738 Y: 0.115952 Z: -0.020187 

01-07 15:18:49.648  1794  2334 D sensors_hal_Ctx: poll:polldata:2, sensor:0, type:1, x:-1.582138 y:3.998215 z:8.945511

01-07 15:18:49.648  1794  2334 D sensors_hal_Util: waitForResponse: timeout=0

01-07 15:18:49.663  3327 24314 I GCoreUlr: Successfully inserted 1 locations

01-07 15:18:50.089 18644 19043 D AppChangedDetector: lastUsedAppId com.YourCompany.Rolling

01-07 15:18:50.477  1041  1368 W XTCC-5.1.0.7: [FDAL_ZPP_MGR] RequestNewZppFix: Getting ZPP

01-07 15:18:50.479  1041  1368 W XTCC-5.1.0.7: [FDAL_ZPP_MGR] RequestNewZppFix 37.562943 127.040405 466.737122: ZPP Return Flag 0x11

01-07 15:18:50.585  1794  3163 I sensors_hal_Ctx: flush: handle is 86

01-07 15:18:50.586  1794  3163 I sensors_hal_SAM: flush:sensor() handle:86

01-07 15:18:50.586  1794  3098 I sensors_hal_Ctx: flush: handle is 48

01-07 15:18:50.586  1794  3098 I sensors_hal_SAM: flush:sensor(android.sensor.step_detector) handle:48

01-07 15:18:50.587  1794  2278 I sensors_hal_HealthActivityPattern: processResp: handle:86

01-07 15:18:50.592 18644 19043 D AppChangedDetector: lastUsedAppId com.YourCompany.Rolling

01-07 15:18:50.718  5039  5045 E ANDR-PERF-MPCTL: invalid request, no optimizations performed

01-07 15:18:51.093 18644 19043 D AppChangedDetector: lastUsedAppId com.YourCompany.Rolling

01-07 15:18:51.205  1794  2344 D InputDispatcher: notifyMotion - action=ACTION_UP(0), id=0, tooltype=1, deviceId=4, source=0x1002, policyFlags=0x0, flags=0x0, metaState=0x0, buttonState=0x0, edgeFlags=0x0, eventTime=139502489504000, downTime=139498748142000, 

01-07 15:18:51.206  1794  2343 D InputTransport: channel 'b744e78 com.YourCompany.Rolling/com.epicgames.ue4.GameActivity (server)' : action=ACTION_UP(0), id=0, tooltype=1, deviceId=4, source=0x1002, flags=0x2, edgeFlags=0x0, metaState=0x0, buttonState=0x0, downTime=139498748142000, eventTime=139502489504000, pointerCount=1

01-07 15:18:51.208 24468 24468 I ViewRootImpl: ViewRoot's Touch Event : ACTION_UP

01-07 15:18:51.256  1794  2344 D InputDispatcher: notifyMotion - action=ACTION_DOWN(0), id=0, tooltype=1, deviceId=4, source=0x1002, policyFlags=0x0, flags=0x0, metaState=0x0, buttonState=0x0, edgeFlags=0x0, eventTime=139502540210000, downTime=139502540210000, 

01-07 15:18:51.256  1794  2343 D InputTransport: channel 'b744e78 com.YourCompany.Rolling/com.epicgames.ue4.GameActivity (server)' : action=ACTION_DOWN(0), id=0, tooltype=1, deviceId=4, source=0x1002, flags=0x2, edgeFlags=0x0, metaState=0x0, buttonState=0x0, downTime=139502540210000, eventTime=139502540210000, pointerCount=1

01-07 15:18:51.257 24468 24468 I ViewRootImpl: ViewRoot's Touch Event : ACTION_DOWN

01-07 15:18:51.419  1794  2513 V WifiServerServiceExt: checkPollTimer Cnt= 0 rssi =-66 threshold=-100

01-07 15:18:51.467  1041  1362 W XTCC-5.1.0.7: [PosMgr] Position request

01-07 15:18:51.471  1041  1362 W XTCC-5.1.0.7: [WifiScanner] WiFi scan result : [8] AP's

01-07 15:18:51.472  1041  1362 W XTCC-5.1.0.7: [PosMgr] sending back response for POSITION (a) tx(54022), Number of APs used in this position request (8)

01-07 15:18:51.473  1794  2973 E IzatSvc_QNP: E/Exiting with error virtual void izat_manager::QNP::reportLocation(const izat_manager::LocationReport*, const izat_manager::ILocationProvider*) line 367 "1"

01-07 15:18:51.473  1794  3541 E LocSvc_libulp: E/int ulp_brain_transition_all_providers(), no QUIPC/GNSS transition logic run due to both engines are OFF 

01-07 15:18:51.474  1794  2982 E QMI_FW  : QCCI qmi_cci_xport_recv: txn not found. svc_id: 16

01-07 15:18:51.477  1041  1368 W XTCC-5.1.0.7: [WifiScanner] WiFi scan result : [8] AP's

01-07 15:18:51.479  1794  2973 E LocSvc_LBSApiV02: E/virtual int lbs_core::LBSApiV02::injectCoarsePosition(const CoarsePositionInfo&):320]: Error : st = 3, ind.status = -1552449536

01-07 15:18:51.479  1794  2973 I IzatProviderEngine: LocTech-Label :: OSDC :: Position Report In

01-07 15:18:51.479  1794  2973 I IzatProviderEngine: LocTech-Value :: UTC Time: 1578377929462, Elapsed Real Time Nanos: 241011542086644, Latitude: 37.5641695, Longitude: 127.0390541, Altitude: 0.0, Speed: 0.0, Bearing: 0.0, Accuracy: 18.634

01-07 15:18:51.480  1041  1368 W XTCC-5.1.0.7: [FDAL_ZPP_MGR] RequestNewZppFix: Getting ZPP

01-07 15:18:51.481  1794  1917 D LocationManagerService: This location is marked as ready for broadcast

01-07 15:18:51.482  1794  1917 D LocationManagerService: incoming location: Location[network 37.564170,127.039054 acc=19 et=+2d18h56m51s542ms alt=0.0 vel=0.0 bear=0.0 {Bundle[{com.qualcomm.location.nlp:ready=true}]}]

01-07 15:18:51.483  1041  1368 W XTCC-5.1.0.7: [FDAL_ZPP_MGR] RequestNewZppFix 37.562943 127.040405 466.737122: ZPP Return Flag 0x11

01-07 15:18:51.485  1794  1917 D LocationManagerService: incoming location: Location[network 37.564170,127.039054 acc=19 et=+2d18h56m51s542ms alt=0.0 vel=0.0 bear=0.0 {Bundle[{com.qualcomm.location.nlp:ready=true}]}]

01-07 15:18:51.520  1794  2516 D ConnectivityService: updateCapabilities cap:[ Transports: WIFI Capabilities: INTERNET&NOT_RESTRICTED&TRUSTED&NOT_VPN LinkUpBandwidth>=1048576Kbps LinkDnBandwidth>=1048576Kbps SignalStrength: -67]

01-07 15:18:51.520  1794  2516 D CSLegacyTypeTracker: Adding agent NetworkAgentInfo{ ni{[type: MOBILE[LTE], state: CONNECTED/CONNECTED, reason: connected, extra: ims, roaming: false, failover: false, isAvailable: true, network type: 0]}  network{101}  lp{{InterfaceName: rmnet_data0 LinkAddresses: [2001:2d8:e812:2041:a7b8:6778:1420:aa65/64,]  Routes: [::/0 -> fe80::c888:7b87:d03b:3687 rmnet_data0,] DnsAddresses: [fd00:e13:501:c::170,fd00:e13:101:c::7,] Domains: null MTU: 1440 TcpBufferSizes: 2097152,4194304,8388608,1048576,3145728,4194304 PcscfAddresses: [fd00:e15:501:2::150,] }}  nc{[ Transports: CELLULAR Capabilities: MMS&IMS&NOT_RESTRICTED&TRUSTED&NOT_VPN&VALIDATED LinkUpBandwidth>=51200Kbps LinkDnBandwidth>=102400Kbps Specifier: <1>]}  Score{50}  everValidated{true}  lastValidated{true}  created{true} lingering{false} explicitlySelected{false} acceptUnvalidated{false} everCaptivePortalDetected{false} lastCaptivePortalDetected{false} } for legacy network type 11

01-07 15:18:51.520  1794  2516 D ConnectivityService: notifyType CAP_CHANGED for NetworkAgentInfo [WIFI () - 136]

01-07 15:18:51.521  2571  2942 I NetworkController: [NetworkControllerImpl.java:635:onReceive()]onReceive: intent=Intent { act=android.net.wifi.RSSI_CHANGED flg=0x4000010 (has extras) }

01-07 15:18:51.522  3230  4532 I LGIMS_J : [Apn$ImsNetworkCallback::onCapabilitiesChanged:985] ImsNetworkCallback :: onCapabilitiesChanged=136

01-07 15:18:51.522  1794  3154 D ConnectivityService: getActiveNetwork nai=NetworkAgentInfo{ ni{[type: WIFI[], state: CONNECTED/CONNECTED, reason: (unspecified), extra: "U+NetEA13", roaming: false, failover: false, isAvailable: true, network type: 1]}  network{136}  lp{{InterfaceName: wlan0 LinkAddresses: [fe80::5e70:a3ff:fe45:d7ff/64,192.168.219.102/24,]  Routes: [fe80::/64 -> :: wlan0,192.168.219.0/24 -> 0.0.0.0 wlan0,0.0.0.0/0 -> 192.168.219.1 wlan0,] DnsAddresses: [1.214.68.2,61.41.153.2,] Domains:  MTU: 0 TcpBufferSizes: 1048576,4194304,8388608,1048576,2097152,4194304 PcscfAddresses: [] }}  nc{[ Transports: WIFI Capabilities: INTERNET&NOT_RESTRICTED&TRUSTED&NOT_VPN&VALIDATED LinkUpBandwidth>=1048576Kbps LinkDnBandwidth>=1048576Kbps SignalStrength: -67]}  Score{60}  everValidated{true}  lastValidated{true}  created{true} lingering{false} explicitlySelected{false} acceptUnvalidated{false} everCaptivePortalDetected{false} lastCaptivePortalDetected{false} }

01-07 15:18:51.523  3230  3230 D LGIMS_J : [Apn::handleMessage:322] Apn :: apn=INTERNET, msg=3008, proc=null

01-07 15:18:51.523  3230  3230 D LGIMS_J : [Apn$Handle_EVENT_UPDATE_APN_STRING_SUBTYPE::procMsg:788] 

01-07 15:18:51.523  3230  3230 D LGIMS_J : [Apn::updateApnStringAndSubType:408] 

01-07 15:18:51.523  3230  3230 D LGIMS_J : [Apn::updateApnStringAndSubType:420] netInfo is null. Retry with network type

01-07 15:18:51.528  3230  3230 W LGIMS_J : [Apn::updateApnStringAndSubType:438] Apn string = lte.sktelecom.com, Network subtype = 0

01-07 15:18:51.528  1794  2655 D ConnectivityService: getActiveNetwork nai=NetworkAgentInfo{ ni{[type: WIFI[], state: CONNECTED/CONNECTED, reason: (unspecified), extra: "U+NetEA13", roaming: false, failover: false, isAvailable: true, network type: 1]}  network{136}  lp{{InterfaceName: wlan0 LinkAddresses: [fe80::5e70:a3ff:fe45:d7ff/64,192.168.219.102/24,]  Routes: [fe80::/64 -> :: wlan0,192.168.219.0/24 -> 0.0.0.0 wlan0,0.0.0.0/0 -> 192.168.219.1 wlan0,] DnsAddresses: [1.214.68.2,61.41.153.2,] Domains:  MTU: 0 TcpBufferSizes: 1048576,4194304,8388608,1048576,2097152,4194304 PcscfAddresses: [] }}  nc{[ Transports: WIFI Capabilities: INTERNET&NOT_RESTRICTED&TRUSTED&NOT_VPN&VALIDATED LinkUpBandwidth>=1048576Kbps LinkDnBandwidth>=1048576Kbps SignalStrength: -67]}  Score{60}  everValidated{true}  lastValidated{true}  created{true} lingering{false} explicitlySelected{false} acceptUnvalidated{false} everCaptivePortalDetected{false} lastCaptivePortalDetected{false} }

01-07 15:18:51.528  3230  3230 E LGIMS_J : [Apn::handleMessage:317] Apn :: no proc - apn=INTERNET, msg=3006, proc=NETWORK_CAPABILITIES_CHANGED

01-07 15:18:51.530  2571  2942 I WifiSignalController: [WifiSignalController.java:322:updateLevel()]mWifiConnected = true, mWifiLevel = 2

01-07 15:18:51.532  2571  2942 I NetworkController: [SignalController.java:129:isDirty()]Change in state from: connected=true,enabled=true,level=2,inetCondition=1,iconGroup=IconGroup(SECURITY AP Wi-Fi Icons),activityIn=true,activityOut=true,rssi=-63,,ssid="U+NetEA13",ktGigaWiFi=false,attWifiCall=false

01-07 15:18:51.532  2571  2942 I NetworkController: 	to: connected=true,enabled=true,level=2,inetCondition=1,iconGroup=IconGroup(SECURITY AP Wi-Fi Icons),activityIn=true,activityOut=true,rssi=-67,,ssid="U+NetEA13",ktGigaWiFi=false,attWifiCall=false

01-07 15:18:51.534  2571  2571 D SignalClusterView: [SignalClusterView.java:799:apply()]mMobileDescription =   .

01-07 15:18:51.535  2571  2571 D SignalClusterView: [SignalClusterView.java:799:apply()]mMobileDescription =   .

01-07 15:18:51.535  2571  2571 D SignalClusterView: [SignalClusterView.java:799:apply()]mMobileDescription =   .

01-07 15:18:51.538  1794  1905 D ConnectivityService: getActiveNetwork nai=NetworkAgentInfo{ ni{[type: WIFI[], state: CONNECTED/CONNECTED, reason: (unspecified), extra: "U+NetEA13", roaming: false, failover: false, isAvailable: true, network type: 1]}  network{136}  lp{{InterfaceName: wlan0 LinkAddresses: [fe80::5e70:a3ff:fe45:d7ff/64,192.168.219.102/24,]  Routes: [fe80::/64 -> :: wlan0,192.168.219.0/24 -> 0.0.0.0 wlan0,0.0.0.0/0 -> 192.168.219.1 wlan0,] DnsAddresses: [1.214.68.2,61.41.153.2,] Domains:  MTU: 0 TcpBufferSizes: 1048576,4194304,8388608,1048576,2097152,4194304 PcscfAddresses: [] }}  nc{[ Transports: WIFI Capabilities: INTERNET&NOT_RESTRICTED&TRUSTED&NOT_VPN&VALIDATED LinkUpBandwidth>=1048576Kbps LinkDnBandwidth>=1048576Kbps SignalStrength: -67]}  Score{60}  everValidated{true}  lastValidated{true}  created{true} lingering{false} explicitlySelected{false} acceptUnvalidated{false} everCaptivePortalDetected{false} lastCaptivePortalDetected{false} }

01-07 15:18:51.539  1794  3076 D ConnectivityService: getActiveNetwork nai=NetworkAgentInfo{ ni{[type: WIFI[], state: CONNECTED/CONNECTED, reason: (unspecified), extra: "U+NetEA13", roaming: false, failover: false, isAvailable: true, network type: 1]}  network{136}  lp{{InterfaceName: wlan0 LinkAddresses: [fe80::5e70:a3ff:fe45:d7ff/64,192.168.219.102/24,]  Routes: [fe80::/64 -> :: wlan0,192.168.219.0/24 -> 0.0.0.0 wlan0,0.0.0.0/0 -> 192.168.219.1 wlan0,] DnsAddresses: [1.214.68.2,61.41.153.2,] Domains:  MTU: 0 TcpBufferSizes: 1048576,4194304,8388608,1048576,2097152,4194304 PcscfAddresses: [] }}  nc{[ Transports: WIFI Capabilities: INTERNET&NOT_RESTRICTED&TRUSTED&NOT_VPN&VALIDATED LinkUpBandwidth>=1048576Kbps LinkDnBandwidth>=1048576Kbps SignalStrength: -67]}  Score{60}  everValidated{true}  lastValidated{true}  created{true} lingering{false} explicitlySelected{false} acceptUnvalidated{false} everCaptivePortalDetected{false} lastCaptivePortalDetected{false} }

01-07 15:18:51.541  1794  2888 D ConnectivityService: getActiveNetwork nai=NetworkAgentInfo{ ni{[type: WIFI[], state: CONNECTED/CONNECTED, reason: (unspecified), extra: "U+NetEA13", roaming: false, failover: false, isAvailable: true, network type: 1]}  network{136}  lp{{InterfaceName: wlan0 LinkAddresses: [fe80::5e70:a3ff:fe45:d7ff/64,192.168.219.102/24,]  Routes: [fe80::/64 -> :: wlan0,192.168.219.0/24 -> 0.0.0.0 wlan0,0.0.0.0/0 -> 192.168.219.1 wlan0,] DnsAddresses: [1.214.68.2,61.41.153.2,] Domains:  MTU: 0 TcpBufferSizes: 1048576,4194304,8388608,1048576,2097152,4194304 PcscfAddresses: [] }}  nc{[ Transports: WIFI Capabilities: INTERNET&NOT_RESTRICTED&TRUSTED&NOT_VPN&VALIDATED LinkUpBandwidth>=1048576Kbps LinkDnBandwidth>=1048576Kbps SignalStrength: -67]}  Score{60}  everValidated{true}  lastValidated{true}  created{true} lingering{false} explicitlySelected{false} acceptUnvalidated{false} everCaptivePortalDetected{false} lastCaptivePortalDetected{false} }

01-07 15:18:51.545  1794  3098 D ConnectivityService: getActiveNetwork nai=NetworkAgentInfo{ ni{[type: WIFI[], state: CONNECTED/CONNECTED, reason: (unspecified), extra: "U+NetEA13", roaming: false, failover: false, isAvailable: true, network type: 1]}  network{136}  lp{{InterfaceName: wlan0 LinkAddresses: [fe80::5e70:a3ff:fe45:d7ff/64,192.168.219.102/24,]  Routes: [fe80::/64 -> :: wlan0,192.168.219.0/24 -> 0.0.0.0 wlan0,0.0.0.0/0 -> 192.168.219.1 wlan0,] DnsAddresses: [1.214.68.2,61.41.153.2,] Domains:  MTU: 0 TcpBufferSizes: 1048576,4194304,8388608,1048576,2097152,4194304 PcscfAddresses: [] }}  nc{[ Transports: WIFI Capabilities: INTERNET&NOT_RESTRICTED&TRUSTED&NOT_VPN&VALIDATED LinkUpBandwidth>=1048576Kbps LinkDnBandwidth>=1048576Kbps SignalStrength: -67]}  Score{60}  everValidated{true}  lastValidated{true}  created{true} lingering{false} explicitlySelected{false} acceptUnvalidated{false} everCaptivePortalDetected{false} lastCaptivePortalDetected{false} }

01-07 15:18:51.545  1794  1905 D ConnectivityService: getActiveNetwork nai=NetworkAgentInfo{ ni{[type: WIFI[], state: CONNECTED/CONNECTED, reason: (unspecified), extra: "U+NetEA13", roaming: false, failover: false, isAvailable: true, network type: 1]}  network{136}  lp{{InterfaceName: wlan0 LinkAddresses: [fe80::5e70:a3ff:fe45:d7ff/64,192.168.219.102/24,]  Routes: [fe80::/64 -> :: wlan0,192.168.219.0/24 -> 0.0.0.0 wlan0,0.0.0.0/0 -> 192.168.219.1 wlan0,] DnsAddresses: [1.214.68.2,61.41.153.2,] Domains:  MTU: 0 TcpBufferSizes: 1048576,4194304,8388608,1048576,2097152,4194304 PcscfAddresses: [] }}  nc{[ Transports: WIFI Capabilities: INTERNET&NOT_RESTRICTED&TRUSTED&NOT_VPN&VALIDATED LinkUpBandwidth>=1048576Kbps LinkDnBandwidth>=1048576Kbps SignalStrength: -67]}  Score{60}  everValidated{true}  lastValidated{true}  created{true} lingering{false} explicitlySelected{false} acceptUnvalidated{false} everCaptivePortalDetected{false} lastCaptivePortalDetected{false} }

01-07 15:18:51.587  1794  2989 I sensors_hal_Ctx: flush: handle is 86

01-07 15:18:51.587  1794  2989 I sensors_hal_SAM: flush:sensor() handle:86

01-07 15:18:51.587  1794  2655 I sensors_hal_Ctx: flush: handle is 48

01-07 15:18:51.587  1794  2655 I sensors_hal_SAM: flush:sensor(android.sensor.step_detector) handle:48

01-07 15:18:51.588  1794  2278 I sensors_hal_HealthActivityPattern: processResp: handle:86

01-07 15:18:51.597 18644 19043 D AppChangedDetector: lastUsedAppId com.YourCompany.Rolling

01-07 15:18:52.100 18644 19043 D AppChangedDetector: lastUsedAppId com.YourCompany.Rolling

01-07 15:18:52.588  1794  1905 I sensors_hal_Ctx: flush: handle is 86

01-07 15:18:52.588  1794  1905 I sensors_hal_SAM: flush:sensor() handle:86

01-07 15:18:52.588  1794  3098 I sensors_hal_Ctx: flush: handle is 48

01-07 15:18:52.588  1794  3098 I sensors_hal_SAM: flush:sensor(android.sensor.step_detector) handle:48

01-07 15:18:52.590  1794  2278 I sensors_hal_HealthActivityPattern: processResp: handle:86

01-07 15:18:52.602 18644 19043 D AppChangedDetector: lastUsedAppId com.YourCompany.Rolling

01-07 15:18:52.967   940   977 I GBMv2   : GBM state [10]

01-07 15:18:53.067   940   977 I GBMv2   : GBM state [0]

01-07 15:18:53.067   940   977 I GBMv2   : GBM state [1]

01-07 15:18:53.104 18644 19043 D AppChangedDetector: lastUsedAppId com.YourCompany.Rolling

01-07 15:18:53.474  1041  1362 W XTCC-5.1.0.7: [PosMgr] Position request

01-07 15:18:53.487   988  2739 I LowiWifiHal: ivmh: event received NL80211_CMD_TRIGGER_SCAN

01-07 15:18:53.487   988  2739 I LowiWifiHal: ivmh: event received NL80211_CMD_TRIGGER_SCAN, vendor_id = 0x0

01-07 15:18:53.487   988  2739 I LowiWifiHal: ivmh: event ignored!!

01-07 15:18:53.487  2742  2742 I wpa_supplicant: wlan0: CTRL-EVENT-SCAN-STARTED 

01-07 15:18:53.527  1794  2516 D ConnectivityService: updateCapabilities cap:[ Transports: WIFI Capabilities: INTERNET&NOT_RESTRICTED&TRUSTED&NOT_VPN LinkUpBandwidth>=1048576Kbps LinkDnBandwidth>=1048576Kbps SignalStrength: -60]

01-07 15:18:53.527  1794  2516 D CSLegacyTypeTracker: Adding agent NetworkAgentInfo{ ni{[type: MOBILE[LTE], state: CONNECTED/CONNECTED, reason: connected, extra: ims, roaming: false, failover: false, isAvailable: true, network type: 0]}  network{101}  lp{{InterfaceName: rmnet_data0 LinkAddresses: [2001:2d8:e812:2041:a7b8:6778:1420:aa65/64,]  Routes: [::/0 -> fe80::c888:7b87:d03b:3687 rmnet_data0,] DnsAddresses: [fd00:e13:501:c::170,fd00:e13:101:c::7,] Domains: null MTU: 1440 TcpBufferSizes: 2097152,4194304,8388608,1048576,3145728,4194304 PcscfAddresses: [fd00:e15:501:2::150,] }}  nc{[ Transports: CELLULAR Capabilities: MMS&IMS&NOT_RESTRICTED&TRUSTED&NOT_VPN&VALIDATED LinkUpBandwidth>=51200Kbps LinkDnBandwidth>=102400Kbps Specifier: <1>]}  Score{50}  everValidated{true}  lastValidated{true}  created{true} lingering{false} explicitlySelected{false} acceptUnvalidated{false} everCaptivePortalDetected{false} lastCaptivePortalDetected{false} } for legacy network type 11

01-07 15:18:53.527  1794  2516 D ConnectivityService: notifyType CAP_CHANGED for NetworkAgentInfo [WIFI () - 136]

01-07 15:18:53.529  2571  2942 I NetworkController: [NetworkControllerImpl.java:635:onReceive()]onReceive: intent=Intent { act=android.net.wifi.RSSI_CHANGED flg=0x4000010 (has extras) }

01-07 15:18:53.530  1794  2655 D ConnectivityService: getActiveNetwork nai=NetworkAgentInfo{ ni{[type: WIFI[], state: CONNECTED/CONNECTED, reason: (unspecified), extra: "U+NetEA13", roaming: false, failover: false, isAvailable: true, network type: 1]}  network{136}  lp{{InterfaceName: wlan0 LinkAddresses: [fe80::5e70:a3ff:fe45:d7ff/64,192.168.219.102/24,]  Routes: [fe80::/64 -> :: wlan0,192.168.219.0/24 -> 0.0.0.0 wlan0,0.0.0.0/0 -> 192.168.219.1 wlan0,] DnsAddresses: [1.214.68.2,61.41.153.2,] Domains:  MTU: 0 TcpBufferSizes: 1048576,4194304,8388608,1048576,2097152,4194304 PcscfAddresses: [] }}  nc{[ Transports: WIFI Capabilities: INTERNET&NOT_RESTRICTED&TRUSTED&NOT_VPN&VALIDATED LinkUpBandwidth>=1048576Kbps LinkDnBandwidth>=1048576Kbps SignalStrength: -60]}  Score{60}  everValidated{true}  lastValidated{true}  created{true} lingering{false} explicitlySelected{false} acceptUnvalidated{false} everCaptivePortalDetected{false} lastCaptivePortalDetected{false} }

01-07 15:18:53.532  3230  4532 I LGIMS_J : [Apn$ImsNetworkCallback::onCapabilitiesChanged:985] ImsNetworkCallback :: onCapabilitiesChanged=136

01-07 15:18:53.532  3230  3230 D LGIMS_J : [Apn::handleMessage:322] Apn :: apn=INTERNET, msg=3008, proc=null

01-07 15:18:53.532  3230  3230 D LGIMS_J : [Apn$Handle_EVENT_UPDATE_APN_STRING_SUBTYPE::procMsg:788] 

01-07 15:18:53.532  3230  3230 D LGIMS_J : [Apn::updateApnStringAndSubType:408] 

01-07 15:18:53.533  1794  3076 D ConnectivityService: getActiveNetwork nai=NetworkAgentInfo{ ni{[type: WIFI[], state: CONNECTED/CONNECTED, reason: (unspecified), extra: "U+NetEA13", roaming: false, failover: false, isAvailable: true, network type: 1]}  network{136}  lp{{InterfaceName: wlan0 LinkAddresses: [fe80::5e70:a3ff:fe45:d7ff/64,192.168.219.102/24,]  Routes: [fe80::/64 -> :: wlan0,192.168.219.0/24 -> 0.0.0.0 wlan0,0.0.0.0/0 -> 192.168.219.1 wlan0,] DnsAddresses: [1.214.68.2,61.41.153.2,] Domains:  MTU: 0 TcpBufferSizes: 1048576,4194304,8388608,1048576,2097152,4194304 PcscfAddresses: [] }}  nc{[ Transports: WIFI Capabilities: INTERNET&NOT_RESTRICTED&TRUSTED&NOT_VPN&VALIDATED LinkUpBandwidth>=1048576Kbps LinkDnBandwidth>=1048576Kbps SignalStrength: -60]}  Score{60}  everValidated{true}  lastValidated{true}  created{true} lingering{false} explicitlySelected{false} acceptUnvalidated{false} everCaptivePortalDetected{false} lastCaptivePortalDetected{false} }

01-07 15:18:53.533  1794  3077 D ConnectivityService: getActiveNetwork nai=NetworkAgentInfo{ ni{[type: WIFI[], state: CONNECTED/CONNECTED, reason: (unspecified), extra: "U+NetEA13", roaming: false, failover: false, isAvailable: true, network type: 1]}  network{136}  lp{{InterfaceName: wlan0 LinkAddresses: [fe80::5e70:a3ff:fe45:d7ff/64,192.168.219.102/24,]  Routes: [fe80::/64 -> :: wlan0,192.168.219.0/24 -> 0.0.0.0 wlan0,0.0.0.0/0 -> 192.168.219.1 wlan0,] DnsAddresses: [1.214.68.2,61.41.153.2,] Domains:  MTU: 0 TcpBufferSizes: 1048576,4194304,8388608,1048576,2097152,4194304 PcscfAddresses: [] }}  nc{[ Transports: WIFI Capabilities: INTERNET&NOT_RESTRICTED&TRUSTED&NOT_VPN&VALIDATED LinkUpBandwidth>=1048576Kbps LinkDnBandwidth>=1048576Kbps SignalStrength: -60]}  Score{60}  everValidated{true}  lastValidated{true}  created{true} lingering{false} explicitlySelected{false} acceptUnvalidated{false} everCaptivePortalDetected{false} lastCaptivePortalDetected{false} }

01-07 15:18:53.533  1794  3154 D ConnectivityService: getActiveNetwork nai=NetworkAgentInfo{ ni{[type: WIFI[], state: CONNECTED/CONNECTED, reason: (unspecified), extra: "U+NetEA13", roaming: false, failover: false, isAvailable: true, network type: 1]}  network{136}  lp{{InterfaceName: wlan0 LinkAddresses: [fe80::5e70:a3ff:fe45:d7ff/64,192.168.219.102/24,]  Routes: [fe80::/64 -> :: wlan0,192.168.219.0/24 -> 0.0.0.0 wlan0,0.0.0.0/0 -> 192.168.219.1 wlan0,] DnsAddresses: [1.214.68.2,61.41.153.2,] Domains:  MTU: 0 TcpBufferSizes: 1048576,4194304,8388608,1048576,2097152,4194304 PcscfAddresses: [] }}  nc{[ Transports: WIFI Capabilities: INTERNET&NOT_RESTRICTED&TRUSTED&NOT_VPN&VALIDATED LinkUpBandwidth>=1048576Kbps LinkDnBandwidth>=1048576Kbps SignalStrength: -60]}  Score{60}  everValidated{true}  lastValidated{true}  created{true} lingering{false} explicitlySelected{false} acceptUnvalidated{false} everCaptivePortalDetected{false} lastCaptivePortalDetected{false} }

01-07 15:18:53.533  3230  3230 D LGIMS_J : [Apn::updateApnStringAndSubType:420] netInfo is null. Retry with network type

01-07 15:18:53.534  2571  2942 I WifiSignalController: [WifiSignalController.java:322:updateLevel()]mWifiConnected = true, mWifiLevel = 2

01-07 15:18:53.534  3230  3230 W LGIMS_J : [Apn::updateApnStringAndSubType:438] Apn string = lte.sktelecom.com, Network subtype = 0

01-07 15:18:53.534  3230  3230 E LGIMS_J : [Apn::handleMessage:317] Apn :: no proc - apn=INTERNET, msg=3006, proc=NETWORK_CAPABILITIES_CHANGED

01-07 15:18:53.537  2571  2942 I NetworkController: [SignalController.java:129:isDirty()]Change in state from: connected=true,enabled=true,level=2,inetCondition=1,iconGroup=IconGroup(SECURITY AP Wi-Fi Icons),activityIn=true,activityOut=true,rssi=-67,,ssid="U+NetEA13",ktGigaWiFi=false,attWifiCall=false

01-07 15:18:53.537  2571  2942 I NetworkController: 	to: connected=true,enabled=true,level=2,inetCondition=1,iconGroup=IconGroup(SECURITY AP Wi-Fi Icons),activityIn=true,activityOut=true,rssi=-60,,ssid="U+NetEA13",ktGigaWiFi=false,attWifiCall=false

01-07 15:18:53.538  2571  2571 D SignalClusterView: [SignalClusterView.java:799:apply()]mMobileDescription =   .

01-07 15:18:53.539  2571  2571 D SignalClusterView: [SignalClusterView.java:799:apply()]mMobileDescription =   .

01-07 15:18:53.539  2571  2571 D SignalClusterView: [SignalClusterView.java:799:apply()]mMobileDescription =   .

01-07 15:18:53.543  1794  2989 D ConnectivityService: getActiveNetwork nai=NetworkAgentInfo{ ni{[type: WIFI[], state: CONNECTED/CONNECTED, reason: (unspecified), extra: "U+NetEA13", roaming: false, failover: false, isAvailable: true, network type: 1]}  network{136}  lp{{InterfaceName: wlan0 LinkAddresses: [fe80::5e70:a3ff:fe45:d7ff/64,192.168.219.102/24,]  Routes: [fe80::/64 -> :: wlan0,192.168.219.0/24 -> 0.0.0.0 wlan0,0.0.0.0/0 -> 192.168.219.1 wlan0,] DnsAddresses: [1.214.68.2,61.41.153.2,] Domains:  MTU: 0 TcpBufferSizes: 1048576,4194304,8388608,1048576,2097152,4194304 PcscfAddresses: [] }}  nc{[ Transports: WIFI Capabilities: INTERNET&NOT_RESTRICTED&TRUSTED&NOT_VPN&VALIDATED LinkUpBandwidth>=1048576Kbps LinkDnBandwidth>=1048576Kbps SignalStrength: -60]}  Score{60}  everValidated{true}  lastValidated{true}  created{true} lingering{false} explicitlySelected{false} acceptUnvalidated{false} everCaptivePortalDetected{false} lastCaptivePortalDetected{false} }

01-07 15:18:53.545  1794  2991 D ConnectivityService: getActiveNetwork nai=NetworkAgentInfo{ ni{[type: WIFI[], state: CONNECTED/CONNECTED, reason: (unspecified), extra: "U+NetEA13", roaming: false, failover: false, isAvailable: true, network type: 1]}  network{136}  lp{{InterfaceName: wlan0 LinkAddresses: [fe80::5e70:a3ff:fe45:d7ff/64,192.168.219.102/24,]  Routes: [fe80::/64 -> :: wlan0,192.168.219.0/24 -> 0.0.0.0 wlan0,0.0.0.0/0 -> 192.168.219.1 wlan0,] DnsAddresses: [1.214.68.2,61.41.153.2,] Domains:  MTU: 0 TcpBufferSizes: 1048576,4194304,8388608,1048576,2097152,4194304 PcscfAddresses: [] }}  nc{[ Transports: WIFI Capabilities: INTERNET&NOT_RESTRICTED&TRUSTED&NOT_VPN&VALIDATED LinkUpBandwidth>=1048576Kbps LinkDnBandwidth>=1048576Kbps SignalStrength: -60]}  Score{60}  everValidated{true}  lastValidated{true}  created{true} lingering{false} explicitlySelected{false} acceptUnvalidated{false} everCaptivePortalDetected{false} lastCaptivePortalDetected{false} }

01-07 15:18:53.548  1794  3096 D ConnectivityService: getActiveNetwork nai=NetworkAgentInfo{ ni{[type: WIFI[], state: CONNECTED/CONNECTED, reason: (unspecified), extra: "U+NetEA13", roaming: false, failover: false, isAvailable: true, network type: 1]}  network{136}  lp{{InterfaceName: wlan0 LinkAddresses: [fe80::5e70:a3ff:fe45:d7ff/64,192.168.219.102/24,]  Routes: [fe80::/64 -> :: wlan0,192.168.219.0/24 -> 0.0.0.0 wlan0,0.0.0.0/0 -> 192.168.219.1 wlan0,] DnsAddresses: [1.214.68.2,61.41.153.2,] Domains:  MTU: 0 TcpBufferSizes: 1048576,4194304,8388608,1048576,2097152,4194304 PcscfAddresses: [] }}  nc{[ Transports: WIFI Capabilities: INTERNET&NOT_RESTRICTED&TRUSTED&NOT_VPN&VALIDATED LinkUpBandwidth>=1048576Kbps LinkDnBandwidth>=1048576Kbps SignalStrength: -60]}  Score{60}  everValidated{true}  lastValidated{true}  created{true} lingering{false} explicitlySelected{false} acceptUnvalidated{false} everCaptivePortalDetected{false} lastCaptivePortalDetected{false} }

01-07 15:18:53.589  1794  2655 I sensors_hal_Ctx: flush: handle is 86

01-07 15:18:53.589  1794  2655 I sensors_hal_SAM: flush:sensor() handle:86

01-07 15:18:53.590  1794  2499 I sensors_hal_Ctx: flush: handle is 48

01-07 15:18:53.590  1794  2499 I sensors_hal_SAM: flush:sensor(android.sensor.step_detector) handle:48

01-07 15:18:53.591  1794  2278 I sensors_hal_HealthActivityPattern: processResp: handle:86

01-07 15:18:53.607 18644 19043 D AppChangedDetector: lastUsedAppId com.YourCompany.Rolling

01-07 15:18:54.111 18644 19043 D AppChangedDetector: lastUsedAppId com.YourCompany.Rolling

01-07 15:18:54.263   988  2739 I LowiWifiHal: ivmh: event received NL80211_CMD_NEW_SCAN_RESULTS

01-07 15:18:54.263   988  2739 I LowiWifiHal: ivmh: event received NL80211_CMD_NEW_SCAN_RESULTS, vendor_id = 0x0

01-07 15:18:54.263   988  2739 I LowiWifiHal: ivmh: event ignored!!

01-07 15:18:54.263  3178  3437 D P2pExtMonWorker: Event [CTRL-EVENT-SCAN-RESULTS ]

01-07 15:18:54.263  3178  3437 D P2pExtMonWorker: Event [WPS-AP-AVAILABLE ]

01-07 15:18:54.264  1794  2506 D LGWifiP2pService: InactiveState{ when=0 what=147461 target=com.android.internal.util.StateMachine$SmHandler }

01-07 15:18:54.264  1794  2506 D LGWifiP2pService: P2pEnabledState{ when=0 what=147461 target=com.android.internal.util.StateMachine$SmHandler }

01-07 15:18:54.264  1794  2506 D LGWifiP2pService: DefaultState{ when=0 what=147461 target=com.android.internal.util.StateMachine$SmHandler }

01-07 15:18:54.265  1041  1362 W XTCC-5.1.0.7: [WifiScanner] WiFi scan result : [8] AP's

01-07 15:18:54.265  1041  1362 W XTCC-5.1.0.7: [PosMgr] sending back response for POSITION (a) tx(54023), Number of APs used in this position request (8)

